D/dalvikvm(  292): DexOpt: not verifying/optimizing 'Lyi/widget/ScrollTabBar;': multiple definitions
D/dalvikvm(  292): DexOpt: not verifying/optimizing 'Lyi/widget/SearchView$OnViewFadeOutListener;': multiple definitions
D/dalvikvm(  292): DexOpt: not verifying/optimizing 'Lyi/widget/SearchView$14;': multiple definitions
D/dalvikvm(  292): DexOpt: not verifying/optimizing 'Lyi/widget/SearchView$5;': multiple definitions
D/dalvikvm(  292): DexOpt: not verifying/optimizing 'Lyi/widget/SearchView$SearchAutoComplete;': multiple definitions
D/dalvikvm(  292): DexOpt: not verifying/optimizing 'Lyi/widget/ScrollTabBar$ScrollTabBarImp$1;': multiple definitions
D/dalvikvm(  292): DexOpt: not verifying/optimizing 'Lyi/widget/SearchView$7;': multiple definitions
D/dalvikvm(  292): DexOpt: not verifying/optimizing 'Lyi/widget/SearchView$9;': multiple definitions
D/dalvikvm(  292): DexOpt: not verifying/optimizing 'Lyi/widget/WeightedLinearLayout;': multiple definitions
D/dalvikvm(  292): DexOpt: not verifying/optimizing 'Lyi/widget/SearchView$3;': multiple definitions
D/dalvikvm(  292): DexOpt: not verifying/optimizing 'Lyi/widget/ImageViewInListItem;': multiple definitions
D/dalvikvm(  292): DexOpt: not verifying/optimizing 'Lyi/widget/ButtonGroup$1;': multiple definitions
D/dalvikvm(  292): DexOpt: not verifying/optimizing 'Lyi/widget/Switcher$OnSwitcherChangeListener;': multiple definitions
D/dalvikvm(  292): DexOpt: not verifying/optimizing 'Lyi/widget/SuggestionsAdapter$1;': multiple definitions
D/dalvikvm(  292): DexOpt: not verifying/optimizing 'Lyi/widget/SuggestionsAdapter$ChildViewCache;': multiple definitions
D/dalvikvm(  292): DexOpt: not verifying/optimizing 'Lyi/widget/ScrollTabBar$Interface;': multiple definitions
D/dalvikvm(  292): DexOpt: not verifying/optimizing 'Lyi/widget/ScrollTabBar$ScrollTabBarImp;': multiple definitions
D/dalvikvm(  292): DexOpt: not verifying/optimizing 'Lyi/widget/ButtonGroup$OnButtonCheckedListener;': multiple definitions
D/dalvikvm(  292): DexOpt: not verifying/optimizing 'Lyi/widget/SearchView$1;': multiple definitions
D/dalvikvm(  292): DexOpt: not verifying/optimizing 'Lyi/widget/CheckableItemLayout;': multiple definitions
D/dalvikvm(  292): DexOpt: not verifying/optimizing 'Lyi/widget/ScrollTabBar$1;': multiple definitions
D/dalvikvm(  292): DexOpt: not verifying/optimizing 'Lyi/widget/BaiduEditText;': multiple definitions
D/dalvikvm(  292): DexOpt: not verifying/optimizing 'Lyi/widget/SearchEditText;': multiple definitions
D/dalvikvm(  292): DexOpt: not verifying/optimizing 'Lyi/widget/SearchView$17;': multiple definitions
D/dalvikvm(  292): DexOpt: not verifying/optimizing 'Lyi/widget/SearchView$11;': multiple definitions
D/dalvikvm(  292): DexOpt: not verifying/optimizing 'Lyi/widget/SearchView$10;': multiple definitions
D/dalvikvm(  292): DexOpt: not verifying/optimizing 'Lyi/widget/SearchView$2;': multiple definitions
D/dalvikvm(  292): DexOpt: not verifying/optimizing 'Lyi/widget/ScrollTabBar$ScrollTabBarStub;': multiple definitions
D/dalvikvm(  292): DexOpt: not verifying/optimizing 'Lyi/widget/BaiduEditText$1;': multiple definitions
D/dalvikvm(  292): DexOpt: not verifying/optimizing 'Lyi/widget/SearchView$OnSuggestionListener;': multiple definitions
D/dalvikvm(  292): DexOpt: not verifying/optimizing 'Lyi/widget/ButtonGroup;': multiple definitions
D/dalvikvm(  292): DexOpt: not verifying/optimizing 'Lyi/widget/SearchView$8;': multiple definitions
D/dalvikvm(  292): DexOpt: not verifying/optimizing 'Lyi/widget/AnimatedImageView;': multiple definitions
D/dalvikvm(  292): DexOpt: not verifying/optimizing 'Lyi/widget/SearchView$13;': multiple definitions
D/dalvikvm(  292): DexOpt: not verifying/optimizing 'Lyi/widget/SearchView$OnQueryTextListener;': multiple definitions
D/dalvikvm(  292): DexOpt: not verifying/optimizing 'Lyi/widget/SearchView$6;': multiple definitions
D/dalvikvm(  292): DexOpt: not verifying/optimizing 'Lyi/widget/ScrollTabBar$ScrollTabBarImp$TabClickListener;': multiple definitions
D/dalvikvm(  292): DexOpt: not verifying/optimizing 'Lyi/widget/SearchView$OnCloseListener;': multiple definitions
D/dalvikvm(  292): DexOpt: not verifying/optimizing 'Lyi/widget/Switcher;': multiple definitions
D/dalvikvm(  292): DexOpt: not verifying/optimizing 'Lyi/widget/SearchView$12;': multiple definitions
D/dalvikvm(  292): DexOpt: not verifying/optimizing 'Lyi/widget/ButtonGroup$2;': multiple definitions
D/dalvikvm(  292): DexOpt: not verifying/optimizing 'Lyi/widget/BadgeView;': multiple definitions
D/dalvikvm(  292): DexOpt: not verifying/optimizing 'Lyi/widget/SearchView$16;': multiple definitions
D/dalvikvm(  292): DexOpt: not verifying/optimizing 'Lyi/widget/SuggestionsAdapter;': multiple definitions
D/dalvikvm(  292): DexOpt: not verifying/optimizing 'Lyi/widget/SearchView$4;': multiple definitions
D/dalvikvm(  292): DexOpt: not verifying/optimizing 'Lyi/baidupay/TradeServerType$1;': multiple definitions
D/dalvikvm(  292): DexOpt: not verifying/optimizing 'Lyi/baidupay/TradeServerCache$MySerializer;': multiple definitions
D/dalvikvm(  292): DexOpt: not verifying/optimizing 'Lyi/baidupay/NewTradeResult$1;': multiple definitions
D/dalvikvm(  292): DexOpt: not verifying/optimizing 'Lyi/baidupay/ITradeServer;': multiple definitions
D/dalvikvm(  292): DexOpt: not verifying/optimizing 'Lyi/baidupay/ITradeServer$Stub;': multiple definitions
D/dalvikvm(  292): DexOpt: not verifying/optimizing 'Lyi/baidupay/AbstractPayServer;': multiple definitions
D/dalvikvm(  292): DexOpt: not verifying/optimizing 'Lyi/baidupay/FakePayServer;': multiple definitions
D/dalvikvm(  292): DexOpt: not verifying/optimizing 'Lyi/baidupay/IPayServer;': multiple definitions
D/dalvikvm(  292): DexOpt: not verifying/optimizing 'Lyi/baidupay/PayManager$InitializerServiceConnection;': multiple definitions
D/dalvikvm(  292): DexOpt: not verifying/optimizing 'Lyi/baidupay/PayInfo$1;': multiple definitions
D/dalvikvm(  292): DexOpt: not verifying/optimizing 'Lyi/baidupay/NewTradeInfo;': multiple definitions
D/dalvikvm(  292): DexOpt: not verifying/optimizing 'Lyi/baidupay/NewTrade$1;': multiple definitions
D/dalvikvm(  292): DexOpt: not verifying/optimizing 'Lyi/baidupay/NewTrade;': multiple definitions
D/dalvikvm(  292): DexOpt: not verifying/optimizing 'Lyi/baidupay/TradeServerCache;': multiple definitions
D/dalvikvm(  292): DexOpt: not verifying/optimizing 'Lyi/baidupay/IPayServer$Stub;': multiple definitions
D/dalvikvm(  292): DexOpt: not verifying/optimizing 'Lyi/baidupay/AbstractPayServer$Server;': multiple definitions
D/dalvikvm(  292): DexOpt: not verifying/optimizing 'Lyi/baidupay/Trade$1;': multiple definitions
D/dalvikvm(  292): DexOpt: not verifying/optimizing 'Lyi/baidupay/TradeInfo;': multiple definitions
D/dalvikvm(  292): DexOpt: not verifying/optimizing 'Lyi/baidupay/NewTradeResult;': multiple definitions
D/dalvikvm(  292): DexOpt: not verifying/optimizing 'Lyi/baidupay/AbstractTradeServer$Server;': multiple definitions
D/dalvikvm(  292): DexOpt: not verifying/optimizing 'Lyi/baidupay/AbstractPayServer$1;': multiple definitions
D/dalvikvm(  292): DexOpt: not verifying/optimizing 'Lyi/baidupay/PayResult;': multiple definitions
D/dalvikvm(  292): DexOpt: not verifying/optimizing 'Lyi/baidupay/AbstractTradeServer;': multiple definitions
D/dalvikvm(  292): DexOpt: not verifying/optimizing 'Lyi/baidupay/FakeTradeServer;': multiple definitions
D/dalvikvm(  292): DexOpt: not verifying/optimizing 'Lyi/baidupay/TradeServerCache$1;': multiple definitions
D/dalvikvm(  292): DexOpt: not verifying/optimizing 'Lyi/baidupay/ITradeServer$Stub$Proxy;': multiple definitions
D/dalvikvm(  292): DexOpt: not verifying/optimizing 'Lyi/baidupay/AbstractTradeServer$1;': multiple definitions
D/dalvikvm(  292): DexOpt: not verifying/optimizing 'Lyi/baidupay/Trade;': multiple definitions
D/dalvikvm(  292): DexOpt: not verifying/optimizing 'Lyi/baidupay/NewTradeInfo$1;': multiple definitions
D/dalvikvm(  292): DexOpt: not verifying/optimizing 'Lyi/baidupay/PayInfo;': multiple definitions
D/dalvikvm(  292): DexOpt: not verifying/optimizing 'Lyi/baidupay/TradeServerType;': multiple definitions
D/dalvikvm(  292): DexOpt: not verifying/optimizing 'Lyi/baidupay/PayManager;': multiple definitions
D/dalvikvm(  292): DexOpt: not verifying/optimizing 'Lyi/baidupay/PayResult$1;': multiple definitions
D/dalvikvm(  292): DexOpt: not verifying/optimizing 'Lyi/baidupay/IPayServer$Stub$Proxy;': multiple definitions
D/dalvikvm(  292): DexOpt: not verifying/optimizing 'Lyi/R$color;': multiple definitions
D/dalvikvm(  292): DexOpt: not verifying/optimizing 'Lyi/R$dimen;': multiple definitions
D/dalvikvm(  292): DexOpt: not verifying/optimizing 'Lyi/R$styleable;': multiple definitions
D/dalvikvm(  292): DexOpt: not verifying/optimizing 'Lyi/R$integer;': multiple definitions
D/dalvikvm(  292): DexOpt: not verifying/optimizing 'Lyi/view/animation/Rotate3dAnimation;': multiple definitions
D/dalvikvm(  292): DexOpt: not verifying/optimizing 'Lyi/util/YiSettings;': multiple definitions
D/dalvikvm(  292): DexOpt: not verifying/optimizing 'Lyi/util/YiSettings$System;': multiple definitions
D/dalvikvm(  292): DexOpt: not verifying/optimizing 'Lyi/util/FeatureConfig;': multiple definitions
D/dalvikvm(  292): DexOpt: not verifying/optimizing 'Lyi/util/PushHelper;': multiple definitions
D/dalvikvm(  292): DexOpt: not verifying/optimizing 'Lyi/util/Telephony;': multiple definitions
D/dalvikvm(  292): DexOpt: not verifying/optimizing 'Lyi/util/LunarCalendarTranslator$OutOfLunarRangeException;': multiple definitions
D/dalvikvm(  292): DexOpt: not verifying/optimizing 'Lyi/util/IDHelper;': multiple definitions
D/dalvikvm(  292): DexOpt: not verifying/optimizing 'Lyi/util/PackageManagerUtil;': multiple definitions
D/dalvikvm(  292): DexOpt: not verifying/optimizing 'Lyi/util/ViewHelper;': multiple definitions
D/dalvikvm(  292): DexOpt: not verifying/optimizing 'Lyi/util/MyLogger;': multiple definitions
D/dalvikvm(  292): DexOpt: not verifying/optimizing 'Lyi/util/DeviceManager;': multiple definitions
D/dalvikvm(  292): DexOpt: not verifying/optimizing 'Lyi/util/LunarCalendarTranslator;': multiple definitions
D/dalvikvm(  292): DexOpt: not verifying/optimizing 'Lyi/util/IntentExtension;': multiple definitions
D/dalvikvm(  292): DexOpt: not verifying/optimizing 'Lyi/util/YiSimpleDateFormat;': multiple definitions
D/dalvikvm(  292): DexOpt: load 256ms, verify+opt 29ms
D/gralloc.mali(   83): fps = 19.092514
D/dalvikvm(  293): Unable to stat classpath element '/system/framework/com.broadcom.bt.service.jar'
D/dalvikvm(  293): DexOpt: load 9ms, verify+opt 26ms
D/dalvikvm(  294): Unable to stat classpath element '/system/framework/com.broadcom.bt.service.jar'
D/dalvikvm(  294): DexOpt: load 8ms, verify+opt 6ms
D/dalvikvm(  295): Unable to stat classpath element '/system/framework/com.broadcom.bt.service.jar'
D/dalvikvm(  295): DexOpt: load 9ms, verify+opt 5ms
I/dalvikvm(  268): Zip is good, but no classes.dex inside, and no .odex file in the same directory
W/PackageManager(  268): Exception reading jar: /system/framework/framework-res-yi.apk
W/PackageManager(  268): java.io.IOException: /system/framework/framework-res-yi.apk
W/PackageManager(  268): 	at dalvik.system.DexFile.isDexOptNeeded(Native Method)
W/PackageManager(  268): 	at com.android.server.pm.PackageManagerService.<init>(PackageManagerService.java:1045)
W/PackageManager(  268): 	at com.android.server.pm.PackageManagerService.main(PackageManagerService.java:855)
W/PackageManager(  268): 	at com.android.server.ServerThread.run(SystemServer.java:186)
D/dalvikvm(  296): Unable to stat classpath element '/system/framework/com.broadcom.bt.service.jar'
D/dalvikvm(  296): DexOpt: load 6ms, verify+opt 5ms
D/gralloc.mali(   83): fps = 19.211525
D/dalvikvm(  297): Unable to stat classpath element '/system/framework/com.broadcom.bt.service.jar'
D/dalvikvm(  297): DexOpt: load 6ms, verify+opt 6ms
D/dalvikvm(  298): Unable to stat classpath element '/system/framework/com.broadcom.bt.service.jar'
D/dalvikvm(  298): DexOpt: load 10ms, verify+opt 55ms
D/dalvikvm(  299): Unable to stat classpath element '/system/framework/com.broadcom.bt.service.jar'
D/dalvikvm(  299): DexOpt: load 7ms, verify+opt 19ms
D/dalvikvm(  300): Unable to stat classpath element '/system/framework/com.broadcom.bt.service.jar'
D/dalvikvm(  300): DexOpt: load 5ms, verify+opt 6ms
D/gralloc.mali(   83): fps = 18.674028
I/PackageManager(  268): /system/framework/framework-res-yi.apk changed; collecting certs
D/dalvikvm(  268): GC_CONCURRENT freed 252K, 20% free 2618K/3267K, paused 2ms+2ms
D/dalvikvm(  268): GC_FOR_ALLOC freed 219K, 20% free 2801K/3459K, paused 14ms
D/dalvikvm(  268): GC_FOR_ALLOC freed 380K, 24% free 2849K/3715K, paused 16ms
D/dalvikvm(  268): GC_CONCURRENT freed 258K, 20% free 3003K/3715K, paused 2ms+2ms
D/dalvikvm(  268): GC_CONCURRENT freed 100K, 12% free 3389K/3843K, paused 2ms+2ms
D/dalvikvm(  268): GC_CONCURRENT freed 286K, 16% free 3576K/4227K, paused 1ms+2ms
I/PackageManager(  268): /system/framework/framework-res.apk changed; collecting certs
D/dalvikvm(  268): GC_CONCURRENT freed 320K, 17% free 3746K/4483K, paused 1ms+10ms
D/dalvikvm(  268): GC_CONCURRENT freed 1311K, 38% free 2901K/4611K, paused 1ms+2ms
D/dalvikvm(  268): GC_CONCURRENT freed 128K, 30% free 3269K/4611K, paused 1ms+3ms
D/dalvikvm(  268): GC_CONCURRENT freed 133K, 21% free 3647K/4611K, paused 2ms+4ms
D/dalvikvm(  268): GC_CONCURRENT freed 317K, 17% free 3841K/4611K, paused 2ms+2ms
D/gralloc.mali(   83): fps = 19.556452
D/dalvikvm(  268): GC_FOR_ALLOC freed 203K, 17% free 3904K/4675K, paused 24ms
D/dalvikvm(  268): GC_FOR_ALLOC freed 62K, 18% free 3968K/4803K, paused 21ms
I/dalvikvm-heap(  268): Grow heap (frag case) to 4.467MB for 260112-byte allocation
D/dalvikvm(  268): GC_FOR_ALLOC freed 126K, 20% free 4096K/5059K, paused 23ms
I/dalvikvm-heap(  268): Grow heap (frag case) to 4.840MB for 520292-byte allocation
D/dalvikvm(  268): GC_CONCURRENT freed 0K, 18% free 4604K/5571K, paused 1ms+2ms
D/dalvikvm(  268): GC_FOR_ALLOC freed 254K, 22% free 4350K/5571K, paused 21ms
D/dalvikvm(  268): GC_CONCURRENT freed 512K, 24% free 4262K/5571K, paused 1ms+2ms
D/dalvikvm(  268): GC_CONCURRENT freed 130K, 18% free 4624K/5571K, paused 1ms+1ms
D/dalvikvm(  268): GC_FOR_ALLOC freed 126K, 20% free 4498K/5571K, paused 21ms
I/dalvikvm-heap(  268): Grow heap (frag case) to 5.233MB for 520654-byte allocation
D/dalvikvm(  268): GC_FOR_ALLOC freed 254K, 22% free 4752K/6083K, paused 23ms
D/dalvikvm(  268): GC_CONCURRENT freed 531K, 22% free 4752K/6083K, paused 1ms+1ms
D/dalvikvm(  268): GC_FOR_ALLOC freed 218K, 20% free 4914K/6083K, paused 20ms
I/dalvikvm-heap(  268): Grow heap (frag case) to 5.639MB for 520654-byte allocation
D/dalvikvm(  268): GC_FOR_ALLOC freed 254K, 22% free 5168K/6595K, paused 24ms
I/dalvikvm-heap(  268): Grow heap (frag case) to 5.797MB for 425836-byte allocation
D/dalvikvm(  268): GC_FOR_ALLOC freed 509K, 28% free 5075K/7043K, paused 23ms
D/dalvikvm(  268): GC_CONCURRENT freed 149K, 20% free 5642K/7043K, paused 2ms+2ms
D/AndroidRuntime(  306): 
D/AndroidRuntime(  306): >>>>>> AndroidRuntime START com.android.internal.os.RuntimeInit <<<<<<
D/AndroidRuntime(  306): CheckJNI is OFF
D/dalvikvm(  268): GC_CONCURRENT freed 185K, 11% free 6316K/7043K, paused 1ms+8ms
D/dalvikvm(  306): Unable to stat classpath element '/system/framework/com.broadcom.bt.service.jar'
D/gralloc.mali(   83): fps = 19.196711
E/Posix   (  306): Posix_open return with -1, errno 2 No such file or directory
D/dalvikvm(  268): GC_CONCURRENT freed 210K, 8% free 7179K/7747K, paused 1ms+4ms
D/AndroidRuntime(  306): Calling main entry com.android.commands.am.Am
D/dalvikvm(  268): GC_CONCURRENT freed 634K, 12% free 7848K/8835K, paused 1ms+3ms
D/dalvikvm(  268): GC_CONCURRENT freed 764K, 12% free 8550K/9667K, paused 2ms+3ms
D/gralloc.mali(   83): fps = 19.206167
D/dalvikvm(  268): GC_CONCURRENT freed 353K, 7% free 9793K/10499K, paused 1ms+3ms
I/PackageManager(  268): /system/app/ApplicationsProvider.apk changed; collecting certs
I/PackageManager(  268): New shared user android.uid.shared: id=10000
I/PackageManager(  268): /system/app/BackupRestoreConfirmation.apk changed; collecting certs
I/PackageManager(  268): /system/app/BaiduAntiDisturbance.apk changed; collecting certs
I/PackageManager(  268): /system/app/BaiduAppSearch.apk changed; collecting certs
D/dalvikvm(  268): GC_CONCURRENT freed 1992K, 20% free 9735K/12099K, paused 1ms+52ms
D/dalvikvm(  268): GC_FOR_ALLOC freed 7508K, 72% free 3423K/12099K, paused 55ms
D/dalvikvm(  268): GC_CONCURRENT freed 164K, 70% free 3734K/12099K, paused 2ms+2ms
D/dalvikvm(  268): GC_FOR_ALLOC freed 473K, 70% free 3703K/12099K, paused 17ms
D/dalvikvm(  268): GC_CONCURRENT freed 319K, 69% free 3858K/12099K, paused 1ms+2ms
D/dalvikvm(  268): GC_CONCURRENT freed 107K, 65% free 4243K/12099K, paused 2ms+3ms
D/gralloc.mali(   83): fps = 19.146587
D/dalvikvm(  268): GC_CONCURRENT freed 95K, 62% free 4653K/12099K, paused 2ms+5ms
D/dalvikvm(  268): GC_CONCURRENT freed 470K, 61% free 4751K/12099K, paused 1ms+3ms
D/dalvikvm(  268): GC_CONCURRENT freed 143K, 57% free 5243K/12099K, paused 2ms+3ms
I/PackageManager(  268): /system/app/BaiduBackupRestore.apk changed; collecting certs
D/dalvikvm(  268): GC_CONCURRENT freed 616K, 57% free 5322K/12099K, paused 1ms+20ms
D/dalvikvm(  268): GC_CONCURRENT freed 2981K, 75% free 3069K/12099K, paused 2ms+3ms
D/dalvikvm(  268): GC_CONCURRENT freed 165K, 72% free 3390K/12099K, paused 2ms+3ms
D/gralloc.mali(   83): fps = 19.018000
I/PackageManager(  268): /system/app/BaiduBrowser.apk changed; collecting certs
D/dalvikvm(  268): GC_CONCURRENT freed 318K, 71% free 3552K/12099K, paused 2ms+9ms
D/dalvikvm(  268): GC_CONCURRENT freed 890K, 74% free 3146K/12099K, paused 2ms+3ms
D/dalvikvm(  268): GC_CONCURRENT freed 274K, 73% free 3304K/12099K, paused 2ms+2ms
D/dalvikvm(  268): GC_FOR_ALLOC freed 188K, 72% free 3496K/12099K, paused 22ms
D/dalvikvm(  268): GC_CONCURRENT freed 311K, 71% free 3611K/12099K, paused 1ms+1ms
D/dalvikvm(  268): GC_CONCURRENT freed 222K, 68% free 3877K/12099K, paused 1ms+2ms
D/dalvikvm(  268): GC_CONCURRENT freed 347K, 68% free 3971K/12099K, paused 2ms+2ms
D/dalvikvm(  268): GC_CONCURRENT freed 444K, 67% free 4009K/12099K, paused 1ms+3ms
D/dalvikvm(  268): GC_CONCURRENT freed 111K, 64% free 4410K/12099K, paused 1ms+4ms
D/dalvikvm(  268): GC_CONCURRENT freed 112K, 60% free 4848K/12099K, paused 2ms+3ms
D/dalvikvm(  268): GC_CONCURRENT freed 504K, 59% free 5004K/12099K, paused 1ms+3ms
D/gralloc.mali(   83): fps = 19.422918
D/dalvikvm(  268): GC_CONCURRENT freed 155K, 55% free 5548K/12099K, paused 1ms+3ms
D/gralloc.mali(   83): fps = 19.169468
I/PackageManager(  268): /system/app/BaiduCamera.apk changed; collecting certs
D/dalvikvm(  268): GC_CONCURRENT freed 703K, 54% free 5657K/12099K, paused 2ms+24ms
D/dalvikvm(  268): GC_CONCURRENT freed 3214K, 74% free 3259K/12099K, paused 1ms+3ms
W/PackageManager(  268): Package com.baidu.camera desires unavailable shared library com.google.android.media.effects; ignoring!
I/zipro   (  268): +++ successful write
I/PackageManager(  268): /system/app/BaiduClock.apk changed; collecting certs
D/dalvikvm(  268): GC_CONCURRENT freed 351K, 72% free 3419K/12099K, paused 1ms+7ms
I/PackageManager(  268): /system/app/BaiduDirectShare.apk changed; collecting certs
D/dalvikvm(  268): GC_CONCURRENT freed 833K, 75% free 3074K/12099K, paused 2ms+6ms
I/PackageManager(  268): /system/app/BaiduFlashlight.apk changed; collecting certs
I/PackageManager(  268): /system/app/BaiduGallery3D.apk changed; collecting certs
D/dalvikvm(  268): GC_CONCURRENT freed 536K, 75% free 3040K/12099K, paused 2ms+4ms
D/dalvikvm(  268): GC_CONCURRENT freed 367K, 74% free 3185K/12099K, paused 2ms+4ms
D/dalvikvm(  268): GC_CONCURRENT freed 311K, 73% free 3348K/12099K, paused 2ms+2ms
W/PackageManager(  268): Package com.baidu.gallery3d desires unavailable shared library com.google.android.media.effects; ignoring!
I/PackageManager(  268): /system/app/BaiduInput.apk changed; collecting certs
D/gralloc.mali(   83): fps = 19.138086
D/dalvikvm(  268): GC_CONCURRENT freed 241K, 71% free 3618K/12099K, paused 1ms+11ms
D/dalvikvm(  268): GC_CONCURRENT freed 804K, 74% free 3251K/12099K, paused 2ms+1ms
D/dalvikvm(  268): GC_CONCURRENT freed 275K, 72% free 3457K/12099K, paused 2ms+2ms
D/dalvikvm(  268): GC_CONCURRENT freed 326K, 70% free 3643K/12099K, paused 2ms+4ms
D/dalvikvm(  268): GC_CONCURRENT freed 235K, 68% free 3919K/12099K, paused 1ms+3ms
D/dalvikvm(  268): GC_CONCURRENT freed 113K, 65% free 4318K/12099K, paused 2ms+4ms
D/dalvikvm(  268): GC_CONCURRENT freed 351K, 63% free 4494K/12099K, paused 2ms+3ms
D/dalvikvm(  268): GC_CONCURRENT freed 132K, 60% free 4933K/12099K, paused 1ms+3ms
I/PackageManager(  268): /system/app/BaiduMap.apk changed; collecting certs
D/dalvikvm(  268): GC_CONCURRENT freed 492K, 58% free 5122K/12099K, paused 2ms+19ms
D/gralloc.mali(   83): fps = 19.200733
D/dalvikvm(  268): GC_CONCURRENT freed 2148K, 71% free 3627K/12099K, paused 2ms+2ms
D/dalvikvm(  268): GC_CONCURRENT freed 468K, 70% free 3670K/12099K, paused 1ms+2ms
D/dalvikvm(  268): GC_CONCURRENT freed 102K, 67% free 4010K/12099K, paused 2ms+2ms
D/dalvikvm(  268): GC_CONCURRENT freed 495K, 68% free 3955K/12099K, paused 2ms+3ms
D/dalvikvm(  268): GC_CONCURRENT freed 392K, 67% free 4074K/12099K, paused 2ms+3ms
D/dalvikvm(  268): GC_CONCURRENT freed 107K, 64% free 4468K/12099K, paused 1ms+4ms
D/dalvikvm(  268): GC_CONCURRENT freed 120K, 60% free 4912K/12099K, paused 2ms+4ms
D/dalvikvm(  268): GC_CONCURRENT freed 150K, 56% free 5439K/12099K, paused 2ms+3ms
D/dalvikvm(  268): GC_CONCURRENT freed 565K, 54% free 5681K/12099K, paused 2ms+3ms
D/gralloc.mali(   83): fps = 19.222687
D/dalvikvm(  268): GC_CONCURRENT freed 200K, 48% free 6351K/12099K, paused 2ms+3ms
I/PackageManager(  268): /system/app/BaiduMusicPlayer.apk changed; collecting certs
D/dalvikvm(  268): GC_CONCURRENT freed 894K, 47% free 6433K/12099K, paused 2ms+25ms
D/dalvikvm(  268): GC_CONCURRENT freed 3767K, 70% free 3686K/12099K, paused 1ms+3ms
D/gralloc.mali(   83): fps = 19.237335
D/dalvikvm(  268): GC_CONCURRENT freed 275K, 68% free 3914K/12099K, paused 2ms+3ms
D/dalvikvm(  268): GC_CONCURRENT freed 159K, 66% free 4175K/12099K, paused 1ms+3ms
I/PackageManager(  268): /system/app/BaiduNetworkLocation.apk changed; collecting certs
I/PackageManager(  268): /system/app/BaiduNotepad.apk changed; collecting certs
D/dalvikvm(  268): GC_CONCURRENT freed 402K, 66% free 4172K/12099K, paused 2ms+17ms
I/PackageManager(  268): /system/app/BaiduProxy.apk changed; collecting certs
I/zipro   (  268): +++ successful write
I/PackageManager(  268): /system/app/BaiduSecurityCenter.apk changed; collecting certs
D/dalvikvm(  268): GC_CONCURRENT freed 1390K, 73% free 3276K/12099K, paused 2ms+3ms
D/dalvikvm(  268): GC_CONCURRENT freed 446K, 73% free 3341K/12099K, paused 2ms+3ms
I/PackageManager(  268): /system/app/BaiduSemiView.apk changed; collecting certs
D/dalvikvm(  268): GC_CONCURRENT freed 293K, 71% free 3560K/12099K, paused 1ms+6ms
I/PackageManager(  268): /system/app/BaiduServiceFramework.apk changed; collecting certs
I/PackageManager(  268): /system/app/BaiduSoundRecorder.apk changed; collecting certs
D/dalvikvm(  268): GC_CONCURRENT freed 769K, 74% free 3206K/12099K, paused 2ms+5ms
I/PackageManager(  268): /system/app/BaiduSync.apk changed; collecting certs
D/gralloc.mali(   83): fps = 19.158108
D/dalvikvm(  268): GC_CONCURRENT freed 418K, 73% free 3300K/12099K, paused 1ms+8ms
D/dalvikvm(  268): GC_CONCURRENT freed 530K, 74% free 3260K/12099K, paused 2ms+2ms
D/dalvikvm(  268): GC_CONCURRENT freed 245K, 71% free 3527K/12099K, paused 2ms+3ms
I/PackageManager(  268): /system/app/BaiduSysFramework.apk changed; collecting certs
D/dalvikvm(  268): GC_CONCURRENT freed 308K, 70% free 3730K/12099K, paused 2ms+10ms
I/PackageManager(  268): /system/app/BaiduTheme.apk changed; collecting certs
D/dalvikvm(  268): GC_CONCURRENT freed 957K, 73% free 3339K/12099K, paused 1ms+6ms
I/PackageManager(  268): /system/app/BaiduTts.apk changed; collecting certs
I/PackageManager(  268): /system/app/BaiduUpdate.apk changed; collecting certs
D/dalvikvm(  268): GC_CONCURRENT freed 410K, 72% free 3441K/12099K, paused 2ms+6ms
I/PackageManager(  268): /system/app/BaiduUserFeedback.apk changed; collecting certs
D/dalvikvm(  268): GC_CONCURRENT freed 573K, 73% free 3346K/12099K, paused 2ms+3ms
I/PackageManager(  268): /system/app/BaiduVideoEditor.apk changed; collecting certs
D/dalvikvm(  268): GC_CONCURRENT freed 385K, 72% free 3438K/12099K, paused 2ms+4ms
I/PackageManager(  268): /system/app/BaiduVideoPlayer.apk changed; collecting certs
D/dalvikvm(  268): GC_CONCURRENT freed 373K, 71% free 3553K/12099K, paused 6ms+4ms
D/gralloc.mali(   83): fps = 19.225834
I/zipro   (  268): +++ successful write
I/zipro   (  268): +++ successful write
I/PackageManager(  268): /system/app/Bluetooth.apk changed; collecting certs
W/PackageParser(  268): No actions in intent filter at /system/app/Bluetooth.apk Binary XML file line #114
I/PackageManager(  268): /system/app/Browser.apk changed; collecting certs
D/dalvikvm(  268): GC_CONCURRENT freed 526K, 71% free 3519K/12099K, paused 1ms+4ms
D/dalvikvm(  268): GC_CONCURRENT freed 546K, 72% free 3458K/12099K, paused 1ms+3ms
I/PackageManager(  268): /system/app/BulletinSubPage.apk changed; collecting certs
D/dalvikvm(  268): GC_CONCURRENT freed 297K, 71% free 3620K/12099K, paused 2ms+5ms
D/dalvikvm(  268): GC_CONCURRENT freed 573K, 71% free 3537K/12099K, paused 2ms+4ms
D/dalvikvm(  268): GC_CONCURRENT freed 223K, 70% free 3740K/12099K, paused 1ms+2ms
I/PackageManager(  268): /system/app/Calculator.apk changed; collecting certs
I/PackageManager(  268): /system/app/Calendar.apk changed; collecting certs
D/dalvikvm(  268): GC_CONCURRENT freed 344K, 68% free 3894K/12099K, paused 2ms+7ms
D/dalvikvm(  268): GC_CONCURRENT freed 833K, 71% free 3544K/12099K, paused 2ms+2ms
I/PackageManager(  268): /system/app/CalendarProvider.apk changed; collecting certs
I/PackageManager(  268): New shared user android.uid.calendar: id=10033
I/PackageManager(  268): /system/app/CertInstaller.apk changed; collecting certs
D/gralloc.mali(   83): fps = 19.142420
W/PackageParser(  268): No actions in intent filter at /system/app/Contacts.apk Binary XML file line #297
W/PackageParser(  268): No actions in intent filter at /system/app/Contacts.apk Binary XML file line #410
D/dalvikvm(  268): GC_CONCURRENT freed 359K, 70% free 3654K/12099K, paused 2ms+6ms
I/PackageManager(  268): /system/app/Contacts.apk changed; collecting certs
D/dalvikvm(  268): GC_CONCURRENT freed 523K, 70% free 3642K/12099K, paused 2ms+3ms
D/dalvikvm(  268): GC_CONCURRENT freed 188K, 69% free 3864K/12099K, paused 2ms+2ms
D/dalvikvm(  268): GC_CONCURRENT freed 442K, 68% free 3928K/12099K, paused 1ms+2ms
D/dalvikvm(  268): GC_CONCURRENT freed 289K, 66% free 4149K/12099K, paused 2ms+5ms
D/dalvikvm(  268): GC_CONCURRENT freed 109K, 63% free 4551K/12099K, paused 2ms+4ms
D/dalvikvm(  268): GC_CONCURRENT freed 234K, 60% free 4903K/12099K, paused 2ms+3ms
D/dalvikvm(  268): GC_CONCURRENT freed 292K, 57% free 5286K/12099K, paused 2ms+3ms
D/gralloc.mali(   83): fps = 19.238806
I/PackageManager(  268): /system/app/ContactsProvider.apk changed; collecting certs
I/PackageManager(  268): /system/app/DefaultContainerService.apk changed; collecting certs
I/PackageManager(  268): /system/app/DownloadProvider.apk changed; collecting certs
I/PackageManager(  268): New shared user android.media: id=10036
I/PackageManager(  268): /system/app/DownloadProviderUi.apk changed; collecting certs
D/dalvikvm(  268): GC_CONCURRENT freed 738K, 57% free 5318K/12099K, paused 1ms+19ms
I/PackageManager(  268): /system/app/DrmProvider.apk changed; collecting certs
I/PackageManager(  268): /system/app/DynamicPermissionProvider.apk changed; collecting certs
I/PackageManager(  268): /system/app/Email.apk changed; collecting certs
D/dalvikvm(  268): GC_CONCURRENT freed 2408K, 70% free 3688K/12099K, paused 3ms+3ms
D/dalvikvm(  268): GC_CONCURRENT freed 361K, 69% free 3826K/12099K, paused 2ms+4ms
I/PackageManager(  268): /system/app/Exchange.apk changed; collecting certs
I/PackageManager(  268): /system/app/HelpBook.apk changed; collecting certs
D/dalvikvm(  268): GC_CONCURRENT freed 327K, 67% free 4008K/12099K, paused 2ms+6ms
D/dalvikvm(  268): GC_CONCURRENT freed 670K, 69% free 3848K/12099K, paused 2ms+3ms
W/PackageParser(  268): Unknown element under <manifest>: user-permission at /system/app/HomePro.apk Binary XML file line #90
I/PackageManager(  268): /system/app/HomePro.apk changed; collecting certs
D/gralloc.mali(   83): fps = 19.171347
D/dalvikvm(  268): GC_CONCURRENT freed 253K, 67% free 4106K/12099K, paused 2ms+7ms
D/dalvikvm(  268): GC_CONCURRENT freed 616K, 68% free 3905K/12099K, paused 3ms+2ms
D/dalvikvm(  268): GC_CONCURRENT freed 275K, 66% free 4120K/12099K, paused 1ms+2ms
D/dalvikvm(  268): GC_CONCURRENT freed 323K, 65% free 4308K/12099K, paused 1ms+3ms
D/dalvikvm(  268): GC_CONCURRENT freed 236K, 63% free 4586K/12099K, paused 2ms+4ms
D/dalvikvm(  268): GC_CONCURRENT freed 125K, 59% free 4995K/12099K, paused 2ms+2ms
D/dalvikvm(  268): GC_CONCURRENT freed 390K, 57% free 5302K/12099K, paused 2ms+4ms
I/PackageManager(  268): /system/app/KeyChain.apk changed; collecting certs
I/PackageManager(  268): /system/app/LiveWallpapersPicker.apk changed; collecting certs
I/PackageManager(  268): /system/app/MediaProvider.apk changed; collecting certs
D/dalvikvm(  268): GC_CONCURRENT freed 625K, 56% free 5444K/12099K, paused 2ms+17ms
I/PackageManager(  268): /system/app/NewPhoneWizard.apk changed; collecting certs
D/gralloc.mali(   83): fps = 19.280550
D/dalvikvm(  268): GC_CONCURRENT freed 2361K, 68% free 3873K/12099K, paused 2ms+4ms
I/PackageManager(  268): /system/app/NotificationProvider.apk changed; collecting certs
I/PackageManager(  268): /system/app/OnekeyWidget.apk changed; collecting certs
D/dalvikvm(  268): GC_CONCURRENT freed 373K, 68% free 3966K/12099K, paused 2ms+6ms
I/PackageManager(  268): /system/app/OnlineWallpaper.apk changed; collecting certs
I/PackageManager(  268): /system/app/PackageInstaller.apk changed; collecting certs
I/PackageManager(  268): /system/app/Phone.apk changed; collecting certs
D/dalvikvm(  268): GC_CONCURRENT freed 662K, 69% free 3815K/12099K, paused 1ms+5ms
D/dalvikvm(  268): GC_CONCURRENT freed 475K, 69% free 3834K/12099K, paused 2ms+2ms
D/dalvikvm(  268): GC_CONCURRENT freed 260K, 67% free 4085K/12099K, paused 1ms+4ms
D/dalvikvm(  268): GC_CONCURRENT freed 252K, 65% free 4283K/12099K, paused 3ms+8ms
I/PackageManager(  268): /system/app/ResManager.apk changed; collecting certs
D/dalvikvm(  268): GC_CONCURRENT freed 348K, 64% free 4455K/12099K, paused 2ms+9ms
W/PackageParser(  268): No actions in intent filter at /system/app/SearchBox.apk Binary XML file line #917
W/PackageParser(  268): No actions in intent filter at /system/app/SearchBox.apk Binary XML file line #948
I/PackageManager(  268): /system/app/SearchBox.apk changed; collecting certs
D/dalvikvm(  268): GC_CONCURRENT freed 919K, 67% free 4097K/12099K, paused 1ms+5ms
D/gralloc.mali(   83): fps = 19.171333
D/dalvikvm(  268): GC_CONCURRENT freed 414K, 66% free 4195K/12099K, paused 1ms+4ms
D/dalvikvm(  268): GC_CONCURRENT freed 273K, 64% free 4415K/12099K, paused 2ms+2ms
D/dalvikvm(  268): GC_FOR_ALLOC freed 469K, 64% free 4463K/12099K, paused 29ms
D/dalvikvm(  268): GC_CONCURRENT freed 177K, 61% free 4727K/12099K, paused 2ms+2ms
D/dalvikvm(  268): GC_FOR_ALLOC freed 431K, 61% free 4742K/12099K, paused 32ms
D/dalvikvm(  268): GC_CONCURRENT freed 416K, 60% free 4959K/12099K, paused 2ms+5ms
D/dalvikvm(  268): GC_CONCURRENT freed 149K, 55% free 5498K/12099K, paused 2ms+3ms
D/dalvikvm(  268): GC_CONCURRENT freed 175K, 50% free 6146K/12099K, paused 2ms+4ms
D/dalvikvm(  268): GC_CONCURRENT freed 617K, 47% free 6514K/12099K, paused 6ms+4ms
D/gralloc.mali(   83): fps = 19.223022
I/zipro   (  268): +++ successful write
I/zipro   (  268): +++ successful write
I/zipro   (  268): +++ successful write
I/zipro   (  268): +++ successful write
I/zipro   (  268): +++ successful write
D/dalvikvm(  268): GC_CONCURRENT freed 797K, 45% free 6770K/12099K, paused 2ms+3ms
D/gralloc.mali(   83): fps = 19.230244
W/PackageParser(  268): Problem in package /system/app/Settings.apk:
I/PackageManager(  268): /system/app/Settings.apk changed; collecting certs
W/PackageParser(  268): Unknown element under <activity>: category at /system/app/Settings.apk Binary XML file line #1044
D/dalvikvm(  268): GC_CONCURRENT freed 539K, 40% free 7372K/12099K, paused 1ms+25ms
I/PackageManager(  268): /system/app/SettingsProvider.apk changed; collecting certs
I/PackageManager(  268): /system/app/SharedStorageBackup.apk changed; collecting certs
D/dalvikvm(  268): GC_CONCURRENT freed 3769K, 60% free 4895K/12099K, paused 1ms+10ms
I/PackageManager(  268): /system/app/SystemUI.apk changed; collecting certs
D/dalvikvm(  268): GC_CONCURRENT freed 1291K, 66% free 4209K/12099K, paused 2ms+3ms
D/dalvikvm(  268): GC_FOR_ALLOC freed 384K, 65% free 4272K/12099K, paused 31ms
D/dalvikvm(  268): GC_CONCURRENT freed 268K, 63% free 4510K/12099K, paused 2ms+7ms
D/dalvikvm(  268): GC_CONCURRENT freed 246K, 60% free 4840K/12099K, paused 2ms+5ms
D/gralloc.mali(   83): fps = 19.255793
D/dalvikvm(  268): GC_CONCURRENT freed 326K, 58% free 5171K/12099K, paused 1ms+4ms
I/PackageManager(  268): /system/app/TelephonyProvider.apk changed; collecting certs
I/PackageManager(  268): /system/app/TrafficMonitor.apk changed; collecting certs
D/dalvikvm(  268): GC_CONCURRENT freed 545K, 56% free 5366K/12099K, paused 2ms+15ms
I/PackageManager(  268): /system/app/UserDictionaryProvider.apk changed; collecting certs
I/PackageManager(  268): /system/app/VpnDialogs.apk changed; collecting certs
I/PackageManager(  268): /system/app/Wallpaper.apk changed; collecting certs
D/PackageManager(  268): No files in app dir /vendor/app
D/PackageManager(  268): No files in app dir /system/preloadapp
I/PackageManager(  268): Time to scan packages: 25.64 seconds
I/PackageManager(  268): Platform changed from 0 to 15; regranting permissions for internal storage
W/PackageManager(  268): Unknown permission com.android.launcher.permission.READ_SETTINGS in package com.baiyi_mobile.security
W/PackageManager(  268): Unknown permission android.Manifest.permission.FORCE_STOP_PACKAGES in package com.baiyi_mobile.security
W/PackageManager(  268): Unknown permission com.htc.launcher.permission.WRITE_SETTINGS in package com.baiyi_mobile.security
W/PackageManager(  268): Unknown permission com.htc.launcher.permission.READ_SETTINGS in package com.baiyi_mobile.security
W/PackageManager(  268): Unknown permission android.permission.ADD_SYSTEM_SERVICE in package com.baidu.bsf.system
W/PackageManager(  268): Unknown permission android.permission.WRITE_INTERNAL_STORAGE in package com.baidu.bsf.system
W/PackageManager(  268): Unknown permission android.permission.READ_CALL_LOG in package com.android.contacts
W/PackageManager(  268): Unknown permission android.permission.WRITE_CALL_LOG in package com.android.contacts
W/PackageManager(  268): Unknown permission com.google.android.googleapps.permission.GOOGLE_AUTH.mail in package com.android.contacts
W/PackageManager(  268): Unknown permission android.permission.ADD_SYSTEM_SERVICE in package com.android.phone
W/PackageManager(  268): Unknown permission com.android.smspush.WAPPUSH_MANAGER_BIND in package com.android.phone
W/PackageManager(  268): Unknown permission android.permission.READ_CALL_LOG in package com.baidu.antidisturbance
W/PackageManager(  268): Unknown permission android.permission.WRITE_CALL_LOG in package com.baidu.antidisturbance
W/PackageManager(  268): Unknown permission android.permission.READ_EXTERNAL_STORAGE in package com.baidu.videoeditor
W/PackageManager(  268): Unknown permission android.permission.RECORD_VIDEO in package com.baidu.videoeditor
W/PackageManager(  268): Unknown permission com.google.android.googleapps.permission.GOOGLE_AUTH in package com.android.providers.calendar
W/PackageManager(  268): Unknown permission com.google.android.googleapps.permission.GOOGLE_AUTH.cl in package com.android.providers.calendar
W/PackageManager(  268): Unknown permission android.permission.DISABLE_STATUS_BAR in package com.baidu.setupwizard
W/PackageManager(  268): Unknown permission android.permission.RAISED_THREAD_PRIORITY in package com.baidu.setupwizard
W/PackageManager(  268): Unknown permission android.permission.WRITE_OWNER_DATA in package com.baidu.thememanager.ui
W/PackageManager(  268): Unknown permission android.permission.READ_OWNER_DATA in package com.baidu.thememanager.ui
W/PackageManager(  268): Unknown permission com.google.android.googleapps.permission.GOOGLE_AUTH.mail in package com.android.calendar
W/PackageManager(  268): Unknown permission com.android.launcher.permission.READ_SETTINGS in package com.baidu.appsearch
W/PackageManager(  268): Unknown permission com.android.launcher.permission.WRITE_SETTINGS in package com.baidu.appsearch
W/PackageManager(  268): Unknown permission com.htc.launcher.permission.READ_SETTINGS in package com.baidu.appsearch
W/PackageManager(  268): Unknown permission com.htc.launcher.permission.WRITE_SETTINGS in package com.baidu.appsearch
W/PackageManager(  268): Unknown permission org.adw.launcher.permission.READ_SETTINGS in package com.baidu.appsearch
W/PackageManager(  268): Unknown permission org.adw.launcher.permission.WRITE_SETTINGS in package com.baidu.appsearch
W/PackageManager(  268): Unknown permission com.fede.launcher.permission.READ_SETTINGS in package com.baidu.appsearch
W/PackageManager(  268): Unknown permission com.fede.launcher.permission.WRITE_SETTINGS in package com.baidu.appsearch
W/PackageManager(  268): Unknown permission com.qihoo360.launcher.permission.READ_SETTINGS in package com.baidu.appsearch
W/PackageManager(  268): Unknown permission com.qihoo360.launcher.permission.WRITE_SETTINGS in package com.baidu.appsearch
W/PackageManager(  268): Unknown permission net.qihoo.launcher.permission.READ_SETTINGS in package com.baidu.appsearch
W/PackageManager(  268): Unknown permission net.qihoo.launcher.permission.WRITE_SETTINGS in package com.baidu.appsearch
W/PackageManager(  268): Unknown permission com.lge.launcher.permission.READ_SETTINGS in package com.baidu.appsearch
W/PackageManager(  268): Unknown permission com.lge.launcher.permission.WRITE_SETTINGS in package com.baidu.appsearch
W/PackageManager(  268): Unknown permission com.sec.android.app.twlauncher.settings.READ_SETTINGS in package com.baidu.appsearch
W/PackageManager(  268): Unknown permission com.sec.android.app.twlauncher.settings.WRITE_SETTINGS in package com.baidu.appsearch
W/PackageManager(  268): Unknown permission org.adwfreak.launcher.permission.READ_SETTINGS in package com.baidu.appsearch
W/PackageManager(  268): Unknown permission org.adwfreak.launcher.permission.WRITE_SETTINGS in package com.baidu.appsearch
W/PackageManager(  268): Not granting permission android.permission.FORCE_STOP_PACKAGES to package com.baidu.appsearch (protectionLevel=2 flags=0x8be45)
W/PackageManager(  268): Unknown permission android.permission.READ_CALL_LOG in package com.baidu.appsearch
W/PackageManager(  268): Unknown permission android.permission.WRITE_CALL_LOG in package com.baidu.appsearch
W/PackageManager(  268): Not granting permission android.permission.SET_ACTIVITY_WATCHER to package com.baidu.appsearch (protectionLevel=2 flags=0x8be45)
W/PackageManager(  268): Unknown permission android.permission.ACCESS_MOBILE_STATE in package com.baidu.android.ota
W/PackageManager(  268): Unknown permission com.android.launcher.permission.READ_SETTINGS in package com.inveno.flow
W/PackageManager(  268): Unknown permission android.permission.WRITE_CALL_LOG in package com.baidu.backuprestore
W/PackageManager(  268): Unknown permission android.permission.READ_CALL_LOG in package com.baidu.backuprestore
W/PackageManager(  268): Unknown permission android.permission.WRITE_OWNER_DATA in package com.baidu.bsf.service
W/PackageManager(  268): Unknown permission android.permission.ADD_SYSTEM_SERVICE in package com.baidu.bsf.service
W/PackageManager(  268): Unknown permission com.google.android.googleapps.permission.GOOGLE_AUTH in package com.android.settings
W/PackageManager(  268): Unknown permission com.android.launcher.permission.READ_SETTINGS in package com.android.settings
W/PackageManager(  268): Unknown permission com.android.launcher.permission.WRITE_SETTINGS in package com.android.settings
W/PackageManager(  268): Unknown permission com.google.android.googleapps.permission.GOOGLE_AUTH in package com.android.providers.contacts
W/PackageManager(  268): Unknown permission com.google.android.googleapps.permission.GOOGLE_AUTH.cp in package com.android.providers.contacts
W/PackageManager(  268): Unknown permission android.permission.BACKUP_DATA in package com.baidu.browser.apps
W/PackageManager(  268): Not granting permission android.permission.SET_ACTIVITY_WATCHER to package com.baidu.browser.apps (protectionLevel=2 flags=0x8be45)
W/PackageManager(  268): Unknown permission com.android.launcher.permission.READ_SETTINGS in package com.baidu.browser.apps
W/PackageManager(  268): Unknown permission com.huawei.android.launcher.permission.READ_SETTINGS in package com.baidu.browser.apps
W/PackageManager(  268): Unknown permission com.qihoo360.launcher.permission.READ_SETTINGS in package com.baidu.browser.apps
W/PackageManager(  268): Unknown permission net.qihoo.launcher.permission.READ_SETTINGS in package com.baidu.browser.apps
W/PackageManager(  268): Unknown permission com.nd.android.launcher.permission.READ_SETTINGS in package com.baidu.browser.apps
W/PackageManager(  268): Unknown permission com.bbk.launcher2.permission.READ_SETTINGS in package com.baidu.browser.apps
W/PackageManager(  268): Unknown permission com.lge.launcher.permission.READ_SETTINGS in package com.baidu.browser.apps
W/PackageManager(  268): Unknown permission com.htc.launcher.permission.READ_SETTINGS in package com.baidu.browser.apps
W/PackageManager(  268): Unknown permission com.fede.launcher.permission.READ_SETTINGS in package com.baidu.browser.apps
W/PackageManager(  268): Unknown permission com.tencent.qqlauncher.permission.READ_SETTINGS in package com.baidu.browser.apps
W/PackageManager(  268): Unknown permission org.adw.launcher.permission.READ_SETTINGS in package com.baidu.browser.apps
W/PackageManager(  268): Unknown permission org.adwfreak.launcher.permission.READ_SETTINGS in package com.baidu.browser.apps
W/PackageManager(  268): Unknown permission org.adw.launcher_donut.permission.READ_SETTINGS in package com.baidu.browser.apps
W/PackageManager(  268): Unknown permission com.yulong.android.launcher.permission.READ_SETTINGS in package com.baidu.browser.apps
W/PackageManager(  268): Unknown permission com.android.mylauncher.permission.READ_SETTINGS in package com.baidu.browser.apps
W/PackageManager(  268): Unknown permission com.google.android.providers.settings.permission.READ_GSETTINGS in package com.baidu.map.location
W/PackageManager(  268): Unknown permission com.google.android.providers.settings.permission.WRITE_GSETTINGS in package com.baidu.map.location
W/PackageManager(  268): Unknown permission com.google.android.providers.gsf.permission.READ_GSERVICES in package com.baidu.map.location
W/PackageManager(  268): Unknown permission android.permission.READ_CALL_LOG in package com.baidu.searchbox
W/PackageManager(  268): Unknown permission com.android.launcher.permission.READ_SETTINGS in package com.baidu.searchbox
W/PackageManager(  268): Not granting permission android.permission.SET_ACTIVITY_WATCHER to package com.baidu.searchbox (protectionLevel=2 flags=0x8be65)
W/PackageManager(  268): Unknown permission baidu.permission.USE_UBC in package com.baidu.home2
W/PackageManager(  268): Unknown permission android.permission.READ_TING_MP3 in package com.baidu.musicplayer
W/PackageManager(  268): Unknown permission android.permission.WRITE_TING_MP3 in package com.baidu.musicplayer
W/PackageManager(  268): Unknown permission android.hardware.sensor.accelerometer in package com.baidu.musicplayer
W/PackageManager(  268): Unknown permission android.permission.READ_ATTACHMEN in package com.baidu.musicplayer
W/PackageManager(  268): Unknown permission android.Manifest.permission.FORCE_STOP_PACKAGES in package com.baidu.onekeywidget
W/PackageManager(  268): Unknown permission android.permission.ACCESS_GPS in package com.baidu.BaiduMap
W/PackageManager(  268): Unknown permission com.android.launcher.permission.READ_SETTINGS in package com.baidu.BaiduMap
W/PackageManager(  268): Unknown permission com.android.launcher.permission.WRITE_SETTINGS in package com.baidu.BaiduMap
W/PackageManager(  268): Unknown permission android.permission.VIBRATION in package com.baidu.input
W/PackageManager(  268): Not granting permission android.permission.SET_ACTIVITY_WATCHER to package com.baidu.input (protectionLevel=2 flags=0x8be45)
W/PackageManager(  268): Unknown permission com.android.launcher.permission.READ_SETTINGS in package com.baidu.baiduclock
D/dalvikvm(  268): GC_CONCURRENT freed 1815K, 65% free 4260K/12099K, paused 2ms+5ms
D/gralloc.mali(   83): fps = 19.173599
D/dalvikvm(  268): GC_EXPLICIT freed 475K, 69% free 3857K/12099K, paused 3ms+3ms
I/SystemServer(  268): Account Manager
D/PackageManager(  268): generateServicesMap(android.accounts.AccountAuthenticator): 3 services:
D/PackageManager(  268):   New service added: ServiceInfo: AuthenticatorDescription {type=com.baidu}, ComponentInfo{com.baidu.bsf.service/com.baidu.account.account.BaiduAuthenticationService}, uid 10019
D/PackageManager(  268):   New service added: ServiceInfo: AuthenticatorDescription {type=com.android.email}, ComponentInfo{com.android.email/com.android.email.service.PopImapAuthenticatorService}, uid 10037
D/PackageManager(  268):   New service added: ServiceInfo: AuthenticatorDescription {type=com.android.exchange}, ComponentInfo{com.android.email/com.android.email.service.EasAuthenticatorService}, uid 10037
E/Posix   (  268): Posix_open return with -1, errno 2 No such file or directory
D/gralloc.mali(   83): fps = 19.152536
I/SimManagerService(  268): mSimCount:0
I/SystemServer(  268): Sim Manager
I/SystemServer(  268): Content Manager
E/Posix   (  268): Posix_open return with -1, errno 2 No such file or directory
I/SyncManager(  268): No initial accounts
E/Posix   (  268): Posix_open return with -1, errno 2 No such file or directory
I/SyncManager(  268): No initial status
E/Posix   (  268): Posix_open return with -1, errno 2 No such file or directory
I/SyncManager(  268): No initial pending operations
E/Posix   (  268): Posix_open return with -1, errno 2 No such file or directory
I/SyncManager(  268): No initial statistics
D/gralloc.mali(   83): fps = 19.219976
W/PackageManager(  268): Unable to load service info ResolveInfo{4116cde0 com.baidu.sync.service.ContactSyncAdapterService p=0 o=0 m=0x108000}
W/PackageManager(  268): org.xmlpull.v1.XmlPullParserException: Meta-data does not start with sync-adapter tag
W/PackageManager(  268): 	at android.content.pm.RegisteredServicesCache.parseServiceInfo(RegisteredServicesCache.java:389)
W/PackageManager(  268): 	at android.content.pm.RegisteredServicesCache.generateServicesMap(RegisteredServicesCache.java:261)
W/PackageManager(  268): 	at android.content.pm.RegisteredServicesCache.<init>(RegisteredServicesCache.java:105)
W/PackageManager(  268): 	at android.content.SyncAdaptersCache.<init>(SyncAdaptersCache.java:43)
W/PackageManager(  268): 	at android.content.SyncManager.<init>(SyncManager.java:301)
W/PackageManager(  268): 	at android.content.ContentService.getSyncManager(ContentService.java:55)
W/PackageManager(  268): 	at android.content.ContentService.<init>(ContentService.java:134)
W/PackageManager(  268): 	at android.content.ContentService.main(ContentService.java:494)
W/PackageManager(  268): 	at com.android.server.ServerThread.run(SystemServer.java:227)
D/PackageManager(  268): generateServicesMap(android.content.SyncAdapter): 6 services:
D/PackageManager(  268):   New service added: ServiceInfo: SyncAdapterType {name=com.android.calendar, type=com.baidu, userVisible=true, supportsUploading=false, isAlwaysSyncable=true, allowParallelSyncs=false, settingsActivity=null}, ComponentInfo{com.baidu.sync/com.baidu.sync.service.CalendarSyncAdapterService}, uid 10021
D/PackageManager(  268):   New service added: ServiceInfo: SyncAdapterType {name=com.baidu.notepad.provider.NotePad, type=com.baidu, userVisible=true, supportsUploading=false, isAlwaysSyncable=true, allowParallelSyncs=false, settingsActivity=null}, ComponentInfo{com.baidu.sync/com.baidu.sync.service.NotepadSyncAdapterService}, uid 10021
D/PackageManager(  268):   New service added: ServiceInfo: SyncAdapterType {name=com.android.email.provider, type=com.android.email, userVisible=true, supportsUploading=false, isAlwaysSyncable=false, allowParallelSyncs=false, settingsActivity=null}, ComponentInfo{com.android.email/com.android.email.service.PopImapSyncAdapterService}, uid 10037
D/PackageManager(  268):   New service added: ServiceInfo: SyncAdapterType {name=com.android.email.provider, type=com.android.exchange, userVisible=true, supportsUploading=false, isAlwaysSyncable=false, allowParallelSyncs=false, settingsActivity=null}, ComponentInfo{com.android.exchange/com.android.exchange.EmailSyncAdapterService}, uid 10038
D/PackageManager(  268):   New service added: ServiceInfo: SyncAdapterType {name=com.android.contacts, type=com.android.exchange, userVisible=true, supportsUploading=true, isAlwaysSyncable=false, allowParallelSyncs=false, settingsActivity=null}, ComponentInfo{com.android.exchange/com.android.exchange.ContactsSyncAdapterService}, uid 10038
