I/AwesomePlayer(   85): --mSystemTimeSourceForSync reset ok
I/AwesomePlayer(   85): setDataSource_l('/system/media/audio/ui/pc_connect.wav')
I/MediaPlayerService(   85): [4] setVideoSurfaceTexture(0x0)
I/MediaPlayerService(   85): set the same SurfaceTexture
W/PackageManager(  273): Unknown permission android.permission.ADD_SYSTEM_SERVICE in package com.android.phone
W/PackageManager(  273): Unknown permission com.android.smspush.WAPPUSH_MANAGER_BIND in package com.android.phone
W/PackageManager(  273): Unknown permission android.permission.READ_CALL_LOG in package com.baidu.antidisturbance
W/PackageManager(  273): Unknown permission android.permission.WRITE_CALL_LOG in package com.baidu.antidisturbance
W/PackageManager(  273): Unknown permission android.permission.READ_EXTERNAL_STORAGE in package com.baidu.videoeditor
W/PackageManager(  273): Unknown permission android.permission.RECORD_VIDEO in package com.baidu.videoeditor
W/PackageManager(  273): Unknown permission com.google.android.googleapps.permission.GOOGLE_AUTH in package com.android.providers.calendar
W/PackageManager(  273): Unknown permission com.google.android.googleapps.permission.GOOGLE_AUTH.cl in package com.android.providers.calendar
W/PackageManager(  273): Unknown permission android.permission.DISABLE_STATUS_BAR in package com.baidu.setupwizard
W/PackageManager(  273): Unknown permission android.permission.RAISED_THREAD_PRIORITY in package com.baidu.setupwizard
W/PackageManager(  273): Unknown permission android.permission.WRITE_OWNER_DATA in package com.baidu.thememanager.ui
W/PackageManager(  273): Unknown permission android.permission.READ_OWNER_DATA in package com.baidu.thememanager.ui
W/PackageManager(  273): Unknown permission com.google.android.googleapps.permission.GOOGLE_AUTH.mail in package com.android.calendar
W/PackageManager(  273): Unknown permission com.android.launcher.permission.READ_SETTINGS in package com.baidu.appsearch
W/PackageManager(  273): Unknown permission com.android.launcher.permission.WRITE_SETTINGS in package com.baidu.appsearch
W/PackageManager(  273): Unknown permission com.htc.launcher.permission.READ_SETTINGS in package com.baidu.appsearch
W/PackageManager(  273): Unknown permission com.htc.launcher.permission.WRITE_SETTINGS in package com.baidu.appsearch
W/PackageManager(  273): Unknown permission org.adw.launcher.permission.READ_SETTINGS in package com.baidu.appsearch
W/PackageManager(  273): Unknown permission org.adw.launcher.permission.WRITE_SETTINGS in package com.baidu.appsearch
W/PackageManager(  273): Unknown permission com.fede.launcher.permission.READ_SETTINGS in package com.baidu.appsearch
W/PackageManager(  273): Unknown permission com.fede.launcher.permission.WRITE_SETTINGS in package com.baidu.appsearch
W/PackageManager(  273): Unknown permission com.qihoo360.launcher.permission.READ_SETTINGS in package com.baidu.appsearch
W/PackageManager(  273): Unknown permission com.qihoo360.launcher.permission.WRITE_SETTINGS in package com.baidu.appsearch
W/PackageManager(  273): Unknown permission net.qihoo.launcher.permission.READ_SETTINGS in package com.baidu.appsearch
W/PackageManager(  273): Unknown permission net.qihoo.launcher.permission.WRITE_SETTINGS in package com.baidu.appsearch
W/PackageManager(  273): Unknown permission com.lge.launcher.permission.READ_SETTINGS in package com.baidu.appsearch
W/PackageManager(  273): Unknown permission com.lge.launcher.permission.WRITE_SETTINGS in package com.baidu.appsearch
W/PackageManager(  273): Unknown permission com.sec.android.app.twlauncher.settings.READ_SETTINGS in package com.baidu.appsearch
W/PackageManager(  273): Unknown permission com.sec.android.app.twlauncher.settings.WRITE_SETTINGS in package com.baidu.appsearch
W/PackageManager(  273): Unknown permission org.adwfreak.launcher.permission.READ_SETTINGS in package com.baidu.appsearch
W/PackageManager(  273): Unknown permission org.adwfreak.launcher.permission.WRITE_SETTINGS in package com.baidu.appsearch
W/PackageManager(  273): Not granting permission android.permission.FORCE_STOP_PACKAGES to package com.baidu.appsearch (protectionLevel=2 flags=0x8be45)
W/PackageManager(  273): Unknown permission android.permission.READ_CALL_LOG in package com.baidu.appsearch
W/PackageManager(  273): Unknown permission android.permission.WRITE_CALL_LOG in package com.baidu.appsearch
W/PackageManager(  273): Not granting permission android.permission.SET_ACTIVITY_WATCHER to package com.baidu.appsearch (protectionLevel=2 flags=0x8be45)
W/PackageManager(  273): Unknown permission android.permission.ACCESS_MOBILE_STATE in package com.baidu.android.ota
W/PackageManager(  273): Unknown permission com.android.launcher.permission.READ_SETTINGS in package com.inveno.flow
W/PackageManager(  273): Unknown permission android.permission.WRITE_CALL_LOG in package com.baidu.backuprestore
W/PackageManager(  273): Unknown permission android.permission.READ_CALL_LOG in package com.baidu.backuprestore
V/AwesomePlayer(   85): track of type 'audio/raw' does not publish bitrate
V/AwesomePlayer(   85): mBitrate = -1 bits/sec
I/AudioService(  273):  AudioFocus  requestAudioFocus() from android.media.AudioManager@40fc3440
D/TransportControlView(  273): handleMessage: MSG_SET_GENERATION_ID
D/SlideLockScreen(  273): onPlayStateChanged:0
V/SlideLockScreen(  273): View com.baidu.internal.keyguard.slide.TransportControlView@413a8e28 requested hide transports
V/TransportControlView(  273): New genId = 6, clearing = 1
V/AudioFlinger(   85): createTrack() sessionId: 6
V/AudioFlinger(   85): createTrack() lSessionId: 6
V/AudioFlinger(   85): Track constructor name 4098, calling thread 273
W/AudioTrack(   85): AudioTrack set for tack, mimeType=
E/AudioFlinger(   85): unkown mime type 
W/AudioFlinger(   85): setMimeType 0 () for track, stream=5
V/AudioFlinger(   85): acquiring 6 from 273
V/AudioFlinger(   85):  incremented refcount to 2
W/AudioSink(   85): setMimeType (audio/raw) to AudioOutput, mTrack(1)
W/AudioTrack(   85): AudioTrack setMimeType: mime=audio/raw, mAudioTrack(1)
E/AudioFlinger(   85): unkown mime type audio/raw
W/AudioFlinger(   85): setMimeType 0 (audio/raw) for track, stream=5
V/AudioFlinger(   85): start(4098), calling thread 273 session 6
V/AudioFlinger(   85): ? => ACTIVE (4098) on thread 0x149fd18
V/AudioPolicyService(   85): startOutput() tid 85
V/AudioPolicyManagerBase(   85): startOutput() output 1, stream 5, session 6
V/AudioPolicyManagerBase(   85): changeRefCount() stream 5, count 1
V/AudioPolicyManagerBase(   85): getDeviceForStrategy() from cache strategy 2, device 2
V/AudioPolicyManagerBase(   85): getNewDevice() selected device 2
D/AudioPolicyManagerBase(   85): setOutputDevice() output 1 device 2 delayMs 0
V/AudioPolicyManagerBase(   85): setOutputDevice() setting same device 2 or null device for output 1
E/AudioPolicyManagerBase(   85): checkAndSetVolume stream=5, index=5, output=1, device=2
E/AudioPolicyManagerBase(   85): computeVolume, streamDesc=0x1489058
V/AudioPolicyManagerBase(   85): VOLUME vol index=[66 71 100], dB=[-10.2 -8.7 0.0] ampl=0.36728
V/AudioFlinger(   85): mWaitWorkCV.broadcast
I/AudioPlayer(   85): mLatencyUs=232000,mFrameSize=2,mSampleRate=44100 
V/AudioFlinger(   85): MixerThread 0x148b288 TID 170 waking up
I/MediaPlayerService(   85): disconnect(2) from pid 273
V/AudioPolicyService(   85): releaseOutput() tid 175
V/AudioPolicyManagerBase(   85): releaseOutput() 1
W/PackageManager(  273): Unknown permission android.permission.WRITE_OWNER_DATA in package com.baidu.bsf.service
W/PackageManager(  273): Unknown permission android.permission.ADD_SYSTEM_SERVICE in package com.baidu.bsf.service
W/PackageManager(  273): Unknown permission com.google.android.googleapps.permission.GOOGLE_AUTH in package com.android.settings
W/PackageManager(  273): Unknown permission com.android.launcher.permission.READ_SETTINGS in package com.android.settings
W/PackageManager(  273): Unknown permission com.android.launcher.permission.WRITE_SETTINGS in package com.android.settings
W/PackageManager(  273): Unknown permission com.google.android.googleapps.permission.GOOGLE_AUTH in package com.android.providers.contacts
W/PackageManager(  273): Unknown permission com.google.android.googleapps.permission.GOOGLE_AUTH.cp in package com.android.providers.contacts
D/dalvikvm(  273): GC_EXPLICIT freed 608K, 19% free 7313K/8963K, paused 4ms+9ms
W/MediaPlayer-JNI(  273): MediaPlayer finalized without being released
I/MediaPlayerService(   85): disconnect(3) from pid 273
I/AwesomePlayer(   85): --mSystemTimeSourceForSync reset ok
I/AwesomePlayer(   85): --mSystemTimeSourceForSync reset ok
I/AwesomePlayer(   85): --mSystemTimeSourceForSync reset ok
W/PackageManager(  273): Unknown permission android.permission.BACKUP_DATA in package com.baidu.browser.apps
I/PowerManagerService(  273): mLocks 01com.baidu.systemverify.VerificationService
I/PowerManagerService(  273): mLocks 11NotificationService
V/AudioFlinger(   85): releasing 5 from 273
V/AudioFlinger(   85):  decremented refcount to 0
V/AudioFlinger(   85): purging stale effects
I/MediaPlayerService(   85): Client(3) destructor pid = 273
I/MediaPlayerService(   85): disconnect(3) from pid 273
E/Baidu Home2(  639): HomeDataManager: cursor is NULL or can NOT move to firstandroid.content.ContentResolver$CursorWrapperInner@40de1390
E/Baidu Home2(  639): HomeDataManager: on business change cursor count 0
D/PowerManagerService(  273): releaseWakeLock flags=0x1 tag=*vibrator*
W/PackageManager(  273): Not granting permission android.permission.SET_ACTIVITY_WATCHER to package com.baidu.browser.apps (protectionLevel=2 flags=0x8be45)
W/PackageManager(  273): Unknown permission com.android.launcher.permission.READ_SETTINGS in package com.baidu.browser.apps
W/PackageManager(  273): Unknown permission com.huawei.android.launcher.permission.READ_SETTINGS in package com.baidu.browser.apps
W/PackageManager(  273): Unknown permission com.qihoo360.launcher.permission.READ_SETTINGS in package com.baidu.browser.apps
W/PackageManager(  273): Unknown permission net.qihoo.launcher.permission.READ_SETTINGS in package com.baidu.browser.apps
W/PackageManager(  273): Unknown permission com.nd.android.launcher.permission.READ_SETTINGS in package com.baidu.browser.apps
W/PackageManager(  273): Unknown permission com.bbk.launcher2.permission.READ_SETTINGS in package com.baidu.browser.apps
W/PackageManager(  273): Unknown permission com.lge.launcher.permission.READ_SETTINGS in package com.baidu.browser.apps
W/PackageManager(  273): Unknown permission com.htc.launcher.permission.READ_SETTINGS in package com.baidu.browser.apps
W/PackageManager(  273): Unknown permission com.fede.launcher.permission.READ_SETTINGS in package com.baidu.browser.apps
W/PackageManager(  273): Unknown permission com.tencent.qqlauncher.permission.READ_SETTINGS in package com.baidu.browser.apps
W/PackageManager(  273): Unknown permission org.adw.launcher.permission.READ_SETTINGS in package com.baidu.browser.apps
W/PackageManager(  273): Unknown permission org.adwfreak.launcher.permission.READ_SETTINGS in package com.baidu.browser.apps
W/PackageManager(  273): Unknown permission org.adw.launcher_donut.permission.READ_SETTINGS in package com.baidu.browser.apps
W/PackageManager(  273): Unknown permission com.yulong.android.launcher.permission.READ_SETTINGS in package com.baidu.browser.apps
W/PackageManager(  273): Unknown permission com.android.mylauncher.permission.READ_SETTINGS in package com.baidu.browser.apps
D/dalvikvm(  862): GC_CONCURRENT freed 218K, 19% free 2443K/3011K, paused 2ms+2ms
W/PackageManager(  273): Unknown permission com.google.android.providers.settings.permission.READ_GSETTINGS in package com.baidu.map.location
W/PackageManager(  273): Unknown permission com.google.android.providers.settings.permission.WRITE_GSETTINGS in package com.baidu.map.location
W/PackageManager(  273): Unknown permission com.google.android.providers.gsf.permission.READ_GSERVICES in package com.baidu.map.location
W/PackageManager(  273): Unknown permission com.android.launcher.permission.READ_SETTINGS in package com.baidu.tiebaz
W/PackageManager(  273): Not granting permission android.permission.DEVICE_POWER to package com.baidu.tiebaz (protectionLevel=2 flags=0x28be44)
W/PackageManager(  273): Unknown permission android.permission.ACCESS_SUPERUSER in package com.speedsoftware.rootexplorer
W/PackageManager(  273): Unknown permission com.android.vending.CHECK_LICENSE in package com.speedsoftware.rootexplorer
W/PackageManager(  273): Unknown permission baidu.permission.USE_UBC in package com.baidu.home2
W/PackageManager(  273): Unknown permission android.permission.READ_TING_MP3 in package com.baidu.musicplayer
W/PackageManager(  273): Unknown permission android.permission.WRITE_TING_MP3 in package com.baidu.musicplayer
W/PackageManager(  273): Unknown permission android.hardware.sensor.accelerometer in package com.baidu.musicplayer
W/PackageManager(  273): Unknown permission android.permission.READ_ATTACHMEN in package com.baidu.musicplayer
W/PackageManager(  273): Unknown permission android.Manifest.permission.FORCE_STOP_PACKAGES in package com.baidu.onekeywidget
W/PackageManager(  273): Unknown permission android.permission.ACCESS_GPS in package com.baidu.BaiduMap
W/PackageManager(  273): Unknown permission com.android.launcher.permission.READ_SETTINGS in package com.baidu.BaiduMap
W/PackageManager(  273): Unknown permission com.android.launcher.permission.WRITE_SETTINGS in package com.baidu.BaiduMap
W/PackageManager(  273): Unknown permission android.permission.VIBRATION in package com.baidu.input
W/PackageManager(  273): Not granting permission android.permission.SET_ACTIVITY_WATCHER to package com.baidu.input (protectionLevel=2 flags=0x8be45)
W/PackageManager(  273): Unknown permission com.android.launcher.permission.READ_SETTINGS in package com.baidu.baiduclock
D/dalvikvm(  273): GC_FOR_ALLOC freed 414K, 11% free 7992K/8963K, paused 58ms
D/dalvikvm(  923): GC_CONCURRENT freed 176K, 18% free 2644K/3203K, paused 1ms+2ms
E/Posix   (  273): Posix_open return with -1, errno 17 File exists
I/System.out(  273): iobridge available59660FileDescriptor[266]
I/System.out(  273): iobridge available51468FileDescriptor[266]
I/System.out(  273): iobridge available43276FileDescriptor[266]
D/dalvikvm(  923): GC_CONCURRENT freed 265K, 19% free 2865K/3523K, paused 2ms+2ms
I/System.out(  273): iobridge available35084FileDescriptor[266]
I/System.out(  273): iobridge available26892FileDescriptor[266]
D/NaiveLocationCodec(  923): load location db from ye_base.ldb
I/System.out(  273): iobridge available18700FileDescriptor[266]
I/System.out(  273): iobridge available10508FileDescriptor[266]
I/System.out(  273): iobridge available2316FileDescriptor[266]
I/System.out(  273): iobridge available0FileDescriptor[266]
I/System.out(  273): iobridge available0FileDescriptor[266]
D/dalvikvm(  923): GC_FOR_ALLOC freed 252K, 17% free 3037K/3651K, paused 19ms
I/dalvikvm-heap(  923): Grow heap (frag case) to 3.576MB for 283836-byte allocation
D/PowerManagerService(  273): acquireWakeLock flags=0x1 tag=AudioOut_1
I/PowerManagerService(  273): mLocks 01com.baidu.systemverify.VerificationService
I/PowerManagerService(  273): mLocks 11NotificationService
V/AudioFlinger(   85): acquireWakeLock_l() AudioOut_1 status 0
V/AudioFlinger(   85): remove track (4096) and delete from mixer
V/AudioFlinger(   85): PlaybackThread::Track destructor
V/AudioFlinger(   85): releasing 3 from 273
V/AudioFlinger(   85):  decremented refcount to 1
I/audio_hw_primary(   85): select_devices_signal starting...
I/audio_hw_primary(   85): select_devices_signal finished.
W/audio_hw_primary(   85): open s_tinycard in
I/AwesomePlayer(   85): --mSystemTimeSourceForSync reset ok
I/AwesomePlayer(   85): --mSystemTimeSourceForSync reset ok
W/audio_hw_primary(   85): open s_tinycard successfully
I/AwesomePlayer(   85): --mSystemTimeSourceForSync reset ok
V/AudioFlinger(   85): releasing 3 from 273
V/AudioFlinger(   85):  decremented refcount to 0
V/AudioFlinger(   85): purging stale effects
I/audio_hw_primary(   85): stream_routing_thread looping done.
I/audio_hw_primary(   85): stream_routing_thread looping now...
I/audio_hw_primary(   85): Changing devices: 0x00000002
I/MediaPlayerService(   85): Client(2) destructor pid = 273
I/MediaPlayerService(   85): disconnect(2) from pid 273
W/NotificationService(  273): Notification sound delayed by 1012msecs
I/PowerManagerService(  273): mLocks 01com.baidu.systemverify.VerificationService
I/PowerManagerService(  273): mLocks 11AudioOut_1
D/PowerManagerService(  273): releaseWakeLock flags=0x1 tag=NotificationService
I/audio_hw_primary(   85): Set 'Speaker Function'.0 to 1
I/audio_hw_primary(   85): Set 'Speaker2 Function'.0 to 1
I/audio_hw_primary(   85): Set 'SPKL Mixer DACLSPKL Switch'.0 to 1
I/audio_hw_primary(   85): Set 'SPKL Mixer DACRSPKL Switch'.0 to 1
I/audio_hw_primary(   85): Set 'SPKR Mixer DACLSPKR Switch'.0 to 1
I/audio_hw_primary(   85): Set 'SPKR Mixer DACRSPKR Switch'.0 to 1
I/audio_hw_primary(   85): Set 'HeadPhone Function'.0 to 0
I/audio_hw_primary(   85): Set 'HPL Mixer DACRHPL Switch'.0 to 0
I/audio_hw_primary(   85): Set 'HPR Mixer DACLHPR Switch'.0 to 0
I/audio_hw_primary(   85): Set 'Earpiece Function'.0 to 0
I/audio_hw_primary(   85): Set 'Mic Function'.0 to 0
I/audio_hw_primary(   85): Set 'ADCL Mixer MainMICADCL Switch'.0 to 0
I/audio_hw_primary(   85): Set 'ADCR Mixer MainMICADCR Switch'.0 to 0
I/audio_hw_primary(   85): Set 'Aux Mic Function'.0 to 0
I/audio_hw_primary(   85): Set 'ADCL Mixer AuxMICADCL Switch'.0 to 0
I/audio_hw_primary(   85): Set 'ADCR Mixer AuxMICADCR Switch'.0 to 0
I/audio_hw_primary(   85): Set 'HP Mic Function'.0 to 0
I/audio_hw_primary(   85): Set 'ADCL Mixer HPMICADCL Switch'.0 to 0
I/audio_hw_primary(   85): Set 'ADCR Mixer HPMICADCR Switch'.0 to 0
I/audio_hw_primary(   85): Set 'Line Function'.0 to 0
I/audio_hw_primary(   85): Set 'ADCL Mixer AILADCL Switch'.0 to 0
I/audio_hw_primary(   85): Set 'ADCR Mixer AIRADCR Switch'.0 to 0
I/audio_hw_primary(   85): Set 'SPKL Mixer ADCLSPKL Switch'.0 to 0
I/audio_hw_primary(   85): Set 'SPKL Mixer ADCRSPKL Switch'.0 to 0
I/audio_hw_primary(   85): Set 'SPKR Mixer ADCLSPKR Switch'.0 to 0
I/audio_hw_primary(   85): Set 'SPKR Mixer ADCRSPKR Switch'.0 to 0
I/audio_hw_primary(   85): Set 'HPL Mixer ADCRHPL Switch'.0 to 0
I/audio_hw_primary(   85): Set 'HPR Mixer ADCLHPR Switch'.0 to 0
W/audio_hw_primary(   85): GetAudio_pga_nv, dac_pga_gain_l:0x80180a07 adc_pga_gain_l:0xe fm_pga_gain_l:0x1a fm_pga_gain_r:0x1a device:0x2 vol_level:0x1 
D/audio_pga(   85): 'speaker-l' apply
I/audio_pga(   85): 'SPKL Playback Volume' set to 7
I/audio_pga(   85): 'VBC DACL DG Set' set to 24
I/audio_pga(   85): 'VBC DACL DG Switch' set to 1
D/audio_pga(   85): 'speaker-r' apply
I/audio_pga(   85): 'SPKR Playback Volume' set to 7
I/audio_pga(   85): 'VBC DACR DG Set' set to 24
I/audio_pga(   85): 'VBC DACR DG Switch' set to 1
W/audio_hw_primary(   85): SetAudio_gain_by_devices out, devices:0x2 
I/audio_hw_primary(   85): stream_routing_thread looping now...
I/Baidu Home2(  639): EventNumberUtil: handleMessage MSG_EVENT_NUMBER_MSG = main
I/System.out(  674): iobridge available140FileDescriptor[61]
I/BootReceiver(  273): Copying /proc/last_kmsg to DropBox (SYSTEM_LAST_KMSG)
D/dalvikvm(  923): GC_FOR_ALLOC freed <1K, 17% free 3314K/3971K, paused 32ms
V/AlarmManager(  273): SetLocked alarm type is : 2
I/YhdsEngine(  923): [AlarmEventMgr] event scheduled: com.dianxinos.optimizer.action.ALARM_EVENT_ANTISPAM_PROFILES_UPDATE
D/dalvikvm(  273): GC_CONCURRENT freed 625K, 11% free 8865K/9859K, paused 2ms+7ms
I/PowerManagerService(  273): mLocks 01com.baidu.systemverify.VerificationService
I/PowerManagerService(  273): mLocks 11AudioOut_1
V/AlarmManager(  273): SetLocked alarm type is : 1
D/PowerManagerService(  273): acquireWakeLock flags=0x1 tag=AlarmManager
V/AlarmManager(  273): SetLocked alarm type is : 3
D/dalvikvm( 1001): GC_CONCURRENT freed 166K, 17% free 2561K/3075K, paused 2ms+2ms
I/YhdsEngine(  923): [AlarmEventMgr] event scheduled: com.dianxinos.optimizer.action.ALARM_EVENT_ANTISPAM_KEYWORDS_UPDATE
D/NaiveLocationCodec(  923): location codec init complete,time used(ms):1367
D/NaiveBayesianTextSpamFilter(  923): load kw db from assets/model.db
D/dalvikvm(  923): GC_FOR_ALLOC freed 22K, 16% free 3360K/3971K, paused 18ms
I/dalvikvm-heap(  923): Grow heap (frag case) to 3.957MB for 353320-byte allocation
D/dalvikvm(  923): GC_FOR_ALLOC freed <1K, 15% free 3704K/4355K, paused 18ms
I/YhdsEngine(  923): [AlarmEventMgr] event scheduled: com.dianxinos.optimizer.action.ALARM_EVENT_ANTISPAM_PHONELABEL_UPDATE
D/dalvikvm(  923): GC_FOR_ALLOC freed 48K, 17% free 3753K/4483K, paused 18ms
I/System.out( 1001): iobridge available174FileDescriptor[42]
I/System.out( 1001): iobridge available0FileDescriptor[42]
I/System.out( 1001): iobridge available0FileDescriptor[42]
I/System.out( 1001): iobridge available0FileDescriptor[42]
D/dalvikvm(  923): GC_FOR_ALLOC freed 64K, 19% free 3819K/4675K, paused 33ms
I/dalvikvm-heap(  923): Grow heap (frag case) to 4.319MB for 262160-byte allocation
I/dalvikvm( 1001): DexOpt: mismatch dep signature for '/data/dalvik-cache/system@framework@framework.jar@classes.dex'
D/dalvikvm( 1001): ODEX file is stale or bad; removing and retrying (/data/data/com.baidu.appsearch/app_push_dex/plugin-deploy.dex)
D/dalvikvm( 1001): DexOpt: --- BEGIN 'plugin-deploy.jar' (bootstrap=0) ---
D/dalvikvm(  923): GC_FOR_ALLOC freed <1K, 19% free 4074K/4995K, paused 43ms
D/dalvikvm(  923): GC_FOR_ALLOC freed 128K, 21% free 3947K/4995K, paused 23ms
I/dalvikvm-heap(  923): Grow heap (frag case) to 4.694MB for 524304-byte allocation
D/dalvikvm( 1001): GC_CONCURRENT freed 239K, 20% free 2748K/3395K, paused 1ms+2ms
D/dalvikvm(  923): GC_FOR_ALLOC freed 0K, 20% free 4459K/5571K, paused 22ms
D/dalvikvm(  923): GC_CONCURRENT freed <1K, 20% free 4477K/5571K, paused 1ms+2ms
D/YhdsEngine(  923): [NaiveBayesianTextSpamFilter] readed: 353304 expected: 353304
D/dalvikvm(  923): GC_FOR_ALLOC freed 337K, 26% free 4173K/5571K, paused 19ms
I/dalvikvm-heap(  923): Grow heap (frag case) to 5.088MB for 706624-byte allocation
D/dalvikvm(  923): GC_FOR_ALLOC freed <1K, 23% free 4863K/6275K, paused 17ms
D/dalvikvm(  923): GC_CONCURRENT freed 4K, 23% free 4868K/6275K, paused 1ms+2ms
V/AwesomePlayer(   85): MEDIA_PLAYBACK_COMPLETE
V/AudioFlinger(   85): stop(4098), calling thread 85
V/AudioFlinger(   85): (> STOPPED) => STOPPED (4098) on thread 0x148b288
V/AudioPolicyService(   85): stopOutput() tid 1021
V/AudioPolicyManagerBase(   85): stopOutput() output 1, stream 5, session 6
V/AudioPolicyManagerBase(   85): changeRefCount() stream 5, count 0
V/AudioPolicyManagerBase(   85): getNewDevice() selected device 0
D/AudioPolicyManagerBase(   85): setOutputDevice() output 1 device 0 delayMs 232
V/AudioPolicyManagerBase(   85): setOutputDevice() setting same device 0 or null device for output 1
I/AudioService(  273):  AudioFocus  abandonAudioFocus() from android.media.AudioManager@40fc3440
D/TransportControlView(  273): handleMessage: MSG_SET_GENERATION_ID
D/SlideLockScreen(  273): onPlayStateChanged:0
V/SlideLockScreen(  273): View com.baidu.internal.keyguard.slide.TransportControlView@413a8e28 requested hide transports
V/TransportControlView(  273): New genId = 7, clearing = 1
D/gralloc.mali(   82): fps = 0.764913
D/dalvikvm( 1028): DexOpt: load 23ms, verify+opt 320ms
V/AudioFlinger(   85): TrackBase::reset
E/Posix   (  273): Posix_open return with -1, errno 2 No such file or directory
D/dalvikvm(  923): GC_CONCURRENT freed 1135K, 27% free 4617K/6275K, paused 2ms+4ms
D/dalvikvm(  923): GC_CONCURRENT freed 212K, 18% free 5194K/6275K, paused 1ms+4ms
D/dalvikvm( 1001): DexOpt: --- END 'plugin-deploy.jar' (success) ---
D/dalvikvm( 1001): DEX prep '/data/data/com.baidu.appsearch/app_push_lib/plugin-deploy.jar': unzip in 27ms, rewrite 838ms
I/PushServiceReceiver( 1001): start PushSerevice for ACTION_BOOT_COMPLETED or CONNECTIVITY_ACTION
I/ActivityManager(  273): Start proc com.baidu.backuprestore for broadcast com.baidu.backuprestore/.BootCompletedReceiver: pid=1030 uid=10004 gids={1015, 3003, 1004, 2002}
I/System.out( 1001): iobridge available0FileDescriptor[42]
I/System.out( 1001): iobridge available0FileDescriptor[42]
I/System.out( 1001): iobridge available0FileDescriptor[42]
I/System.out( 1001): iobridge available0FileDescriptor[42]
I/System.out( 1001): iobridge available0FileDescriptor[42]
I/System.out( 1001): iobridge available0FileDescriptor[42]
D/dalvikvm(  923): GC_CONCURRENT freed 421K, 13% free 5778K/6595K, paused 1ms+4ms
I/System.out( 1001): iobridge available0FileDescriptor[45]
I/System.out( 1001): iobridge available0FileDescriptor[45]
I/System.out( 1001): iobridge available0FileDescriptor[45]
I/System.out( 1001): iobridge available0FileDescriptor[46]
I/System.out( 1001): iobridge available0FileDescriptor[46]
I/System.out( 1001): iobridge available0FileDescriptor[46]
I/System.out( 1001): iobridge available0FileDescriptor[47]
I/System.out( 1001): iobridge available0FileDescriptor[47]
I/System.out( 1001): iobridge available0FileDescriptor[47]
I/System.out( 1001): iobridge available0FileDescriptor[48]
I/System.out( 1001): iobridge available0FileDescriptor[48]
I/System.out( 1001): iobridge available0FileDescriptor[48]
I/System.out( 1001): iobridge available0FileDescriptor[49]
I/System.out( 1001): iobridge available0FileDescriptor[49]
I/System.out( 1001): iobridge available0FileDescriptor[49]
I/ActivityThread( 1030): Pub com.baidu.backuprestore.cloudstorage.provider: com.baidu.yi.sdk.cloudstorage.provider.CloudStorageProvider
I/System.out( 1001): iobridge available0FileDescriptor[50]
I/System.out( 1001): iobridge available0FileDescriptor[50]
I/System.out( 1001): iobridge available0FileDescriptor[50]
D/BackupRestoreApplication( 1030): BackupRestoreApplication onCreate()
D/BootCompletedReceiver( 1030): BootCompletedReceiver onReceive
D/dalvikvm( 1001): GC_CONCURRENT freed 407K, 23% free 2836K/3651K, paused 1ms+2ms
D/BootCompletedReceiver( 1030): isFirstBoot
D/BootCompletedReceiver( 1030): FIRST_BOOT attribute = 1
I/ActivityManager(  273): Start proc com.baidu.browser.apps:bdservice_v1 for broadcast com.baidu.browser.apps/com.baidu.android.pushservice.PushServiceReceiver: pid=1053 uid=10005 gids={3003, 1015, 1006, 1007}
D/dalvikvm( 1001): Trying to load lib /data/data/com.baidu.appsearch/lib/libbdpush_V1_0.so 0x40e5ca60
I/System.out( 1001): iobridge FileDescriptorFileDescriptor[45]:true
D/dalvikvm( 1001): Added shared lib /data/data/com.baidu.appsearch/lib/libbdpush_V1_0.so 0x40e5ca60
D/dalvikvm( 1001): No JNI_OnLoad found in /data/data/com.baidu.appsearch/lib/libbdpush_V1_0.so 0x40e5ca60, skipping init
I/Process ( 1001): Sending signal. PID: 1001 SIG: 9
I/ActivityManager(  273): Process com.baidu.appsearch:bdservice_v1 (pid 1001) has died.
I/ActivityManager(  273): Dying app: ProcessRecord{412c0fc8 1001:com.baidu.appsearch:bdservice_v1/10003}, pid: 1001, thread: android.os.BinderProxy@4130b720
D/dalvikvm( 1053): GC_CONCURRENT freed 171K, 17% free 2556K/3075K, paused 1ms+2ms
D/FlyFlow ( 1053): [null: onCreate: -1][START]--------onCreate() begin
D/dalvikvm( 1053): Trying to load lib /data/data/com.baidu.browser.apps/lib/libchiperencoder_v1_3_1_browser.so 0x40dae370
D/dalvikvm( 1053): Added shared lib /data/data/com.baidu.browser.apps/lib/libchiperencoder_v1_3_1_browser.so 0x40dae370
D/FlyFlow ( 1053): [null: onCreate: -1][START]--------onCreate() end
W/FlyFlow ( 1053): [null: onCreate: -1]----BuildConfig.DEBUG=false
W/System.err( 1053): java.io.FileNotFoundException: second.jar
W/System.err( 1053): 	at android.content.res.AssetManager.openAsset(Native Method)
W/System.err( 1053): 	at android.content.res.AssetManager.open(AssetManager.java)
W/System.err( 1053): 	at android.content.res.AssetManager.open(AssetManager.java:303)
W/System.err( 1053): 	at com.baidu.browser.core.c.d.a(Unknown Source)
W/System.err( 1053): 	at com.baidu.browser.apps.BdApplication.onCreate(Unknown Source)
W/System.err( 1053): 	at android.app.Instrumentation.callApplicationOnCreate(Instrumentation.java:969)
W/System.err( 1053): 	at android.app.ActivityThread.handleBindApplication(ActivityThread.java:3967)
W/System.err( 1053): 	at android.app.ActivityThread.access$1300(ActivityThread.java:130)
W/System.err( 1053): 	at android.app.ActivityThread$H.handleMessage(ActivityThread.java:1195)
W/System.err( 1053): 	at android.os.Handler.dispatchMessage(Handler.java:99)
W/System.err( 1053): 	at android.os.Looper.loop(Looper.java:137)
W/System.err( 1053): 	at android.app.ActivityThread.main(ActivityThread.java)
W/System.err( 1053): 	at java.lang.reflect.Method.invokeNative(Native Method)
W/System.err( 1053): 	at java.lang.reflect.Method.invoke(Method.java:511)
W/System.err( 1053): 	at com.android.internal.os.ZygoteInit$MethodAndArgsCaller.run(ZygoteInit.java:825)
W/System.err( 1053): 	at com.android.internal.os.ZygoteInit.main(ZygoteInit.java:592)
W/System.err( 1053): 	at dalvik.system.NativeStart.main(Native Method)
E/FlyFlow ( 1053): [null: onCreate: -1][START]----inject time =5
I/PushServiceReceiver( 1053): start PushSerevice for ACTION_BOOT_COMPLETED or CONNECTIVITY_ACTION
I/ActivityManager(  273): Start proc com.baidu.baiduclock for broadcast com.baidu.baiduclock/.alarm.AlarmInitReceiver: pid=1068 uid=10007 gids={1015}
I/System.out( 1053): iobridge available0FileDescriptor[42]
I/System.out( 1053): iobridge available0FileDescriptor[42]
I/System.out( 1053): iobridge available0FileDescriptor[42]
I/System.out( 1053): iobridge available0FileDescriptor[42]
I/System.out( 1053): iobridge available0FileDescriptor[42]
I/System.out( 1053): iobridge available0FileDescriptor[42]
D/dalvikvm(   83): GC_EXPLICIT freed 38K, 22% free 2222K/2816K, paused 2ms+3ms
I/System.out( 1053): iobridge available0FileDescriptor[43]
I/System.out( 1053): iobridge available0FileDescriptor[43]
I/System.out( 1053): iobridge available0FileDescriptor[43]
D/dalvikvm(   83): GC_EXPLICIT freed <1K, 22% free 2222K/2816K, paused 7ms+2ms
D/dalvikvm( 1053): GC_CONCURRENT freed 299K, 19% free 2805K/3459K, paused 1ms+2ms
I/Process ( 1053): Sending signal. PID: 1053 SIG: 9
I/ActivityThread( 1068): Pub com.baidu.baiduclock: com.baidu.baiduclock.alarm.AlarmProvider
I/ActivityThread( 1068): Pub com.baidu.baiduclock.worldprovider: com.baidu.baiduclock.worldcity.WorldProvider
I/ActivityManager(  273): Process com.baidu.browser.apps:bdservice_v1 (pid 1053) has died.
I/ActivityManager(  273): Dying app: ProcessRecord{410fc8f0 1053:com.baidu.browser.apps:bdservice_v1/10005}, pid: 1053, thread: android.os.BinderProxy@412b6de8
V/BaiduClock( 1068): AlarmInitReceiver:android.intent.action.BOOT_COMPLETED
D/dalvikvm(   83): GC_EXPLICIT freed <1K, 22% free 2222K/2816K, paused 2ms+2ms
V/Alarms  ( 1068): setNextAlert 
I/ActivityManager(  273): Start proc com.baidu.input:bdservice_v1 for broadcast com.baidu.input/com.baidu.android.moplus.MoPlusReceiver: pid=1085 uid=10011 gids={3003, 1015, 1007, 1006}
D/dalvikvm( 1085): GC_CONCURRENT freed 136K, 17% free 2567K/3075K, paused 2ms+2ms
D/dalvikvm(  923): GC_CONCURRENT freed 867K, 17% free 6148K/7363K, paused 2ms+3ms
I/System.out( 1085): iobridge available0FileDescriptor[42]
I/System.out( 1085): iobridge available0FileDescriptor[42]
I/System.out( 1085): iobridge available0FileDescriptor[42]
I/System.out( 1085): iobridge available0FileDescriptor[42]
I/System.out( 1085): iobridge available0FileDescriptor[42]
I/System.out( 1085): iobridge available0FileDescriptor[42]
I/System.out( 1085): iobridge available0FileDescriptor[43]
I/System.out( 1085): iobridge available0FileDescriptor[43]
I/System.out( 1085): iobridge available0FileDescriptor[43]
I/System.out( 1085): iobridge available0FileDescriptor[44]
I/System.out( 1085): iobridge available0FileDescriptor[44]
I/System.out( 1085): iobridge available0FileDescriptor[44]
I/System.out( 1085): iobridge available0FileDescriptor[45]
I/System.out( 1085): iobridge available0FileDescriptor[45]
I/System.out( 1085): iobridge available0FileDescriptor[45]
I/Process ( 1085): Sending signal. PID: 1085 SIG: 9
I/ActivityManager(  273): Process com.baidu.input:bdservice_v1 (pid 1085) has died.
I/ActivityManager(  273): Dying app: ProcessRecord{4140fe20 1085:com.baidu.input:bdservice_v1/10011}, pid: 1085, thread: android.os.BinderProxy@4111f188
I/System.out(  923): iobridge available0FileDescriptor[50]
I/System.out(  923): iobridge available0FileDescriptor[50]
I/ActivityManager(  273): Start proc com.baidu.BaiduMap:bdservice_v1 for broadcast com.baidu.BaiduMap/com.baidu.android.pushservice.PushServiceReceiver: pid=1105 uid=10012 gids={1015, 1006, 3003, 3002, 3001}
I/System.out(  923): iobridge available0FileDescriptor[50]
I/System.out(  923): iobridge available0FileDescriptor[54]
I/System.out(  923): iobridge available0FileDescriptor[54]
I/System.out(  923): iobridge available0FileDescriptor[54]
I/System.out(  923): iobridge available10240FileDescriptor[55]
D/dalvikvm( 1105): GC_CONCURRENT freed 151K, 17% free 2576K/3075K, paused 1ms+2ms
I/PushServiceReceiver( 1105): start PushSerevice for ACTION_BOOT_COMPLETED or CONNECTIVITY_ACTION
I/System.out( 1105): iobridge available0FileDescriptor[42]
I/System.out( 1105): iobridge available0FileDescriptor[42]
I/System.out( 1105): iobridge available0FileDescriptor[42]
I/System.out(  909): iobridge available0FileDescriptor[50]
I/System.out(  909): iobridge available0FileDescriptor[50]
I/System.out(  909): iobridge available0FileDescriptor[50]
D/dalvikvm( 1105): GC_CONCURRENT freed 157K, 16% free 2922K/3459K, paused 4ms+2ms
I/System.out( 1105): iobridge available0FileDescriptor[42]
I/System.out( 1105): iobridge available0FileDescriptor[42]
I/System.out( 1105): iobridge available0FileDescriptor[42]
D/dalvikvm(  674): GC_CONCURRENT freed 365K, 23% free 2468K/3203K, paused 2ms+2ms
I/System.out( 1105): iobridge available0FileDescriptor[43]
I/System.out(  674): iobridge available33887FileDescriptor[69]
I/System.out( 1105): iobridge available0FileDescriptor[43]
I/System.out( 1105): iobridge available0FileDescriptor[43]
I/Process ( 1105): Sending signal. PID: 1105 SIG: 9
I/System.out(  674): iobridge available0FileDescriptor[68]
I/System.out(  674): iobridge available0FileDescriptor[68]
I/System.out(  674): iobridge available0FileDescriptor[68]
I/ActivityManager(  273): Process com.baidu.BaiduMap:bdservice_v1 (pid 1105) has died.
I/ActivityManager(  273): Dying app: ProcessRecord{414ac3d8 1105:com.baidu.BaiduMap:bdservice_v1/10012}, pid: 1105, thread: android.os.BinderProxy@410f23d8
I/System.out(  674): iobridge available25695FileDescriptor[69]
I/System.out(  674): iobridge available17503FileDescriptor[69]
I/System.out(  674): iobridge available9311FileDescriptor[69]
I/System.out(  674): iobridge available1119FileDescriptor[69]
I/System.out(  674): iobridge available0FileDescriptor[69]
I/System.out(  674): iobridge available0FileDescriptor[69]
D/dalvikvm(  923): GC_CONCURRENT freed 814K, 16% free 6530K/7747K, paused 2ms+2ms
D/dalvikvm(  674): GC_CONCURRENT freed 146K, 17% free 2723K/3267K, paused 2ms+1ms
D/InputDispatcher(  273): notifyMotion - eventTime=138689005000, deviceId=5, source=0x1002, policyFlags=0x0, action=0x0, flags=0x0, metaState=0x0, buttonState=0x0, edgeFlags=0x0, xPrecision=1.002083, yPrecision=1.001250, downTime=138689005000
I/PowerManagerService(  273): mLocks 01com.baidu.systemverify.VerificationService
I/PowerManagerService(  273): mLocks 11AudioOut_1
I/PowerManagerService(  273): mLocks 21AlarmManager
I/MediaPlayerService(   85): disconnect(4) from pid 273
V/AudioPolicyService(   85): releaseOutput() tid 751
V/AudioPolicyManagerBase(   85): releaseOutput() 1
V/AudioFlinger(   85): remove track (4098) and delete from mixer
V/AudioFlinger(   85): PlaybackThread::Track destructor
V/AudioFlinger(   85): removeClient_l() pid 85, tid 751, calling tid 273
V/AudioFlinger(   85): releasing 6 from 273
V/AudioFlinger(   85):  decremented refcount to 1
I/AwesomePlayer(   85): --mSystemTimeSourceForSync reset ok
I/AwesomePlayer(   85): --mSystemTimeSourceForSync reset ok
I/AwesomePlayer(   85): --mSystemTimeSourceForSync reset ok
V/AudioFlinger(   85): releasing 6 from 273
V/AudioFlinger(   85):  decremented refcount to 0
V/AudioFlinger(   85): purging stale effects
I/MediaPlayerService(   85): Client(4) destructor pid = 273
I/MediaPlayerService(   85): disconnect(4) from pid 273
I/AudioService(  273):  AudioFocus  abandonAudioFocus() from android.media.AudioManager@40fc3440
I/PowerManagerService(  273): mLocks 01com.baidu.systemverify.VerificationService
I/PowerManagerService(  273): mLocks 11AudioOut_1
I/PowerManagerService(  273): mLocks 21AlarmManager
D/PowerManagerService(  273): acquireWakeLock flags=0x1 tag=NotificationService
D/PowerManagerService(  273): releaseWakeLock flags=0x1 tag=NotificationService
D/gralloc.mali(   82): fps = 6.340592
D/PhoneStatusBar(  492): disable: < expand icons alerts ticker system_info back* home* RECENT clock* >
I/SurfaceTexture(   82): [TrackingView] connect: api=2 mConnectedApi =0
I/gralloc.mali(   82): ump alloc addr 42b42000 ====================================
D/InputDispatcher(  273): notifyMotion - eventTime=138816509000, deviceId=5, source=0x1002, policyFlags=0x0, action=0x1, flags=0x0, metaState=0x0, buttonState=0x0, edgeFlags=0x0, xPrecision=1.002083, yPrecision=1.001250, downTime=138689005000
D/SPRDENG (  186): eng_atauto_thread: At Auto Report
D/SPRDENG (  186): eng_atauto_thread: eng_atautobuf=
D/SPRDENG (  186): +CSQ: 11,99
D/SPRDENG (  186): ; usb_fd=18
D/SPRDENG (  186): eng_atcali_hdlr: 
D/SPRDENG (  186): +CSQ: 11,99
D/SPRDENG (  186): eng_atauto_thread: j=-1
D/SPRDENG (  186): eng_atauto_thread: CONFIGURED
D/SPRDENG (  186): eng_atauto_thread: usb_status=1
D/SPRDENG (  186): eng_atauto_thread: write at auto report to PC
I/gralloc.mali(   82): ump alloc addr 42cbd000 ====================================
V/AlarmManager(  273): SetLocked alarm type is : 2
I/ActivityManager(  273): Start proc com.baidu.thememanager.ui for broadcast com.baidu.thememanager.ui/com.baidu.thememanager.receiver.DownloadReceiver: pid=1133 uid=10022 gids={1015, 2001, 3003}
I/ActivityThread( 1133): Pub com.baidu.thememanager.ui: com.baidu.thememanager.db.ThemeProvider
I/BaiduTheme( 1133): BaiduThemeApplication: density = 240
I/BaiduTheme( 1133): StorageUtil: has external card ? true
I/BaiduTheme( 1133): StorageStatusMonitor: registerMonitor
I/System.out( 1133): iobridge available4039FileDescriptor[44]
I/System.out( 1133): iobridge available0FileDescriptor[44]
I/System.out( 1133): iobridge available0FileDescriptor[44]
I/System.out( 1133): iobridge available0FileDescriptor[44]
D/dalvikvm( 1133): GC_CONCURRENT freed 180K, 19% free 2494K/3075K, paused 1ms+1ms
D/DownloadReceiver( 1133): action:android.intent.action.BOOT_COMPLETED
I/ActivityManager(  273): Start proc com.baidu.android.ota for broadcast com.baidu.android.ota/.receiver.ExternalReceiver: pid=1152 uid=10024 gids={2001, 3003, 1015}
D/InputDispatcher(  273): notifyMotion - eventTime=139575003000, deviceId=5, source=0x1002, policyFlags=0x0, action=0x0, flags=0x0, metaState=0x0, buttonState=0x0, edgeFlags=0x0, xPrecision=1.002083, yPrecision=1.001250, downTime=139575003000
V/AudioFlinger(   85): Audio hardware entering standby, mixer 0x148b288, mSuspended 0
W/audio_hw_primary(   85): do_output_standby.mode: 0
V/AudioFlinger(   85): releaseWakeLock_l() AudioOut_1
I/PowerManagerService(  273): mLocks 01com.baidu.systemverify.VerificationService
D/PowerManagerService(  273): releaseWakeLock flags=0x1 tag=AudioOut_1
I/PowerManagerService(  273): mLocks 11AlarmManager
V/AudioFlinger(   85): MixerThread 0x148b288 TID 170 going to sleep
I/ActivityThread( 1152): Pub com.baidu.android.ota.notification: com.android.ops.stub.provider.NotificationProvider
D/InputDispatcher(  273): notifyMotion - eventTime=139632731000, deviceId=5, source=0x1002, policyFlags=0x0, action=0x1, flags=0x0, metaState=0x0, buttonState=0x0, edgeFlags=0x0, xPrecision=1.002083, yPrecision=1.001250, downTime=139575003000
I/ActivityManager(  273): START {act=android.settings.SETTINGS flg=0x10000000 cmp=com.android.settings/.Settings} from pid 492
D/PermissionCache(   82): checking android.permission.READ_FRAME_BUFFER for uid=1000 => granted (322 us)
I/PowerManagerService(  273): mLocks 01com.baidu.systemverify.VerificationService
I/PowerManagerService(  273): mLocks 11AlarmManager
D/PowerManagerService(  273): acquireWakeLock flags=0x1 tag=ActivityManager-Launch
D/gralloc.mali(   82): fps = 12.733994
D/OpenGLRenderer(  639): Flushing caches (mode 1)
I/Launcher(  639): onTrimMemory call back
W/ActivityManager(  273): ==================ActivityRecord{40ff6238 com.baidu.home2/com.baidu.launcher.app.Launcher}==================
W/ResourceType(  273): Attempt to retrieve bag 0x0103011d which is invalid or in a cycle.
I/System.out(  758): iobridge available759FileDescriptor[47]
I/System.out(  758): iobridge available0FileDescriptor[47]
I/System.out(  758): iobridge available0FileDescriptor[47]
I/System.out(  758): iobridge available0FileDescriptor[47]
D/dalvikvm(  758): GC_CONCURRENT freed 250K, 19% free 2728K/3331K, paused 1ms+12ms
W/ResourceType(  758): Attempt to retrieve bag 0x0103011d which is invalid or in a cycle.
D/dalvikvm(  273): GC_CONCURRENT freed 1730K, 20% free 8784K/10947K, paused 3ms+5ms
D/dalvikvm(  758): GC_FOR_ALLOC freed 140K, 18% free 2740K/3331K, paused 21ms
I/dalvikvm-heap(  758): Grow heap (frag case) to 3.966MB for 1000516-byte allocation
D/dalvikvm(  758): GC_CONCURRENT freed 1K, 15% free 3716K/4355K, paused 2ms+1ms
I/System.out(  758): iobridge available27097FileDescriptor[47]
I/System.out(  758): iobridge available10713FileDescriptor[47]
D/dalvikvm(  273): GC_FOR_ALLOC freed 30K, 20% free 8786K/10947K, paused 84ms
I/dalvikvm-heap(  273): Grow heap (frag case) to 9.880MB for 1000516-byte allocation
D/dalvikvm(  758): GC_FOR_ALLOC freed 39K, 16% free 3744K/4419K, paused 14ms
I/dalvikvm-heap(  758): Grow heap (frag case) to 4.599MB for 635812-byte allocation
D/dalvikvm(  758): GC_CONCURRENT freed <1K, 14% free 4365K/5059K, paused 2ms+1ms
D/dalvikvm(  273): GC_FOR_ALLOC freed 7K, 19% free 9755K/11971K, paused 121ms
I/System.out(  273): iobridge available27097FileDescriptor[241]
I/System.out(  273): iobridge available10713FileDescriptor[241]
W/System.err(  758): Removed 2131296932
D/ConnectivityService(  273): getMobileDataEnabled[0] returning false
W/System.err(  758): Removed 2131296939
I/SurfaceTexture(   82): [TrackingView] disconnect: api=2
E/SurfaceTexture(   82): [TrackingView] disconnect: SurfaceTexture has been abandoned!
D/YhdsEngine(  923): [NaiveBayesianTextSpamFilter] decoded 33528 kw
D/NaiveBayesianTextSpamFilter(  923): kw init complete,time used(ms):4432
D/QuickSwitchPanel(  492): ImageView onMeasure
D/QuickSwitchPanel(  492): ImageView onMeasure
I/YhdsEngine(  923): [AlarmEventMgr] event canceled: com.dianxinos.optimizer.action.ALARM_EVENT_ANTISPAM_PROFILES_UPDATE
D/QuickSwitchPanel(  492): ImageView onLayout
I/SurfaceTexture(   82): [Starting com.android.settings] connect: api=2 mConnectedApi =0
D/dalvikvm(  758): GC_CONCURRENT freed 391K, 15% free 4605K/5379K, paused 1ms+2ms
I/gralloc.mali(   82): ump alloc addr 42b42000 ====================================
D/PhoneStatusBar(  492): disable: < expand icons alerts ticker system_info BACK* HOME* RECENT CLOCK* >
D/LocalBluetoothProfileManager(  758): LocalBluetoothProfileManager construction complete
I/System.out(  758): iobridge available487FileDescriptor[47]
I/System.out(  758): iobridge available0FileDescriptor[47]
I/System.out(  758): iobridge available0FileDescriptor[47]
I/System.out(  758): iobridge available0FileDescriptor[47]
I/YhdsEngine(  923): [AlarmEventMgr] event scheduled: com.dianxinos.optimizer.action.ALARM_EVENT_ANTISPAM_PROFILES_UPDATE
I/YhdsEngine(  923): [AlarmEventMgr] event canceled: com.dianxinos.optimizer.action.ALARM_EVENT_ANTISPAM_KEYWORDS_UPDATE
D/dalvikvm(  758): GC_CONCURRENT freed 516K, 16% free 4812K/5699K, paused 2ms+2ms
E/IDHelper(  758): clsName is com.android.internal.R$integer
E/IDHelper(  758): clsName is com.android.internal.R$integer
E/IDHelper(  758): clsName is com.android.internal.R$integer
E/IDHelper(  758): clsName is com.android.internal.R$integer
E/IDHelper(  758): clsName is com.android.internal.R$integer
E/IDHelper(  758): clsName is com.android.internal.R$integer
E/IDHelper(  758): clsName is com.android.internal.R$integer
E/IDHelper(  758): clsName is com.android.internal.R$integer
E/IDHelper(  758): clsName is com.android.internal.R$integer
E/IDHelper(  758): clsName is com.android.internal.R$integer
E/IDHelper(  758): clsName is com.android.internal.R$integer
E/IDHelper(  758): clsName is com.android.internal.R$bool
E/IDHelper(  758): clsName is com.android.internal.R$bool
E/IDHelper(  758): clsName is com.android.internal.R$bool
E/IDHelper(  758): clsName is com.android.internal.R$bool
E/IDHelper(  758): clsName is com.android.internal.R$bool
E/IDHelper(  758): clsName is com.android.internal.R$bool
E/IDHelper(  758): clsName is com.android.internal.R$bool
E/IDHelper(  758): clsName is com.android.internal.R$bool
E/IDHelper(  758): clsName is com.android.internal.R$bool
E/IDHelper(  758): clsName is com.android.internal.R$bool
E/IDHelper(  758): clsName is com.android.internal.R$bool
E/IDHelper(  758): clsName is com.android.internal.R$bool
E/IDHelper(  758): clsName is com.android.internal.R$bool
E/IDHelper(  758): clsName is com.android.internal.R$bool
E/IDHelper(  758): clsName is com.android.internal.R$bool
E/IDHelper(  758): clsName is com.android.internal.R$bool
E/IDHelper(  758): clsName is com.android.internal.R$bool
I/System.out(  758): iobridge available0FileDescriptor[47]
I/System.out(  758): iobridge available0FileDescriptor[47]
I/System.out(  758): iobridge available0FileDescriptor[47]
D/getHorizontalScrollView(  758): rendayun getHorizontalScrollView
E/IDHelper(  758): clsName is com.android.internal.R$integer
E/IDHelper(  758): clsName is com.android.internal.R$integer
E/IDHelper(  758): clsName is com.android.internal.R$integer
E/IDHelper(  758): clsName is com.android.internal.R$integer
E/IDHelper(  758): clsName is com.android.internal.R$integer
E/IDHelper(  758): clsName is com.android.internal.R$integer
E/IDHelper(  758): clsName is com.android.internal.R$integer
E/IDHelper(  758): clsName is com.android.internal.R$integer
E/IDHelper(  758): clsName is com.android.internal.R$integer
E/IDHelper(  758): clsName is com.android.internal.R$integer
E/IDHelper(  758): clsName is com.android.internal.R$integer
E/IDHelper(  758): clsName is com.android.internal.R$bool
E/IDHelper(  758): clsName is com.android.internal.R$bool
E/IDHelper(  758): clsName is com.android.internal.R$bool
E/IDHelper(  758): clsName is com.android.internal.R$bool
E/IDHelper(  758): clsName is com.android.internal.R$bool
E/IDHelper(  758): clsName is com.android.internal.R$bool
E/IDHelper(  758): clsName is com.android.internal.R$bool
E/IDHelper(  758): clsName is com.android.internal.R$bool
E/IDHelper(  758): clsName is com.android.internal.R$bool
E/IDHelper(  758): clsName is com.android.internal.R$bool
E/IDHelper(  758): clsName is com.android.internal.R$bool
E/IDHelper(  758): clsName is com.android.internal.R$bool
E/IDHelper(  758): clsName is com.android.internal.R$bool
E/IDHelper(  758): clsName is com.android.internal.R$bool
E/IDHelper(  758): clsName is com.android.internal.R$bool
E/IDHelper(  758): clsName is com.android.internal.R$bool
E/IDHelper(  758): clsName is com.android.internal.R$bool
I/AirplaneModeEnabler(  758): PhoneStateListener1.onServiceStateChanged: serviceState=0 home 中国移动 中国移动 46000  HSDPA:9 CSS not supported -1 -1 RoamInd=-1 DefRoamInd=-1 EmergOnly=false
D/AirplaneModeEnabler(  758): Finish! airplaneModeEnabled:false
D/ConnectivityService(  273): getMobileDataEnabled[0] returning false
D/ConnectivityService(  273): getMobileDataEnabled[0] returning false
D/gralloc.mali(   82): fps = 7.560975
I/YhdsEngine(  923): [AlarmEventMgr] event scheduled: com.dianxinos.optimizer.action.ALARM_EVENT_ANTISPAM_KEYWORDS_UPDATE
D/libEGL  (  758): loaded /system/lib/egl/libEGL_mali.so
I/YhdsEngine(  923): [AntiSpamCallManager] phone label data already init
I/YhdsEngine(  923): [AntiSpamCallManager] 17 ==== initPhoneLabel coast time
I/YhdsEngine(  923): [AntiSpamCallManager] get30DayCallLogs
I/YhdsEngine(  923): [AntiSpamCallManager] already init
D/dalvikvm( 1152): GC_CONCURRENT freed 343K, 25% free 2320K/3075K, paused 1ms+3ms
D/libEGL  (  758): loaded /system/lib/egl/libGLESv1_CM_mali.so
D/libEGL  (  758): loaded /system/lib/egl/libGLESv2_mali.so
I/SurfaceTexture(   82): [com.android.settings/com.android.settings.Settings] connect: api=1 mConnectedApi =0
I/gralloc.mali(   82): ump alloc addr 42cd2000 ====================================
D/OpenGLRenderer(  758): Enabling debug mode 0
D/StateMachine(  273): handleMessage: E msg.what=131073
D/StateMachine(  273): processMsg: DisconnectedState
D/WifiStateMachine(  273): DisconnectedState{ what=131073 when=0 arg1=2 }
D/StateMachine(  273): processMsg: ConnectModeState
D/WifiStateMachine(  273): ConnectModeState{ what=131073 when=-1ms arg1=2 }
D/StateMachine(  273): processMsg: DriverStartedState
D/WifiStateMachine(  273): DriverStartedState{ what=131073 when=-1ms arg1=2 }
D/StateMachine(  273): processMsg: SupplicantStartedState
D/WifiStateMachine(  273): SupplicantStartedState{ what=131073 when=-1ms arg1=2 }
D/StateMachine(  273): processMsg: DefaultState
D/WifiStateMachine(  273): DefaultState{ what=131073 when=-1ms arg1=2 }
D/StateMachine(  273): handleMessage: X
D/StateMachine(  273): handleMessage: E msg.what=131083
D/StateMachine(  273): processMsg: DisconnectedState
D/WifiStateMachine(  273): DisconnectedState{ what=131083 when=-2ms }
D/StateMachine(  273): processMsg: ConnectModeState
