--------- beginning of /dev/log/main
D/RAWDATAD(   76): Start RAWDATAD
D/RAWDATAD(   76): init_productinfo, BLOCK_NUM=4
D/RAWDATAD(   76): ==================init_productinfo Start==================
D/RAWDATAD(   76): init_productinfo: handle block[0]
D/RAWDATAD(   76): rawdata_check_block: partition=0, block=0
D/RAWDATAD(   76): read_mmc_partition: patrname=/dev/block/mmcblk0p8,offset=0
D/VCharge (   80): start
D/VCharge (   80): func: uevent_init line: 148 get 7
D/VCharge (   80): open vcharge channel success vbpipe_fd=9
D/VCharge (   80): inital status usb: 1 ac: 0
D/VCharge (   80): file: /data/.battery_nv empty
D/VCharge (   80): vcharge start
D/VCharge (   80): adc cal got 0x1f822710,0x0,0xcf51068,0xb110e10,0x7e01c33f
D/VCharge (   80): parse_data: adc_0: 0x1f822710, adc_1: 0x0, bat_0: 0xcf51068, bat_1: 0xb110e10,cal_flag: 0x7e01c33f
E/VCharge (   80): update_battery_node
D/VCharge (   80): vcharge:use calibrate
D/VCharge (   80): battery_0 :217387112
D/VCharge (   80): battery_1 :185667088
D/VCharge (   80): update adc calibration value success
D/RAWDATAD(   76): read_mmc_partition: rsize=4096; size=4096
D/RAWDATAD(   76): dump_data: First 10 data
D/RAWDATAD(   76): data[0]=0x39
D/RAWDATAD(   76): data[1]=0x30
D/RAWDATAD(   76): data[2]=0x50
D/RAWDATAD(   76): data[3]=0x53
D/RAWDATAD(   76): data[4]=0x38
D/RAWDATAD(   76): data[5]=0x36
D/RAWDATAD(   76): data[6]=0x34
D/RAWDATAD(   76): data[7]=0x36
D/RAWDATAD(   76): data[8]=0x30
D/RAWDATAD(   76): data[9]=0x33
D/RAWDATAD(   76): dump_data: Last 10 data
D/RAWDATAD(   76): data[3066]=0xff
D/RAWDATAD(   76): data[3067]=0xff
D/RAWDATAD(   76): data[3068]=0xff
D/RAWDATAD(   76): data[3069]=0xff
D/RAWDATAD(   76): data[3070]=0xff
D/RAWDATAD(   76): data[3071]=0xff
D/RAWDATAD(   76): data[3072]=0x5a
D/RAWDATAD(   76): data[3073]=0x5a
D/RAWDATAD(   76): data[3074]=0x5a
D/RAWDATAD(   76): data[3075]=0x5a
D/RAWDATAD(   76): dump_data: Extra 10 data
D/RAWDATAD(   76): data[3076]=0x78
D/RAWDATAD(   76): data[3077]=0x85
D/RAWDATAD(   76): data[3078]=0x15
D/RAWDATAD(   76): data[3079]=0x84
D/RAWDATAD(   76): data[3080]=0xff
D/RAWDATAD(   76): data[3081]=0xff
D/RAWDATAD(   76): data[3082]=0xff
D/RAWDATAD(   76): data[3083]=0xff
D/RAWDATAD(   76): data[3084]=0xff
D/RAWDATAD(   76): data[3085]=0xff
D/RAWDATAD(   76): rawdata_check_block: ret=0x0, crc_old=0x78851584, crc_calc=0x78851584
D/RAWDATAD(   76): rawdata_check_block: partition=1, block=0
D/RAWDATAD(   76): read_mmc_partition: patrname=/dev/block/mmcblk0p9,offset=0
D/RAWDATAD(   76): read_mmc_partition: rsize=4096; size=4096
D/RAWDATAD(   76): dump_data: First 10 data
D/RAWDATAD(   76): data[0]=0x39
D/RAWDATAD(   76): data[1]=0x30
D/RAWDATAD(   76): data[2]=0x50
D/RAWDATAD(   76): data[3]=0x53
D/RAWDATAD(   76): data[4]=0x38
D/RAWDATAD(   76): data[5]=0x36
D/RAWDATAD(   76): data[6]=0x34
D/RAWDATAD(   76): data[7]=0x36
D/RAWDATAD(   76): data[8]=0x30
D/RAWDATAD(   76): data[9]=0x33
D/RAWDATAD(   76): dump_data: Last 10 data
D/RAWDATAD(   76): data[3066]=0xff
D/RAWDATAD(   76): data[3067]=0xff
D/RAWDATAD(   76): data[3068]=0xff
D/RAWDATAD(   76): data[3069]=0xff
D/RAWDATAD(   76): data[3070]=0xff
D/RAWDATAD(   76): data[3071]=0xff
D/RAWDATAD(   76): data[3072]=0x5a
D/RAWDATAD(   76): data[3073]=0x5a
D/RAWDATAD(   76): data[3074]=0x5a
D/RAWDATAD(   76): data[3075]=0x5a
D/RAWDATAD(   76): dump_data: Extra 10 data
D/RAWDATAD(   76): data[3076]=0x78
D/RAWDATAD(   76): data[3077]=0x85
D/RAWDATAD(   76): data[3078]=0x15
D/RAWDATAD(   76): data[3079]=0x84
D/RAWDATAD(   76): data[3080]=0xff
D/RAWDATAD(   76): data[3081]=0xff
D/RAWDATAD(   76): data[3082]=0xff
D/RAWDATAD(   76): data[3083]=0xff
D/RAWDATAD(   76): data[3084]=0xff
D/RAWDATAD(   76): data[3085]=0xff
D/RAWDATAD(   76): rawdata_check_block: ret=0x0, crc_old=0x78851584, crc_calc=0x78851584
D/RAWDATAD(   76): init_productinfo: /productinfo/productinfo.bin valid1=0; valid2=0
D/RAWDATAD(   76): init_productinfo: Use /productinfo/productinfo.bin in /dev/block/mmcblk0p9
D/RAWDATAD(   76): wirte_productinfo: write /productinfo/productinfo.bin successfully
D/RAWDATAD(   76): ==================init_productinfo End==================
D/RAWDATAD(   76): ==================init_productinfo Start==================
D/RAWDATAD(   76): init_productinfo: handle block[1]
D/RAWDATAD(   76): rawdata_check_block: partition=0, block=1
D/RAWDATAD(   76): read_mmc_partition: patrname=/dev/block/mmcblk0p8,offset=4096
D/RAWDATAD(   76): read_mmc_partition: rsize=4096; size=4096
D/RAWDATAD(   76): dump_data: First 10 data
D/RAWDATAD(   76): data[0]=0xff
D/RAWDATAD(   76): data[1]=0xff
D/RAWDATAD(   76): data[2]=0xff
D/RAWDATAD(   76): data[3]=0xff
D/RAWDATAD(   76): data[4]=0xff
D/RAWDATAD(   76): data[5]=0xff
D/RAWDATAD(   76): data[6]=0xff
D/RAWDATAD(   76): data[7]=0xff
D/RAWDATAD(   76): data[8]=0xff
D/RAWDATAD(   76): data[9]=0xff
D/RAWDATAD(   76): dump_data: Last 10 data
D/RAWDATAD(   76): data[3066]=0xff
D/RAWDATAD(   76): data[3067]=0xff
D/RAWDATAD(   76): data[3068]=0xff
D/RAWDATAD(   76): data[3069]=0xff
D/RAWDATAD(   76): data[3070]=0xff
D/RAWDATAD(   76): data[3071]=0xff
D/RAWDATAD(   76): data[3072]=0xff
D/RAWDATAD(   76): data[3073]=0xff
D/RAWDATAD(   76): data[3074]=0xff
D/RAWDATAD(   76): data[3075]=0xff
D/RAWDATAD(   76): dump_data: Extra 10 data
D/RAWDATAD(   76): data[3076]=0x0
D/RAWDATAD(   76): data[3077]=0x0
D/RAWDATAD(   76): data[3078]=0x2
D/RAWDATAD(   76): data[3079]=0xb6
D/RAWDATAD(   76): data[3080]=0x1
D/RAWDATAD(   76): data[3081]=0xf1
D/RAWDATAD(   76): data[3082]=0x75
D/RAWDATAD(   76): data[3083]=0x7c
D/RAWDATAD(   76): data[3084]=0xff
D/RAWDATAD(   76): data[3085]=0xff
D/RAWDATAD(   76): rawdata_check_block: ret=0x2b6, crc_old=0x1f1757c, crc_calc=0x1f1757c
D/RAWDATAD(   76): rawdata_check_block: partition=1, block=1
D/RAWDATAD(   76): read_mmc_partition: patrname=/dev/block/mmcblk0p9,offset=4096
D/RAWDATAD(   76): read_mmc_partition: rsize=4096; size=4096
D/RAWDATAD(   76): dump_data: First 10 data
D/RAWDATAD(   76): data[0]=0xff
D/RAWDATAD(   76): data[1]=0xff
D/RAWDATAD(   76): data[2]=0xff
D/RAWDATAD(   76): data[3]=0xff
D/RAWDATAD(   76): data[4]=0xff
D/RAWDATAD(   76): data[5]=0xff
D/RAWDATAD(   76): data[6]=0xff
D/RAWDATAD(   76): data[7]=0xff
D/RAWDATAD(   76): data[8]=0xff
D/RAWDATAD(   76): data[9]=0xff
D/RAWDATAD(   76): dump_data: Last 10 data
D/RAWDATAD(   76): data[3066]=0xff
D/RAWDATAD(   76): data[3067]=0xff
D/RAWDATAD(   76): data[3068]=0xff
D/RAWDATAD(   76): data[3069]=0xff
D/RAWDATAD(   76): data[3070]=0xff
D/RAWDATAD(   76): data[3071]=0xff
D/RAWDATAD(   76): data[3072]=0xff
D/RAWDATAD(   76): data[3073]=0xff
D/RAWDATAD(   76): data[3074]=0xff
D/RAWDATAD(   76): data[3075]=0xff
D/RAWDATAD(   76): dump_data: Extra 10 data
D/RAWDATAD(   76): data[3076]=0x0
D/RAWDATAD(   76): data[3077]=0x0
D/RAWDATAD(   76): data[3078]=0x2
D/RAWDATAD(   76): data[3079]=0xb6
D/RAWDATAD(   76): data[3080]=0x1
D/RAWDATAD(   76): data[3081]=0xf1
D/RAWDATAD(   76): data[3082]=0x75
D/RAWDATAD(   76): data[3083]=0x7c
D/RAWDATAD(   76): data[3084]=0xff
D/RAWDATAD(   76): data[3085]=0xff
D/RAWDATAD(   76): rawdata_check_block: ret=0x2b6, crc_old=0x1f1757c, crc_calc=0x1f1757c
D/RAWDATAD(   76): init_productinfo: /productinfo/factorymode.file valid1=694; valid2=694
D/RAWDATAD(   76): init_productinfo: Use /productinfo/factorymode.file in /dev/block/mmcblk0p9
D/RAWDATAD(   76): wirte_productinfo: write /productinfo/factorymode.file successfully
D/RAWDATAD(   76): ==================init_productinfo End==================
D/RAWDATAD(   76): ==================init_productinfo Start==================
D/RAWDATAD(   76): init_productinfo: handle block[2]
D/RAWDATAD(   76): rawdata_check_block: partition=0, block=2
D/RAWDATAD(   76): read_mmc_partition: patrname=/dev/block/mmcblk0p8,offset=8192
D/RAWDATAD(   76): read_mmc_partition: rsize=4096; size=4096
D/RAWDATAD(   76): dump_data: First 10 data
D/RAWDATAD(   76): data[0]=0xff
D/RAWDATAD(   76): data[1]=0xff
D/RAWDATAD(   76): data[2]=0xff
D/RAWDATAD(   76): data[3]=0xff
D/RAWDATAD(   76): data[4]=0xff
D/RAWDATAD(   76): data[5]=0xff
D/RAWDATAD(   76): data[6]=0xff
D/RAWDATAD(   76): data[7]=0xff
D/RAWDATAD(   76): data[8]=0xff
D/RAWDATAD(   76): data[9]=0xff
D/RAWDATAD(   76): dump_data: Last 10 data
D/RAWDATAD(   76): data[3066]=0xff
D/RAWDATAD(   76): data[3067]=0xff
D/RAWDATAD(   76): data[3068]=0xff
D/RAWDATAD(   76): data[3069]=0xff
D/RAWDATAD(   76): data[3070]=0xff
D/RAWDATAD(   76): data[3071]=0xff
D/RAWDATAD(   76): data[3072]=0xff
D/RAWDATAD(   76): data[3073]=0xff
D/RAWDATAD(   76): data[3074]=0xff
D/RAWDATAD(   76): data[3075]=0xff
D/RAWDATAD(   76): dump_data: Extra 10 data
D/RAWDATAD(   76): data[3076]=0x0
D/RAWDATAD(   76): data[3077]=0x0
D/RAWDATAD(   76): data[3078]=0x0
D/RAWDATAD(   76): data[3079]=0x2c
D/RAWDATAD(   76): data[3080]=0xab
D/RAWDATAD(   76): data[3081]=0x94
D/RAWDATAD(   76): data[3082]=0x6
D/RAWDATAD(   76): data[3083]=0x3b
D/RAWDATAD(   76): data[3084]=0xff
D/RAWDATAD(   76): data[3085]=0xff
D/RAWDATAD(   76): rawdata_check_block: ret=0x2c, crc_old=0xab94063b, crc_calc=0xab94063b
D/RAWDATAD(   76): rawdata_check_block: partition=1, block=2
D/RAWDATAD(   76): read_mmc_partition: patrname=/dev/block/mmcblk0p9,offset=8192
D/RAWDATAD(   76): read_mmc_partition: rsize=4096; size=4096
D/RAWDATAD(   76): dump_data: First 10 data
D/RAWDATAD(   76): data[0]=0xff
D/RAWDATAD(   76): data[1]=0xff
D/RAWDATAD(   76): data[2]=0xff
D/RAWDATAD(   76): data[3]=0xff
D/RAWDATAD(   76): data[4]=0xff
D/RAWDATAD(   76): data[5]=0xff
D/RAWDATAD(   76): data[6]=0xff
D/RAWDATAD(   76): data[7]=0xff
D/RAWDATAD(   76): data[8]=0xff
D/RAWDATAD(   76): data[9]=0xff
D/RAWDATAD(   76): dump_data: Last 10 data
D/RAWDATAD(   76): data[3066]=0xff
D/RAWDATAD(   76): data[3067]=0xff
D/RAWDATAD(   76): data[3068]=0xff
D/RAWDATAD(   76): data[3069]=0xff
D/RAWDATAD(   76): data[3070]=0xff
D/RAWDATAD(   76): data[3071]=0xff
D/RAWDATAD(   76): data[3072]=0xff
D/RAWDATAD(   76): data[3073]=0xff
D/RAWDATAD(   76): data[3074]=0xff
D/RAWDATAD(   76): data[3075]=0xff
D/RAWDATAD(   76): dump_data: Extra 10 data
D/RAWDATAD(   76): data[3076]=0x0
D/RAWDATAD(   76): data[3077]=0x0
D/RAWDATAD(   76): data[3078]=0x0
D/RAWDATAD(   76): data[3079]=0x2c
D/RAWDATAD(   76): data[3080]=0xab
D/RAWDATAD(   76): data[3081]=0x94
D/RAWDATAD(   76): data[3082]=0x6
D/RAWDATAD(   76): data[3083]=0x3b
D/RAWDATAD(   76): data[3084]=0xff
D/RAWDATAD(   76): data[3085]=0xff
D/RAWDATAD(   76): rawdata_check_block: ret=0x2c, crc_old=0xab94063b, crc_calc=0xab94063b
D/RAWDATAD(   76): init_productinfo: /productinfo/alarm_flag valid1=44; valid2=44
D/RAWDATAD(   76): init_productinfo: Use /productinfo/alarm_flag in /dev/block/mmcblk0p9
D/RAWDATAD(   76): wirte_productinfo: write /productinfo/alarm_flag successfully
D/RAWDATAD(   76): ==================init_productinfo End==================
D/RAWDATAD(   76): ==================init_productinfo Start==================
D/RAWDATAD(   76): init_productinfo: handle block[3]
D/RAWDATAD(   76): rawdata_check_block: partition=0, block=3
D/RAWDATAD(   76): read_mmc_partition: patrname=/dev/block/mmcblk0p8,offset=12288
D/RAWDATAD(   76): read_mmc_partition: rsize=4096; size=4096
D/RAWDATAD(   76): dump_data: First 10 data
D/RAWDATAD(   76): data[0]=0xff
D/RAWDATAD(   76): data[1]=0xff
D/RAWDATAD(   76): data[2]=0xff
D/RAWDATAD(   76): data[3]=0xff
D/RAWDATAD(   76): data[4]=0xff
D/RAWDATAD(   76): data[5]=0xff
D/RAWDATAD(   76): data[6]=0xff
D/RAWDATAD(   76): data[7]=0xff
D/RAWDATAD(   76): data[8]=0xff
D/RAWDATAD(   76): data[9]=0xff
D/RAWDATAD(   76): dump_data: Last 10 data
D/RAWDATAD(   76): data[3066]=0xff
D/RAWDATAD(   76): data[3067]=0xff
D/RAWDATAD(   76): data[3068]=0xff
D/RAWDATAD(   76): data[3069]=0xff
D/RAWDATAD(   76): data[3070]=0xff
D/RAWDATAD(   76): data[3071]=0xff
D/RAWDATAD(   76): data[3072]=0xff
D/RAWDATAD(   76): data[3073]=0xff
D/RAWDATAD(   76): data[3074]=0xff
D/RAWDATAD(   76): data[3075]=0xff
D/RAWDATAD(   76): dump_data: Extra 10 data
D/RAWDATAD(   76): data[3076]=0xff
D/RAWDATAD(   76): data[3077]=0xff
D/RAWDATAD(   76): data[3078]=0xff
D/RAWDATAD(   76): data[3079]=0xff
D/RAWDATAD(   76): data[3080]=0xff
D/RAWDATAD(   76): data[3081]=0xff
D/RAWDATAD(   76): data[3082]=0xff
D/RAWDATAD(   76): data[3083]=0xff
D/RAWDATAD(   76): data[3084]=0xff
D/RAWDATAD(   76): data[3085]=0xff
D/RAWDATAD(   76): rawdata_check_block: ret=0xffffffff, crc_old=0xffffffff, crc_calc=0xc1bff6c4
D/RAWDATAD(   76): init_productinfo: Read /productinfo/poweron_timeinmillis from /dev/block/mmcblk0p8 ERROR
D/RAWDATAD(   76): rawdata_check_block: partition=1, block=3
D/RAWDATAD(   76): read_mmc_partition: patrname=/dev/block/mmcblk0p9,offset=12288
D/RAWDATAD(   76): read_mmc_partition: rsize=4096; size=4096
D/RAWDATAD(   76): dump_data: First 10 data
D/RAWDATAD(   76): data[0]=0xff
D/RAWDATAD(   76): data[1]=0xff
D/RAWDATAD(   76): data[2]=0xff
D/RAWDATAD(   76): data[3]=0xff
D/RAWDATAD(   76): data[4]=0xff
D/RAWDATAD(   76): data[5]=0xff
D/RAWDATAD(   76): data[6]=0xff
D/RAWDATAD(   76): data[7]=0xff
D/RAWDATAD(   76): data[8]=0xff
D/RAWDATAD(   76): data[9]=0xff
D/RAWDATAD(   76): dump_data: Last 10 data
D/RAWDATAD(   76): data[3066]=0xff
D/RAWDATAD(   76): data[3067]=0xff
D/RAWDATAD(   76): data[3068]=0xff
D/RAWDATAD(   76): data[3069]=0xff
D/RAWDATAD(   76): data[3070]=0xff
D/RAWDATAD(   76): data[3071]=0xff
D/RAWDATAD(   76): data[3072]=0xff
D/RAWDATAD(   76): data[3073]=0xff
D/RAWDATAD(   76): data[3074]=0xff
D/RAWDATAD(   76): data[3075]=0xff
D/RAWDATAD(   76): dump_data: Extra 10 data
D/RAWDATAD(   76): data[3076]=0xff
D/RAWDATAD(   76): data[3077]=0xff
D/RAWDATAD(   76): data[3078]=0xff
D/RAWDATAD(   76): data[3079]=0xff
D/RAWDATAD(   76): data[3080]=0xff
D/RAWDATAD(   76): data[3081]=0xff
D/RAWDATAD(   76): data[3082]=0xff
D/RAWDATAD(   76): data[3083]=0xff
D/RAWDATAD(   76): data[3084]=0xff
D/RAWDATAD(   76): data[3085]=0xff
D/RAWDATAD(   76): rawdata_check_block: ret=0xffffffff, crc_old=0xffffffff, crc_calc=0xc1bff6c4
D/RAWDATAD(   76): init_productinfo: Read /productinfo/poweron_timeinmillis from /dev/block/mmcblk0p9 ERROR
D/RAWDATAD(   76): init_productinfo: /productinfo/poweron_timeinmillis valid1=-1; valid2=-1
D/RAWDATAD(   76): init_productinfo: Get /productinfo/poweron_timeinmillis CRC error
D/RAWDATAD(   76): init_productinfo: Won't create file /productinfo/poweron_timeinmillis
D/RAWDATAD(   76): ==================init_productinfo End==================
D/RAWDATAD(   76): Add /productinfo/ to watch
D/sprd_monitor(   78): enter dual sim card mode!
I/DEBUG   (   82): debuggerd: Aug 21 2013 13:25:23
D/nvitemd (   77): modem length : 8388608
D/nvitemd (   77): modem emmc dev : /dev/block/mmcblk0p2
D/nvitemd (   77): dsp emmc dev : /dev/block/mmcblk0p3
D/nvitemd (   77): reopen vbpipe
E/slog    (   93): main: Slog begin to work. [2]
I/        (   91): ServiceManager: 0x1367680
E/        (   91): WordSegService instantiate
E/        (   91): WordSegService created
E/        (   91): WordSegService r = 0/n
E/slog    (   93): handler_dump_file: open target /data/dontpanic/apanic_threads failed! [2]
E/slog    (   93): handler_dump_file: open target /data/dontpanic/apanic_console failed! [2]
E/slog    (   93): handler_dump_file: open target /data/anr/traces.txt failed! [2]
E/slog    (   93): handle_dropbox: tar czf /data/slog/20140629172501/dropbox.tgz /data/system/dropbox [2]
D/        (   92): ModuleManager::preloadUpdateModules.
D/        (   92): [ModuleService] download config file not found.
D/        (   92): ModuleManager::preloadModules.
I/Netd    (   81): Netd 1.0 starting
--------- beginning of /dev/log/system
I/Vold    (   75): Vold 2.1 (the revenge) firing up
D/        (   92): ModuleManager::loadModule,moduleLibName = libyi_backup_module.so, autoInit = 0.
D/        (   92): ModuleManager::getModuleByName,moduleName = backup_module.
D/        (   92): [ModuleService] module:backup_module not find in loadedmodules.
D/        (   92): [ModuleService] we load original so.
D/Vold    (   75): Volume internal state changing -1 (Initializing) -> 0 (No-Media)
D/Vold    (   75): Volume sdcard state changing -1 (Initializing) -> 0 (No-Media)
D/Vold    (   75): Volume internal state changing 0 (No-Media) -> 2 (Pending)
D/Vold    (   75): Volume internal state changing 2 (Pending) -> 1 (Idle-Unmounted)
W/Vold    (   75): Duplicate state (1)
W/Vold    (   75): Duplicate state (1)
W/Vold    (   75): Duplicate state (1)
W/Vold    (   75): Duplicate state (1)
D/        (   92): ModuleManager::getModuleByName,moduleName = backup_module.
D/        (   92): [ModuleService] module:backup_module not find in loadedmodules.
D/        (   92): [ModuleService] module:backup_module loaded successfully.
D/        (   92): ModuleManager::loadModule,moduleLibName = libyi_compress_module.so, autoInit = 0.
D/        (   92): ModuleManager::getModuleByName,moduleName = compress_module.
D/        (   92): [ModuleService] module:compress_module not find in loadedmodules.
D/        (   92): [ModuleService] we load original so.
W/Vold    (   75): Duplicate state (1)
W/Vold    (   75): Duplicate state (1)
W/Vold    (   75): Duplicate state (1)
W/Vold    (   75): Duplicate state (1)
D/        (   92): ModuleManager::getModuleByName,moduleName = compress_module.
D/        (   92): [ModuleService] module:compress_module not find in loadedmodules.
D/        (   92): [ModuleService] module:compress_module loaded successfully.
D/        (   92): ModuleManager::loadModule,moduleLibName = libyi_serviceext_module.so, autoInit = 1.
D/        (   92): ModuleManager::getModuleByName,moduleName = serviceext_module.
D/        (   92): [ModuleService] module:serviceext_module not find in loadedmodules.
D/        (   92): [ModuleService] we load original so.
D/        (   92): [ModuleService]original so. file serviceext_module not exiest.
W/Vold    (   75): Duplicate state (1)
W/Vold    (   75): Duplicate state (1)
W/Vold    (   75): Duplicate state (1)
W/Vold    (   75): Duplicate state (1)
W/Vold    (   75): Duplicate state (1)
W/Vold    (   75): Duplicate state (1)
W/Vold    (   75): Duplicate state (1)
W/Vold    (   75): Duplicate state (1)
W/Vold    (   75): Duplicate state (1)
W/Vold    (   75): Duplicate state (1)
W/Vold    (   75): Duplicate state (1)
W/Vold    (   75): Duplicate state (1)
I/        (  126): ServiceManager: 0x7b2680
E/        (  126): WordSegService instantiate
E/        (  126): WordSegService created
E/ServiceManager(   74): add_service('baidu.wordsegservice',0x3) uid=0 - ALREADY REGISTERED, OVERRIDE
I/ServiceManager(   74): service 'baidu.wordsegservice' died
E/        (  126): WordSegService r = 0/n
E/        (   91): WordSegService destroyed
D/        (  127): ModuleManager::preloadUpdateModules.
D/        (  127): [ModuleService] download config file not found.
D/        (  127): ModuleManager::preloadModules.
D/BTWIFIMAC(   95): set BT/WIFI mac
D/        (  127): ModuleManager::loadModule,moduleLibName = libyi_backup_module.so, autoInit = 0.
D/        (  127): ModuleManager::getModuleByName,moduleName = backup_module.
D/        (  127): [ModuleService] module:backup_module not find in loadedmodules.
D/        (  127): [ModuleService] we load original so.
D/        (  127): ModuleManager::getModuleByName,moduleName = backup_module.
D/        (  127): [ModuleService] module:backup_module not find in loadedmodules.
D/        (  127): [ModuleService] module:backup_module loaded successfully.
D/        (  127): ModuleManager::loadModule,moduleLibName = libyi_compress_module.so, autoInit = 0.
D/        (  127): ModuleManager::getModuleByName,moduleName = compress_module.
D/        (  127): [ModuleService] module:compress_module not find in loadedmodules.
D/        (  127): [ModuleService] we load original so.
D/        (  127): ModuleManager::getModuleByName,moduleName = compress_module.
D/        (  127): [ModuleService] module:compress_module not find in loadedmodules.
D/        (  127): [ModuleService] module:compress_module loaded successfully.
D/        (  127): ModuleManager::loadModule,moduleLibName = libyi_serviceext_module.so, autoInit = 1.
D/        (  127): ModuleManager::getModuleByName,moduleName = serviceext_module.
D/        (  127): [ModuleService] module:serviceext_module not find in loadedmodules.
D/        (  127): [ModuleService] we load original so.
D/        (  127): [ModuleService]original so. file serviceext_module not exiest.
E/ServiceManager(   74): add_service('com.baidu.ModuleService',0x1) uid=0 - ALREADY REGISTERED, OVERRIDE
I/ServiceManager(   74): service 'com.baidu.ModuleService' died
D/        (   92): [ModuleService] destructor ModuleService.
I/        (   85): ServiceManager: 0x181e958
D/appproc (   84): doLastShutDownCheck
D/AndroidRuntime(   84): 
D/AndroidRuntime(   84): >>>>>> AndroidRuntime START com.android.internal.os.ZygoteInit <<<<<<
D/AndroidRuntime(   84): CheckJNI is OFF
I/SurfaceFlinger(   83): SurfaceFlinger is starting
I/SurfaceFlinger(   83): ro.bootmode : unknown sBootanimEnable :1
I/SurfaceFlinger(   83): SurfaceFlinger's main thread ready to run. Initializing graphics H/W...
I/        (   86): ServiceManager: 0x17e49f0
W/audio_hw_primary(   86): adev_open
I/Alsa_Util(   86): card name is sprdphone, query card=0
I/Alsa_Util(   86): Search Completed, cur_name is sprdphone, card_num=0
I/Alsa_Util(   86): card name is sprdphone, query card=0
I/Alsa_Util(   86): card name is VIRTUAL AUDIO, query card=1
I/Alsa_Util(   86): Search Completed, cur_name is VIRTUAL AUDIO, card_num=1
I/audio_hw_primary(   86): s_tinycard = 0, s_vaudio = 1
E/audio_hw_primary(   86): unnamed entry tinyalsa-audio, 2
E/audio_hw_primary(   86): unnamed entry path, 0
I/audio_hw_primary(   86): Parsing control HPL Playback Volume => 8
I/audio_hw_primary(   86): s->path_len=1
I/audio_hw_primary(   86): Parsing control HPR Playback Volume => 8
I/audio_hw_primary(   86): s->path_len=2
I/audio_hw_primary(   86): Parsing control SPKL Playback Volume => 10
I/audio_hw_primary(   86): s->path_len=3
I/audio_hw_primary(   86): Parsing control SPKR Playback Volume => 10
I/audio_hw_primary(   86): s->path_len=4
I/audio_hw_primary(   86): Parsing control EAR Playback Volume => 10
I/audio_hw_primary(   86): s->path_len=5
I/audio_hw_primary(   86): Parsing control ADCL Capture Volume => 12
I/audio_hw_primary(   86): s->path_len=6
I/audio_hw_primary(   86): Parsing control ADCR Capture Volume => 12
I/audio_hw_primary(   86): s->path_len=7
I/audio_hw_primary(   86): Applying 7 element default route
I/audio_hw_primary(   86): Set 'HPL Playback Volume'.0 to 8
I/audio_hw_primary(   86): Set 'HPR Playback Volume'.0 to 8
I/audio_hw_primary(   86): Set 'SPKL Playback Volume'.0 to 10
I/audio_hw_primary(   86): Set 'SPKR Playback Volume'.0 to 10
I/audio_hw_primary(   86): Set 'EAR Playback Volume'.0 to 10
I/audio_hw_primary(   86): Set 'ADCL Capture Volume'.0 to 12
I/audio_hw_primary(   86): Set 'ADCR Capture Volume'.0 to 12
I/audio_hw_primary(   86): Allocating device speaker
I/audio_hw_primary(   86): Parsing control Speaker Function => 1
I/audio_hw_primary(   86): s->path_len=1
I/audio_hw_primary(   86): Parsing control Speaker2 Function => 1
I/audio_hw_primary(   86): s->path_len=2
I/audio_hw_primary(   86): Parsing control SPKL Mixer DACLSPKL Switch => 1
I/audio_hw_primary(   86): s->path_len=3
I/audio_hw_primary(   86): Parsing control SPKL Mixer DACRSPKL Switch => 1
I/audio_hw_primary(   86): s->path_len=4
I/audio_hw_primary(   86): Parsing control SPKR Mixer DACLSPKR Switch => 1
I/audio_hw_primary(   86): s->path_len=5
I/audio_hw_primary(   86): Parsing control SPKR Mixer DACRSPKR Switch => 1
I/audio_hw_primary(   86): s->path_len=6
I/audio_hw_primary(   86): 6 element on sequence
I/audio_hw_primary(   86): Parsing control Speaker Function => 0
I/audio_hw_primary(   86): s->path_len=1
I/audio_hw_primary(   86): Parsing control Speaker2 Function => 0
I/audio_hw_primary(   86): s->path_len=2
I/audio_hw_primary(   86): Parsing control SPKL Mixer DACLSPKL Switch => 0
I/audio_hw_primary(   86): s->path_len=3
I/audio_hw_primary(   86): Parsing control SPKL Mixer DACRSPKL Switch => 0
I/audio_hw_primary(   86): s->path_len=4
I/audio_hw_primary(   86): Parsing control SPKR Mixer DACLSPKR Switch => 0
I/audio_hw_primary(   86): s->path_len=5
I/audio_hw_primary(   86): Parsing control SPKR Mixer DACRSPKR Switch => 0
I/audio_hw_primary(   86): s->path_len=6
I/audio_hw_primary(   86): 6 element off sequence
I/audio_hw_primary(   86): Set 'Speaker Function'.0 to 0
I/audio_hw_primary(   86): Set 'Speaker2 Function'.0 to 0
I/audio_hw_primary(   86): Set 'SPKL Mixer DACLSPKL Switch'.0 to 0
I/audio_hw_primary(   86): Set 'SPKL Mixer DACRSPKL Switch'.0 to 0
I/audio_hw_primary(   86): Set 'SPKR Mixer DACLSPKR Switch'.0 to 0
I/audio_hw_primary(   86): Set 'SPKR Mixer DACRSPKR Switch'.0 to 0
I/audio_hw_primary(   86): Allocating device headphone
I/audio_hw_primary(   86): Parsing control HeadPhone Function => 1
I/audio_hw_primary(   86): s->path_len=1
I/audio_hw_primary(   86): Parsing control HPL Mixer DACRHPL Switch => 1
I/audio_hw_primary(   86): s->path_len=2
I/audio_hw_primary(   86): Parsing control HPR Mixer DACLHPR Switch => 1
I/audio_hw_primary(   86): s->path_len=3
I/audio_hw_primary(   86): 3 element on sequence
I/audio_hw_primary(   86): Parsing control HeadPhone Function => 0
I/audio_hw_primary(   86): s->path_len=1
I/audio_hw_primary(   86): Parsing control HPL Mixer DACRHPL Switch => 0
I/audio_hw_primary(   86): s->path_len=2
I/audio_hw_primary(   86): Parsing control HPR Mixer DACLHPR Switch => 0
I/audio_hw_primary(   86): s->path_len=3
I/audio_hw_primary(   86): 3 element off sequence
I/audio_hw_primary(   86): Set 'HeadPhone Function'.0 to 0
I/audio_hw_primary(   86): Set 'HPL Mixer DACRHPL Switch'.0 to 0
I/audio_hw_primary(   86): Set 'HPR Mixer DACLHPR Switch'.0 to 0
I/audio_hw_primary(   86): Allocating device earpiece
I/audio_hw_primary(   86): Parsing control Earpiece Function => 1
I/audio_hw_primary(   86): s->path_len=1
I/audio_hw_primary(   86): 1 element on sequence
I/audio_hw_primary(   86): Parsing control Earpiece Function => 0
I/audio_hw_primary(   86): s->path_len=1
I/audio_hw_primary(   86): 1 element off sequence
I/audio_hw_primary(   86): Set 'Earpiece Function'.0 to 0
I/audio_hw_primary(   86): Allocating device builtin-mic
I/audio_hw_primary(   86): Parsing control Mic Function => 1
I/audio_hw_primary(   86): s->path_len=1
I/audio_hw_primary(   86): Parsing control ADCL Mixer MainMICADCL Switch => 1
I/audio_hw_primary(   86): s->path_len=2
I/audio_hw_primary(   86): Parsing control ADCR Mixer MainMICADCR Switch => 1
I/audio_hw_primary(   86): s->path_len=3
I/audio_hw_primary(   86): 3 element on sequence
I/audio_hw_primary(   86): Parsing control Mic Function => 0
I/audio_hw_primary(   86): s->path_len=1
I/audio_hw_primary(   86): Parsing control ADCL Mixer MainMICADCL Switch => 0
I/audio_hw_primary(   86): s->path_len=2
I/audio_hw_primary(   86): Parsing control ADCR Mixer MainMICADCR Switch => 0
I/audio_hw_primary(   86): s->path_len=3
I/audio_hw_primary(   86): 3 element off sequence
I/audio_hw_primary(   86): Set 'Mic Function'.0 to 0
I/audio_hw_primary(   86): Set 'ADCL Mixer MainMICADCL Switch'.0 to 0
I/audio_hw_primary(   86): Set 'ADCR Mixer MainMICADCR Switch'.0 to 0
I/audio_hw_primary(   86): Allocating device back-mic
I/audio_hw_primary(   86): Parsing control Aux Mic Function => 1
I/audio_hw_primary(   86): s->path_len=1
I/audio_hw_primary(   86): Parsing control ADCL Mixer AuxMICADCL Switch => 1
I/audio_hw_primary(   86): s->path_len=2
I/audio_hw_primary(   86): Parsing control ADCR Mixer AuxMICADCR Switch => 1
I/audio_hw_primary(   86): s->path_len=3
I/audio_hw_primary(   86): 3 element on sequence
I/audio_hw_primary(   86): Parsing control Aux Mic Function => 0
I/audio_hw_primary(   86): s->path_len=1
I/audio_hw_primary(   86): Parsing control ADCL Mixer AuxMICADCL Switch => 0
I/audio_hw_primary(   86): s->path_len=2
I/audio_hw_primary(   86): Parsing control ADCR Mixer AuxMICADCR Switch => 0
I/audio_hw_primary(   86): s->path_len=3
I/audio_hw_primary(   86): 3 element off sequence
I/audio_hw_primary(   86): Set 'Aux Mic Function'.0 to 0
I/audio_hw_primary(   86): Set 'ADCL Mixer AuxMICADCL Switch'.0 to 0
I/audio_hw_primary(   86): Set 'ADCR Mixer AuxMICADCR Switch'.0 to 0
I/audio_hw_primary(   86): Allocating device headset-in
I/audio_hw_primary(   86): Parsing control HP Mic Function => 1
I/audio_hw_primary(   86): s->path_len=1
I/audio_hw_primary(   86): Parsing control ADCL Mixer HPMICADCL Switch => 1
I/audio_hw_primary(   86): s->path_len=2
I/audio_hw_primary(   86): Parsing control ADCR Mixer HPMICADCR Switch => 1
I/audio_hw_primary(   86): s->path_len=3
I/audio_hw_primary(   86): 3 element on sequence
I/audio_hw_primary(   86): Parsing control HP Mic Function => 0
I/audio_hw_primary(   86): s->path_len=1
I/audio_hw_primary(   86): Parsing control ADCL Mixer HPMICADCL Switch => 0
I/audio_hw_primary(   86): s->path_len=2
I/audio_hw_primary(   86): Parsing control ADCR Mixer HPMICADCR Switch => 0
I/audio_hw_primary(   86): s->path_len=3
I/audio_hw_primary(   86): 3 element off sequence
I/audio_hw_primary(   86): Set 'HP Mic Function'.0 to 0
I/audio_hw_primary(   86): Set 'ADCL Mixer HPMICADCL Switch'.0 to 0
I/audio_hw_primary(   86): Set 'ADCR Mixer HPMICADCR Switch'.0 to 0
I/audio_hw_primary(   86): Allocating device line
I/audio_hw_primary(   86): Parsing control Line Function => 1
I/audio_hw_primary(   86): s->path_len=1
I/audio_hw_primary(   86): Parsing control ADCL Mixer AILADCL Switch => 1
I/audio_hw_primary(   86): s->path_len=2
I/audio_hw_primary(   86): Parsing control ADCR Mixer AIRADCR Switch => 1
I/audio_hw_primary(   86): s->path_len=3
I/audio_hw_primary(   86): 3 element on sequence
I/audio_hw_primary(   86): Parsing control Line Function => 0
I/audio_hw_primary(   86): s->path_len=1
I/audio_hw_primary(   86): Parsing control ADCL Mixer AILADCL Switch => 0
I/audio_hw_primary(   86): s->path_len=2
I/audio_hw_primary(   86): Parsing control ADCR Mixer AIRADCR Switch => 0
I/audio_hw_primary(   86): s->path_len=3
I/audio_hw_primary(   86): 3 element off sequence
I/audio_hw_primary(   86): Set 'Line Function'.0 to 0
I/audio_hw_primary(   86): Set 'ADCL Mixer AILADCL Switch'.0 to 0
I/audio_hw_primary(   86): Set 'ADCR Mixer AIRADCR Switch'.0 to 0
I/audio_hw_primary(   86): Allocating device line-speaker
I/audio_hw_primary(   86): Parsing control SPKL Mixer ADCLSPKL Switch => 1
I/audio_hw_primary(   86): s->path_len=1
I/audio_hw_primary(   86): Parsing control SPKL Mixer ADCRSPKL Switch => 1
I/audio_hw_primary(   86): s->path_len=2
I/audio_hw_primary(   86): Parsing control SPKR Mixer ADCLSPKR Switch => 1
I/audio_hw_primary(   86): s->path_len=3
I/audio_hw_primary(   86): Parsing control SPKR Mixer ADCRSPKR Switch => 1
I/audio_hw_primary(   86): s->path_len=4
I/audio_hw_primary(   86): 4 element on sequence
I/audio_hw_primary(   86): Parsing control SPKL Mixer ADCLSPKL Switch => 0
I/audio_hw_primary(   86): s->path_len=1
I/audio_hw_primary(   86): Parsing control SPKL Mixer ADCRSPKL Switch => 0
I/audio_hw_primary(   86): s->path_len=2
I/audio_hw_primary(   86): Parsing control SPKR Mixer ADCLSPKR Switch => 0
I/audio_hw_primary(   86): s->path_len=3
I/audio_hw_primary(   86): Parsing control SPKR Mixer ADCRSPKR Switch => 0
I/audio_hw_primary(   86): s->path_len=4
I/audio_hw_primary(   86): 4 element off sequence
I/audio_hw_primary(   86): Set 'SPKL Mixer ADCLSPKL Switch'.0 to 0
I/audio_hw_primary(   86): Set 'SPKL Mixer ADCRSPKL Switch'.0 to 0
I/audio_hw_primary(   86): Set 'SPKR Mixer ADCLSPKR Switch'.0 to 0
I/audio_hw_primary(   86): Set 'SPKR Mixer ADCRSPKR Switch'.0 to 0
I/audio_hw_primary(   86): Allocating device line-headphone
I/audio_hw_primary(   86): Parsing control HPL Mixer ADCRHPL Switch => 1
I/audio_hw_primary(   86): s->path_len=1
I/audio_hw_primary(   86): Parsing control HPR Mixer ADCLHPR Switch => 1
I/audio_hw_primary(   86): s->path_len=2
I/audio_hw_primary(   86): 2 element on sequence
I/audio_hw_primary(   86): Parsing control HPL Mixer ADCRHPL Switch => 0
I/audio_hw_primary(   86): s->path_len=1
I/audio_hw_primary(   86): Parsing control HPR Mixer ADCLHPR Switch => 0
I/audio_hw_primary(   86): s->path_len=2
I/audio_hw_primary(   86): 2 element off sequence
I/audio_hw_primary(   86): Set 'HPL Mixer ADCRHPL Switch'.0 to 0
I/audio_hw_primary(   86): Set 'HPR Mixer ADCLHPR Switch'.0 to 0
W/audio_hw_primary(   86): s->adev->private_ctl.vbc_switch is successful
W/audio_hw_primary(   86): s->adev->private_ctl.vbc_eq_switch is successful
W/audio_hw_primary(   86): s->adev->private_ctl.vbc_eq_update is successful
W/audio_hw_primary(   86): s->adev->private_ctl.vbc_eq_profile_select is successful
W/audio_hw_primary(   86): s->adev->private_ctl.internal_pa is successful
W/audio_hw_primary(   86): ret=0, num_dev_cfgs=9
W/audio_hw_primary(   86): dev_cfgs_on depth=6, dev_cfgs_off depth=6
I/vb_effect(   86): create_vb_effect_params...start
W/vb_effect(   86): file /data/local/tmp/audio_para open failed:No such file or directory
I/vb_effect(   86): do_parse...start
I/vb_effect(   86): fd_dest_paras(0x401527b4), header_len(12), profile_len(280)
D/RAWDATAD(   76): Some event happens, len = 64.
D/RAWDATAD(   76): Event mask: 0x00000002, name: vbc_eq
D/RAWDATAD(   76): Event: File was modified
D/RAWDATAD(   76): event->name=vbc_eq, /productinfo/productinfo.bin
D/RAWDATAD(   76): event->name=vbc_eq, /productinfo/factorymode.file
D/RAWDATAD(   76): event->name=vbc_eq, /productinfo/alarm_flag
D/RAWDATAD(   76): event->name=vbc_eq, /productinfo/poweron_timeinmillis
D/RAWDATAD(   76): Object type: File
D/RAWDATAD(   76): Object name: /productinfo/
D/RAWDATAD(   76): index=0; event->len=16
D/RAWDATAD(   76): Event mask: 0x00000020, name: vbc_eq
D/RAWDATAD(   76): Event: File was opened
D/RAWDATAD(   76): Object type: File
D/RAWDATAD(   76): Object name: /productinfo/
D/RAWDATAD(   76): index=32; event->len=16
D/RAWDATAD(   76): #############################################
I/vb_effect(   86): effect_profile->name is Headset
I/vb_effect(   86): effect_profile->name is Headfree
I/vb_effect(   86): effect_profile->name is Handset
I/vb_effect(   86): effect_profile->name is Handsfree
I/vb_effect(   86): do_parse...end
D/RAWDATAD(   76): Some event happens, len = 64.
D/RAWDATAD(   76): Event mask: 0x00000002, name: vbc_eq
D/RAWDATAD(   76): Event: File was modified
D/RAWDATAD(   76): event->name=vbc_eq, /productinfo/productinfo.bin
D/RAWDATAD(   76): event->name=vbc_eq, /productinfo/factorymode.file
D/RAWDATAD(   76): event->name=vbc_eq, /productinfo/alarm_flag
I/vb_effect(   86): create_vb_effect_params...done(0)
D/RAWDATAD(   76): event->name=vbc_eq, /productinfo/poweron_timeinmillis
D/RAWDATAD(   76): Object type: File
D/RAWDATAD(   76): Object name: /productinfo/
D/RAWDATAD(   76): index=0; event->len=16
D/RAWDATAD(   76): Event mask: 0x00000008, name: vbc_eq
D/RAWDATAD(   76): Event: writtable file closed
D/RAWDATAD(   76): Object type: File
D/RAWDATAD(   76): Object name: /productinfo/
D/RAWDATAD(   76): index=32; event->len=16
D/RAWDATAD(   76): #############################################
I/audio_hw_primary(   86): eq_loading, ret(-1), eq_available(0)
I/audio_pga(   86): The codec name is sprd-codec
D/audio_pga(   86): profile name is 'speaker-l'
D/audio_pga(   86): pga name is 'SPKL Playback Volume', val is '0'
D/audio_pga(   86): pga name is 'VBC DACL DG Set', val is '16'
D/audio_pga(   86): pga name is 'VBC DACL DG Switch', val is '31'
D/audio_pga(   86): profile name is 'speaker-r'
D/audio_pga(   86): pga name is 'SPKR Playback Volume', val is '0'
D/audio_pga(   86): pga name is 'VBC DACR DG Set', val is '16'
D/audio_pga(   86): pga name is 'VBC DACR DG Switch', val is '31'
D/audio_pga(   86): profile name is 'headphone-l'
D/audio_pga(   86): pga name is 'HPL Playback Volume', val is '0'
D/audio_pga(   86): pga name is 'VBC DACL DG Set', val is '16'
D/audio_pga(   86): pga name is 'VBC DACL DG Switch', val is '31'
D/audio_pga(   86): profile name is 'headphone-r'
D/audio_pga(   86): pga name is 'HPR Playback Volume', val is '0'
D/audio_pga(   86): pga name is 'VBC DACR DG Set', val is '16'
D/audio_pga(   86): pga name is 'VBC DACR DG Switch', val is '31'
D/audio_pga(   86): profile name is 'headphone-spk-l'
D/audio_pga(   86): pga name is 'SPKL Playback Volume', val is '0'
D/audio_pga(   86): pga name is 'HPL Playback Volume', val is '4'
D/audio_pga(   86): pga name is 'VBC DACL DG Set', val is '16'
D/audio_pga(   86): pga name is 'VBC DACL DG Switch', val is '31'
D/audio_pga(   86): profile name is 'headphone-spk-r'
D/audio_pga(   86): pga name is 'SPKR Playback Volume', val is '0'
D/audio_pga(   86): pga name is 'HPR Playback Volume', val is '4'
D/audio_pga(   86): pga name is 'VBC DACR DG Set', val is '16'
D/audio_pga(   86): pga name is 'VBC DACR DG Switch', val is '31'
D/audio_pga(   86): profile name is 'earpiece'
D/audio_pga(   86): pga name is 'EAR Playback Volume', val is '0'
D/audio_pga(   86): pga name is 'VBC DACL DG Set', val is '16'
D/audio_pga(   86): pga name is 'VBC DACL DG Switch', val is '31'
D/audio_pga(   86): profile name is 'linein-spk-l'
D/audio_pga(   86): pga name is 'SPKL Playback Volume', val is '0'
D/audio_pga(   86): pga name is 'ADCL Capture Volume', val is '4'
D/audio_pga(   86): pga name is 'VBC DACL DG Set', val is '16'
D/audio_pga(   86): pga name is 'VBC DACL DG Switch', val is '31'
D/audio_pga(   86): profile name is 'linein-spk-r'
D/audio_pga(   86): pga name is 'SPKR Playback Volume', val is '0'
D/audio_pga(   86): pga name is 'ADCR Capture Volume', val is '4'
D/audio_pga(   86): pga name is 'VBC DACR DG Set', val is '16'
D/audio_pga(   86): pga name is 'VBC DACR DG Switch', val is '31'
D/audio_pga(   86): profile name is 'linein-hp-l'
D/audio_pga(   86): pga name is 'HPL Playback Volume', val is '0'
D/audio_pga(   86): pga name is 'ADCL Capture Volume', val is '4'
D/audio_pga(   86): pga name is 'VBC DACL DG Set', val is '16'
D/audio_pga(   86): pga name is 'VBC DACL DG Switch', val is '31'
D/audio_pga(   86): profile name is 'linein-hp-r'
D/audio_pga(   86): pga name is 'HPR Playback Volume', val is '0'
D/audio_pga(   86): pga name is 'ADCR Capture Volume', val is '4'
D/audio_pga(   86): pga name is 'VBC DACR DG Set', val is '16'
D/audio_pga(   86): pga name is 'VBC DACR DG Switch', val is '31'
D/audio_pga(   86): profile name is 'capture-l'
D/audio_pga(   86): pga name is 'ADCL Capture Volume', val is '0'
D/audio_pga(   86): pga name is 'VBC ADCL DG Set', val is '8'
D/audio_pga(   86): pga name is 'VBC ADCL DG Switch', val is '15'
D/audio_pga(   86): profile name is 'capture-r'
D/audio_pga(   86): pga name is 'ADCR Capture Volume', val is '0'
D/audio_pga(   86): pga name is 'VBC ADCR DG Set', val is '8'
D/audio_pga(   86): pga name is 'VBC ADCR DG Switch', val is '15'
D/audio_pga(   86): profile name is 'linein-capture-l'
D/audio_pga(   86): pga name is 'ADCL Capture Volume', val is '0'
D/audio_pga(   86): pga name is 'VBC ADCL DG Set', val is '8'
D/audio_pga(   86): pga name is 'VBC ADCL DG Switch', val is '15'
D/audio_pga(   86): profile name is 'linein-capture-r'
D/audio_pga(   86): pga name is 'ADCR Capture Volume', val is '0'
D/audio_pga(   86): pga name is 'VBC ADCR DG Set', val is '8'
D/audio_pga(   86): pga name is 'VBC ADCR DG Switch', val is '15'
D/audio_pga(   86): mixer name is 'SPKL Playback Volume'
D/audio_pga(   86): attribute max is '15', inverse is '0'
D/audio_pga(   86): mixer name is 'SPKR Playback Volume'
D/audio_pga(   86): attribute max is '15', inverse is '0'
D/audio_pga(   86): mixer name is 'HPL Playback Volume'
D/audio_pga(   86): attribute max is '15', inverse is '0'
D/audio_pga(   86): mixer name is 'HPR Playback Volume'
D/audio_pga(   86): attribute max is '15', inverse is '0'
D/audio_pga(   86): mixer name is 'EAR Playback Volume'
D/audio_pga(   86): attribute max is '15', inverse is '0'
D/audio_pga(   86): mixer name is 'ADCL Capture Volume'
D/audio_pga(   86): attribute max is '15', inverse is '0'
D/audio_pga(   86): mixer name is 'ADCR Capture Volume'
D/audio_pga(   86): attribute max is '15', inverse is '0'
D/audio_pga(   86): mixer name is 'VBC DACL DG Set'
D/audio_pga(   86): attribute max is '127', inverse is '0'
D/audio_pga(   86): mixer name is 'VBC DACR DG Set'
D/audio_pga(   86): attribute max is '127', inverse is '0'
D/audio_pga(   86): mixer name is 'VBC DACL DG Switch'
D/audio_pga(   86): attribute max is '1', inverse is '0'
D/audio_pga(   86): mixer name is 'VBC DACR DG Switch'
D/audio_pga(   86): attribute max is '1', inverse is '0'
D/audio_pga(   86): mixer name is 'VBC ADCL DG Set'
D/audio_pga(   86): attribute max is '127', inverse is '0'
D/audio_pga(   86): mixer name is 'VBC ADCR DG Set'
D/audio_pga(   86): attribute max is '127', inverse is '0'
D/audio_pga(   86): mixer name is 'VBC ADCL DG Switch'
D/audio_pga(   86): attribute max is '1', inverse is '0'
D/audio_pga(   86): mixer name is 'VBC ADCR DG Switch'
D/audio_pga(   86): attribute max is '1', inverse is '0'
I/audio_hw_primary(   86): select_devices_signal starting...
I/audio_hw_primary(   86): select_devices_signal finished.
I/AudioFlinger(   86): Loaded primary audio interface from Spreatrum audio HW HAL (audio)
I/AudioFlinger(   86): Using 'Spreatrum audio HW HAL' (audio.primary) as the primary audio interface
I/audio_hw_primary(   86): stream_routing_thread looping now...
I/audio_hw_primary(   86): Changing devices: 0x00000002
I/audio_hw_primary(   86): Set 'Speaker Function'.0 to 1
I/audio_hw_primary(   86): Set 'Speaker2 Function'.0 to 1
E/audio_hw_primary(   86): peter: open /dev/pipe/mmi.audio.ctrl in
E/audio_hw_primary(   86): mmi_audio_loop_thread waiting for new command
E/audio_hw_primary(   86): peter: slect in
I/audio_hw_primary(   86): Set 'SPKL Mixer DACLSPKL Switch'.0 to 1
I/audio_hw_primary(   86): Set 'SPKL Mixer DACRSPKL Switch'.0 to 1
I/audio_hw_primary(   86): Set 'SPKR Mixer DACLSPKR Switch'.0 to 1
I/AudioFlinger(   86): Loaded a2dp audio interface from A2DP Audio HW HAL (audio)
W/audio_hw_primary(   86): adev_init_check
D/AudioFlinger(   86): onFirstRef() line=219
W/audio_hw_primary(   86): adev_set_mode, mode=0
W/audio_hw_primary(   86): adev_set_mode,the same mode(0)
D/AudioFlinger(   86): onFirstRef() line=221
W/audio_hw_primary(   86): adev_set_master_volume in...devices:0x2 ,volume:1.000000 
W/audio_hw_primary(   86): GetAudio_fd_from_nv, file /data/local/tmp/audio_para open failed:No such file or directory
W/audio_hw_primary(   86): GetAudio_pga_nv, dac_pga_gain_l:0x80180a07 adc_pga_gain_l:0xe fm_pga_gain_l:0x1a fm_pga_gain_r:0x1a device:0x2 vol_level:0x1 
D/audio_pga(   86): 'speaker-l' apply
I/audio_pga(   86): 'SPKL Playback Volume' set to 7
I/audio_pga(   86): 'VBC DACL DG Set' set to 24
I/audio_pga(   86): 'VBC DACL DG Switch' set to 1
D/audio_pga(   86): 'speaker-r' apply
I/audio_pga(   86): 'SPKR Playback Volume' set to 7
I/audio_pga(   86): 'VBC DACR DG Set' set to 24
I/audio_pga(   86): 'VBC DACR DG Switch' set to 1
W/audio_hw_primary(   86): SetAudio_gain_by_devices out, devices:0x2 
D/AudioFlinger(   86): onFirstRef() line=224
D/AudioFlinger(   86): onFirstRef() line=219
D/AudioFlinger(   86): onFirstRef() line=221
D/AudioFlinger(   86): onFirstRef() line=224
I/audio_hw_primary(   86): Set 'SPKR Mixer DACRSPKR Switch'.0 to 1
W/streamFormatVolumeTable.cpp(   86): streamFormatVolumeTable open in (0)
E/XMLTREEFILE(   86): XMLTreeFile can't open file /data/formatvolume.xml
E/MAPDATAFILE(   86): MapDataFile readFile failed
E/MAPDATAFILE(   86): MapDataFile open failed
E/streamFormatVolumeTable.cpp(   86): streamFormatVolumeTable open system/etc
E/XMLTREEFILE(   86): XMLTreeFile load from file /system/etc/formatvolume.xml
I/audio_hw_primary(   86): Set 'HeadPhone Function'.0 to 0
I/audio_hw_primary(   86): Set 'HPL Mixer DACRHPL Switch'.0 to 0
I/audio_hw_primary(   86): Set 'HPR Mixer DACLHPR Switch'.0 to 0
I/audio_hw_primary(   86): Set 'Earpiece Function'.0 to 0
I/audio_hw_primary(   86): Set 'Mic Function'.0 to 0
I/audio_hw_primary(   86): Set 'ADCL Mixer MainMICADCL Switch'.0 to 0
I/audio_hw_primary(   86): Set 'ADCR Mixer MainMICADCR Switch'.0 to 0
I/audio_hw_primary(   86): Set 'Aux Mic Function'.0 to 0
E/XMLTREEFILE(   86): XMLTreeFile read 39 bytes
E/XMLTREEFILE(   86): XMLTreeFile read 56 bytes
E/XMLTREEFILE(   86): XMLTreeFile read 1 bytes
E/XMLTREEFILE(   86): XMLTreeFile read 69 bytes
E/XMLTREEFILE(   86): XMLTreeFile read 70 bytes
E/XMLTREEFILE(   86): XMLTreeFile read 45 bytes
E/XMLTREEFILE(   86): XMLTreeFile read 1 bytes
E/XMLTREEFILE(   86): XMLTreeFile read 53 bytes
E/XMLTREEFILE(   86): XMLTreeFile read 1 bytes
E/XMLTREEFILE(   86): XMLTreeFile read 73 bytes
E/XMLTREEFILE(   86): XMLTreeFile read 71 bytes
E/XMLTREEFILE(   86): XMLTreeFile read 78 bytes
E/XMLTREEFILE(   86): XMLTreeFile read 73 bytes
E/XMLTREEFILE(   86): XMLTreeFile read 36 bytes
E/XMLTREEFILE(   86): XMLTreeFile read 4 bytes
E/XMLTREEFILE(   86): XMLTreeFile read 1 bytes
E/XMLTREEFILE(   86): XMLTreeFile read 7 bytes
E/XMLTREEFILE(   86): XMLTreeFile read 21 bytes
E/XMLTREEFILE(   86): XMLTreeFile read 10 bytes
E/XMLTREEFILE(   86): XMLTreeFile read 29 bytes
E/XMLTREEFILE(   86): XMLTreeFile read 28 bytes
E/XMLTREEFILE(   86): XMLTreeFile read 26 bytes
E/XMLTREEFILE(   86): XMLTreeFile read 27 bytes
E/XMLTREEFILE(   86): XMLTreeFile read 27 bytes
E/XMLTREEFILE(   86): XMLTreeFile read 34 bytes
E/XMLTREEFILE(   86): XMLTreeFile read 35 bytes
E/XMLTREEFILE(   86): XMLTreeFile read 38 bytes
E/XMLTREEFILE(   86): XMLTreeFile read 26 bytes
E/XMLTREEFILE(   86): XMLTreeFile read 25 bytes
E/XMLTREEFILE(   86): XMLTreeFile read 24 bytes
E/XMLTREEFILE(   86): XMLTreeFile read 11 bytes
E/XMLTREEFILE(   86): XMLTreeFile read 21 bytes
E/XMLTREEFILE(   86): XMLTreeFile read 10 bytes
E/XMLTREEFILE(   86): XMLTreeFile read 35 bytes
E/XMLTREEFILE(   86): XMLTreeFile read 32 bytes
E/XMLTREEFILE(   86): XMLTreeFile read 37 bytes
E/XMLTREEFILE(   86): XMLTreeFile read 32 bytes
E/XMLTREEFILE(   86): XMLTreeFile read 32 bytes
E/XMLTREEFILE(   86): XMLTreeFile read 34 bytes
E/XMLTREEFILE(   86): XMLTreeFile read 11 bytes
E/XMLTREEFILE(   86): XMLTreeFile read 22 bytes
E/XMLTREEFILE(   86): XMLTreeFile read 9 bytes
E/XMLTREEFILE(   86): XMLTreeFile read 30 bytes
E/XMLTREEFILE(   86): XMLTreeFile read 11 bytes
E/XMLTREEFILE(   86): XMLTreeFile read 31 bytes
E/XMLTREEFILE(   86): XMLTreeFile read 23 bytes
E/XMLTREEFILE(   86): XMLTreeFile read 28 bytes
E/XMLTREEFILE(   86): XMLTreeFile read 23 bytes
E/XMLTREEFILE(   86): XMLTreeFile read 33 bytes
E/XMLTREEFILE(   86): XMLTreeFile read 23 bytes
E/XMLTREEFILE(   86): XMLTreeFile read 28 bytes
E/XMLTREEFILE(   86): XMLTreeFile read 23 bytes
E/XMLTREEFILE(   86): XMLTreeFile read 28 bytes
E/XMLTREEFILE(   86): XMLTreeFile read 23 bytes
E/XMLTREEFILE(   86): XMLTreeFile read 30 bytes
E/XMLTREEFILE(   86): XMLTreeFile read 23 bytes
E/XMLTREEFILE(   86): XMLTreeFile read 12 bytes
E/XMLTREEFILE(   86): XMLTreeFile read 29 bytes
E/XMLTREEFILE(   86): XMLTreeFile read 11 bytes
E/XMLTREEFILE(   86): XMLTreeFile read 31 bytes
E/XMLTREEFILE(   86): XMLTreeFile read 23 bytes
E/XMLTREEFILE(   86): XMLTreeFile read 28 bytes
E/XMLTREEFILE(   86): XMLTreeFile read 23 bytes
E/XMLTREEFILE(   86): XMLTreeFile read 33 bytes
E/XMLTREEFILE(   86): XMLTreeFile read 23 bytes
E/XMLTREEFILE(   86): XMLTreeFile read 28 bytes
E/XMLTREEFILE(   86): XMLTreeFile read 23 bytes
E/XMLTREEFILE(   86): XMLTreeFile read 28 bytes
E/XMLTREEFILE(   86): XMLTreeFile read 23 bytes
E/XMLTREEFILE(   86): XMLTreeFile read 30 bytes
E/XMLTREEFILE(   86): XMLTreeFile read 23 bytes
E/XMLTREEFILE(   86): XMLTreeFile read 12 bytes
E/XMLTREEFILE(   86): XMLTreeFile read 27 bytes
E/XMLTREEFILE(   86): XMLTreeFile read 11 bytes
E/XMLTREEFILE(   86): XMLTreeFile read 31 bytes
E/XMLTREEFILE(   86): XMLTreeFile read 23 bytes
E/XMLTREEFILE(   86): XMLTreeFile read 28 bytes
E/XMLTREEFILE(   86): XMLTreeFile read 23 bytes
E/XMLTREEFILE(   86): XMLTreeFile read 33 bytes
E/XMLTREEFILE(   86): XMLTreeFile read 23 bytes
E/XMLTREEFILE(   86): XMLTreeFile read 28 bytes
E/XMLTREEFILE(   86): XMLTreeFile read 23 bytes
E/XMLTREEFILE(   86): XMLTreeFile read 28 bytes
E/XMLTREEFILE(   86): XMLTreeFile read 23 bytes
E/XMLTREEFILE(   86): XMLTreeFile read 30 bytes
E/XMLTREEFILE(   86): XMLTreeFile read 23 bytes
E/XMLTREEFILE(   86): XMLTreeFile read 12 bytes
E/XMLTREEFILE(   86): XMLTreeFile read 28 bytes
E/XMLTREEFILE(   86): XMLTreeFile read 11 bytes
E/XMLTREEFILE(   86): XMLTreeFile read 31 bytes
E/XMLTREEFILE(   86): XMLTreeFile read 23 bytes
E/XMLTREEFILE(   86): XMLTreeFile read 28 bytes
E/XMLTREEFILE(   86): XMLTreeFile read 23 bytes
E/XMLTREEFILE(   86): XMLTreeFile read 33 bytes
E/XMLTREEFILE(   86): XMLTreeFile read 23 bytes
E/XMLTREEFILE(   86): XMLTreeFile read 28 bytes
E/XMLTREEFILE(   86): XMLTreeFile read 23 bytes
E/XMLTREEFILE(   86): XMLTreeFile read 28 bytes
E/XMLTREEFILE(   86): XMLTreeFile read 23 bytes
E/XMLTREEFILE(   86): XMLTreeFile read 30 bytes
E/XMLTREEFILE(   86): XMLTreeFile read 23 bytes
E/XMLTREEFILE(   86): XMLTreeFile read 12 bytes
E/XMLTREEFILE(   86): XMLTreeFile read 28 bytes
E/XMLTREEFILE(   86): XMLTreeFile read 11 bytes
E/XMLTREEFILE(   86): XMLTreeFile read 31 bytes
E/XMLTREEFILE(   86): XMLTreeFile read 23 bytes
E/XMLTREEFILE(   86): XMLTreeFile read 28 bytes
E/XMLTREEFILE(   86): XMLTreeFile read 23 bytes
E/XMLTREEFILE(   86): XMLTreeFile read 33 bytes
E/XMLTREEFILE(   86): XMLTreeFile read 23 bytes
E/XMLTREEFILE(   86): XMLTreeFile read 28 bytes
E/XMLTREEFILE(   86): XMLTreeFile read 23 bytes
E/XMLTREEFILE(   86): XMLTreeFile read 28 bytes
E/XMLTREEFILE(   86): XMLTreeFile read 23 bytes
E/XMLTREEFILE(   86): XMLTreeFile read 30 bytes
E/XMLTREEFILE(   86): XMLTreeFile read 23 bytes
E/XMLTREEFILE(   86): XMLTreeFile read 12 bytes
E/XMLTREEFILE(   86): XMLTreeFile read 35 bytes
E/XMLTREEFILE(   86): XMLTreeFile read 11 bytes
