I/TargetHandlePanel(  273): mState=com.baidu.internal.keyguard.slide.TargetView$StateIdle@4139f018
I/PowerManagerService(  273): mLocks 0268435482keyguard
I/PowerManagerService(  273): mLocks 11RILJ
I/TransportControlView(  273): onAttachedToWindow()
V/TransportControlView(  273): Registering TCV com.baidu.internal.keyguard.slide.TransportControlView@413a8e28
D/PowerManagerService(  273): acquireWakeLock flags=0x1 tag=RILJ
D/PowerManagerService(  273): acquireWakeLock flags=0x1 tag=RILJ
D/PowerManagerService(  273): acquireWakeLock flags=0x1 tag=RILJ
I/SlideLockScreen(  273): onResume,mContext=android.app.ContextImpl@40dfd170
V/TransportControlView(  273): onRestoreInstanceState()
V/TransportControlView(  273): Registering TCV com.baidu.internal.keyguard.slide.TransportControlView@413a8e28
D/SlideLockScreen(  273): received broadcast android.intent.action.BATTERY_CHANGED
D/SlideLockScreen(  273): received broadcast com.baidu.keyguard.internal.SMS_MISS_UPDATED
I/PowerManagerService(  273): mLocks 0268435482keyguard
I/PowerManagerService(  273): mLocks 11RILJ
I/TD-SCDMA(  607): loadEFTransparent fileid 6f38
D/TD-SCDMA(  607): [TDUSIMFileHandler] EVENT_GET_RECORD_SIZE_DONE
D/TD-SCDMA(  607): [TDUSIMFileHandler] EVENT_GET_RECORD_SIZE_DONE, fileid:28480(6f40)
D/TD-SCDMA(  607): [TDUSIMFileHandler] logbyte, data length:15
D/TD-SCDMA(  607): payload:00
D/TD-SCDMA(  607): payload:00
I/PowerManagerService(  273): mLocks 0268435482keyguard
I/PowerManagerService(  273): mLocks 11RILJ
D/TD-SCDMA(  607): payload:00
D/TD-SCDMA(  607): payload:38
D/TD-SCDMA(  607): payload:6f
D/TD-SCDMA(  607): payload:40
D/TD-SCDMA(  607): payload:04
D/TD-SCDMA(  607): payload:00
D/TD-SCDMA(  607): payload:11
D/TD-SCDMA(  607): payload:ff
D/TD-SCDMA(  607): payload:55
D/TD-SCDMA(  607): payload:01
D/TD-SCDMA(  607): payload:02
D/TD-SCDMA(  607): payload:01
D/TD-SCDMA(  607): payload:1c
D/TD-SCDMA(  607): FCP:0 DES:0 DES_LEN:38
I/TD-SCDMA(  607): loadEFTransparent fileid 6f16
E/TD-SCDMA(  607): [TDUSIMFileHandler] recordsize:28 counts:2
D/TD-SCDMA(  607): [TDUSIMFileHandler] EVENT_GET_RECORD_SIZE_DONE, path 3F007F10,  lc.recordNum:1
I/PowerManagerService(  273): mLocks 0268435482keyguard
I/PowerManagerService(  273): mLocks 11RILJ
I/TD-SCDMA(  607): loadEFTransparent fileid 6f15
D/PowerManagerService(  273): acquireWakeLock flags=0x1 tag=RILJ
D/PowerManagerService(  273): acquireWakeLock flags=0x1 tag=RILJ
D/PowerManagerService(  273): acquireWakeLock flags=0x1 tag=RILJ
I/PowerManagerService(  273): mLocks 0268435482keyguard
I/PowerManagerService(  273): mLocks 11RILJ
I/TD-SCDMA(  607): loadEFTransparent fileid 6fb7
I/PowerManagerService(  273): mLocks 0268435482keyguard
I/PowerManagerService(  273): mLocks 11RILJ
D/SlideLockScreen(  273): miss msg count:2
D/SlideLockScreen(  273): received broadcast com.baidu.keyguard.internal.CALL_MISS_UPDATED
D/PowerManagerService(  273): acquireWakeLock flags=0x1 tag=RILJ
D/PowerManagerService(  273): acquireWakeLock flags=0x1 tag=RILJ
D/ConnectivityService(  273): getMobileDataEnabled[0] returning false
I/PowerManagerService(  273): mLocks 0268435482keyguard
I/PowerManagerService(  273): mLocks 11RILJ
D/PowerManagerService(  273): acquireWakeLock flags=0x1 tag=RILJ
D/ContactsApplication(  777): MmsSimStateReceiver received intent: android.intent.action.SIM_STATE_CHANGED
D/ConnectivityService(  273): getMobileDataEnabled[0] returning false
D/TD-SCDMA(  607): [TDUSIMFileHandler] EVENT_GET_RECORD_SIZE_DONE
E/TD-SCDMA(  607): [TDUSIMFileHandler] EVENT_GET_RECORD_SIZE_DONE iccException
I/PowerManagerService(  273): mLocks 0268435482keyguard
I/PowerManagerService(  273): mLocks 11RILJ
D/PowerManagerService(  273): acquireWakeLock flags=0x1 tag=RILJ
D/dalvikvm(  639): GC_CONCURRENT freed 1163K, 21% free 5855K/7363K, paused 2ms+3ms
I/Baidu Home2(  639): EventNumberUtil: onChange unreadcall = 0
I/Mms/SimPara(  777): sim para dump: ===================>
I/Mms/SimPara(  777):     mSimCount = 1
I/Mms/SimPara(  777):     mPreferredSmsSlot = -1
I/Mms/SimPara(  777):     mPreferredVoiceSlot = -1
I/Mms/SimPara(  777):     mSimList: []
D/AccountTypeManager(  777): onReceive, sim state=IMSI sendMessage=false
D/TransportControlView(  273): handleMessage: MSG_SET_GENERATION_ID
D/SlideLockScreen(  273): onPlayStateChanged:0
V/SlideLockScreen(  273): View com.baidu.internal.keyguard.slide.TransportControlView@413a8e28 requested hide transports
V/TransportControlView(  273): New genId = 5, clearing = 1
I/TargetHandlePanel(  273): level:100,plugged:2
D/gralloc.mali(   82): fps = 17.381107
I/TargetHandlePanel(  273): mState=com.baidu.internal.keyguard.slide.TargetView$StateChargging@4139f0a8
I/TargetHandlePanel(  273): onMissCallUpdated:2
D/TD-SCDMA(  607): [TDUSIMFileHandler] logbyte, data length:15
D/TD-SCDMA(  607): payload:00
D/TD-SCDMA(  607): payload:00
D/TD-SCDMA(  607): payload:00
D/TD-SCDMA(  607): payload:03
D/TD-SCDMA(  607): payload:6f
D/TD-SCDMA(  607): payload:ad
D/TD-SCDMA(  607): payload:04
D/TD-SCDMA(  607): payload:00
D/TD-SCDMA(  607): payload:05
D/TD-SCDMA(  607): payload:ff
D/TD-SCDMA(  607): payload:55
D/TD-SCDMA(  607): payload:01
D/TD-SCDMA(  607): payload:02
D/TD-SCDMA(  607): payload:00
D/TD-SCDMA(  607): payload:00
E/TD-SCDMA(  607): [TDUSIMFileHandler] EVENT_GET_BINARY_SIZE_DONE path 3F007F20
I/PowerManagerService(  273): mLocks 0268435482keyguard
I/PowerManagerService(  273): mLocks 11RILJ
D/PowerManagerService(  273): acquireWakeLock flags=0x1 tag=RILJ
D/TD-SCDMA(  607): [TDUSIMFileHandler] EVENT_GET_RECORD_SIZE_DONE
E/TD-SCDMA(  607): [TDUSIMFileHandler] EVENT_GET_RECORD_SIZE_DONE iccException
D/SlideLockScreen(  273): miss call count:0
I/SimManagerService(  273): ACTION_SIM_STATE_CHANGED:phoneId=0, state=IMSI
I/SimManagerService(  273): sim didn't loaded
D/TD      (  607): VideoCT: IDLE CT: IDLE
D/SlideLockScreen(  273): [Broadcast]电话挂断
I/TargetHandlePanel(  273): onMissCallUpdated:0
E/TD-SCDMA(  607): [TDUSIMFileHandler] EVENT_GET_BINARY_SIZE_DONE iccException
D/dalvikvm(  639): GC_FOR_ALLOC freed 702K, 21% free 5836K/7363K, paused 53ms
I/dalvikvm-heap(  639): Grow heap (frag case) to 6.159MB for 129616-byte allocation
D/TD-SCDMA(  607): [TDUSIMFileHandler] EVENT_GET_RECORD_SIZE_DONE
E/TD-SCDMA(  607): [TDUSIMFileHandler] EVENT_GET_RECORD_SIZE_DONE iccException
D/SPRDENG (  186): eng_atauto_thread: At Auto Report
D/SPRDENG (  186): eng_atauto_thread: eng_atautobuf=
D/SPRDENG (  186): +CREG: 1,"E728","0000BCA4",6
D/SPRDENG (  186): 
D/SPRDENG (  186): +SIND: 11
D/SPRDENG (  186): 
D/SPRDENG (  186): +ECIND: 3,0,23,0
D/SPRDENG (  186): 
D/SPRDENG (  186): ^SYSINFO: 2,1,0,15,1,0,7
D/SPRDENG (  186): ; usb_fd=18
D/SPRDENG (  186): eng_atcali_hdlr: 
D/SPRDENG (  186): +CREG: 1,"E728","0000BCA4",6
D/SPRDENG (  186): 
D/SPRDENG (  186): +SIND: 11
D/SPRDENG (  186): 
D/SPRDENG (  186): +ECIND: 3,0,23,0
D/SPRDENG (  186): 
D/SPRDENG (  186): ^SYSINFO: 2,1,0,15,1,0,7
D/SPRDENG (  186): eng_atauto_thread: j=-1
D/SPRDENG (  186): eng_atauto_thread: CONFIGURED
D/SPRDENG (  186): eng_atauto_thread: usb_status=1
D/SPRDENG (  186): eng_atauto_thread: write at auto report to PC
I/PowerManagerService(  273): mLocks 0268435482keyguard
I/PowerManagerService(  273): mLocks 11RILJ
I/PowerManagerService(  273): mLocks 0268435482keyguard
I/PowerManagerService(  273): mLocks 11RILJ
D/PowerManagerService(  273): acquireWakeLock flags=0x1 tag=RILJ
D/PowerManagerService(  273): acquireWakeLock flags=0x1 tag=RILJ
I/PowerManagerService(  273): mLocks 0268435482keyguard
I/PowerManagerService(  273): mLocks 11RILJ
I/PowerManagerService(  273): mLocks 0268435482keyguard
I/PowerManagerService(  273): mLocks 11RILJ
D/PowerManagerService(  273): acquireWakeLock flags=0x1 tag=RILJ
D/PowerManagerService(  273): acquireWakeLock flags=0x1 tag=RILJ
I/ContactsProvider(  623): delete 0 unused photo 
D/dalvikvm(  607): GC_CONCURRENT freed 351K, 22% free 2832K/3587K, paused 1ms+3ms
D/dalvikvm(  639): GC_FOR_ALLOC freed <1K, 21% free 5962K/7491K, paused 50ms
D/QuickSwitchPanel(  492): ImageView onMeasure
I/System.out(  639): iobridge available8826FileDescriptor[77]
I/Baidu Home2(  639): HomeDataManager: getShortcutInfo com.baidu.camera
I/Baidu Home2(  639): EventNumberUtil: handleMessage MSG_EVENT_NUMBER_CALL = main
I/Baidu Home2(  639): EventNumberUtil: onChange msg = Thread-52
E/TD-SCDMA(  607): [TDUSIMFileHandler] EVENT_GET_BINARY_SIZE_DONE iccException
D/QuickSwitchPanel(  492): ImageView onMeasure
D/TD-SCDMA(  607): [TDUSIMFileHandler] logbyte, data length:15
D/TD-SCDMA(  607): payload:00
D/TD-SCDMA(  607): payload:00
D/TD-SCDMA(  607): payload:00
D/TD-SCDMA(  607): payload:11
D/TD-SCDMA(  607): payload:6f
D/TD-SCDMA(  607): payload:46
D/TD-SCDMA(  607): payload:04
D/TD-SCDMA(  607): payload:00
D/TD-SCDMA(  607): payload:05
D/TD-SCDMA(  607): payload:ff
D/TD-SCDMA(  607): payload:55
D/TD-SCDMA(  607): payload:01
D/TD-SCDMA(  607): payload:02
D/TD-SCDMA(  607): payload:00
D/TD-SCDMA(  607): payload:00
E/TD-SCDMA(  607): [TDUSIMFileHandler] EVENT_GET_BINARY_SIZE_DONE path 3F007F20
I/PowerManagerService(  273): mLocks 0268435482keyguard
I/PowerManagerService(  273): mLocks 11RILJ
D/QuickSwitchPanel(  492): ImageView onMeasure
D/PowerManagerService(  273): acquireWakeLock flags=0x1 tag=RILJ
E/TD-SCDMA(  607): [TDUSIMFileHandler] EVENT_GET_BINARY_SIZE_DONE iccException
D/SPRDENG (  186): eng_atauto_thread: At Auto Report
D/SPRDENG (  186): eng_atauto_thread: eng_atautobuf=
D/SPRDENG (  186): +CGREG: 1,"E728","0000BCA4",6
D/SPRDENG (  186): 
D/SPRDENG (  186): ^SYSINFO: 2,3,0,15,1,0,7
D/SPRDENG (  186): ; usb_fd=18
D/SPRDENG (  186): eng_atcali_hdlr: 
D/SPRDENG (  186): +CGREG: 1,"E728","0000BCA4",6
D/SPRDENG (  186): 
D/SPRDENG (  186): ^SYSINFO: 2,3,0,15,1,0,7
D/SPRDENG (  186): eng_atauto_thread: j=-1
D/SPRDENG (  186): eng_atauto_thread: CONFIGURED
D/SPRDENG (  186): eng_atauto_thread: usb_status=1
D/SPRDENG (  186): eng_atauto_thread: write at auto report to PC
I/PowerManagerService(  273): mLocks 0268435482keyguard
I/PowerManagerService(  273): mLocks 11RILJ
I/PowerManagerService(  273): mLocks 0268435482keyguard
I/PowerManagerService(  273): mLocks 11RILJ
D/PowerManagerService(  273): acquireWakeLock flags=0x1 tag=RILJ
D/PowerManagerService(  273): acquireWakeLock flags=0x1 tag=RILJ
I/PowerManagerService(  273): mLocks 0268435482keyguard
I/PowerManagerService(  273): mLocks 11RILJ
I/PowerManagerService(  273): mLocks 0268435482keyguard
I/PowerManagerService(  273): mLocks 11RILJ
D/PowerManagerService(  273): acquireWakeLock flags=0x1 tag=RILJ
D/PowerManagerService(  273): acquireWakeLock flags=0x1 tag=RILJ
D/QuickSwitchPanel(  492): ImageView onMeasure
D/TD-SCDMA(  607): [TDUSIMFileHandler] EVENT_GET_RECORD_SIZE_DONE
E/TD-SCDMA(  607): [TDUSIMFileHandler] EVENT_GET_RECORD_SIZE_DONE iccException
D/QuickSwitchPanel(  492): ImageView onMeasure
D/QuickSwitchPanel(  492): ImageView onLayout
I/gralloc.mali(   82): ump alloc addr 40d0e000 ====================================
D/TD-SCDMA(  607): [TDUSIMFileHandler] logbyte, data length:15
D/TD-SCDMA(  607): payload:00
D/TD-SCDMA(  607): payload:00
D/TD-SCDMA(  607): payload:00
D/TD-SCDMA(  607): payload:09
D/TD-SCDMA(  607): payload:6f
D/TD-SCDMA(  607): payload:38
D/TD-SCDMA(  607): payload:04
D/TD-SCDMA(  607): payload:00
D/TD-SCDMA(  607): payload:15
D/TD-SCDMA(  607): payload:ff
D/TD-SCDMA(  607): payload:55
D/TD-SCDMA(  607): payload:01
D/TD-SCDMA(  607): payload:02
D/TD-SCDMA(  607): payload:00
D/TD-SCDMA(  607): payload:00
E/TD-SCDMA(  607): [TDUSIMFileHandler] EVENT_GET_BINARY_SIZE_DONE path 3F007F20
I/PowerManagerService(  273): mLocks 0268435482keyguard
I/PowerManagerService(  273): mLocks 11RILJ
D/PowerManagerService(  273): acquireWakeLock flags=0x1 tag=RILJ
E/TD-SCDMA(  607): [TDUSIMFileHandler] EVENT_GET_BINARY_SIZE_DONE iccException
D/ConnectivityService(  273): getMobileDataEnabled[0] returning false
D/ConnectivityService(  273): getMobileDataEnabled[0] returning false
D/SimCardUtils(  777): cardType = null
D/SimCardUtils(  777): cardType = null
D/AccountTypeManager(  777): add SIM Account
I/AccountTypeManager(  777): Loaded meta-data for 3 account types, 2 accounts in 14ms(wall) 8ms(cpu)
D/QuickSwitchPanel(  492): ImageView onMeasure
D/QuickSwitchPanel(  492): ImageView onMeasure
D/gralloc.mali(   82): fps = 30.387774
D/QuickSwitchPanel(  492): ImageView onLayout
I/SurfaceTexture(   82): [StatusBarExpanded] connect: api=2 mConnectedApi =0
E/TD-SCDMA(  607): [TDUSIMFileHandler] EVENT_GET_BINARY_SIZE_DONE iccException
I/gralloc.mali(   82): ump alloc addr 422c8000 ====================================
I/ContactsProvider(  623): delete 0 duplicated photo 
I/AdnRecord(  607): parseRecord number is empty length255
I/gralloc.mali(   82): ump alloc addr 424b2000 ====================================
E/TD-SCDMA(  607): [TDUSIMFileHandler] EVENT_GET_BINARY_SIZE_DONE iccException
I/ContactsProvider(  623): start to init yellow page data.
I/ContactsProvider(  623): yellow pages is already initialized, return.
D/dalvikvm(  843): DexOpt: load 46ms, verify+opt 1209ms
D/TD-SCDMA(  607): [TDUSIMFileHandler] EVENT_GET_RECORD_SIZE_DONE
E/TD-SCDMA(  607): [TDUSIMFileHandler] EVENT_GET_RECORD_SIZE_DONE iccException
D/dalvikvm(  639): GC_CONCURRENT freed 1106K, 20% free 6103K/7555K, paused 2ms+15ms
D/MccTable(  607): updateMccMncConfiguration: mcc=460, mnc=0
D/MccTable(  607): locale set to zh_cn
D/MccTable(  607): WIFI_COUNTRY_CODE set to cn
D/StateMachine(  273): handleMessage: E msg.what=131152
D/StateMachine(  273): processMsg: DisconnectedState
D/WifiStateMachine(  273): DisconnectedState{ what=131152 when=-1ms obj=cn }
D/StateMachine(  273): processMsg: ConnectModeState
D/WifiStateMachine(  273): ConnectModeState{ what=131152 when=-1ms obj=cn }
D/StateMachine(  273): processMsg: DriverStartedState
D/WifiStateMachine(  273): DriverStartedState{ what=131152 when=-1ms obj=cn }
D/WifiStateMachine(  273): set country code cn
I/WifiService(  273): WifiService trying to set country code to cn with persist set to true
D/dalvikvm(  492): GC_CONCURRENT freed 3958K, 49% free 6194K/12099K, paused 2ms+11ms
I/ActivityManager(  273): Config changed: {1.0 460mcc0mnc zh_CN layoutdir=0 sw320dp w320dp h508dp nrml long port finger -keyb/v/h -nav/h s.4 themeChanged=0}
I/PowerManagerService(  273): mLocks 0268435482keyguard
D/PowerManagerService(  273): releaseWakeLock flags=0x1 tag=RILJ
D/wpa_supplicant(  481): wpa_driver_nl80211_driver_cmd  len = 0, 0
D/wpa_supplicant(  481): wpa_supplicant_ctrl_iface_process: p2p_flag = 0
D/StateMachine(  273): handleMessage: X
D/TD      (  607): requesting call forwarding query.
I/PowerManagerService(  273): mLocks 0268435482keyguard
D/PowerManagerService(  273): acquireWakeLock flags=0x1 tag=RILJ
D/TD      (  607): VideoCT: IDLE CT: IDLE
D/TD      (  607): VideoCT: IDLE CT: IDLE
D/TD      (  607): VideoCT: IDLE CT: IDLE
D/dalvikvm(  674): DexOpt: --- END 'plugin-deploy.jar' (success) ---
D/dalvikvm(  674): DEX prep '/data/data/com.baidu.antitheft/app_push_lib/plugin-deploy.jar': unzip in 23ms, rewrite 1907ms
D/TD      (  607): VideoCT: IDLE CT: IDLE
D/BaiduAntiTheft(  674): DatabaseOperator :  created
D/BaiduAntiTheft(  674): StorageManager :  created
D/StatusBar-TrafficView(  492): has icc card = true
D/TD      (  607): VideoCT: IDLE CT: IDLE
D/ContactsApplication(  777): MmsSimStateReceiver received intent: android.intent.action.SIM_STATE_CHANGED
D/TD      (  607): VideoCT: IDLE CT: IDLE
D/SPRDENG (  186): eng_atauto_thread: At Auto Report
D/SPRDENG (  186): eng_atauto_thread: eng_atautobuf=
D/SPRDENG (  186): +CGREG: 1,"E728","0000BCA4",4
D/SPRDENG (  186): 
D/SPRDENG (  186): +CREG: 1,"E728","0000BCA4",4
D/SPRDENG (  186): ; usb_fd=18
D/SPRDENG (  186): eng_atcali_hdlr: 
D/SPRDENG (  186): +CGREG: 1,"E728","0000BCA4",4
D/SPRDENG (  186): 
D/SPRDENG (  186): +CREG: 1,"E728","0000BCA4",4
D/SPRDENG (  186): eng_atauto_thread: j=-1
D/SPRDENG (  186): eng_atauto_thread: CONFIGURED
D/SPRDENG (  186): eng_atauto_thread: usb_status=1
D/SPRDENG (  186): eng_atauto_thread: write at auto report to PC
D/TD      (  607): VideoCT: IDLE CT: IDLE
D/TD      (  607): VideoCT: IDLE CT: IDLE
D/TD      (  607): VideoCT: IDLE CT: IDLE
D/TD      (  607): VideoCT: IDLE CT: IDLE
D/dalvikvm(  777): GC_CONCURRENT freed 324K, 19% free 3240K/3971K, paused 2ms+2ms
D/TD      (  607): VideoCT: IDLE CT: IDLE
D/zhaishaohua(  607): setupDataOnReadyApns
D/zhaishaohua(  607): setupDataOnReadyApns apnContext.getState() = IDLE  apnContext.isReady()false  type = dm
D/zhaishaohua(  607): setupDataOnReadyApns apnContext.getState() = IDLE  apnContext.isReady()false  type = wap
D/zhaishaohua(  607): setupDataOnReadyApns apnContext.getState() = IDLE  apnContext.isReady()false  type = fota
D/zhaishaohua(  607): setupDataOnReadyApns apnContext.getState() = IDLE  apnContext.isReady()false  type = supl
D/zhaishaohua(  607): setupDataOnReadyApns apnContext.getState() = IDLE  apnContext.isReady()false  type = hipri
D/zhaishaohua(  607): setupDataOnReadyApns apnContext.getState() = IDLE  apnContext.isReady()false  type = ims
D/zhaishaohua(  607): setupDataOnReadyApns apnContext.getState() = IDLE  apnContext.isReady()true  type = default
D/TD      (  607): VideoCT: IDLE CT: IDLE
D/TD      (  607): VideoCT: IDLE CT: IDLE
D/TD      (  607): VideoCT: IDLE CT: IDLE
D/ConnectivityService(  273): getMobileDataEnabled[0] returning false
I/SimManagerService(  273): ACTION_SIM_STATE_CHANGED:phoneId=0, state=LOADED
I/SimManagerService(  273): onReceive:android.intent.action.SIM_STATE_CHANGED
I/SimManagerService(  273): phoneId=0
D/MobileDataStateTracker(  273): wap(mobile1_wap): [1]receive ACTION_ANY_DATA_CONNECTION_STATE_CHANGED with unaccept phoneid:0
D/MobileDataStateTracker(  273): wap(mobile_wap): [2]receive ACTION_ANY_DATA_CONNECTION_STATE_CHANGED with unaccept phoneid:0
D/MobileDataStateTracker(  273): dm(mobile1_dm): [1]receive ACTION_ANY_DATA_CONNECTION_STATE_CHANGED with unaccept phoneid:0
D/MobileDataStateTracker(  273): hipri(mobile1_hipri): [1]receive ACTION_ANY_DATA_CONNECTION_STATE_CHANGED with unaccept phoneid:0
D/MobileDataStateTracker(  273): dm(mobile_dm): [2]receive ACTION_ANY_DATA_CONNECTION_STATE_CHANGED with unaccept phoneid:0
D/MobileDataStateTracker(  273): hipri(mobile_hipri): [2]receive ACTION_ANY_DATA_CONNECTION_STATE_CHANGED with unaccept phoneid:0
D/MobileDataStateTracker(  273): cbs(mobile1_cbs): [1]receive ACTION_ANY_DATA_CONNECTION_STATE_CHANGED with unaccept phoneid:0
D/MobileDataStateTracker(  273): ims(mobile1_ims): [1]receive ACTION_ANY_DATA_CONNECTION_STATE_CHANGED with unaccept phoneid:0
D/MobileDataStateTracker(  273): fota(mobile1_fota): [1]receive ACTION_ANY_DATA_CONNECTION_STATE_CHANGED with unaccept phoneid:0
D/MobileDataStateTracker(  273): supl(mobile1_supl): [1]receive ACTION_ANY_DATA_CONNECTION_STATE_CHANGED with unaccept phoneid:0
D/MobileDataStateTracker(  273): mms(mobile1_mms): [1]receive ACTION_ANY_DATA_CONNECTION_STATE_CHANGED with unaccept phoneid:0
D/MobileDataStateTracker(  273): cbs(mobile_cbs): [2]receive ACTION_ANY_DATA_CONNECTION_STATE_CHANGED with unaccept phoneid:0
D/MobileDataStateTracker(  273): ims(mobile_ims): [2]receive ACTION_ANY_DATA_CONNECTION_STATE_CHANGED with unaccept phoneid:0
D/MobileDataStateTracker(  273): fota(mobile_fota): [2]receive ACTION_ANY_DATA_CONNECTION_STATE_CHANGED with unaccept phoneid:0
D/MobileDataStateTracker(  273): supl(mobile_supl): [2]receive ACTION_ANY_DATA_CONNECTION_STATE_CHANGED with unaccept phoneid:0
D/MobileDataStateTracker(  273): mms(mobile_mms): [2]receive ACTION_ANY_DATA_CONNECTION_STATE_CHANGED with unaccept phoneid:0
D/MobileDataStateTracker(  273): default(mobile): [1]receive ACTION_ANY_DATA_CONNECTION_STATE_CHANGED with unaccept phoneid:0
D/MobileDataStateTracker(  273): default(mobile): default setting isAvailable to false
D/MobileDataStateTracker(  273): default(mobile): Received state=DISCONNECTED, old=DISCONNECTED, reason=nwTypeChanged
D/MobileDataStateTracker(  273): default(mobile): [2]receive ACTION_ANY_DATA_CONNECTION_STATE_CHANGED with unaccept phoneid:0
I/Mms/SimPara(  777): sim para dump: ===================>
I/Mms/SimPara(  777):     mSimCount = 1
I/Mms/SimPara(  777):     mPreferredSmsSlot = -1
I/Mms/SimPara(  777):     mPreferredVoiceSlot = -1
I/Mms/SimPara(  777):     mSimList: []
D/AccountTypeManager(  777): onReceive, sim state=LOADED sendMessage=true
I/SimManagerService(  273): slot 0 has no card
D/MobileDataStateTracker(  273): wap(mobile1_wap): [1]receive ACTION_ANY_DATA_CONNECTION_STATE_CHANGED with unaccept phoneid:0
D/MobileDataStateTracker(  273): wap(mobile_wap): [2]receive ACTION_ANY_DATA_CONNECTION_STATE_CHANGED with unaccept phoneid:0
D/MobileDataStateTracker(  273): dm(mobile1_dm): [1]receive ACTION_ANY_DATA_CONNECTION_STATE_CHANGED with unaccept phoneid:0
D/MobileDataStateTracker(  273): hipri(mobile1_hipri): [1]receive ACTION_ANY_DATA_CONNECTION_STATE_CHANGED with unaccept phoneid:0
D/MobileDataStateTracker(  273): dm(mobile0_dm): dm setting isAvailable to true
D/dalvikvm(  639): GC_FOR_ALLOC freed 606K, 20% free 6230K/7747K, paused 114ms
D/SPRDENG (  186): eng_atauto_thread: At Auto Report
D/SPRDENG (  186): eng_atauto_thread: eng_atautobuf=
D/SPRDENG (  186): +CSQ: 12,99
D/SPRDENG (  186): ; usb_fd=18
D/SPRDENG (  186): eng_atcali_hdlr: 
D/SPRDENG (  186): +CSQ: 12,99
D/SPRDENG (  186): eng_atauto_thread: j=-1
D/SPRDENG (  186): eng_atauto_thread: CONFIGURED
D/SPRDENG (  186): eng_atauto_thread: usb_status=1
D/SPRDENG (  186): eng_atauto_thread: write at auto report to PC
D/MobileDataStateTracker(  273): dm(mobile0_dm): Received state=DISCONNECTED, old=DISCONNECTED, reason=dataAttached
D/MobileDataStateTracker(  273): dm(mobile_dm): [2]receive ACTION_ANY_DATA_CONNECTION_STATE_CHANGED with unaccept phoneid:0
D/MobileDataStateTracker(  273): hipri(mobile_hipri): [2]receive ACTION_ANY_DATA_CONNECTION_STATE_CHANGED with unaccept phoneid:0
D/MobileDataStateTracker(  273): cbs(mobile1_cbs): [1]receive ACTION_ANY_DATA_CONNECTION_STATE_CHANGED with unaccept phoneid:0
D/MobileDataStateTracker(  273): ims(mobile1_ims): [1]receive ACTION_ANY_DATA_CONNECTION_STATE_CHANGED with unaccept phoneid:0
D/MobileDataStateTracker(  273): fota(mobile1_fota): [1]receive ACTION_ANY_DATA_CONNECTION_STATE_CHANGED with unaccept phoneid:0
D/MobileDataStateTracker(  273): supl(mobile1_supl): [1]receive ACTION_ANY_DATA_CONNECTION_STATE_CHANGED with unaccept phoneid:0
D/MobileDataStateTracker(  273): mms(mobile1_mms): [1]receive ACTION_ANY_DATA_CONNECTION_STATE_CHANGED with unaccept phoneid:0
D/MobileDataStateTracker(  273): cbs(mobile_cbs): [2]receive ACTION_ANY_DATA_CONNECTION_STATE_CHANGED with unaccept phoneid:0
D/MobileDataStateTracker(  273): ims(mobile_ims): [2]receive ACTION_ANY_DATA_CONNECTION_STATE_CHANGED with unaccept phoneid:0
D/MobileDataStateTracker(  273): fota(mobile_fota): [2]receive ACTION_ANY_DATA_CONNECTION_STATE_CHANGED with unaccept phoneid:0
D/MobileDataStateTracker(  273): supl(mobile_supl): [2]receive ACTION_ANY_DATA_CONNECTION_STATE_CHANGED with unaccept phoneid:0
D/MobileDataStateTracker(  273): mms(mobile_mms): [2]receive ACTION_ANY_DATA_CONNECTION_STATE_CHANGED with unaccept phoneid:0
D/MobileDataStateTracker(  273): default(mobile): [1]receive ACTION_ANY_DATA_CONNECTION_STATE_CHANGED with unaccept phoneid:0
D/MobileDataStateTracker(  273): default(mobile): [2]receive ACTION_ANY_DATA_CONNECTION_STATE_CHANGED with unaccept phoneid:0
D/MobileDataStateTracker(  273): wap(mobile1_wap): [1]receive ACTION_ANY_DATA_CONNECTION_STATE_CHANGED with unaccept phoneid:0
D/MobileDataStateTracker(  273): wap(mobile0_wap): wap setting isAvailable to true
I/System.out(  674): iobridge available0FileDescriptor[58]
I/System.out(  674): iobridge available0FileDescriptor[58]
I/System.out(  674): iobridge available0FileDescriptor[58]
D/TD      (  607): VideoCT: IDLE CT: IDLE
D/MobileDataStateTracker(  273): wap(mobile0_wap): Received state=DISCONNECTED, old=DISCONNECTED, reason=dataAttached
D/MobileDataStateTracker(  273): wap(mobile_wap): [2]receive ACTION_ANY_DATA_CONNECTION_STATE_CHANGED with unaccept phoneid:0
D/MobileDataStateTracker(  273): dm(mobile1_dm): [1]receive ACTION_ANY_DATA_CONNECTION_STATE_CHANGED with unaccept phoneid:0
D/MobileDataStateTracker(  273): hipri(mobile1_hipri): [1]receive ACTION_ANY_DATA_CONNECTION_STATE_CHANGED with unaccept phoneid:0
D/MobileDataStateTracker(  273): dm(mobile_dm): [2]receive ACTION_ANY_DATA_CONNECTION_STATE_CHANGED with unaccept phoneid:0
D/MobileDataStateTracker(  273): hipri(mobile_hipri): [2]receive ACTION_ANY_DATA_CONNECTION_STATE_CHANGED with unaccept phoneid:0
D/MobileDataStateTracker(  273): cbs(mobile1_cbs): [1]receive ACTION_ANY_DATA_CONNECTION_STATE_CHANGED with unaccept phoneid:0
D/MobileDataStateTracker(  273): ims(mobile1_ims): [1]receive ACTION_ANY_DATA_CONNECTION_STATE_CHANGED with unaccept phoneid:0
D/MobileDataStateTracker(  273): fota(mobile1_fota): [1]receive ACTION_ANY_DATA_CONNECTION_STATE_CHANGED with unaccept phoneid:0
D/BaiduAntiTheft(  674): com.baidu.antitheft.uploadtask.SecurityUploadCmdThread : In canUploadData(), no available Network.
D/BaiduAntiTheft(  674): com.baidu.antitheft.uploadtask.SecurityUploadCmdThread : second < 0, can not upload now, so enter wait()...
D/TD      (  607): VideoCT: IDLE CT: IDLE
D/MobileDataStateTracker(  273): supl(mobile1_supl): [1]receive ACTION_ANY_DATA_CONNECTION_STATE_CHANGED with unaccept phoneid:0
D/MobileDataStateTracker(  273): mms(mobile1_mms): [1]receive ACTION_ANY_DATA_CONNECTION_STATE_CHANGED with unaccept phoneid:0
D/MobileDataStateTracker(  273): cbs(mobile_cbs): [2]receive ACTION_ANY_DATA_CONNECTION_STATE_CHANGED with unaccept phoneid:0
D/MobileDataStateTracker(  273): ims(mobile_ims): [2]receive ACTION_ANY_DATA_CONNECTION_STATE_CHANGED with unaccept phoneid:0
D/MobileDataStateTracker(  273): fota(mobile_fota): [2]receive ACTION_ANY_DATA_CONNECTION_STATE_CHANGED with unaccept phoneid:0
D/MobileDataStateTracker(  273): supl(mobile_supl): [2]receive ACTION_ANY_DATA_CONNECTION_STATE_CHANGED with unaccept phoneid:0
D/MobileDataStateTracker(  273): mms(mobile_mms): [2]receive ACTION_ANY_DATA_CONNECTION_STATE_CHANGED with unaccept phoneid:0
D/MobileDataStateTracker(  273): default(mobile): [1]receive ACTION_ANY_DATA_CONNECTION_STATE_CHANGED with unaccept phoneid:0
D/MobileDataStateTracker(  273): default(mobile): [2]receive ACTION_ANY_DATA_CONNECTION_STATE_CHANGED with unaccept phoneid:0
D/MobileDataStateTracker(  273): wap(mobile1_wap): [1]receive ACTION_ANY_DATA_CONNECTION_STATE_CHANGED with unaccept phoneid:0
D/MobileDataStateTracker(  273): wap(mobile_wap): [2]receive ACTION_ANY_DATA_CONNECTION_STATE_CHANGED with unaccept phoneid:0
D/MobileDataStateTracker(  273): dm(mobile1_dm): [1]receive ACTION_ANY_DATA_CONNECTION_STATE_CHANGED with unaccept phoneid:0
D/MobileDataStateTracker(  273): hipri(mobile1_hipri): [1]receive ACTION_ANY_DATA_CONNECTION_STATE_CHANGED with unaccept phoneid:0
D/MobileDataStateTracker(  273): dm(mobile_dm): [2]receive ACTION_ANY_DATA_CONNECTION_STATE_CHANGED with unaccept phoneid:0
D/MobileDataStateTracker(  273): hipri(mobile_hipri): [2]receive ACTION_ANY_DATA_CONNECTION_STATE_CHANGED with unaccept phoneid:0
D/MobileDataStateTracker(  273): cbs(mobile1_cbs): [1]receive ACTION_ANY_DATA_CONNECTION_STATE_CHANGED with unaccept phoneid:0
D/MobileDataStateTracker(  273): ims(mobile1_ims): [1]receive ACTION_ANY_DATA_CONNECTION_STATE_CHANGED with unaccept phoneid:0
D/MobileDataStateTracker(  273): fota(mobile1_fota): [1]receive ACTION_ANY_DATA_CONNECTION_STATE_CHANGED with unaccept phoneid:0
D/MobileDataStateTracker(  273): supl(mobile1_supl): [1]receive ACTION_ANY_DATA_CONNECTION_STATE_CHANGED with unaccept phoneid:0
D/MobileDataStateTracker(  273): mms(mobile1_mms): [1]receive ACTION_ANY_DATA_CONNECTION_STATE_CHANGED with unaccept phoneid:0
D/MobileDataStateTracker(  273): fota(mobile0_fota): fota setting isAvailable to true
D/ConnectivityService(  273): getMobileDataEnabled[0] returning false
D/BaiduAntiTheft(  674): DSApplication : DSApplication onCreate!!!
D/BaiduAntiTheft(  674): DSApplication : Create mHandlerThread!!!!
D/BaiduAntiTheft(  674): FindMeUploadThread : In canUploadData(), no available Network.
D/BaiduAntiTheft(  674): FindMeUploadThread : second < 0, can not upload now, so enter wait()...
D/TD      (  607): VideoCT: IDLE CT: IDLE
D/TD      (  607): VideoCT: IDLE CT: IDLE
D/BaiduAntiTheft(  674): com.baidu.antitheft.adapter.DeviceinfoHelper : getIMEI():862576025154242
D/BaiduAntiTheft(  674): WorkHandler : getting imei : 862576025154242
D/BaiduAntiTheft(  674): com.baidu.antitheft.receiver.DSDeviceAdminReceiver : onReceive, action = android.intent.action.SIM_STATE_CHANGED
D/BaiduAntiTheft(  674): com.baidu.antitheft.receiver.DSDeviceAdminReceiver : sim is changed!
D/BaiduAntiTheft(  674): com.baidu.antitheft.receiver.DSDeviceAdminReceiver : sim state: NOT_READY
D/MobileDataStateTracker(  273): fota(mobile0_fota): Received state=DISCONNECTED, old=DISCONNECTED, reason=dataAttached
D/MobileDataStateTracker(  273): cbs(mobile_cbs): [2]receive ACTION_ANY_DATA_CONNECTION_STATE_CHANGED with unaccept phoneid:0
D/MobileDataStateTracker(  273): ims(mobile_ims): [2]receive ACTION_ANY_DATA_CONNECTION_STATE_CHANGED with unaccept phoneid:0
D/MobileDataStateTracker(  273): fota(mobile_fota): [2]receive ACTION_ANY_DATA_CONNECTION_STATE_CHANGED with unaccept phoneid:0
D/MobileDataStateTracker(  273): supl(mobile_supl): [2]receive ACTION_ANY_DATA_CONNECTION_STATE_CHANGED with unaccept phoneid:0
D/TD      (  607): VideoCT: IDLE CT: IDLE
D/MobileDataStateTracker(  273): mms(mobile_mms): [2]receive ACTION_ANY_DATA_CONNECTION_STATE_CHANGED with unaccept phoneid:0
D/MobileDataStateTracker(  273): default(mobile): [1]receive ACTION_ANY_DATA_CONNECTION_STATE_CHANGED with unaccept phoneid:0
D/MobileDataStateTracker(  273): default(mobile): [2]receive ACTION_ANY_DATA_CONNECTION_STATE_CHANGED with unaccept phoneid:0
D/MobileDataStateTracker(  273): wap(mobile1_wap): [1]receive ACTION_ANY_DATA_CONNECTION_STATE_CHANGED with unaccept phoneid:0
D/MobileDataStateTracker(  273): wap(mobile_wap): [2]receive ACTION_ANY_DATA_CONNECTION_STATE_CHANGED with unaccept phoneid:0
D/MobileDataStateTracker(  273): dm(mobile1_dm): [1]receive ACTION_ANY_DATA_CONNECTION_STATE_CHANGED with unaccept phoneid:0
D/MobileDataStateTracker(  273): hipri(mobile1_hipri): [1]receive ACTION_ANY_DATA_CONNECTION_STATE_CHANGED with unaccept phoneid:0
D/MobileDataStateTracker(  273): dm(mobile_dm): [2]receive ACTION_ANY_DATA_CONNECTION_STATE_CHANGED with unaccept phoneid:0
D/MobileDataStateTracker(  273): hipri(mobile_hipri): [2]receive ACTION_ANY_DATA_CONNECTION_STATE_CHANGED with unaccept phoneid:0
D/MobileDataStateTracker(  273): cbs(mobile1_cbs): [1]receive ACTION_ANY_DATA_CONNECTION_STATE_CHANGED with unaccept phoneid:0
D/MobileDataStateTracker(  273): ims(mobile1_ims): [1]receive ACTION_ANY_DATA_CONNECTION_STATE_CHANGED with unaccept phoneid:0
D/MobileDataStateTracker(  273): fota(mobile1_fota): [1]receive ACTION_ANY_DATA_CONNECTION_STATE_CHANGED with unaccept phoneid:0
D/MobileDataStateTracker(  273): supl(mobile1_supl): [1]receive ACTION_ANY_DATA_CONNECTION_STATE_CHANGED with unaccept phoneid:0
D/MobileDataStateTracker(  273): mms(mobile1_mms): [1]receive ACTION_ANY_DATA_CONNECTION_STATE_CHANGED with unaccept phoneid:0
D/MobileDataStateTracker(  273): supl(mobile0_supl): supl setting isAvailable to true
D/FlashOnCallReceiver(  758): receive action android.intent.action.PHONE_STATE
D/FlashOnCallReceiver(  758): not support flash, return
D/TD      (  607): VideoCT: IDLE CT: IDLE
D/MobileDataStateTracker(  273): supl(mobile0_supl): Received state=DISCONNECTED, old=DISCONNECTED, reason=dataAttached
D/MobileDataStateTracker(  273): cbs(mobile_cbs): [2]receive ACTION_ANY_DATA_CONNECTION_STATE_CHANGED with unaccept phoneid:0
D/MobileDataStateTracker(  273): ims(mobile_ims): [2]receive ACTION_ANY_DATA_CONNECTION_STATE_CHANGED with unaccept phoneid:0
D/MobileDataStateTracker(  273): fota(mobile_fota): [2]receive ACTION_ANY_DATA_CONNECTION_STATE_CHANGED with unaccept phoneid:0
D/MobileDataStateTracker(  273): supl(mobile_supl): [2]receive ACTION_ANY_DATA_CONNECTION_STATE_CHANGED with unaccept phoneid:0
D/MobileDataStateTracker(  273): mms(mobile_mms): [2]receive ACTION_ANY_DATA_CONNECTION_STATE_CHANGED with unaccept phoneid:0
D/MobileDataStateTracker(  273): default(mobile): [1]receive ACTION_ANY_DATA_CONNECTION_STATE_CHANGED with unaccept phoneid:0
D/MobileDataStateTracker(  273): default(mobile): [2]receive ACTION_ANY_DATA_CONNECTION_STATE_CHANGED with unaccept phoneid:0
D/MobileDataStateTracker(  273): wap(mobile1_wap): [1]receive ACTION_ANY_DATA_CONNECTION_STATE_CHANGED with unaccept phoneid:0
I/System.out(  492): iobridge available1025FileDescriptor[83]
I/System.out(  492): iobridge available0FileDescriptor[83]
D/MobileDataStateTracker(  273): wap(mobile_wap): [2]receive ACTION_ANY_DATA_CONNECTION_STATE_CHANGED with unaccept phoneid:0
D/MobileDataStateTracker(  273): dm(mobile1_dm): [1]receive ACTION_ANY_DATA_CONNECTION_STATE_CHANGED with unaccept phoneid:0
D/MobileDataStateTracker(  273): hipri(mobile1_hipri): [1]receive ACTION_ANY_DATA_CONNECTION_STATE_CHANGED with unaccept phoneid:0
D/MobileDataStateTracker(  273): hipri(mobile0_hipri): hipri setting isAvailable to true
D/MobileDataStateTracker(  273): hipri(mobile0_hipri): Received state=DISCONNECTED, old=DISCONNECTED, reason=dataAttached
D/MobileDataStateTracker(  273): dm(mobile_dm): [2]receive ACTION_ANY_DATA_CONNECTION_STATE_CHANGED with unaccept phoneid:0
D/MobileDataStateTracker(  273): hipri(mobile_hipri): [2]receive ACTION_ANY_DATA_CONNECTION_STATE_CHANGED with unaccept phoneid:0
D/MobileDataStateTracker(  273): cbs(mobile1_cbs): [1]receive ACTION_ANY_DATA_CONNECTION_STATE_CHANGED with unaccept phoneid:0
D/MobileDataStateTracker(  273): ims(mobile1_ims): [1]receive ACTION_ANY_DATA_CONNECTION_STATE_CHANGED with unaccept phoneid:0
D/MobileDataStateTracker(  273): fota(mobile1_fota): [1]receive ACTION_ANY_DATA_CONNECTION_STATE_CHANGED with unaccept phoneid:0
D/MobileDataStateTracker(  273): supl(mobile1_supl): [1]receive ACTION_ANY_DATA_CONNECTION_STATE_CHANGED with unaccept phoneid:0
D/MobileDataStateTracker(  273): mms(mobile1_mms): [1]receive ACTION_ANY_DATA_CONNECTION_STATE_CHANGED with unaccept phoneid:0
D/MobileDataStateTracker(  273): cbs(mobile_cbs): [2]receive ACTION_ANY_DATA_CONNECTION_STATE_CHANGED with unaccept phoneid:0
D/MobileDataStateTracker(  273): ims(mobile_ims): [2]receive ACTION_ANY_DATA_CONNECTION_STATE_CHANGED with unaccept phoneid:0
D/MobileDataStateTracker(  273): fota(mobile_fota): [2]receive ACTION_ANY_DATA_CONNECTION_STATE_CHANGED with unaccept phoneid:0
D/MobileDataStateTracker(  273): supl(mobile_supl): [2]receive ACTION_ANY_DATA_CONNECTION_STATE_CHANGED with unaccept phoneid:0
D/MobileDataStateTracker(  273): mms(mobile_mms): [2]receive ACTION_ANY_DATA_CONNECTION_STATE_CHANGED with unaccept phoneid:0
D/zhaishaohua(  607): setupDataOnReadyApns apnContext.getState() = IDLE  apnContext.isReady()false  type = mms
D/zhaishaohua(  607): setupDataOnReadyApns apnContext.getState() = IDLE  apnContext.isReady()false  type = cbs
D/MobileDataStateTracker(  273): default(mobile): [1]receive ACTION_ANY_DATA_CONNECTION_STATE_CHANGED with unaccept phoneid:0
D/MobileDataStateTracker(  273): default(mobile): [2]receive ACTION_ANY_DATA_CONNECTION_STATE_CHANGED with unaccept phoneid:0
D/MobileDataStateTracker(  273): wap(mobile1_wap): [1]receive ACTION_ANY_DATA_CONNECTION_STATE_CHANGED with unaccept phoneid:0
D/MobileDataStateTracker(  273): wap(mobile_wap): [2]receive ACTION_ANY_DATA_CONNECTION_STATE_CHANGED with unaccept phoneid:0
D/MobileDataStateTracker(  273): dm(mobile1_dm): [1]receive ACTION_ANY_DATA_CONNECTION_STATE_CHANGED with unaccept phoneid:0
D/MobileDataStateTracker(  273): hipri(mobile1_hipri): [1]receive ACTION_ANY_DATA_CONNECTION_STATE_CHANGED with unaccept phoneid:0
D/MobileDataStateTracker(  273): dm(mobile_dm): [2]receive ACTION_ANY_DATA_CONNECTION_STATE_CHANGED with unaccept phoneid:0
D/MobileDataStateTracker(  273): hipri(mobile_hipri): [2]receive ACTION_ANY_DATA_CONNECTION_STATE_CHANGED with unaccept phoneid:0
D/MobileDataStateTracker(  273): cbs(mobile1_cbs): [1]receive ACTION_ANY_DATA_CONNECTION_STATE_CHANGED with unaccept phoneid:0
D/MobileDataStateTracker(  273): ims(mobile1_ims): [1]receive ACTION_ANY_DATA_CONNECTION_STATE_CHANGED with unaccept phoneid:0
I/SimReceiver(  777): onReceive action=android.intent.action.SIM_STATE_CHANGED
I/SimReceiver(  777): onReceive state=LOADED slotId=0
D/MobileDataStateTracker(  273): fota(mobile1_fota): [1]receive ACTION_ANY_DATA_CONNECTION_STATE_CHANGED with unaccept phoneid:0
D/MobileDataStateTracker(  273): supl(mobile1_supl): [1]receive ACTION_ANY_DATA_CONNECTION_STATE_CHANGED with unaccept phoneid:0
D/MobileDataStateTracker(  273): mms(mobile1_mms): [1]receive ACTION_ANY_DATA_CONNECTION_STATE_CHANGED with unaccept phoneid:0
D/MobileDataStateTracker(  273): ims(mobile0_ims): ims setting isAvailable to true
D/MobileDataStateTracker(  273): ims(mobile0_ims): Received state=DISCONNECTED, old=DISCONNECTED, reason=dataAttached
D/MobileDataStateTracker(  273): cbs(mobile_cbs): [2]receive ACTION_ANY_DATA_CONNECTION_STATE_CHANGED with unaccept phoneid:0
D/MobileDataStateTracker(  273): ims(mobile_ims): [2]receive ACTION_ANY_DATA_CONNECTION_STATE_CHANGED with unaccept phoneid:0
D/MobileDataStateTracker(  273): fota(mobile_fota): [2]receive ACTION_ANY_DATA_CONNECTION_STATE_CHANGED with unaccept phoneid:0
D/MobileDataStateTracker(  273): supl(mobile_supl): [2]receive ACTION_ANY_DATA_CONNECTION_STATE_CHANGED with unaccept phoneid:0
D/MobileDataStateTracker(  273): mms(mobile_mms): [2]receive ACTION_ANY_DATA_CONNECTION_STATE_CHANGED with unaccept phoneid:0
D/ConnectivityService(  273): getMobileDataEnabled[0] returning false
D/MobileDataStateTracker(  273): default(mobile): [1]receive ACTION_ANY_DATA_CONNECTION_STATE_CHANGED with unaccept phoneid:0
D/MobileDataStateTracker(  273): default(mobile): [2]receive ACTION_ANY_DATA_CONNECTION_STATE_CHANGED with unaccept phoneid:0
D/MobileDataStateTracker(  273): wap(mobile1_wap): [1]receive ACTION_ANY_DATA_CONNECTION_STATE_CHANGED with unaccept phoneid:0
D/MobileDataStateTracker(  273): wap(mobile_wap): [2]receive ACTION_ANY_DATA_CONNECTION_STATE_CHANGED with unaccept phoneid:0
D/MobileDataStateTracker(  273): dm(mobile1_dm): [1]receive ACTION_ANY_DATA_CONNECTION_STATE_CHANGED with unaccept phoneid:0
D/MobileDataStateTracker(  273): hipri(mobile1_hipri): [1]receive ACTION_ANY_DATA_CONNECTION_STATE_CHANGED with unaccept phoneid:0
D/MobileDataStateTracker(  273): dm(mobile_dm): [2]receive ACTION_ANY_DATA_CONNECTION_STATE_CHANGED with unaccept phoneid:0
D/MobileDataStateTracker(  273): hipri(mobile_hipri): [2]receive ACTION_ANY_DATA_CONNECTION_STATE_CHANGED with unaccept phoneid:0
D/MobileDataStateTracker(  273): cbs(mobile1_cbs): [1]receive ACTION_ANY_DATA_CONNECTION_STATE_CHANGED with unaccept phoneid:0
D/MobileDataStateTracker(  273): ims(mobile1_ims): [1]receive ACTION_ANY_DATA_CONNECTION_STATE_CHANGED with unaccept phoneid:0
D/MobileDataStateTracker(  273): fota(mobile1_fota): [1]receive ACTION_ANY_DATA_CONNECTION_STATE_CHANGED with unaccept phoneid:0
D/MobileDataStateTracker(  273): supl(mobile1_supl): [1]receive ACTION_ANY_DATA_CONNECTION_STATE_CHANGED with unaccept phoneid:0
D/MobileDataStateTracker(  273): mms(mobile1_mms): [1]receive ACTION_ANY_DATA_CONNECTION_STATE_CHANGED with unaccept phoneid:0
D/MobileDataStateTracker(  273): mms(mobile0_mms): mms setting isAvailable to true
I/System.out(  492): iobridge available0FileDescriptor[83]
I/System.out(  492): iobridge available0FileDescriptor[83]
D/BaiduAntiTheft(  674): com.baidu.antitheft.receiver.DSDeviceAdminReceiver : onReceive, action = android.intent.action.SIM_STATE_CHANGED
D/BaiduAntiTheft(  674): com.baidu.antitheft.receiver.DSDeviceAdminReceiver : sim is changed!
D/BaiduAntiTheft(  674): com.baidu.antitheft.receiver.DSDeviceAdminReceiver : sim state: LOADED
D/BaiduAntiTheft(  674): MyHandler : handleMessage, msg.what = 11, msg.arg1 = 0
D/BaiduAntiTheft(  674): DeviceManager : enter checkSimCard()
D/MobileDataStateTracker(  273): mms(mobile0_mms): Received state=DISCONNECTED, old=DISCONNECTED, reason=dataAttached
D/MobileDataStateTracker(  273): cbs(mobile_cbs): [2]receive ACTION_ANY_DATA_CONNECTION_STATE_CHANGED with unaccept phoneid:0
D/MobileDataStateTracker(  273): ims(mobile_ims): [2]receive ACTION_ANY_DATA_CONNECTION_STATE_CHANGED with unaccept phoneid:0
D/MobileDataStateTracker(  273): fota(mobile_fota): [2]receive ACTION_ANY_DATA_CONNECTION_STATE_CHANGED with unaccept phoneid:0
D/MobileDataStateTracker(  273): supl(mobile_supl): [2]receive ACTION_ANY_DATA_CONNECTION_STATE_CHANGED with unaccept phoneid:0
D/MobileDataStateTracker(  273): mms(mobile_mms): [2]receive ACTION_ANY_DATA_CONNECTION_STATE_CHANGED with unaccept phoneid:0
D/MobileDataStateTracker(  273): default(mobile): [1]receive ACTION_ANY_DATA_CONNECTION_STATE_CHANGED with unaccept phoneid:0
D/MobileDataStateTracker(  273): default(mobile): [2]receive ACTION_ANY_DATA_CONNECTION_STATE_CHANGED with unaccept phoneid:0
D/MobileDataStateTracker(  273): wap(mobile1_wap): [1]receive ACTION_ANY_DATA_CONNECTION_STATE_CHANGED with unaccept phoneid:0
D/MobileDataStateTracker(  273): wap(mobile_wap): [2]receive ACTION_ANY_DATA_CONNECTION_STATE_CHANGED with unaccept phoneid:0
D/MobileDataStateTracker(  273): dm(mobile1_dm): [1]receive ACTION_ANY_DATA_CONNECTION_STATE_CHANGED with unaccept phoneid:0
D/MobileDataStateTracker(  273): hipri(mobile1_hipri): [1]receive ACTION_ANY_DATA_CONNECTION_STATE_CHANGED with unaccept phoneid:0
D/MobileDataStateTracker(  273): dm(mobile_dm): [2]receive ACTION_ANY_DATA_CONNECTION_STATE_CHANGED with unaccept phoneid:0
D/MobileDataStateTracker(  273): hipri(mobile_hipri): [2]receive ACTION_ANY_DATA_CONNECTION_STATE_CHANGED with unaccept phoneid:0
D/MobileDataStateTracker(  273): cbs(mobile1_cbs): [1]receive ACTION_ANY_DATA_CONNECTION_STATE_CHANGED with unaccept phoneid:0
D/MobileDataStateTracker(  273): ims(mobile1_ims): [1]receive ACTION_ANY_DATA_CONNECTION_STATE_CHANGED with unaccept phoneid:0
D/MobileDataStateTracker(  273): fota(mobile1_fota): [1]receive ACTION_ANY_DATA_CONNECTION_STATE_CHANGED with unaccept phoneid:0
D/MobileDataStateTracker(  273): supl(mobile1_supl): [1]receive ACTION_ANY_DATA_CONNECTION_STATE_CHANGED with unaccept phoneid:0
D/MobileDataStateTracker(  273): mms(mobile1_mms): [1]receive ACTION_ANY_DATA_CONNECTION_STATE_CHANGED with unaccept phoneid:0
D/MobileDataStateTracker(  273): cbs(mobile0_cbs): cbs setting isAvailable to true
D/MobileDataStateTracker(  273): cbs(mobile0_cbs): Received state=DISCONNECTED, old=DISCONNECTED, reason=dataAttached
D/MobileDataStateTracker(  273): cbs(mobile_cbs): [2]receive ACTION_ANY_DATA_CONNECTION_STATE_CHANGED with unaccept phoneid:0
D/MobileDataStateTracker(  273): ims(mobile_ims): [2]receive ACTION_ANY_DATA_CONNECTION_STATE_CHANGED with unaccept phoneid:0
D/MobileDataStateTracker(  273): fota(mobile_fota): [2]receive ACTION_ANY_DATA_CONNECTION_STATE_CHANGED with unaccept phoneid:0
D/MobileDataStateTracker(  273): supl(mobile_supl): [2]receive ACTION_ANY_DATA_CONNECTION_STATE_CHANGED with unaccept phoneid:0
D/MobileDataStateTracker(  273): mms(mobile_mms): [2]receive ACTION_ANY_DATA_CONNECTION_STATE_CHANGED with unaccept phoneid:0
D/MobileDataStateTracker(  273): default(mobile): [1]receive ACTION_ANY_DATA_CONNECTION_STATE_CHANGED with unaccept phoneid:0
D/MobileDataStateTracker(  273): default(mobile): [2]receive ACTION_ANY_DATA_CONNECTION_STATE_CHANGED with unaccept phoneid:0
D/MobileDataStateTracker(  273): wap(mobile1_wap): [1]receive ACTION_ANY_DATA_CONNECTION_STATE_CHANGED with unaccept phoneid:0
D/MobileDataStateTracker(  273): wap(mobile_wap): [2]receive ACTION_ANY_DATA_CONNECTION_STATE_CHANGED with unaccept phoneid:0
D/MobileDataStateTracker(  273): dm(mobile1_dm): [1]receive ACTION_ANY_DATA_CONNECTION_STATE_CHANGED with unaccept phoneid:0
D/MobileDataStateTracker(  273): hipri(mobile1_hipri): [1]receive ACTION_ANY_DATA_CONNECTION_STATE_CHANGED with unaccept phoneid:0
D/MobileDataStateTracker(  273): dm(mobile0_dm): dm setting isAvailable to true
D/MobileDataStateTracker(  273): dm(mobile0_dm): Received state=DISCONNECTED, old=DISCONNECTED, reason=dataAttached
D/MobileDataStateTracker(  273): dm(mobile_dm): [2]receive ACTION_ANY_DATA_CONNECTION_STATE_CHANGED with unaccept phoneid:0
D/MobileDataStateTracker(  273): hipri(mobile_hipri): [2]receive ACTION_ANY_DATA_CONNECTION_STATE_CHANGED with unaccept phoneid:0
D/MobileDataStateTracker(  273): cbs(mobile1_cbs): [1]receive ACTION_ANY_DATA_CONNECTION_STATE_CHANGED with unaccept phoneid:0
D/MobileDataStateTracker(  273): ims(mobile1_ims): [1]receive ACTION_ANY_DATA_CONNECTION_STATE_CHANGED with unaccept phoneid:0
D/MobileDataStateTracker(  273): fota(mobile1_fota): [1]receive ACTION_ANY_DATA_CONNECTION_STATE_CHANGED with unaccept phoneid:0
D/MobileDataStateTracker(  273): supl(mobile1_supl): [1]receive ACTION_ANY_DATA_CONNECTION_STATE_CHANGED with unaccept phoneid:0
D/MobileDataStateTracker(  273): mms(mobile1_mms): [1]receive ACTION_ANY_DATA_CONNECTION_STATE_CHANGED with unaccept phoneid:0
D/MobileDataStateTracker(  273): cbs(mobile_cbs): [2]receive ACTION_ANY_DATA_CONNECTION_STATE_CHANGED with unaccept phoneid:0
D/MobileDataStateTracker(  273): ims(mobile_ims): [2]receive ACTION_ANY_DATA_CONNECTION_STATE_CHANGED with unaccept phoneid:0
D/MobileDataStateTracker(  273): fota(mobile_fota): [2]receive ACTION_ANY_DATA_CONNECTION_STATE_CHANGED with unaccept phoneid:0
D/MobileDataStateTracker(  273): supl(mobile_supl): [2]receive ACTION_ANY_DATA_CONNECTION_STATE_CHANGED with unaccept phoneid:0
D/MobileDataStateTracker(  273): mms(mobile_mms): [2]receive ACTION_ANY_DATA_CONNECTION_STATE_CHANGED with unaccept phoneid:0
D/MobileDataStateTracker(  273): default(mobile): [1]receive ACTION_ANY_DATA_CONNECTION_STATE_CHANGED with unaccept phoneid:0
D/MobileDataStateTracker(  273): default(mobile): [2]receive ACTION_ANY_DATA_CONNECTION_STATE_CHANGED with unaccept phoneid:0
D/MobileDataStateTracker(  273): wap(mobile1_wap): [1]receive ACTION_ANY_DATA_CONNECTION_STATE_CHANGED with unaccept phoneid:0
D/MobileDataStateTracker(  273): wap(mobile0_wap): wap setting isAvailable to true
D/MobileDataStateTracker(  273): wap(mobile0_wap): Received state=DISCONNECTED, old=DISCONNECTED, reason=dataAttached
D/MobileDataStateTracker(  273): wap(mobile_wap): [2]receive ACTION_ANY_DATA_CONNECTION_STATE_CHANGED with unaccept phoneid:0
D/MobileDataStateTracker(  273): dm(mobile1_dm): [1]receive ACTION_ANY_DATA_CONNECTION_STATE_CHANGED with unaccept phoneid:0
D/MobileDataStateTracker(  273): hipri(mobile1_hipri): [1]receive ACTION_ANY_DATA_CONNECTION_STATE_CHANGED with unaccept phoneid:0
D/MobileDataStateTracker(  273): dm(mobile_dm): [2]receive ACTION_ANY_DATA_CONNECTION_STATE_CHANGED with unaccept phoneid:0
D/MobileDataStateTracker(  273): hipri(mobile_hipri): [2]receive ACTION_ANY_DATA_CONNECTION_STATE_CHANGED with unaccept phoneid:0
D/MobileDataStateTracker(  273): cbs(mobile1_cbs): [1]receive ACTION_ANY_DATA_CONNECTION_STATE_CHANGED with unaccept phoneid:0
D/MobileDataStateTracker(  273): ims(mobile1_ims): [1]receive ACTION_ANY_DATA_CONNECTION_STATE_CHANGED with unaccept phoneid:0
D/MobileDataStateTracker(  273): fota(mobile1_fota): [1]receive ACTION_ANY_DATA_CONNECTION_STATE_CHANGED with unaccept phoneid:0
D/MobileDataStateTracker(  273): supl(mobile1_supl): [1]receive ACTION_ANY_DATA_CONNECTION_STATE_CHANGED with unaccept phoneid:0
D/MobileDataStateTracker(  273): mms(mobile1_mms): [1]receive ACTION_ANY_DATA_CONNECTION_STATE_CHANGED with unaccept phoneid:0
D/MobileDataStateTracker(  273): cbs(mobile_cbs): [2]receive ACTION_ANY_DATA_CONNECTION_STATE_CHANGED with unaccept phoneid:0
D/MobileDataStateTracker(  273): ims(mobile_ims): [2]receive ACTION_ANY_DATA_CONNECTION_STATE_CHANGED with unaccept phoneid:0
D/MobileDataStateTracker(  273): fota(mobile_fota): [2]receive ACTION_ANY_DATA_CONNECTION_STATE_CHANGED with unaccept phoneid:0
D/MobileDataStateTracker(  273): supl(mobile_supl): [2]receive ACTION_ANY_DATA_CONNECTION_STATE_CHANGED with unaccept phoneid:0
D/MobileDataStateTracker(  273): mms(mobile_mms): [2]receive ACTION_ANY_DATA_CONNECTION_STATE_CHANGED with unaccept phoneid:0
D/MobileDataStateTracker(  273): default(mobile): [1]receive ACTION_ANY_DATA_CONNECTION_STATE_CHANGED with unaccept phoneid:0
D/MobileDataStateTracker(  273): default(mobile): [2]receive ACTION_ANY_DATA_CONNECTION_STATE_CHANGED with unaccept phoneid:0
D/MobileDataStateTracker(  273): wap(mobile1_wap): [1]receive ACTION_ANY_DATA_CONNECTION_STATE_CHANGED with unaccept phoneid:0
D/MobileDataStateTracker(  273): wap(mobile_wap): [2]receive ACTION_ANY_DATA_CONNECTION_STATE_CHANGED with unaccept phoneid:0
D/MobileDataStateTracker(  273): dm(mobile1_dm): [1]receive ACTION_ANY_DATA_CONNECTION_STATE_CHANGED with unaccept phoneid:0
D/MobileDataStateTracker(  273): hipri(mobile1_hipri): [1]receive ACTION_ANY_DATA_CONNECTION_STATE_CHANGED with unaccept phoneid:0
D/MobileDataStateTracker(  273): dm(mobile_dm): [2]receive ACTION_ANY_DATA_CONNECTION_STATE_CHANGED with unaccept phoneid:0
D/MobileDataStateTracker(  273): hipri(mobile_hipri): [2]receive ACTION_ANY_DATA_CONNECTION_STATE_CHANGED with unaccept phoneid:0
D/MobileDataStateTracker(  273): cbs(mobile1_cbs): [1]receive ACTION_ANY_DATA_CONNECTION_STATE_CHANGED with unaccept phoneid:0
D/MobileDataStateTracker(  273): ims(mobile1_ims): [1]receive ACTION_ANY_DATA_CONNECTION_STATE_CHANGED with unaccept phoneid:0
D/MobileDataStateTracker(  273): fota(mobile1_fota): [1]receive ACTION_ANY_DATA_CONNECTION_STATE_CHANGED with unaccept phoneid:0
D/MobileDataStateTracker(  273): supl(mobile1_supl): [1]receive ACTION_ANY_DATA_CONNECTION_STATE_CHANGED with unaccept phoneid:0
