V/AudioFlinger(   85): mWaitWorkCV.broadcast
V/AudioFlinger(   85): MixerThread 0x148b288 TID 170 waking up
I/AudioPlayer(   85): mLatencyUs=232000,mFrameSize=2,mSampleRate=44100 
I/PowerManagerService(  273): mLocks 0268435482keyguard
I/PowerManagerService(  273): mLocks 11*vibrator*
I/PowerManagerService(  273): mLocks 0268435482keyguard
I/PowerManagerService(  273): mLocks 11*vibrator*
V/AudioFlinger(   85): acquireWakeLock_l() AudioOut_1 status 0
I/audio_hw_primary(   85): select_devices_signal starting...
I/audio_hw_primary(   85): select_devices_signal finished.
W/audio_hw_primary(   85): open s_tinycard in
I/audio_hw_primary(   85): stream_routing_thread looping done.
I/audio_hw_primary(   85): stream_routing_thread looping now...
I/audio_hw_primary(   85): Changing devices: 0x00000002
I/audio_hw_primary(   85): Set 'Speaker Function'.0 to 1
I/audio_hw_primary(   85): Set 'Speaker2 Function'.0 to 1
I/audio_hw_primary(   85): Set 'SPKL Mixer DACLSPKL Switch'.0 to 1
I/audio_hw_primary(   85): Set 'SPKL Mixer DACRSPKL Switch'.0 to 1
I/audio_hw_primary(   85): Set 'SPKR Mixer DACLSPKR Switch'.0 to 1
I/audio_hw_primary(   85): Set 'SPKR Mixer DACRSPKR Switch'.0 to 1
W/audio_hw_primary(   85): open s_tinycard successfully
I/audio_hw_primary(   85): Set 'HeadPhone Function'.0 to 0
I/audio_hw_primary(   85): Set 'HPL Mixer DACRHPL Switch'.0 to 0
I/audio_hw_primary(   85): Set 'HPR Mixer DACLHPR Switch'.0 to 0
D/PowerManagerService(  273): releaseWakeLock flags=0x1 tag=NotificationService
D/PowerManagerService(  273): acquireWakeLock flags=0x1 tag=AudioOut_1
D/CallManager(  607): registerPhone(TD Handler (com.android.internal.telephony.SprdPhoneProxy) {40dcb0d8})
I/audio_hw_primary(   85): Set 'Earpiece Function'.0 to 0
I/audio_hw_primary(   85): Set 'Mic Function'.0 to 0
I/audio_hw_primary(   85): Set 'ADCL Mixer MainMICADCL Switch'.0 to 0
I/audio_hw_primary(   85): Set 'ADCR Mixer MainMICADCR Switch'.0 to 0
I/audio_hw_primary(   85): Set 'Aux Mic Function'.0 to 0
I/audio_hw_primary(   85): Set 'ADCL Mixer AuxMICADCL Switch'.0 to 0
I/audio_hw_primary(   85): Set 'ADCR Mixer AuxMICADCR Switch'.0 to 0
I/audio_hw_primary(   85): Set 'HP Mic Function'.0 to 0
I/audio_hw_primary(   85): Set 'ADCL Mixer HPMICADCL Switch'.0 to 0
I/audio_hw_primary(   85): Set 'ADCR Mixer HPMICADCR Switch'.0 to 0
I/audio_hw_primary(   85): Set 'Line Function'.0 to 0
I/audio_hw_primary(   85): Set 'ADCL Mixer AILADCL Switch'.0 to 0
I/audio_hw_primary(   85): Set 'ADCR Mixer AIRADCR Switch'.0 to 0
I/audio_hw_primary(   85): Set 'SPKL Mixer ADCLSPKL Switch'.0 to 0
I/audio_hw_primary(   85): Set 'SPKL Mixer ADCRSPKL Switch'.0 to 0
I/audio_hw_primary(   85): Set 'SPKR Mixer ADCLSPKR Switch'.0 to 0
I/audio_hw_primary(   85): Set 'SPKR Mixer ADCRSPKR Switch'.0 to 0
I/audio_hw_primary(   85): Set 'HPL Mixer ADCRHPL Switch'.0 to 0
I/audio_hw_primary(   85): Set 'HPR Mixer ADCLHPR Switch'.0 to 0
W/audio_hw_primary(   85): GetAudio_pga_nv, dac_pga_gain_l:0x80180a07 adc_pga_gain_l:0xe fm_pga_gain_l:0x1a fm_pga_gain_r:0x1a device:0x2 vol_level:0x1 
D/audio_pga(   85): 'speaker-l' apply
I/audio_pga(   85): 'SPKL Playback Volume' set to 7
I/audio_pga(   85): 'VBC DACL DG Set' set to 24
I/audio_pga(   85): 'VBC DACL DG Switch' set to 1
D/audio_pga(   85): 'speaker-r' apply
I/audio_pga(   85): 'SPKR Playback Volume' set to 7
I/audio_pga(   85): 'VBC DACR DG Set' set to 24
I/audio_pga(   85): 'VBC DACR DG Switch' set to 1
W/audio_hw_primary(   85): SetAudio_gain_by_devices out, devices:0x2 
I/audio_hw_primary(   85): stream_routing_thread looping now...
I/PowerManagerService(  273): mLocks 0268435482keyguard
I/PowerManagerService(  273): mLocks 11AudioOut_1
D/PowerManagerService(  273): releaseWakeLock flags=0x1 tag=*vibrator*
D/TD      (  607): VideoCT: IDLE CT: IDLE
D/TD      (  607): VideoCT: IDLE CT: IDLE
D/dalvikvm(  639): GC_FOR_ALLOC freed 1K, 21% free 3519K/4419K, paused 31ms
D/dalvikvm(  607): GC_CONCURRENT freed 266K, 20% free 2692K/3331K, paused 2ms+2ms
E/TD      (  607): getBackgroundCall(), mCT
D/TD      (  607): VideoCT: IDLE CT: IDLE
D/TD      (  607): VideoCT: IDLE CT: IDLE
D/WifiService(  273): New client listening to asynchronous messages
V/AudioPolicyService(   85): getOutput() tid 175
V/AudioPolicyManagerBase(   85): getDeviceForStrategy() from cache strategy 1, device 1
V/AudioPolicyManagerBase(   85): getOutput() stream 0, samplingRate 0, format 0, channels 3, flags 0
V/AudioFlinger(   85): registerClient() client 0x149fee0, pid 607
V/AudioFlinger(   85): sendConfigEvent() num events 1 event 0, param 0
V/AudioFlinger(   85): createTrack() sessionId: 0
V/AudioFlinger(   85): createTrack() lSessionId: 4
V/AudioFlinger(   85): Track constructor name 4097, calling thread 607
W/AudioTrack(  607): AudioTrack set for tack, mimeType=
E/AudioFlinger(   85): unkown mime type 
W/AudioFlinger(   85): setMimeType 0 () for track, stream=0
V/AudioFlinger(   85): acquiring 4 from 607
V/AudioFlinger(   85):  added new entry for 4
V/AudioFlinger(   85): processConfigEvents() remaining events 1
V/AudioFlinger(   85): PlaybackThread::audioConfigChanged_l, thread 0x148b288, event 0, param 0
W/ActivityManager(  273): Unable to start service Intent { act=com.android.ussd.IExtendedNetworkService }: not found
D/dalvikvm(  639): GC_CONCURRENT freed 374K, 18% free 3645K/4419K, paused 2ms+2ms
I/System.out(  607): iobridge available0FileDescriptor[100]
I/System.out(  607): iobridge available0FileDescriptor[100]
I/System.out(  607): iobridge available0FileDescriptor[100]
D/TD      (  607): VideoCT: IDLE CT: IDLE
D/TD      (  607): VideoCT: IDLE CT: IDLE
D/TD      (  607): VideoCT: IDLE CT: IDLE
D/gralloc.mali(   82): fps = 26.113970
I/System.out(  492): iobridge available1025FileDescriptor[73]
I/System.out(  492): iobridge available0FileDescriptor[73]
I/ActivityManager(  273): Start proc com.android.settings for broadcast com.android.settings/.FlashOnCallReceiver: pid=758 uid=1000 gids={3003, 1015, 1007, 1006, 3002, 3001, 3006}
I/System.out(  639): iobridge available359FileDescriptor[48]
I/System.out(  639): iobridge available0FileDescriptor[48]
D/SlideLockScreen(  273): miss call count:0
D/SlideLockScreen(  273): received broadcast android.intent.action.BATTERY_CHANGED
D/SlideLockScreen(  273): received broadcast com.baidu.keyguard.internal.SMS_MISS_UPDATED
D/TD      (  607): VideoCT: IDLE CT: IDLE
D/SlideLockScreen(  273): [Broadcast]电话挂断
I/TargetHandlePanel(  273): onMissCallUpdated:0
I/TargetHandlePanel(  273): level:100,plugged:2
I/System.out(  492): iobridge available0FileDescriptor[73]
I/System.out(  492): iobridge available0FileDescriptor[73]
D/SlideLockScreen(  273): miss msg count:2
D/SlideLockScreen(  273): received broadcast com.baidu.keyguard.internal.CALL_MISS_UPDATED
D/SlideLockScreen(  273): miss call count:0
D/SmartPowerService(  273): receive broadcast! action = android.intent.action.BATTERY_CHANGED
D/SmartPowerService(  273): batteryLevel = 100
D/SlideLockScreen(  273): received broadcast android.intent.action.BATTERY_CHANGED
D/StateMachine(  273): handleMessage: E msg.what=135173
D/StateMachine(  273): processMsg: NotConnectedState
D/StateMachine(  273): processMsg: WatchdogEnabledState
D/StateMachine(  273): handleMessage: X
D/StateMachine(  273): handleMessage: E msg.what=135172
D/StateMachine(  273): processMsg: NotConnectedState
D/StateMachine(  273): processMsg: WatchdogEnabledState
D/StateMachine(  273): processMsg: DefaultState
D/StateMachine(  273): handleMessage: X
I/PowerManagerService(  273): mLocks 0268435482keyguard
I/PowerManagerService(  273): mLocks 11AudioOut_1
D/PowerManagerService(  273): acquireWakeLock flags=0x1 tag=RILJ
I/PowerManagerService(  273): mLocks 0268435482keyguard
I/PowerManagerService(  273): mLocks 11AudioOut_1
D/dalvikvm(  639): GC_CONCURRENT freed 389K, 17% free 3813K/4547K, paused 2ms+3ms
D/PowerManagerService(  273): releaseWakeLock flags=0x1 tag=RILJ
I/System.out(  639): iobridge available0FileDescriptor[48]
I/System.out(  639): iobridge available0FileDescriptor[48]
D/dalvikvm(   83): GC_EXPLICIT freed 35K, 22% free 2222K/2816K, paused 2ms+2ms
D/SmartPowerService(  273): receive broadcast! action = android.intent.action.BATTERY_CHANGED
D/SmartPowerService(  273): batteryLevel = 100
D/SlideLockScreen(  273): received broadcast android.intent.action.BATTERY_CHANGED
I/PowerManagerService(  273): mLocks 0268435482keyguard
I/PowerManagerService(  273): mLocks 11AudioOut_1
I/PowerManagerService(  273): mLocks 0268435482keyguard
I/PowerManagerService(  273): mLocks 11AudioOut_1
I/PowerManagerService(  273): mLocks 21RILJ
I/PowerManagerService(  273): mLocks 0268435482keyguard
I/PowerManagerService(  273): mLocks 11AudioOut_1
I/PowerManagerService(  273): mLocks 21RILJ
D/PowerManagerService(  273): acquireWakeLock flags=0x1 tag=RILJ
D/PowerManagerService(  273): acquireWakeLock flags=0x1 tag=RILJ
D/PowerManagerService(  273): acquireWakeLock flags=0x1 tag=RILJ
D/StateMachine(  607): handleMessage: E msg.what=1
D/StateMachine(  607): processMsg: StateStart
D/StateMachine(  607): StateMachine.transitionTo EX destStateStateCmdParamsReady
D/StateMachine(  607): handleMessage: new destination call exit
D/StateMachine(  607): setupTempStateStackWithStatesToEnter: X mTempStateStackCount=1,curStateInfo: null
D/StateMachine(  607): invokeExitMethods: StateStart
D/StateMachine(  607): moveTempStackToStateStack: i=0,j=0
D/StateMachine(  607): moveTempStackToStateStack: X mStateStackTop=0,startingIndex=0,Top=StateCmdParamsReady
D/StateMachine(  607): invokeEnterMethods: StateCmdParamsReady
D/StateMachine(  607): handleMessage: X
D/StateMachine(  607): handleMessage: E msg.what=2
D/StateMachine(  607): processMsg: StateCmdParamsReady
D/StateMachine(  607): StateMachine.transitionTo EX destStateStateStart
D/StateMachine(  607): handleMessage: new destination call exit
D/StateMachine(  607): setupTempStateStackWithStatesToEnter: X mTempStateStackCount=1,curStateInfo: null
D/StateMachine(  607): invokeExitMethods: StateCmdParamsReady
I/PowerManagerService(  273): mLocks 0268435482keyguard
I/PowerManagerService(  273): mLocks 11AudioOut_1
D/PowerManagerService(  273): releaseWakeLock flags=0x1 tag=RILJ
D/StateMachine(  607): moveTempStackToStateStack: i=0,j=0
D/StateMachine(  607): moveTempStackToStateStack: X mStateStackTop=0,startingIndex=0,Top=StateStart
D/StateMachine(  607): invokeEnterMethods: StateStart
D/StateMachine(  607): handleMessage: X
D/TD      (  607): VideoCT: IDLE CT: IDLE
I/SimManagerService(  273): ACTION_SIM_STATE_CHANGED:phoneId=0, state=NOT_READY
I/SimManagerService(  273): sim didn't loaded
D/dalvikvm(   83): GC_EXPLICIT freed <1K, 22% free 2222K/2816K, paused 2ms+17ms
I/TargetHandlePanel(  273): onMissCallUpdated:2
D/TD      (  607): VideoCT: IDLE CT: IDLE
D/MobileDataStateTracker(  273): wap(mobile1_wap): [1]receive ACTION_ANY_DATA_CONNECTION_STATE_CHANGED with unaccept phoneid:0
D/MobileDataStateTracker(  273): wap(mobile_wap): [2]receive ACTION_ANY_DATA_CONNECTION_STATE_CHANGED with unaccept phoneid:0
D/MobileDataStateTracker(  273): dm(mobile1_dm): [1]receive ACTION_ANY_DATA_CONNECTION_STATE_CHANGED with unaccept phoneid:0
D/MobileDataStateTracker(  273): hipri(mobile1_hipri): [1]receive ACTION_ANY_DATA_CONNECTION_STATE_CHANGED with unaccept phoneid:0
D/MobileDataStateTracker(  273): dm(mobile0_dm): dm setting isAvailable to false
D/SlideLockScreen(  273): [Broadcast]电话挂断
I/TargetHandlePanel(  273): onMissCallUpdated:0
I/TargetHandlePanel(  273): level:100,plugged:2
I/TargetHandlePanel(  273): level:100,plugged:2
D/TD      (  607): VideoCT: IDLE CT: IDLE
D/MobileDataStateTracker(  273): dm(mobile0_dm): Received state=DISCONNECTED, old=DISCONNECTED, reason=radioTurnedOff
D/MobileDataStateTracker(  273): dm(mobile_dm): [2]receive ACTION_ANY_DATA_CONNECTION_STATE_CHANGED with unaccept phoneid:0
D/MobileDataStateTracker(  273): hipri(mobile_hipri): [2]receive ACTION_ANY_DATA_CONNECTION_STATE_CHANGED with unaccept phoneid:0
D/MobileDataStateTracker(  273): cbs(mobile1_cbs): [1]receive ACTION_ANY_DATA_CONNECTION_STATE_CHANGED with unaccept phoneid:0
D/MobileDataStateTracker(  273): ims(mobile1_ims): [1]receive ACTION_ANY_DATA_CONNECTION_STATE_CHANGED with unaccept phoneid:0
D/MobileDataStateTracker(  273): fota(mobile1_fota): [1]receive ACTION_ANY_DATA_CONNECTION_STATE_CHANGED with unaccept phoneid:0
D/MobileDataStateTracker(  273): supl(mobile1_supl): [1]receive ACTION_ANY_DATA_CONNECTION_STATE_CHANGED with unaccept phoneid:0
D/MobileDataStateTracker(  273): mms(mobile1_mms): [1]receive ACTION_ANY_DATA_CONNECTION_STATE_CHANGED with unaccept phoneid:0
D/MobileDataStateTracker(  273): cbs(mobile_cbs): [2]receive ACTION_ANY_DATA_CONNECTION_STATE_CHANGED with unaccept phoneid:0
D/MobileDataStateTracker(  273): ims(mobile_ims): [2]receive ACTION_ANY_DATA_CONNECTION_STATE_CHANGED with unaccept phoneid:0
D/MobileDataStateTracker(  273): fota(mobile_fota): [2]receive ACTION_ANY_DATA_CONNECTION_STATE_CHANGED with unaccept phoneid:0
D/MobileDataStateTracker(  273): supl(mobile_supl): [2]receive ACTION_ANY_DATA_CONNECTION_STATE_CHANGED with unaccept phoneid:0
D/MobileDataStateTracker(  273): mms(mobile_mms): [2]receive ACTION_ANY_DATA_CONNECTION_STATE_CHANGED with unaccept phoneid:0
D/MobileDataStateTracker(  273): default(mobile): [1]receive ACTION_ANY_DATA_CONNECTION_STATE_CHANGED with unaccept phoneid:0
D/MobileDataStateTracker(  273): default(mobile): [2]receive ACTION_ANY_DATA_CONNECTION_STATE_CHANGED with unaccept phoneid:0
D/TD      (  607): VideoCT: IDLE CT: IDLE
D/TD      (  607): VideoCT: IDLE CT: IDLE
D/MobileDataStateTracker(  273): wap(mobile1_wap): [1]receive ACTION_ANY_DATA_CONNECTION_STATE_CHANGED with unaccept phoneid:0
D/MobileDataStateTracker(  273): wap(mobile0_wap): wap setting isAvailable to false
D/MobileDataStateTracker(  273): wap(mobile0_wap): Received state=DISCONNECTED, old=DISCONNECTED, reason=radioTurnedOff
D/MobileDataStateTracker(  273): wap(mobile_wap): [2]receive ACTION_ANY_DATA_CONNECTION_STATE_CHANGED with unaccept phoneid:0
D/MobileDataStateTracker(  273): dm(mobile1_dm): [1]receive ACTION_ANY_DATA_CONNECTION_STATE_CHANGED with unaccept phoneid:0
D/MobileDataStateTracker(  273): hipri(mobile1_hipri): [1]receive ACTION_ANY_DATA_CONNECTION_STATE_CHANGED with unaccept phoneid:0
D/MobileDataStateTracker(  273): dm(mobile_dm): [2]receive ACTION_ANY_DATA_CONNECTION_STATE_CHANGED with unaccept phoneid:0
D/MobileDataStateTracker(  273): hipri(mobile_hipri): [2]receive ACTION_ANY_DATA_CONNECTION_STATE_CHANGED with unaccept phoneid:0
D/MobileDataStateTracker(  273): cbs(mobile1_cbs): [1]receive ACTION_ANY_DATA_CONNECTION_STATE_CHANGED with unaccept phoneid:0
D/MobileDataStateTracker(  273): ims(mobile1_ims): [1]receive ACTION_ANY_DATA_CONNECTION_STATE_CHANGED with unaccept phoneid:0
D/MobileDataStateTracker(  273): fota(mobile1_fota): [1]receive ACTION_ANY_DATA_CONNECTION_STATE_CHANGED with unaccept phoneid:0
D/MobileDataStateTracker(  273): supl(mobile1_supl): [1]receive ACTION_ANY_DATA_CONNECTION_STATE_CHANGED with unaccept phoneid:0
D/MobileDataStateTracker(  273): mms(mobile1_mms): [1]receive ACTION_ANY_DATA_CONNECTION_STATE_CHANGED with unaccept phoneid:0
D/TD      (  607): VideoCT: IDLE CT: IDLE
D/dalvikvm(  639): GC_CONCURRENT freed 609K, 21% free 3785K/4739K, paused 2ms+2ms
D/MobileDataStateTracker(  273): cbs(mobile_cbs): [2]receive ACTION_ANY_DATA_CONNECTION_STATE_CHANGED with unaccept phoneid:0
D/MobileDataStateTracker(  273): ims(mobile_ims): [2]receive ACTION_ANY_DATA_CONNECTION_STATE_CHANGED with unaccept phoneid:0
D/MobileDataStateTracker(  273): fota(mobile_fota): [2]receive ACTION_ANY_DATA_CONNECTION_STATE_CHANGED with unaccept phoneid:0
D/MobileDataStateTracker(  273): supl(mobile_supl): [2]receive ACTION_ANY_DATA_CONNECTION_STATE_CHANGED with unaccept phoneid:0
D/MobileDataStateTracker(  273): mms(mobile_mms): [2]receive ACTION_ANY_DATA_CONNECTION_STATE_CHANGED with unaccept phoneid:0
D/MobileDataStateTracker(  273): default(mobile): [1]receive ACTION_ANY_DATA_CONNECTION_STATE_CHANGED with unaccept phoneid:0
D/MobileDataStateTracker(  273): default(mobile): [2]receive ACTION_ANY_DATA_CONNECTION_STATE_CHANGED with unaccept phoneid:0
D/MobileDataStateTracker(  273): wap(mobile1_wap): [1]receive ACTION_ANY_DATA_CONNECTION_STATE_CHANGED with unaccept phoneid:0
D/MobileDataStateTracker(  273): wap(mobile_wap): [2]receive ACTION_ANY_DATA_CONNECTION_STATE_CHANGED with unaccept phoneid:0
D/MobileDataStateTracker(  273): dm(mobile1_dm): [1]receive ACTION_ANY_DATA_CONNECTION_STATE_CHANGED with unaccept phoneid:0
D/MobileDataStateTracker(  273): hipri(mobile1_hipri): [1]receive ACTION_ANY_DATA_CONNECTION_STATE_CHANGED with unaccept phoneid:0
D/MobileDataStateTracker(  273): dm(mobile_dm): [2]receive ACTION_ANY_DATA_CONNECTION_STATE_CHANGED with unaccept phoneid:0
D/MobileDataStateTracker(  273): hipri(mobile_hipri): [2]receive ACTION_ANY_DATA_CONNECTION_STATE_CHANGED with unaccept phoneid:0
D/MobileDataStateTracker(  273): cbs(mobile1_cbs): [1]receive ACTION_ANY_DATA_CONNECTION_STATE_CHANGED with unaccept phoneid:0
D/MobileDataStateTracker(  273): ims(mobile1_ims): [1]receive ACTION_ANY_DATA_CONNECTION_STATE_CHANGED with unaccept phoneid:0
D/MobileDataStateTracker(  273): fota(mobile1_fota): [1]receive ACTION_ANY_DATA_CONNECTION_STATE_CHANGED with unaccept phoneid:0
D/MobileDataStateTracker(  273): supl(mobile1_supl): [1]receive ACTION_ANY_DATA_CONNECTION_STATE_CHANGED with unaccept phoneid:0
D/MobileDataStateTracker(  273): mms(mobile1_mms): [1]receive ACTION_ANY_DATA_CONNECTION_STATE_CHANGED with unaccept phoneid:0
D/MobileDataStateTracker(  273): fota(mobile0_fota): fota setting isAvailable to false
D/TD      (  607): VideoCT: IDLE CT: IDLE
D/TD      (  607): VideoCT: IDLE CT: IDLE
D/MobileDataStateTracker(  273): fota(mobile0_fota): Received state=DISCONNECTED, old=DISCONNECTED, reason=radioTurnedOff
D/MobileDataStateTracker(  273): cbs(mobile_cbs): [2]receive ACTION_ANY_DATA_CONNECTION_STATE_CHANGED with unaccept phoneid:0
D/MobileDataStateTracker(  273): ims(mobile_ims): [2]receive ACTION_ANY_DATA_CONNECTION_STATE_CHANGED with unaccept phoneid:0
D/MobileDataStateTracker(  273): fota(mobile_fota): [2]receive ACTION_ANY_DATA_CONNECTION_STATE_CHANGED with unaccept phoneid:0
D/MobileDataStateTracker(  273): supl(mobile_supl): [2]receive ACTION_ANY_DATA_CONNECTION_STATE_CHANGED with unaccept phoneid:0
D/MobileDataStateTracker(  273): mms(mobile_mms): [2]receive ACTION_ANY_DATA_CONNECTION_STATE_CHANGED with unaccept phoneid:0
D/MobileDataStateTracker(  273): default(mobile): [1]receive ACTION_ANY_DATA_CONNECTION_STATE_CHANGED with unaccept phoneid:0
D/MobileDataStateTracker(  273): default(mobile): [2]receive ACTION_ANY_DATA_CONNECTION_STATE_CHANGED with unaccept phoneid:0
D/MobileDataStateTracker(  273): wap(mobile1_wap): [1]receive ACTION_ANY_DATA_CONNECTION_STATE_CHANGED with unaccept phoneid:0
D/MobileDataStateTracker(  273): wap(mobile_wap): [2]receive ACTION_ANY_DATA_CONNECTION_STATE_CHANGED with unaccept phoneid:0
D/MobileDataStateTracker(  273): dm(mobile1_dm): [1]receive ACTION_ANY_DATA_CONNECTION_STATE_CHANGED with unaccept phoneid:0
D/MobileDataStateTracker(  273): hipri(mobile1_hipri): [1]receive ACTION_ANY_DATA_CONNECTION_STATE_CHANGED with unaccept phoneid:0
D/MobileDataStateTracker(  273): dm(mobile_dm): [2]receive ACTION_ANY_DATA_CONNECTION_STATE_CHANGED with unaccept phoneid:0
D/MobileDataStateTracker(  273): hipri(mobile_hipri): [2]receive ACTION_ANY_DATA_CONNECTION_STATE_CHANGED with unaccept phoneid:0
D/MobileDataStateTracker(  273): cbs(mobile1_cbs): [1]receive ACTION_ANY_DATA_CONNECTION_STATE_CHANGED with unaccept phoneid:0
D/MobileDataStateTracker(  273): ims(mobile1_ims): [1]receive ACTION_ANY_DATA_CONNECTION_STATE_CHANGED with unaccept phoneid:0
D/MobileDataStateTracker(  273): fota(mobile1_fota): [1]receive ACTION_ANY_DATA_CONNECTION_STATE_CHANGED with unaccept phoneid:0
D/MobileDataStateTracker(  273): supl(mobile1_supl): [1]receive ACTION_ANY_DATA_CONNECTION_STATE_CHANGED with unaccept phoneid:0
D/MobileDataStateTracker(  273): mms(mobile1_mms): [1]receive ACTION_ANY_DATA_CONNECTION_STATE_CHANGED with unaccept phoneid:0
D/MobileDataStateTracker(  273): supl(mobile0_supl): supl setting isAvailable to false
D/TD      (  607): VideoCT: IDLE CT: IDLE
D/TD      (  607): VideoCT: IDLE CT: IDLE
D/MobileDataStateTracker(  273): supl(mobile0_supl): Received state=DISCONNECTED, old=DISCONNECTED, reason=radioTurnedOff
D/MobileDataStateTracker(  273): cbs(mobile_cbs): [2]receive ACTION_ANY_DATA_CONNECTION_STATE_CHANGED with unaccept phoneid:0
D/MobileDataStateTracker(  273): ims(mobile_ims): [2]receive ACTION_ANY_DATA_CONNECTION_STATE_CHANGED with unaccept phoneid:0
D/MobileDataStateTracker(  273): fota(mobile_fota): [2]receive ACTION_ANY_DATA_CONNECTION_STATE_CHANGED with unaccept phoneid:0
D/MobileDataStateTracker(  273): supl(mobile_supl): [2]receive ACTION_ANY_DATA_CONNECTION_STATE_CHANGED with unaccept phoneid:0
D/MobileDataStateTracker(  273): mms(mobile_mms): [2]receive ACTION_ANY_DATA_CONNECTION_STATE_CHANGED with unaccept phoneid:0
D/MobileDataStateTracker(  273): default(mobile): [1]receive ACTION_ANY_DATA_CONNECTION_STATE_CHANGED with unaccept phoneid:0
D/MobileDataStateTracker(  273): default(mobile): [2]receive ACTION_ANY_DATA_CONNECTION_STATE_CHANGED with unaccept phoneid:0
D/MobileDataStateTracker(  273): wap(mobile1_wap): [1]receive ACTION_ANY_DATA_CONNECTION_STATE_CHANGED with unaccept phoneid:0
D/MobileDataStateTracker(  273): wap(mobile_wap): [2]receive ACTION_ANY_DATA_CONNECTION_STATE_CHANGED with unaccept phoneid:0
D/MobileDataStateTracker(  273): dm(mobile1_dm): [1]receive ACTION_ANY_DATA_CONNECTION_STATE_CHANGED with unaccept phoneid:0
D/MobileDataStateTracker(  273): hipri(mobile1_hipri): [1]receive ACTION_ANY_DATA_CONNECTION_STATE_CHANGED with unaccept phoneid:0
D/MobileDataStateTracker(  273): hipri(mobile0_hipri): hipri setting isAvailable to false
D/MobileDataStateTracker(  273): hipri(mobile0_hipri): Received state=DISCONNECTED, old=DISCONNECTED, reason=radioTurnedOff
D/MobileDataStateTracker(  273): dm(mobile_dm): [2]receive ACTION_ANY_DATA_CONNECTION_STATE_CHANGED with unaccept phoneid:0
D/MobileDataStateTracker(  273): hipri(mobile_hipri): [2]receive ACTION_ANY_DATA_CONNECTION_STATE_CHANGED with unaccept phoneid:0
D/MobileDataStateTracker(  273): cbs(mobile1_cbs): [1]receive ACTION_ANY_DATA_CONNECTION_STATE_CHANGED with unaccept phoneid:0
D/MobileDataStateTracker(  273): ims(mobile1_ims): [1]receive ACTION_ANY_DATA_CONNECTION_STATE_CHANGED with unaccept phoneid:0
D/MobileDataStateTracker(  273): fota(mobile1_fota): [1]receive ACTION_ANY_DATA_CONNECTION_STATE_CHANGED with unaccept phoneid:0
D/MobileDataStateTracker(  273): supl(mobile1_supl): [1]receive ACTION_ANY_DATA_CONNECTION_STATE_CHANGED with unaccept phoneid:0
D/MobileDataStateTracker(  273): mms(mobile1_mms): [1]receive ACTION_ANY_DATA_CONNECTION_STATE_CHANGED with unaccept phoneid:0
D/MobileDataStateTracker(  273): cbs(mobile_cbs): [2]receive ACTION_ANY_DATA_CONNECTION_STATE_CHANGED with unaccept phoneid:0
D/MobileDataStateTracker(  273): ims(mobile_ims): [2]receive ACTION_ANY_DATA_CONNECTION_STATE_CHANGED with unaccept phoneid:0
D/MobileDataStateTracker(  273): fota(mobile_fota): [2]receive ACTION_ANY_DATA_CONNECTION_STATE_CHANGED with unaccept phoneid:0
D/MobileDataStateTracker(  273): supl(mobile_supl): [2]receive ACTION_ANY_DATA_CONNECTION_STATE_CHANGED with unaccept phoneid:0
D/MobileDataStateTracker(  273): mms(mobile_mms): [2]receive ACTION_ANY_DATA_CONNECTION_STATE_CHANGED with unaccept phoneid:0
D/MobileDataStateTracker(  273): default(mobile): [1]receive ACTION_ANY_DATA_CONNECTION_STATE_CHANGED with unaccept phoneid:0
D/MobileDataStateTracker(  273): default(mobile): [2]receive ACTION_ANY_DATA_CONNECTION_STATE_CHANGED with unaccept phoneid:0
D/MobileDataStateTracker(  273): wap(mobile1_wap): [1]receive ACTION_ANY_DATA_CONNECTION_STATE_CHANGED with unaccept phoneid:0
D/dalvikvm(   83): GC_EXPLICIT freed <1K, 22% free 2222K/2816K, paused 2ms+2ms
D/TD      (  607): VideoCT: IDLE CT: IDLE
D/dalvikvm(  639): GC_FOR_ALLOC freed 35K, 21% free 3749K/4739K, paused 77ms
I/dalvikvm-heap(  639): Grow heap (frag case) to 4.178MB for 190096-byte allocation
D/MobileDataStateTracker(  273): wap(mobile_wap): [2]receive ACTION_ANY_DATA_CONNECTION_STATE_CHANGED with unaccept phoneid:0
D/MobileDataStateTracker(  273): dm(mobile1_dm): [1]receive ACTION_ANY_DATA_CONNECTION_STATE_CHANGED with unaccept phoneid:0
D/MobileDataStateTracker(  273): hipri(mobile1_hipri): [1]receive ACTION_ANY_DATA_CONNECTION_STATE_CHANGED with unaccept phoneid:0
D/MobileDataStateTracker(  273): dm(mobile_dm): [2]receive ACTION_ANY_DATA_CONNECTION_STATE_CHANGED with unaccept phoneid:0
D/MobileDataStateTracker(  273): hipri(mobile_hipri): [2]receive ACTION_ANY_DATA_CONNECTION_STATE_CHANGED with unaccept phoneid:0
D/MobileDataStateTracker(  273): cbs(mobile1_cbs): [1]receive ACTION_ANY_DATA_CONNECTION_STATE_CHANGED with unaccept phoneid:0
D/MobileDataStateTracker(  273): ims(mobile1_ims): [1]receive ACTION_ANY_DATA_CONNECTION_STATE_CHANGED with unaccept phoneid:0
D/MobileDataStateTracker(  273): fota(mobile1_fota): [1]receive ACTION_ANY_DATA_CONNECTION_STATE_CHANGED with unaccept phoneid:0
D/MobileDataStateTracker(  273): supl(mobile1_supl): [1]receive ACTION_ANY_DATA_CONNECTION_STATE_CHANGED with unaccept phoneid:0
D/MobileDataStateTracker(  273): mms(mobile1_mms): [1]receive ACTION_ANY_DATA_CONNECTION_STATE_CHANGED with unaccept phoneid:0
D/MobileDataStateTracker(  273): ims(mobile0_ims): ims setting isAvailable to false
D/TD      (  607): VideoCT: IDLE CT: IDLE
D/MobileDataStateTracker(  273): ims(mobile0_ims): Received state=DISCONNECTED, old=DISCONNECTED, reason=radioTurnedOff
D/MobileDataStateTracker(  273): cbs(mobile_cbs): [2]receive ACTION_ANY_DATA_CONNECTION_STATE_CHANGED with unaccept phoneid:0
D/MobileDataStateTracker(  273): ims(mobile_ims): [2]receive ACTION_ANY_DATA_CONNECTION_STATE_CHANGED with unaccept phoneid:0
D/MobileDataStateTracker(  273): fota(mobile_fota): [2]receive ACTION_ANY_DATA_CONNECTION_STATE_CHANGED with unaccept phoneid:0
D/MobileDataStateTracker(  273): supl(mobile_supl): [2]receive ACTION_ANY_DATA_CONNECTION_STATE_CHANGED with unaccept phoneid:0
D/MobileDataStateTracker(  273): mms(mobile_mms): [2]receive ACTION_ANY_DATA_CONNECTION_STATE_CHANGED with unaccept phoneid:0
D/MobileDataStateTracker(  273): default(mobile): [1]receive ACTION_ANY_DATA_CONNECTION_STATE_CHANGED with unaccept phoneid:0
D/MobileDataStateTracker(  273): default(mobile): [2]receive ACTION_ANY_DATA_CONNECTION_STATE_CHANGED with unaccept phoneid:0
D/MobileDataStateTracker(  273): wap(mobile1_wap): [1]receive ACTION_ANY_DATA_CONNECTION_STATE_CHANGED with unaccept phoneid:0
D/MobileDataStateTracker(  273): wap(mobile_wap): [2]receive ACTION_ANY_DATA_CONNECTION_STATE_CHANGED with unaccept phoneid:0
D/MobileDataStateTracker(  273): dm(mobile1_dm): [1]receive ACTION_ANY_DATA_CONNECTION_STATE_CHANGED with unaccept phoneid:0
D/MobileDataStateTracker(  273): hipri(mobile1_hipri): [1]receive ACTION_ANY_DATA_CONNECTION_STATE_CHANGED with unaccept phoneid:0
D/MobileDataStateTracker(  273): dm(mobile_dm): [2]receive ACTION_ANY_DATA_CONNECTION_STATE_CHANGED with unaccept phoneid:0
D/MobileDataStateTracker(  273): hipri(mobile_hipri): [2]receive ACTION_ANY_DATA_CONNECTION_STATE_CHANGED with unaccept phoneid:0
D/MobileDataStateTracker(  273): cbs(mobile1_cbs): [1]receive ACTION_ANY_DATA_CONNECTION_STATE_CHANGED with unaccept phoneid:0
D/MobileDataStateTracker(  273): ims(mobile1_ims): [1]receive ACTION_ANY_DATA_CONNECTION_STATE_CHANGED with unaccept phoneid:0
D/MobileDataStateTracker(  273): fota(mobile1_fota): [1]receive ACTION_ANY_DATA_CONNECTION_STATE_CHANGED with unaccept phoneid:0
D/MobileDataStateTracker(  273): supl(mobile1_supl): [1]receive ACTION_ANY_DATA_CONNECTION_STATE_CHANGED with unaccept phoneid:0
D/MobileDataStateTracker(  273): mms(mobile1_mms): [1]receive ACTION_ANY_DATA_CONNECTION_STATE_CHANGED with unaccept phoneid:0
D/MobileDataStateTracker(  273): cbs(mobile_cbs): [2]receive ACTION_ANY_DATA_CONNECTION_STATE_CHANGED with unaccept phoneid:0
D/MobileDataStateTracker(  273): ims(mobile_ims): [2]receive ACTION_ANY_DATA_CONNECTION_STATE_CHANGED with unaccept phoneid:0
D/MobileDataStateTracker(  273): fota(mobile_fota): [2]receive ACTION_ANY_DATA_CONNECTION_STATE_CHANGED with unaccept phoneid:0
D/MobileDataStateTracker(  273): supl(mobile_supl): [2]receive ACTION_ANY_DATA_CONNECTION_STATE_CHANGED with unaccept phoneid:0
D/MobileDataStateTracker(  273): mms(mobile_mms): [2]receive ACTION_ANY_DATA_CONNECTION_STATE_CHANGED with unaccept phoneid:0
D/TD      (  607): VideoCT: IDLE CT: IDLE
D/MobileDataStateTracker(  273): default(mobile): [1]receive ACTION_ANY_DATA_CONNECTION_STATE_CHANGED with unaccept phoneid:0
D/MobileDataStateTracker(  273): default(mobile): default setting isAvailable to false
D/MobileDataStateTracker(  273): default(mobile): Received state=DISCONNECTED, old=DISCONNECTED, reason=radioTurnedOff
D/MobileDataStateTracker(  273): default(mobile): [2]receive ACTION_ANY_DATA_CONNECTION_STATE_CHANGED with unaccept phoneid:0
D/MobileDataStateTracker(  273): wap(mobile1_wap): [1]receive ACTION_ANY_DATA_CONNECTION_STATE_CHANGED with unaccept phoneid:0
D/MobileDataStateTracker(  273): wap(mobile_wap): [2]receive ACTION_ANY_DATA_CONNECTION_STATE_CHANGED with unaccept phoneid:0
D/MobileDataStateTracker(  273): dm(mobile1_dm): [1]receive ACTION_ANY_DATA_CONNECTION_STATE_CHANGED with unaccept phoneid:0
D/MobileDataStateTracker(  273): hipri(mobile1_hipri): [1]receive ACTION_ANY_DATA_CONNECTION_STATE_CHANGED with unaccept phoneid:0
D/MobileDataStateTracker(  273): dm(mobile_dm): [2]receive ACTION_ANY_DATA_CONNECTION_STATE_CHANGED with unaccept phoneid:0
D/MobileDataStateTracker(  273): hipri(mobile_hipri): [2]receive ACTION_ANY_DATA_CONNECTION_STATE_CHANGED with unaccept phoneid:0
D/MobileDataStateTracker(  273): cbs(mobile1_cbs): [1]receive ACTION_ANY_DATA_CONNECTION_STATE_CHANGED with unaccept phoneid:0
D/MobileDataStateTracker(  273): ims(mobile1_ims): [1]receive ACTION_ANY_DATA_CONNECTION_STATE_CHANGED with unaccept phoneid:0
D/MobileDataStateTracker(  273): fota(mobile1_fota): [1]receive ACTION_ANY_DATA_CONNECTION_STATE_CHANGED with unaccept phoneid:0
D/dalvikvm(  639): GC_FOR_ALLOC freed <1K, 21% free 3934K/4931K, paused 37ms
I/ActivityThread(  758): Pub com.android.settings.SuggestionsProvider: com.android.settings.SuggestionsProvider
D/MobileDataStateTracker(  273): supl(mobile1_supl): [1]receive ACTION_ANY_DATA_CONNECTION_STATE_CHANGED with unaccept phoneid:0
D/MobileDataStateTracker(  273): mms(mobile1_mms): [1]receive ACTION_ANY_DATA_CONNECTION_STATE_CHANGED with unaccept phoneid:0
I/Baidu Home2(  639): DockBar: DockBar(Context context, AttributeSet attrs)
D/MobileDataStateTracker(  273): mms(mobile0_mms): mms setting isAvailable to true
D/MobileDataStateTracker(  273): mms(mobile0_mms): Received state=DISCONNECTED, old=DISCONNECTED, reason=radioTurnedOff
D/MobileDataStateTracker(  273): cbs(mobile_cbs): [2]receive ACTION_ANY_DATA_CONNECTION_STATE_CHANGED with unaccept phoneid:0
D/MobileDataStateTracker(  273): ims(mobile_ims): [2]receive ACTION_ANY_DATA_CONNECTION_STATE_CHANGED with unaccept phoneid:0
D/MobileDataStateTracker(  273): fota(mobile_fota): [2]receive ACTION_ANY_DATA_CONNECTION_STATE_CHANGED with unaccept phoneid:0
D/MobileDataStateTracker(  273): supl(mobile_supl): [2]receive ACTION_ANY_DATA_CONNECTION_STATE_CHANGED with unaccept phoneid:0
D/MobileDataStateTracker(  273): mms(mobile_mms): [2]receive ACTION_ANY_DATA_CONNECTION_STATE_CHANGED with unaccept phoneid:0
D/MobileDataStateTracker(  273): default(mobile): [1]receive ACTION_ANY_DATA_CONNECTION_STATE_CHANGED with unaccept phoneid:0
D/MobileDataStateTracker(  273): default(mobile): [2]receive ACTION_ANY_DATA_CONNECTION_STATE_CHANGED with unaccept phoneid:0
D/MobileDataStateTracker(  273): wap(mobile1_wap): [1]receive ACTION_ANY_DATA_CONNECTION_STATE_CHANGED with unaccept phoneid:0
D/MobileDataStateTracker(  273): wap(mobile_wap): [2]receive ACTION_ANY_DATA_CONNECTION_STATE_CHANGED with unaccept phoneid:0
D/MobileDataStateTracker(  273): dm(mobile1_dm): [1]receive ACTION_ANY_DATA_CONNECTION_STATE_CHANGED with unaccept phoneid:0
D/MobileDataStateTracker(  273): hipri(mobile1_hipri): [1]receive ACTION_ANY_DATA_CONNECTION_STATE_CHANGED with unaccept phoneid:0
D/MobileDataStateTracker(  273): dm(mobile_dm): [2]receive ACTION_ANY_DATA_CONNECTION_STATE_CHANGED with unaccept phoneid:0
D/MobileDataStateTracker(  273): hipri(mobile_hipri): [2]receive ACTION_ANY_DATA_CONNECTION_STATE_CHANGED with unaccept phoneid:0
D/TD      (  607): VideoCT: IDLE CT: IDLE
D/TD      (  607): VideoCT: IDLE CT: IDLE
D/MobileDataStateTracker(  273): cbs(mobile1_cbs): [1]receive ACTION_ANY_DATA_CONNECTION_STATE_CHANGED with unaccept phoneid:0
D/MobileDataStateTracker(  273): ims(mobile1_ims): [1]receive ACTION_ANY_DATA_CONNECTION_STATE_CHANGED with unaccept phoneid:0
D/MobileDataStateTracker(  273): fota(mobile1_fota): [1]receive ACTION_ANY_DATA_CONNECTION_STATE_CHANGED with unaccept phoneid:0
D/MobileDataStateTracker(  273): supl(mobile1_supl): [1]receive ACTION_ANY_DATA_CONNECTION_STATE_CHANGED with unaccept phoneid:0
D/MobileDataStateTracker(  273): mms(mobile1_mms): [1]receive ACTION_ANY_DATA_CONNECTION_STATE_CHANGED with unaccept phoneid:0
D/MobileDataStateTracker(  273): cbs(mobile0_cbs): cbs setting isAvailable to false
D/MobileDataStateTracker(  273): cbs(mobile0_cbs): Received state=DISCONNECTED, old=DISCONNECTED, reason=radioTurnedOff
I/SurfaceTexture(   82): [StatusBar] connect: api=2 mConnectedApi =0
D/TD      (  607): VideoCT: IDLE CT: IDLE
D/MobileDataStateTracker(  273): cbs(mobile_cbs): [2]receive ACTION_ANY_DATA_CONNECTION_STATE_CHANGED with unaccept phoneid:0
D/MobileDataStateTracker(  273): ims(mobile_ims): [2]receive ACTION_ANY_DATA_CONNECTION_STATE_CHANGED with unaccept phoneid:0
D/MobileDataStateTracker(  273): fota(mobile_fota): [2]receive ACTION_ANY_DATA_CONNECTION_STATE_CHANGED with unaccept phoneid:0
D/MobileDataStateTracker(  273): supl(mobile_supl): [2]receive ACTION_ANY_DATA_CONNECTION_STATE_CHANGED with unaccept phoneid:0
D/MobileDataStateTracker(  273): mms(mobile_mms): [2]receive ACTION_ANY_DATA_CONNECTION_STATE_CHANGED with unaccept phoneid:0
D/MobileDataStateTracker(  273): default(mobile): [1]receive ACTION_ANY_DATA_CONNECTION_STATE_CHANGED with unaccept phoneid:0
D/MobileDataStateTracker(  273): default(mobile): [2]receive ACTION_ANY_DATA_CONNECTION_STATE_CHANGED with unaccept phoneid:0
D/MobileDataStateTracker(  273): wap(mobile1_wap): [1]receive ACTION_ANY_DATA_CONNECTION_STATE_CHANGED with unaccept phoneid:0
D/MobileDataStateTracker(  273): wap(mobile_wap): [2]receive ACTION_ANY_DATA_CONNECTION_STATE_CHANGED with unaccept phoneid:0
D/MobileDataStateTracker(  273): dm(mobile1_dm): [1]receive ACTION_ANY_DATA_CONNECTION_STATE_CHANGED with unaccept phoneid:0
D/MobileDataStateTracker(  273): hipri(mobile1_hipri): [1]receive ACTION_ANY_DATA_CONNECTION_STATE_CHANGED with unaccept phoneid:0
D/MobileDataStateTracker(  273): dm(mobile0_dm): dm setting isAvailable to false
I/gralloc.mali(   82): ump alloc addr 40cfc000 ====================================
D/TD      (  607): VideoCT: IDLE CT: IDLE
D/SuggestionsProvider(  758): onCreate
D/MobileDataStateTracker(  273): dm(mobile0_dm): Received state=DISCONNECTED, old=DISCONNECTED, reason=radioTurnedOff
D/MobileDataStateTracker(  273): dm(mobile_dm): [2]receive ACTION_ANY_DATA_CONNECTION_STATE_CHANGED with unaccept phoneid:0
D/MobileDataStateTracker(  273): hipri(mobile_hipri): [2]receive ACTION_ANY_DATA_CONNECTION_STATE_CHANGED with unaccept phoneid:0
D/MobileDataStateTracker(  273): cbs(mobile1_cbs): [1]receive ACTION_ANY_DATA_CONNECTION_STATE_CHANGED with unaccept phoneid:0
D/MobileDataStateTracker(  273): ims(mobile1_ims): [1]receive ACTION_ANY_DATA_CONNECTION_STATE_CHANGED with unaccept phoneid:0
D/MobileDataStateTracker(  273): fota(mobile1_fota): [1]receive ACTION_ANY_DATA_CONNECTION_STATE_CHANGED with unaccept phoneid:0
D/MobileDataStateTracker(  273): supl(mobile1_supl): [1]receive ACTION_ANY_DATA_CONNECTION_STATE_CHANGED with unaccept phoneid:0
D/MobileDataStateTracker(  273): mms(mobile1_mms): [1]receive ACTION_ANY_DATA_CONNECTION_STATE_CHANGED with unaccept phoneid:0
D/MobileDataStateTracker(  273): cbs(mobile_cbs): [2]receive ACTION_ANY_DATA_CONNECTION_STATE_CHANGED with unaccept phoneid:0
D/MobileDataStateTracker(  273): ims(mobile_ims): [2]receive ACTION_ANY_DATA_CONNECTION_STATE_CHANGED with unaccept phoneid:0
D/MobileDataStateTracker(  273): fota(mobile_fota): [2]receive ACTION_ANY_DATA_CONNECTION_STATE_CHANGED with unaccept phoneid:0
D/MobileDataStateTracker(  273): supl(mobile_supl): [2]receive ACTION_ANY_DATA_CONNECTION_STATE_CHANGED with unaccept phoneid:0
D/MobileDataStateTracker(  273): mms(mobile_mms): [2]receive ACTION_ANY_DATA_CONNECTION_STATE_CHANGED with unaccept phoneid:0
D/MobileDataStateTracker(  273): default(mobile): [1]receive ACTION_ANY_DATA_CONNECTION_STATE_CHANGED with unaccept phoneid:0
D/MobileDataStateTracker(  273): default(mobile): [2]receive ACTION_ANY_DATA_CONNECTION_STATE_CHANGED with unaccept phoneid:0
D/MobileDataStateTracker(  273): wap(mobile1_wap): [1]receive ACTION_ANY_DATA_CONNECTION_STATE_CHANGED with unaccept phoneid:0
D/MobileDataStateTracker(  273): wap(mobile0_wap): wap setting isAvailable to false
D/TD      (  607): VideoCT: IDLE CT: IDLE
D/MobileDataStateTracker(  273): wap(mobile0_wap): Received state=DISCONNECTED, old=DISCONNECTED, reason=radioTurnedOff
D/MobileDataStateTracker(  273): wap(mobile_wap): [2]receive ACTION_ANY_DATA_CONNECTION_STATE_CHANGED with unaccept phoneid:0
D/MobileDataStateTracker(  273): dm(mobile1_dm): [1]receive ACTION_ANY_DATA_CONNECTION_STATE_CHANGED with unaccept phoneid:0
D/MobileDataStateTracker(  273): hipri(mobile1_hipri): [1]receive ACTION_ANY_DATA_CONNECTION_STATE_CHANGED with unaccept phoneid:0
D/MobileDataStateTracker(  273): dm(mobile_dm): [2]receive ACTION_ANY_DATA_CONNECTION_STATE_CHANGED with unaccept phoneid:0
D/MobileDataStateTracker(  273): hipri(mobile_hipri): [2]receive ACTION_ANY_DATA_CONNECTION_STATE_CHANGED with unaccept phoneid:0
D/MobileDataStateTracker(  273): cbs(mobile1_cbs): [1]receive ACTION_ANY_DATA_CONNECTION_STATE_CHANGED with unaccept phoneid:0
D/MobileDataStateTracker(  273): ims(mobile1_ims): [1]receive ACTION_ANY_DATA_CONNECTION_STATE_CHANGED with unaccept phoneid:0
D/MobileDataStateTracker(  273): fota(mobile1_fota): [1]receive ACTION_ANY_DATA_CONNECTION_STATE_CHANGED with unaccept phoneid:0
D/MobileDataStateTracker(  273): supl(mobile1_supl): [1]receive ACTION_ANY_DATA_CONNECTION_STATE_CHANGED with unaccept phoneid:0
D/MobileDataStateTracker(  273): mms(mobile1_mms): [1]receive ACTION_ANY_DATA_CONNECTION_STATE_CHANGED with unaccept phoneid:0
D/MobileDataStateTracker(  273): cbs(mobile_cbs): [2]receive ACTION_ANY_DATA_CONNECTION_STATE_CHANGED with unaccept phoneid:0
D/MobileDataStateTracker(  273): ims(mobile_ims): [2]receive ACTION_ANY_DATA_CONNECTION_STATE_CHANGED with unaccept phoneid:0
D/MobileDataStateTracker(  273): fota(mobile_fota): [2]receive ACTION_ANY_DATA_CONNECTION_STATE_CHANGED with unaccept phoneid:0
D/MobileDataStateTracker(  273): supl(mobile_supl): [2]receive ACTION_ANY_DATA_CONNECTION_STATE_CHANGED with unaccept phoneid:0
D/MobileDataStateTracker(  273): mms(mobile_mms): [2]receive ACTION_ANY_DATA_CONNECTION_STATE_CHANGED with unaccept phoneid:0
D/MobileDataStateTracker(  273): default(mobile): [1]receive ACTION_ANY_DATA_CONNECTION_STATE_CHANGED with unaccept phoneid:0
D/MobileDataStateTracker(  273): default(mobile): [2]receive ACTION_ANY_DATA_CONNECTION_STATE_CHANGED with unaccept phoneid:0
D/MobileDataStateTracker(  273): wap(mobile1_wap): [1]receive ACTION_ANY_DATA_CONNECTION_STATE_CHANGED with unaccept phoneid:0
D/MobileDataStateTracker(  273): wap(mobile_wap): [2]receive ACTION_ANY_DATA_CONNECTION_STATE_CHANGED with unaccept phoneid:0
D/MobileDataStateTracker(  273): dm(mobile1_dm): [1]receive ACTION_ANY_DATA_CONNECTION_STATE_CHANGED with unaccept phoneid:0
D/MobileDataStateTracker(  273): hipri(mobile1_hipri): [1]receive ACTION_ANY_DATA_CONNECTION_STATE_CHANGED with unaccept phoneid:0
D/TD      (  607): VideoCT: IDLE CT: IDLE
D/MobileDataStateTracker(  273): dm(mobile_dm): [2]receive ACTION_ANY_DATA_CONNECTION_STATE_CHANGED with unaccept phoneid:0
D/MobileDataStateTracker(  273): hipri(mobile_hipri): [2]receive ACTION_ANY_DATA_CONNECTION_STATE_CHANGED with unaccept phoneid:0
D/MobileDataStateTracker(  273): cbs(mobile1_cbs): [1]receive ACTION_ANY_DATA_CONNECTION_STATE_CHANGED with unaccept phoneid:0
D/MobileDataStateTracker(  273): ims(mobile1_ims): [1]receive ACTION_ANY_DATA_CONNECTION_STATE_CHANGED with unaccept phoneid:0
D/MobileDataStateTracker(  273): fota(mobile1_fota): [1]receive ACTION_ANY_DATA_CONNECTION_STATE_CHANGED with unaccept phoneid:0
D/MobileDataStateTracker(  273): supl(mobile1_supl): [1]receive ACTION_ANY_DATA_CONNECTION_STATE_CHANGED with unaccept phoneid:0
D/MobileDataStateTracker(  273): mms(mobile1_mms): [1]receive ACTION_ANY_DATA_CONNECTION_STATE_CHANGED with unaccept phoneid:0
D/MobileDataStateTracker(  273): fota(mobile0_fota): fota setting isAvailable to false
D/MobileDataStateTracker(  273): fota(mobile0_fota): Received state=DISCONNECTED, old=DISCONNECTED, reason=radioTurnedOff
D/MobileDataStateTracker(  273): cbs(mobile_cbs): [2]receive ACTION_ANY_DATA_CONNECTION_STATE_CHANGED with unaccept phoneid:0
D/MobileDataStateTracker(  273): ims(mobile_ims): [2]receive ACTION_ANY_DATA_CONNECTION_STATE_CHANGED with unaccept phoneid:0
D/MobileDataStateTracker(  273): fota(mobile_fota): [2]receive ACTION_ANY_DATA_CONNECTION_STATE_CHANGED with unaccept phoneid:0
D/MobileDataStateTracker(  273): supl(mobile_supl): [2]receive ACTION_ANY_DATA_CONNECTION_STATE_CHANGED with unaccept phoneid:0
D/MobileDataStateTracker(  273): mms(mobile_mms): [2]receive ACTION_ANY_DATA_CONNECTION_STATE_CHANGED with unaccept phoneid:0
D/TD      (  607): VideoCT: IDLE CT: IDLE
D/MobileDataStateTracker(  273): default(mobile): [1]receive ACTION_ANY_DATA_CONNECTION_STATE_CHANGED with unaccept phoneid:0
D/MobileDataStateTracker(  273): default(mobile): [2]receive ACTION_ANY_DATA_CONNECTION_STATE_CHANGED with unaccept phoneid:0
D/MobileDataStateTracker(  273): wap(mobile1_wap): [1]receive ACTION_ANY_DATA_CONNECTION_STATE_CHANGED with unaccept phoneid:0
D/MobileDataStateTracker(  273): wap(mobile_wap): [2]receive ACTION_ANY_DATA_CONNECTION_STATE_CHANGED with unaccept phoneid:0
D/MobileDataStateTracker(  273): dm(mobile1_dm): [1]receive ACTION_ANY_DATA_CONNECTION_STATE_CHANGED with unaccept phoneid:0
D/MobileDataStateTracker(  273): hipri(mobile1_hipri): [1]receive ACTION_ANY_DATA_CONNECTION_STATE_CHANGED with unaccept phoneid:0
D/MobileDataStateTracker(  273): dm(mobile_dm): [2]receive ACTION_ANY_DATA_CONNECTION_STATE_CHANGED with unaccept phoneid:0
D/MobileDataStateTracker(  273): hipri(mobile_hipri): [2]receive ACTION_ANY_DATA_CONNECTION_STATE_CHANGED with unaccept phoneid:0
D/MobileDataStateTracker(  273): cbs(mobile1_cbs): [1]receive ACTION_ANY_DATA_CONNECTION_STATE_CHANGED with unaccept phoneid:0
D/MobileDataStateTracker(  273): ims(mobile1_ims): [1]receive ACTION_ANY_DATA_CONNECTION_STATE_CHANGED with unaccept phoneid:0
D/MobileDataStateTracker(  273): fota(mobile1_fota): [1]receive ACTION_ANY_DATA_CONNECTION_STATE_CHANGED with unaccept phoneid:0
D/TD      (  607): VideoCT: IDLE CT: IDLE
D/TD      (  607): VideoCT: IDLE CT: IDLE
V/AwesomePlayer(   85): MEDIA_PLAYBACK_COMPLETE
V/AudioFlinger(   85): stop(4096), calling thread 85
V/AudioFlinger(   85): (> STOPPED) => STOPPED (4096) on thread 0x148b288
V/AudioPolicyService(   85): stopOutput() tid 749
V/AudioPolicyManagerBase(   85): stopOutput() output 1, stream 5, session 3
V/AudioPolicyManagerBase(   85): stopReadingThread
I/AudioService(  273):  AudioFocus  abandonAudioFocus() from android.media.AudioManager@40fc3440
D/MobileDataStateTracker(  273): supl(mobile1_supl): [1]receive ACTION_ANY_DATA_CONNECTION_STATE_CHANGED with unaccept phoneid:0
D/MobileDataStateTracker(  273): mms(mobile1_mms): [1]receive ACTION_ANY_DATA_CONNECTION_STATE_CHANGED with unaccept phoneid:0
D/MobileDataStateTracker(  273): supl(mobile0_supl): supl setting isAvailable to false
D/MobileDataStateTracker(  273): supl(mobile0_supl): Received state=DISCONNECTED, old=DISCONNECTED, reason=radioTurnedOff
D/MobileDataStateTracker(  273): cbs(mobile_cbs): [2]receive ACTION_ANY_DATA_CONNECTION_STATE_CHANGED with unaccept phoneid:0
D/MobileDataStateTracker(  273): ims(mobile_ims): [2]receive ACTION_ANY_DATA_CONNECTION_STATE_CHANGED with unaccept phoneid:0
D/MobileDataStateTracker(  273): fota(mobile_fota): [2]receive ACTION_ANY_DATA_CONNECTION_STATE_CHANGED with unaccept phoneid:0
D/MobileDataStateTracker(  273): supl(mobile_supl): [2]receive ACTION_ANY_DATA_CONNECTION_STATE_CHANGED with unaccept phoneid:0
D/MobileDataStateTracker(  273): mms(mobile_mms): [2]receive ACTION_ANY_DATA_CONNECTION_STATE_CHANGED with unaccept phoneid:0
D/MobileDataStateTracker(  273): default(mobile): [1]receive ACTION_ANY_DATA_CONNECTION_STATE_CHANGED with unaccept phoneid:0
D/MobileDataStateTracker(  273): default(mobile): [2]receive ACTION_ANY_DATA_CONNECTION_STATE_CHANGED with unaccept phoneid:0
D/MobileDataStateTracker(  273): wap(mobile1_wap): [1]receive ACTION_ANY_DATA_CONNECTION_STATE_CHANGED with unaccept phoneid:0
D/MobileDataStateTracker(  273): wap(mobile_wap): [2]receive ACTION_ANY_DATA_CONNECTION_STATE_CHANGED with unaccept phoneid:0
D/MobileDataStateTracker(  273): dm(mobile1_dm): [1]receive ACTION_ANY_DATA_CONNECTION_STATE_CHANGED with unaccept phoneid:0
D/MobileDataStateTracker(  273): hipri(mobile1_hipri): [1]receive ACTION_ANY_DATA_CONNECTION_STATE_CHANGED with unaccept phoneid:0
D/MobileDataStateTracker(  273): hipri(mobile0_hipri): hipri setting isAvailable to false
D/TransportControlView(  273): handleMessage: MSG_SET_GENERATION_ID
D/MobileDataStateTracker(  273): hipri(mobile0_hipri): Received state=DISCONNECTED, old=DISCONNECTED, reason=radioTurnedOff
D/MobileDataStateTracker(  273): dm(mobile_dm): [2]receive ACTION_ANY_DATA_CONNECTION_STATE_CHANGED with unaccept phoneid:0
D/MobileDataStateTracker(  273): hipri(mobile_hipri): [2]receive ACTION_ANY_DATA_CONNECTION_STATE_CHANGED with unaccept phoneid:0
D/MobileDataStateTracker(  273): cbs(mobile1_cbs): [1]receive ACTION_ANY_DATA_CONNECTION_STATE_CHANGED with unaccept phoneid:0
D/MobileDataStateTracker(  273): ims(mobile1_ims): [1]receive ACTION_ANY_DATA_CONNECTION_STATE_CHANGED with unaccept phoneid:0
V/AudioPolicyManagerBase(   85): threadFunc exit
V/AudioPolicyManagerBase(   85): changeRefCount() stream 5, count 0
V/AudioPolicyManagerBase(   85): getNewDevice() selected device 0
D/AudioPolicyManagerBase(   85): setOutputDevice() output 1 device 0 delayMs 232
V/AudioPolicyManagerBase(   85): setOutputDevice() setting same device 0 or null device for output 1
D/SlideLockScreen(  273): onPlayStateChanged:0
V/SlideLockScreen(  273): View com.baidu.internal.keyguard.slide.TransportControlView@40fe7018 requested hide transports
V/TransportControlView(  273): New genId = 4, clearing = 1
D/TD      (  607): VideoCT: IDLE CT: IDLE
D/MobileDataStateTracker(  273): fota(mobile1_fota): [1]receive ACTION_ANY_DATA_CONNECTION_STATE_CHANGED with unaccept phoneid:0
D/MobileDataStateTracker(  273): supl(mobile1_supl): [1]receive ACTION_ANY_DATA_CONNECTION_STATE_CHANGED with unaccept phoneid:0
D/MobileDataStateTracker(  273): mms(mobile1_mms): [1]receive ACTION_ANY_DATA_CONNECTION_STATE_CHANGED with unaccept phoneid:0
D/MobileDataStateTracker(  273): cbs(mobile_cbs): [2]receive ACTION_ANY_DATA_CONNECTION_STATE_CHANGED with unaccept phoneid:0
D/MobileDataStateTracker(  273): ims(mobile_ims): [2]receive ACTION_ANY_DATA_CONNECTION_STATE_CHANGED with unaccept phoneid:0
D/MobileDataStateTracker(  273): fota(mobile_fota): [2]receive ACTION_ANY_DATA_CONNECTION_STATE_CHANGED with unaccept phoneid:0
D/TD      (  607): VideoCT: IDLE CT: IDLE
D/TD      (  607): VideoCT: IDLE CT: IDLE
D/TD      (  607): VideoCT: IDLE CT: IDLE
D/MobileDataStateTracker(  273): supl(mobile_supl): [2]receive ACTION_ANY_DATA_CONNECTION_STATE_CHANGED with unaccept phoneid:0
D/MobileDataStateTracker(  273): mms(mobile_mms): [2]receive ACTION_ANY_DATA_CONNECTION_STATE_CHANGED with unaccept phoneid:0
D/MobileDataStateTracker(  273): default(mobile): [1]receive ACTION_ANY_DATA_CONNECTION_STATE_CHANGED with unaccept phoneid:0
D/MobileDataStateTracker(  273): default(mobile): [2]receive ACTION_ANY_DATA_CONNECTION_STATE_CHANGED with unaccept phoneid:0
D/MobileDataStateTracker(  273): wap(mobile1_wap): [1]receive ACTION_ANY_DATA_CONNECTION_STATE_CHANGED with unaccept phoneid:0
D/MobileDataStateTracker(  273): wap(mobile_wap): [2]receive ACTION_ANY_DATA_CONNECTION_STATE_CHANGED with unaccept phoneid:0
D/MobileDataStateTracker(  273): dm(mobile1_dm): [1]receive ACTION_ANY_DATA_CONNECTION_STATE_CHANGED with unaccept phoneid:0
D/MobileDataStateTracker(  273): hipri(mobile1_hipri): [1]receive ACTION_ANY_DATA_CONNECTION_STATE_CHANGED with unaccept phoneid:0
D/MobileDataStateTracker(  273): dm(mobile_dm): [2]receive ACTION_ANY_DATA_CONNECTION_STATE_CHANGED with unaccept phoneid:0
D/MobileDataStateTracker(  273): hipri(mobile_hipri): [2]receive ACTION_ANY_DATA_CONNECTION_STATE_CHANGED with unaccept phoneid:0
D/MobileDataStateTracker(  273): cbs(mobile1_cbs): [1]receive ACTION_ANY_DATA_CONNECTION_STATE_CHANGED with unaccept phoneid:0
D/MobileDataStateTracker(  273): ims(mobile1_ims): [1]receive ACTION_ANY_DATA_CONNECTION_STATE_CHANGED with unaccept phoneid:0
D/MobileDataStateTracker(  273): fota(mobile1_fota): [1]receive ACTION_ANY_DATA_CONNECTION_STATE_CHANGED with unaccept phoneid:0
