D/StateMachine(  268): addStateInternal: X stateInfo: state=QuittingState,active=false,parent=null
D/StateMachine(  268): addStateInternal: E state=DefaultState,parent=
D/StateMachine(  268): addStateInternal: X stateInfo: state=DefaultState,active=false,parent=null
D/StateMachine(  268): addStateInternal: E state=P2pNotSupportedState,parent=DefaultState
D/StateMachine(  268): addStateInternal: X stateInfo: state=P2pNotSupportedState,active=false,parent=DefaultState
D/StateMachine(  268): addStateInternal: E state=P2pDisablingState,parent=DefaultState
D/StateMachine(  268): addStateInternal: X stateInfo: state=P2pDisablingState,active=false,parent=DefaultState
D/StateMachine(  268): addStateInternal: E state=P2pDisabledState,parent=DefaultState
D/StateMachine(  268): addStateInternal: X stateInfo: state=P2pDisabledState,active=false,parent=DefaultState
D/StateMachine(  268): addStateInternal: E state=WaitForUserActionState,parent=P2pDisabledState
D/StateMachine(  268): addStateInternal: X stateInfo: state=WaitForUserActionState,active=false,parent=P2pDisabledState
D/StateMachine(  268): addStateInternal: E state=WaitForWifiDisableState,parent=P2pDisabledState
D/StateMachine(  268): addStateInternal: X stateInfo: state=WaitForWifiDisableState,active=false,parent=P2pDisabledState
D/StateMachine(  268): addStateInternal: E state=P2pEnablingState,parent=DefaultState
D/StateMachine(  268): addStateInternal: X stateInfo: state=P2pEnablingState,active=false,parent=DefaultState
D/StateMachine(  268): addStateInternal: E state=P2pEnabledState,parent=DefaultState
D/StateMachine(  268): addStateInternal: X stateInfo: state=P2pEnabledState,active=false,parent=DefaultState
D/StateMachine(  268): addStateInternal: E state=InactiveState,parent=P2pEnabledState
D/StateMachine(  268): addStateInternal: X stateInfo: state=InactiveState,active=false,parent=P2pEnabledState
D/StateMachine(  268): addStateInternal: E state=UserAuthorizingGroupNegotiationState,parent=InactiveState
D/StateMachine(  268): addStateInternal: X stateInfo: state=UserAuthorizingGroupNegotiationState,active=false,parent=InactiveState
D/StateMachine(  268): addStateInternal: E state=UserAuthorizingGroupInvitationState,parent=InactiveState
D/StateMachine(  268): addStateInternal: X stateInfo: state=UserAuthorizingGroupInvitationState,active=false,parent=InactiveState
D/StateMachine(  268): addStateInternal: E state=GroupNegotiationState,parent=P2pEnabledState
D/StateMachine(  268): addStateInternal: X stateInfo: state=GroupNegotiationState,active=false,parent=P2pEnabledState
D/StateMachine(  268): addStateInternal: E state=GroupCreatedState,parent=P2pEnabledState
D/StateMachine(  268): addStateInternal: X stateInfo: state=GroupCreatedState,active=false,parent=P2pEnabledState
D/StateMachine(  268): setInitialState: initialStateP2pNotSupportedState
D/StateMachine(  268): completeConstruction: E
D/StateMachine(  268): completeConstruction: maxDepth=4
D/StateMachine(  268): setupInitialStateStack: E mInitialState=P2pNotSupportedState
D/StateMachine(  268): moveTempStackToStateStack: i=1,j=0
D/StateMachine(  268): moveTempStackToStateStack: i=0,j=1
D/StateMachine(  268): moveTempStackToStateStack: X mStateStackTop=1,startingIndex=0,Top=P2pNotSupportedState
D/StateMachine(  268): invokeEnterMethods: DefaultState
D/StateMachine(  268): invokeEnterMethods: P2pNotSupportedState
D/StateMachine(  268): completeConstruction: X
D/StateMachine(  268): addStateInternal: E state=HaltingState,parent=
D/StateMachine(  268): addStateInternal: X stateInfo: state=HaltingState,active=false,parent=null
D/StateMachine(  268): addStateInternal: E state=QuittingState,parent=
D/StateMachine(  268): addStateInternal: X stateInfo: state=QuittingState,active=false,parent=null
I/SystemServer(  268): Wi-Fi Service
D/StateMachine(  268): addStateInternal: E state=HaltingState,parent=
D/StateMachine(  268): addStateInternal: X stateInfo: state=HaltingState,active=false,parent=null
D/StateMachine(  268): addStateInternal: E state=QuittingState,parent=
D/StateMachine(  268): addStateInternal: X stateInfo: state=QuittingState,active=false,parent=null
D/StateMachine(  268): addStateInternal: E state=DefaultState,parent=
D/StateMachine(  268): addStateInternal: X stateInfo: state=DefaultState,active=false,parent=null
D/StateMachine(  268): addStateInternal: E state=UninitializedState,parent=DefaultState
D/StateMachine(  268): addStateInternal: X stateInfo: state=UninitializedState,active=false,parent=DefaultState
D/StateMachine(  268): addStateInternal: E state=InactiveState,parent=DefaultState
D/StateMachine(  268): addStateInternal: X stateInfo: state=InactiveState,active=false,parent=DefaultState
D/StateMachine(  268): addStateInternal: E state=DisconnectedState,parent=DefaultState
D/StateMachine(  268): addStateInternal: X stateInfo: state=DisconnectedState,active=false,parent=DefaultState
D/StateMachine(  268): addStateInternal: E state=ScanState,parent=DefaultState
D/StateMachine(  268): addStateInternal: X stateInfo: state=ScanState,active=false,parent=DefaultState
D/StateMachine(  268): addStateInternal: E state=HandshakeState,parent=DefaultState
D/StateMachine(  268): addStateInternal: X stateInfo: state=HandshakeState,active=false,parent=DefaultState
D/StateMachine(  268): addStateInternal: E state=CompletedState,parent=DefaultState
D/StateMachine(  268): addStateInternal: X stateInfo: state=CompletedState,active=false,parent=DefaultState
D/StateMachine(  268): addStateInternal: E state=DormantState,parent=DefaultState
D/StateMachine(  268): addStateInternal: X stateInfo: state=DormantState,active=false,parent=DefaultState
D/StateMachine(  268): setInitialState: initialStateUninitializedState
D/StateMachine(  268): completeConstruction: E
D/StateMachine(  268): completeConstruction: maxDepth=2
D/StateMachine(  268): setupInitialStateStack: E mInitialState=UninitializedState
D/StateMachine(  268): moveTempStackToStateStack: i=1,j=0
D/StateMachine(  268): moveTempStackToStateStack: i=0,j=1
D/StateMachine(  268): moveTempStackToStateStack: X mStateStackTop=1,startingIndex=0,Top=UninitializedState
D/StateMachine(  268): invokeEnterMethods: DefaultState
D/StateMachine(  268): invokeEnterMethods: UninitializedState
D/StateMachine(  268): completeConstruction: X
D/StateMachine(  268): addStateInternal: E state=HaltingState,parent=
D/StateMachine(  268): addStateInternal: X stateInfo: state=HaltingState,active=false,parent=null
D/StateMachine(  268): addStateInternal: E state=QuittingState,parent=
D/StateMachine(  268): addStateInternal: X stateInfo: state=QuittingState,active=false,parent=null
D/StateMachine(  268): addStateInternal: E state=DefaultState,parent=
D/StateMachine(  268): addStateInternal: X stateInfo: state=DefaultState,active=false,parent=null
D/StateMachine(  268): addStateInternal: E state=InactiveState,parent=DefaultState
D/StateMachine(  268): addStateInternal: X stateInfo: state=InactiveState,active=false,parent=DefaultState
D/StateMachine(  268): addStateInternal: E state=ActiveState,parent=DefaultState
D/StateMachine(  268): addStateInternal: X stateInfo: state=ActiveState,active=false,parent=DefaultState
D/StateMachine(  268): setInitialState: initialStateInactiveState
D/StateMachine(  268): completeConstruction: E
D/StateMachine(  268): completeConstruction: maxDepth=2
D/StateMachine(  268): setupInitialStateStack: E mInitialState=InactiveState
D/StateMachine(  268): moveTempStackToStateStack: i=1,j=0
D/StateMachine(  268): moveTempStackToStateStack: i=0,j=1
D/StateMachine(  268): moveTempStackToStateStack: X mStateStackTop=1,startingIndex=0,Top=InactiveState
D/StateMachine(  268): invokeEnterMethods: DefaultState
D/StateMachine(  268): invokeEnterMethods: InactiveState
D/StateMachine(  268): completeConstruction: X
D/StateMachine(  268): addStateInternal: E state=HaltingState,parent=
D/StateMachine(  268): addStateInternal: X stateInfo: state=HaltingState,active=false,parent=null
D/StateMachine(  268): addStateInternal: E state=QuittingState,parent=
D/StateMachine(  268): addStateInternal: X stateInfo: state=QuittingState,active=false,parent=null
D/StateMachine(  268): addStateInternal: E state=DefaultState,parent=
D/StateMachine(  268): addStateInternal: X stateInfo: state=DefaultState,active=false,parent=null
D/StateMachine(  268): addStateInternal: E state=InactiveState,parent=DefaultState
D/StateMachine(  268): addStateInternal: X stateInfo: state=InactiveState,active=false,parent=DefaultState
D/StateMachine(  268): addStateInternal: E state=ActiveState,parent=DefaultState
D/StateMachine(  268): addStateInternal: X stateInfo: state=ActiveState,active=false,parent=DefaultState
D/StateMachine(  268): setInitialState: initialStateInactiveState
D/StateMachine(  268): completeConstruction: E
D/StateMachine(  268): completeConstruction: maxDepth=2
D/StateMachine(  268): setupInitialStateStack: E mInitialState=InactiveState
D/StateMachine(  268): moveTempStackToStateStack: i=1,j=0
D/StateMachine(  268): moveTempStackToStateStack: i=0,j=1
D/StateMachine(  268): moveTempStackToStateStack: X mStateStackTop=1,startingIndex=0,Top=InactiveState
D/StateMachine(  268): invokeEnterMethods: DefaultState
D/StateMachine(  268): invokeEnterMethods: InactiveState
D/StateMachine(  268): completeConstruction: X
E/Posix   (  268): Posix_open return with -1, errno 2 No such file or directory
D/StateMachine(  268): handleMessage: E msg.what=131097
D/StateMachine(  268): processMsg: InactiveState
D/StateMachine(  268): StateMachine.transitionTo EX destStateActiveState
D/StateMachine(  268): handleMessage: new destination call exit
D/StateMachine(  268): setupTempStateStackWithStatesToEnter: X mTempStateStackCount=1,curStateInfo: state=DefaultState,active=true,parent=null
D/StateMachine(  268): invokeExitMethods: InactiveState
D/StateMachine(  268): moveTempStackToStateStack: i=0,j=1
D/StateMachine(  268): moveTempStackToStateStack: X mStateStackTop=1,startingIndex=1,Top=ActiveState
D/StateMachine(  268): invokeEnterMethods: ActiveState
D/StateMachine(  268): handleMessage: X
D/StateMachine(  268): handleMessage: E msg.what=131098
D/StateMachine(  268): processMsg: ActiveState
D/StateMachine(  268): StateMachine.transitionTo EX destStateInactiveState
D/StateMachine(  268): handleMessage: new destination call exit
D/StateMachine(  268): setupTempStateStackWithStatesToEnter: X mTempStateStackCount=1,curStateInfo: state=DefaultState,active=true,parent=null
D/StateMachine(  268): invokeExitMethods: ActiveState
D/StateMachine(  268): moveTempStackToStateStack: i=0,j=1
D/StateMachine(  268): moveTempStackToStateStack: X mStateStackTop=1,startingIndex=1,Top=InactiveState
D/StateMachine(  268): invokeEnterMethods: InactiveState
D/StateMachine(  268): handleMessage: X
D/StateMachine(  268): addStateInternal: E state=DefaultState,parent=
D/StateMachine(  268): addStateInternal: X stateInfo: state=DefaultState,active=false,parent=null
D/StateMachine(  268): addStateInternal: E state=InitialState,parent=DefaultState
D/StateMachine(  268): addStateInternal: X stateInfo: state=InitialState,active=false,parent=DefaultState
D/StateMachine(  268): addStateInternal: E state=DriverUnloadingState,parent=DefaultState
D/StateMachine(  268): addStateInternal: X stateInfo: state=DriverUnloadingState,active=false,parent=DefaultState
D/StateMachine(  268): addStateInternal: E state=DriverUnloadedState,parent=DefaultState
D/StateMachine(  268): addStateInternal: X stateInfo: state=DriverUnloadedState,active=false,parent=DefaultState
D/StateMachine(  268): addStateInternal: E state=DriverFailedState,parent=DriverUnloadedState
D/StateMachine(  268): addStateInternal: X stateInfo: state=DriverFailedState,active=false,parent=DriverUnloadedState
D/StateMachine(  268): addStateInternal: E state=DriverLoadingState,parent=DefaultState
D/StateMachine(  268): addStateInternal: X stateInfo: state=DriverLoadingState,active=false,parent=DefaultState
D/StateMachine(  268): addStateInternal: E state=DriverLoadedState,parent=DefaultState
D/StateMachine(  268): addStateInternal: X stateInfo: state=DriverLoadedState,active=false,parent=DefaultState
D/StateMachine(  268): addStateInternal: E state=SupplicantStartingState,parent=DefaultState
D/StateMachine(  268): addStateInternal: X stateInfo: state=SupplicantStartingState,active=false,parent=DefaultState
D/StateMachine(  268): addStateInternal: E state=SupplicantStartedState,parent=DefaultState
D/StateMachine(  268): addStateInternal: X stateInfo: state=SupplicantStartedState,active=false,parent=DefaultState
D/StateMachine(  268): addStateInternal: E state=DriverStartingState,parent=SupplicantStartedState
D/StateMachine(  268): addStateInternal: X stateInfo: state=DriverStartingState,active=false,parent=SupplicantStartedState
D/StateMachine(  268): addStateInternal: E state=DriverStartedState,parent=SupplicantStartedState
D/StateMachine(  268): addStateInternal: X stateInfo: state=DriverStartedState,active=false,parent=SupplicantStartedState
D/StateMachine(  268): addStateInternal: E state=ScanModeState,parent=DriverStartedState
D/StateMachine(  268): addStateInternal: X stateInfo: state=ScanModeState,active=false,parent=DriverStartedState
D/StateMachine(  268): addStateInternal: E state=ConnectModeState,parent=DriverStartedState
D/StateMachine(  268): addStateInternal: X stateInfo: state=ConnectModeState,active=false,parent=DriverStartedState
D/StateMachine(  268): addStateInternal: E state=ConnectingState,parent=ConnectModeState
D/StateMachine(  268): addStateInternal: X stateInfo: state=ConnectingState,active=false,parent=ConnectModeState
D/StateMachine(  268): addStateInternal: E state=ConnectedState,parent=ConnectModeState
D/StateMachine(  268): addStateInternal: X stateInfo: state=ConnectedState,active=false,parent=ConnectModeState
D/StateMachine(  268): addStateInternal: E state=DisconnectingState,parent=ConnectModeState
D/StateMachine(  268): addStateInternal: X stateInfo: state=DisconnectingState,active=false,parent=ConnectModeState
D/StateMachine(  268): addStateInternal: E state=DisconnectedState,parent=ConnectModeState
D/StateMachine(  268): addStateInternal: X stateInfo: state=DisconnectedState,active=false,parent=ConnectModeState
D/StateMachine(  268): addStateInternal: E state=WaitForWpsCompletionState,parent=ConnectModeState
D/StateMachine(  268): addStateInternal: X stateInfo: state=WaitForWpsCompletionState,active=false,parent=ConnectModeState
D/StateMachine(  268): addStateInternal: E state=DriverStoppingState,parent=SupplicantStartedState
D/StateMachine(  268): addStateInternal: X stateInfo: state=DriverStoppingState,active=false,parent=SupplicantStartedState
D/StateMachine(  268): addStateInternal: E state=DriverStoppedState,parent=SupplicantStartedState
D/StateMachine(  268): addStateInternal: X stateInfo: state=DriverStoppedState,active=false,parent=SupplicantStartedState
D/StateMachine(  268): addStateInternal: E state=SupplicantStoppingState,parent=DefaultState
D/StateMachine(  268): addStateInternal: X stateInfo: state=SupplicantStoppingState,active=false,parent=DefaultState
D/StateMachine(  268): addStateInternal: E state=SoftApStartingState,parent=DefaultState
D/StateMachine(  268): addStateInternal: X stateInfo: state=SoftApStartingState,active=false,parent=DefaultState
D/StateMachine(  268): addStateInternal: E state=SoftApStartedState,parent=DefaultState
D/StateMachine(  268): addStateInternal: X stateInfo: state=SoftApStartedState,active=false,parent=DefaultState
D/StateMachine(  268): addStateInternal: E state=TetheringState,parent=SoftApStartedState
D/StateMachine(  268): addStateInternal: X stateInfo: state=TetheringState,active=false,parent=SoftApStartedState
D/StateMachine(  268): addStateInternal: E state=TetheredState,parent=SoftApStartedState
D/StateMachine(  268): addStateInternal: X stateInfo: state=TetheredState,active=false,parent=SoftApStartedState
D/StateMachine(  268): addStateInternal: E state=SoftApStoppingState,parent=DefaultState
D/StateMachine(  268): addStateInternal: X stateInfo: state=SoftApStoppingState,active=false,parent=DefaultState
D/StateMachine(  268): addStateInternal: E state=WaitForP2pDisableState,parent=DefaultState
D/StateMachine(  268): addStateInternal: X stateInfo: state=WaitForP2pDisableState,active=false,parent=DefaultState
D/StateMachine(  268): setInitialState: initialStateInitialState
D/StateMachine(  268): completeConstruction: E
D/StateMachine(  268): completeConstruction: maxDepth=5
D/StateMachine(  268): setupInitialStateStack: E mInitialState=InitialState
D/StateMachine(  268): moveTempStackToStateStack: i=1,j=0
D/StateMachine(  268): moveTempStackToStateStack: i=0,j=1
D/StateMachine(  268): moveTempStackToStateStack: X mStateStackTop=1,startingIndex=0,Top=InitialState
D/StateMachine(  268): invokeEnterMethods: DefaultState
D/StateMachine(  268): invokeEnterMethods: InitialState
D/WifiStateMachine(  268): InitialState
D/StateMachine(  268): StateMachine.transitionTo EX destStateDriverUnloadedState
D/StateMachine(  268): handleMessage: E msg.what=69632
D/StateMachine(  268): processMsg: InitialState
D/StateMachine(  268): processMsg: DefaultState
D/WifiStateMachine(  268): DefaultState{ what=69632 when=0 obj=com.android.internal.util.AsyncChannel@411460c8 }
D/StateMachine(  268): handleMessage: new destination call exit
D/StateMachine(  268): setupTempStateStackWithStatesToEnter: X mTempStateStackCount=1,curStateInfo: state=DefaultState,active=true,parent=null
D/StateMachine(  268): invokeExitMethods: InitialState
D/StateMachine(  268): moveTempStackToStateStack: i=0,j=1
D/StateMachine(  268): moveTempStackToStateStack: X mStateStackTop=1,startingIndex=1,Top=DriverUnloadedState
D/StateMachine(  268): invokeEnterMethods: DriverUnloadedState
D/WifiStateMachine(  268): DriverUnloadedState
D/StateMachine(  268): handleMessage: X
D/StateMachine(  268): handleMessage: E msg.what=69633
D/StateMachine(  268): processMsg: P2pNotSupportedState
D/StateMachine(  268): processMsg: DefaultState
D/StateMachine(  268): handleMessage: X
D/StateMachine(  268): handleMessage: E msg.what=69632
D/StateMachine(  268): processMsg: P2pNotSupportedState
D/StateMachine(  268): processMsg: DefaultState
D/StateMachine(  268): handleMessage: X
D/StateMachine(  268): completeConstruction: X
D/StateMachine(  268): handleMessage: E msg.what=131154
D/StateMachine(  268): processMsg: DriverUnloadedState
D/WifiStateMachine(  268): DriverUnloadedState{ what=131154 when=0 arg1=1 }
D/StateMachine(  268): processMsg: DefaultState
D/WifiStateMachine(  268): DefaultState{ what=131154 when=0 arg1=1 }
D/NetdConnector(  268): SND -> {interface ipv6 wlan0 disable} {null}
D/NetdConnector(  268): RCV <- {200 IPv6 state changed}
D/NetdConnector(  268): RSP <- {200 IPv6 state changed}
D/StateMachine(  268): handleMessage: X
I/SystemServer(  268): Connectivity Service
D/ConnectivityService(  268): ConnectivityService starting up
D/StateMachine(  268): handleMessage: E msg.what=131085
D/StateMachine(  268): processMsg: DriverUnloadedState
D/WifiStateMachine(  268): DriverUnloadedState{ what=131085 when=-1ms }
D/StateMachine(  268): processMsg: DefaultState
D/WifiStateMachine(  268): DefaultState{ what=131085 when=-1ms }
D/StateMachine(  268): handleMessage: X
D/StateMachine(  268): handleMessage: E msg.what=131147
D/StateMachine(  268): processMsg: DriverUnloadedState
D/WifiStateMachine(  268): DriverUnloadedState{ what=131147 when=0 }
D/StateMachine(  268): processMsg: DefaultState
D/WifiStateMachine(  268): DefaultState{ what=131147 when=-1ms }
D/StateMachine(  268): handleMessage: X
E/MobileDataStateTracker(  268): default(mobile): Ignoring feature request because could not acquire PhoneService
E/MobileDataStateTracker(  268): default(mobile): Could not enable APN type "default"
E/MobileDataStateTracker(  268): default(mobile): Ignoring feature request because could not acquire PhoneService
E/MobileDataStateTracker(  268): default(mobile): Could not enable APN type "default"
E/MobileDataStateTracker(  268): default(mobile): Ignoring feature request because could not acquire PhoneService
E/MobileDataStateTracker(  268): default(mobile): Could not enable APN type "default"
D/StateMachine(  268): addStateInternal: E state=HaltingState,parent=
D/StateMachine(  268): addStateInternal: X stateInfo: state=HaltingState,active=false,parent=null
D/StateMachine(  268): addStateInternal: E state=QuittingState,parent=
D/StateMachine(  268): addStateInternal: X stateInfo: state=QuittingState,active=false,parent=null
D/StateMachine(  268): addStateInternal: E state=InitialState,parent=
D/StateMachine(  268): addStateInternal: X stateInfo: state=InitialState,active=false,parent=null
D/StateMachine(  268): addStateInternal: E state=TetherModeAliveState,parent=
D/StateMachine(  268): addStateInternal: X stateInfo: state=TetherModeAliveState,active=false,parent=null
D/StateMachine(  268): addStateInternal: E state=SetIpForwardingEnabledErrorState,parent=
D/StateMachine(  268): addStateInternal: X stateInfo: state=SetIpForwardingEnabledErrorState,active=false,parent=null
D/StateMachine(  268): addStateInternal: E state=SetIpForwardingDisabledErrorState,parent=
D/StateMachine(  268): addStateInternal: X stateInfo: state=SetIpForwardingDisabledErrorState,active=false,parent=null
D/StateMachine(  268): addStateInternal: E state=StartTetheringErrorState,parent=
D/StateMachine(  268): addStateInternal: X stateInfo: state=StartTetheringErrorState,active=false,parent=null
D/StateMachine(  268): addStateInternal: E state=StopTetheringErrorState,parent=
D/StateMachine(  268): addStateInternal: X stateInfo: state=StopTetheringErrorState,active=false,parent=null
D/StateMachine(  268): addStateInternal: E state=SetDnsForwardersErrorState,parent=
D/StateMachine(  268): addStateInternal: X stateInfo: state=SetDnsForwardersErrorState,active=false,parent=null
D/StateMachine(  268): setInitialState: initialStateInitialState
D/StateMachine(  268): completeConstruction: E
D/StateMachine(  268): completeConstruction: maxDepth=1
D/StateMachine(  268): setupInitialStateStack: E mInitialState=InitialState
D/StateMachine(  268): moveTempStackToStateStack: i=0,j=0
D/StateMachine(  268): moveTempStackToStateStack: X mStateStackTop=0,startingIndex=0,Top=InitialState
D/StateMachine(  268): invokeEnterMethods: InitialState
D/StateMachine(  268): completeConstruction: X
D/StateMachine(  268): handleMessage: E msg.what=131084
D/StateMachine(  268): processMsg: DriverUnloadedState
D/WifiStateMachine(  268): DriverUnloadedState{ what=131084 when=-1ms }
D/StateMachine(  268): processMsg: DefaultState
D/WifiStateMachine(  268): DefaultState{ what=131084 when=-1ms }
D/StateMachine(  268): handleMessage: X
D/StateMachine(  268): handleMessage: E msg.what=131074
D/StateMachine(  268): processMsg: DriverUnloadedState
D/WifiStateMachine(  268): DriverUnloadedState{ what=131074 when=-1ms arg1=1 }
D/StateMachine(  268): processMsg: DefaultState
D/WifiStateMachine(  268): DefaultState{ what=131074 when=-1ms arg1=1 }
D/StateMachine(  268): handleMessage: X
D/NetworkManagementService(  268): Registering observer
D/NetworkManagementService(  268): Registering observer
I/WifiService(  268): WifiService starting up with Wi-Fi disabled
D/StateMachine(  268): addStateInternal: E state=HaltingState,parent=
D/StateMachine(  268): addStateInternal: X stateInfo: state=HaltingState,active=false,parent=null
D/StateMachine(  268): addStateInternal: E state=QuittingState,parent=
D/StateMachine(  268): addStateInternal: X stateInfo: state=QuittingState,active=false,parent=null
D/StateMachine(  268): addStateInternal: E state=DefaultState,parent=
D/StateMachine(  268): addStateInternal: X stateInfo: state=DefaultState,active=false,parent=null
D/StateMachine(  268): addStateInternal: E state=WatchdogDisabledState,parent=DefaultState
D/StateMachine(  268): addStateInternal: X stateInfo: state=WatchdogDisabledState,active=false,parent=DefaultState
D/StateMachine(  268): addStateInternal: E state=WatchdogEnabledState,parent=DefaultState
D/StateMachine(  268): addStateInternal: X stateInfo: state=WatchdogEnabledState,active=false,parent=DefaultState
D/StateMachine(  268): addStateInternal: E state=NotConnectedState,parent=WatchdogEnabledState
D/StateMachine(  268): addStateInternal: X stateInfo: state=NotConnectedState,active=false,parent=WatchdogEnabledState
D/StateMachine(  268): addStateInternal: E state=ConnectedState,parent=WatchdogEnabledState
D/StateMachine(  268): addStateInternal: X stateInfo: state=ConnectedState,active=false,parent=WatchdogEnabledState
D/StateMachine(  268): addStateInternal: E state=DnsCheckingState,parent=ConnectedState
D/StateMachine(  268): addStateInternal: X stateInfo: state=DnsCheckingState,active=false,parent=ConnectedState
D/StateMachine(  268): addStateInternal: E state=DnsCheckFailureState,parent=ConnectedState
D/StateMachine(  268): addStateInternal: X stateInfo: state=DnsCheckFailureState,active=false,parent=ConnectedState
D/StateMachine(  268): addStateInternal: E state=DelayWalledGardenState,parent=ConnectedState
D/StateMachine(  268): addStateInternal: X stateInfo: state=DelayWalledGardenState,active=false,parent=ConnectedState
D/StateMachine(  268): addStateInternal: E state=WalledGardenState,parent=ConnectedState
D/StateMachine(  268): addStateInternal: X stateInfo: state=WalledGardenState,active=false,parent=ConnectedState
D/StateMachine(  268): addStateInternal: E state=BlacklistedApState,parent=ConnectedState
D/StateMachine(  268): addStateInternal: X stateInfo: state=BlacklistedApState,active=false,parent=ConnectedState
D/StateMachine(  268): addStateInternal: E state=OnlineWatchState,parent=ConnectedState
D/StateMachine(  268): addStateInternal: X stateInfo: state=OnlineWatchState,active=false,parent=ConnectedState
D/StateMachine(  268): addStateInternal: E state=OnlineState,parent=ConnectedState
D/StateMachine(  268): addStateInternal: X stateInfo: state=OnlineState,active=false,parent=ConnectedState
D/StateMachine(  268): setInitialState: initialStateWatchdogDisabledState
D/StateMachine(  268): completeConstruction: E
D/StateMachine(  268): completeConstruction: maxDepth=4
D/StateMachine(  268): setupInitialStateStack: E mInitialState=WatchdogDisabledState
D/dalvikvm(  268): GC_CONCURRENT freed 280K, 64% free 4437K/12099K, paused 2ms+4ms
D/StateMachine(  268): moveTempStackToStateStack: i=1,j=0
D/StateMachine(  268): moveTempStackToStateStack: i=0,j=1
D/StateMachine(  268): moveTempStackToStateStack: X mStateStackTop=1,startingIndex=0,Top=WatchdogDisabledState
D/StateMachine(  268): invokeEnterMethods: DefaultState
D/StateMachine(  268): invokeEnterMethods: WatchdogDisabledState
D/StateMachine(  268): completeConstruction: X
D/StateMachine(  268): handleMessage: E msg.what=135169
D/StateMachine(  268): processMsg: WatchdogDisabledState
D/StateMachine(  268): StateMachine.transitionTo EX destStateNotConnectedState
D/StateMachine(  268): handleMessage: new destination call exit
D/StateMachine(  268): setupTempStateStackWithStatesToEnter: X mTempStateStackCount=2,curStateInfo: state=DefaultState,active=true,parent=null
D/StateMachine(  268): invokeExitMethods: WatchdogDisabledState
D/StateMachine(  268): moveTempStackToStateStack: i=1,j=1
D/StateMachine(  268): moveTempStackToStateStack: i=0,j=2
D/StateMachine(  268): moveTempStackToStateStack: X mStateStackTop=2,startingIndex=1,Top=NotConnectedState
D/StateMachine(  268): invokeEnterMethods: WatchdogEnabledState
D/StateMachine(  268): invokeEnterMethods: NotConnectedState
D/StateMachine(  268): handleMessage: X
I/SystemServer(  268): Throttle Service
I/SystemServer(  268): Mount Service
D/MountService(  268): got storage path: /mnt/sdcard description: SD  primary: true removable: true emulated: false mtpReserve: 0 allowMassStorage: true maxFileSize: 0
D/MountService(  268): got storage path: /mnt/internal description:  primary: false removable: false emulated: false mtpReserve: 0 allowMassStorage: true maxFileSize: 0
I/SystemServer(  268): Notification Manager
D/VoldConnector(  268): SND -> {volume list} {null}
D/VoldCmdListener(   75): volume list
D/VoldConnector(  268): RCV <- {110 internal /mnt/internal 1}
D/VoldConnector(  268): RCV <- {110 sdcard /mnt/sdcard 0}
D/VoldConnector(  268): RCV <- {200 Volumes listed.}
I/SystemServer(  268): Device Storage Monitor
D/VoldConnector(  268): RSP <- {110 internal /mnt/internal 1}
I/SystemServer(  268): Location Manager
D/VoldConnector(  268): RSP <- {110 sdcard /mnt/sdcard 0}
D/VoldConnector(  268): RSP <- {200 Volumes listed.}
I/SystemServer(  268): Country Detector
D/VoldConnector(  268): List terminated with {200 Volumes listed.}
I/MountService(  268): Updating valid state unmounted
D/MountService(  268): volume state changed for /mnt/internal (null -> unmounted)
I/SystemServer(  268): Search Service
I/MountService(  268): Updating valid state removed
D/MountService(  268): volume state changed for /mnt/sdcard (null -> removed)
I/SystemServer(  268): DropBox Service
E/Posix   (  268): Posix_open return with -1, errno 2 No such file or directory
I/SystemServer(  268): Wallpaper Service
W/WallpaperService(  268): failed parsing /data/system/wallpaper_info.xml java.io.FileNotFoundException: /data/system/wallpaper_info.xml: open failed: ENOENT (No such file or directory)
I/SystemServer(  268): Audio Service
D/gralloc.mali(   83): fps = 19.202324
V/AudioPolicyManagerBase(   86): initStreamVolume() stream 0, min 0, max 7
V/AudioPolicyManagerBase(   86): setStreamVolumeIndex() stream 0, index 4
E/AudioPolicyManagerBase(   86): checkAndSetVolume stream=0, index=4, output=1, device=2
E/AudioPolicyManagerBase(   86): computeVolume, streamDesc=0x17eafcc
V/AudioPolicyManagerBase(   86): VOLUME vol index=[33 57 66], dB=[-33.5 -21.5 -17.0] ampl=0.08414
V/AudioPolicyManagerBase(   86): setStreamVolume() for output 1 stream 0, volume 0.084140, delay 0
V/AudioPolicyService(   86): inserting command: 2 at index 0, num commands 0
V/AudioPolicyService(   86): AudioCommandThread() adding set volume stream 0, volume 0.093299, output 1 mWaitStatus(1)
V/AudioPolicyService(   86): AudioCommandThread() adding set volume start wait
V/AudioPolicyService(   86): AudioCommandThread() waking up
V/AudioPolicyService(   86): AudioCommandThread() processing set volume stream 0,                             volume 0.093299, output 1 mWaitStatus(1)
V/AudioPolicyService(   86): AudioCommandThread() processing set volume mWaitStatus(1)
V/AudioPolicyService(   86): AudioCommandThread() processing set volume signal
V/AudioPolicyService(   86): AudioCommandThread() adding set volume end wait
V/AudioPolicyService(   86): inserting command: 4 at index 0, num commands 0
V/AudioPolicyService(   86): AudioCommandThread() adding set voice volume volume 0.571429 mWaitStatus(1)
V/AudioPolicyService(   86): AudioCommandThread() adding set voice volume start wait
V/AudioPolicyService(   86): AudioCommandThread() processing set voice volume volume 0.571429 mWaitStatus(1)
D/AudioFlinger(   86): setVoiceVolume() value(0.571429)
D/AudioFlinger(   86): setVoiceVolume() call HAL
W/audio_hw_primary(   86): adev_set_voice_volume in...volume:0.571429 mode:0 call_start:0 
D/SPRDENG (  179): eng_event_reg: fd=13
D/SPRDENG (  179): eng_event_can_reg enter
D/SPRDENG (  179): eng_event_can_reg ret = 1
D/SPRDENG (  179): clinet_info_getnametype: input=appclient:0
D/SPRDENG (  179): clinet_info_getnametype: name=appclient; type=0
D/SPRDENG (  179): getclientfunc: appclient
D/SPRDENG (  179): eng_event_reg: fdevent_create
D/SPRDENG (  179): eng_event_reg: fe.fd=13
D/SPRDENG (  179): client_info_update: name[3] appclient,
D/SPRDENG (  179): eng_event_reg: send welcome
D/SPRDENG (   86): eng_at_handshake: data.buf=welcome
W/audio_hw_primary(   86): at cmd using sim0
W/audio_hw_primary(   86): at_cmd_send_recv write incall AT command [AT+VGR=4] at_cmd_prefix:39,1, at_cmd:39,1,AT+VGR=4 
W/audio_hw_primary(   86): at_cmd_send_recv before engapi_read
D/SPRDENG (  179): ===fdevent_loop: fd=0x9===
D/SPRDENG (  179): fdevent_loop: ===waiting for events===
D/SPRDENG (  179): ===fdevent_loop: fd=0x9===
D/SPRDENG (  179): ===fdevent_loop: fd=0xd===
D/SPRDENG (  179): client_info_gettype:[0] fd=13;
D/SPRDENG (  179): client_info_gettype:[1] fd=13;
D/SPRDENG (  179): client_info_gettype:[2] fd=13;
D/SPRDENG (  179): client_info_gettype:[3] fd=13;
D/SPRDENG (  179): client_info_gettype: [3].name=appclient; .type=0
D/SPRDENG (  179): client_info_get_socketid: [2].name=modem; .fd=11
D/SPRDENG (  179): appclient_event_func: type=0; dest_fd=11
D/SPRDENG (  179): appclient_event_func: _fd=0xd read write to dest_id =0xb, read length = 13
D/SPRDENG (  179): setup_send_data:fd=13; type=0; inbuf=39,1,AT+VGR=4; outbuf=   27;   13;0;39,1,AT+VGR=4
D/SPRDENG (  179): fdevent_loop: ===waiting for events===
D/SPRDENG (  180): eng_servermodem_comm: Get Command n=0x1
D/SPRDENG (  180): eng_servermodem_comm: tmp=   27;   13;0;39,1,AT+VGR=4, length=27
D/SPRDENG (  180): get_send_fd: inbuf=   27;   13;0;39,1,AT+VGR=4
D/SPRDENG (  180): get_send_fd: outbuf=39,1,AT+VGR=4; len =27,fd=13, type=0
D/SPRDENG (  180): eng_servermodem_comm: data.buf=39,1,AT+VGR=4, data.buf_len=13
D/SPRDENG (  180): eng_parsecmd: cmd=39
D/SPRDENG (  180): ENG_AT_NOHANDLE_CMD: AT+VGR=4
D/SPRDENG (  180): eng_atCommandRequest: index=39, cmd=AT+VGR=4
D/SPRDENG (  180): eng_servermodem_comm: write data[AT+VGR=4] from server to modem 
D/SPRDENG (  180): eng_servermodem_comm: use SIM1 /dev/CHNPTY13
D/SPRDENG (  180): AT > AT+VGR=4
D/SPRDENG (  180): eng_servermodem_comm: Write Request to Modem Success
D/SPRDENG (  180): eng_modem2server: use SIM1 /dev/CHNPTY13
D/SPRDENG (  180): eng_modem2server: Waiting modem response ..., fd=13
D/SPRDENG (  180): eng_modem2server: Receive Modem Response
D/SPRDENG (  180): eng_modem2server [ptr=
D/SPRDENG (  180): OK
D/SPRDENG (  180): ] tmp=[6]
D/SPRDENG (  180): eng_modem2server: counter=6
D/SPRDENG (  180): isAtNoHandleEnd: data=
D/SPRDENG (  180): OK
D/SPRDENG (  180): isAtNoHandleEnd: 0xd
D/SPRDENG (  180): isAtNoHandleEnd: 0xa
D/SPRDENG (  180): isAtNoHandleEnd: 0x4f
D/SPRDENG (  180): isAtNoHandleEnd: 0x4b
D/SPRDENG (  180): isAtNoHandleEnd: 0xd
D/SPRDENG (  180): isAtNoHandleEnd: 0xa
D/SPRDENG (  180): isAtNoHandleEnd: check OK
D/SPRDENG (  180): isAtNoHandleEnd: start two bytes[d][a]
D/SPRDENG (  180): isAtNoHandleEnd: end two bytes[d][a]
D/SPRDENG (  180): isAtNoHandleEnd: ret1=1; ret2=1
D/SPRDENG (  180): isAtNoHandleEnd: ret=1
D/SPRDENG (  180): eng_modem2server: s_ATDictBuf[6]=
D/SPRDENG (  180): OK
D/SPRDENG (  180): eng_modem2server: write data from service to app  content=
D/SPRDENG (  180): OK
D/SPRDENG (  180): ; content_len=6
D/SPRDENG (  180): AT < 
D/SPRDENG (  180): OK
D/SPRDENG (  180): 
D/SPRDENG (  180): eng_write2server: write data from modem to server fd=13;data=
D/SPRDENG (  180): OK
D/SPRDENG (  180): ;len=6;tmp=13;
D/SPRDENG (  180): OK
D/SPRDENG (  180): ;tmplen=9
D/SPRDENG (  180): eng_servermodem_comm: Waiting command from Server ...... soc_fd=0xb
D/SPRDENG (  179): ===fdevent_loop: fd=0xb===
D/SPRDENG (  179): modemclient_event_func: _fd=0xb read write to read length=9
D/SPRDENG (  179): get_send_fd: inbuf=13;
D/SPRDENG (  179): OK
D/SPRDENG (  179): get_send_fd: fdstring=13; outbuf=
D/SPRDENG (  179): OK
D/SPRDENG (  179): ; fd=13, length=2
D/SPRDENG (  179): modemclient_event_func: write 
D/SPRDENG (  179): OK
D/SPRDENG (  179):  to 13, lenght=6
W/audio_hw_primary(   86): at_cmd_send_recv after engapi_read
W/audio_hw_primary(   86): do_cmd Switch incall AT command [AT+VGR=4][
W/audio_hw_primary(   86): OK
W/audio_hw_primary(   86): ] good
D/AudioFlinger(   86): setVoiceVolume() call return
V/AudioPolicyService(   86): AudioCommandThread() processing set voice volume mWaitStatus(1)
V/AudioPolicyService(   86): AudioCommandThread() processing set voice volume signal
V/AudioPolicyService(   86): AudioCommandThread() adding set voice volume end wait
V/AudioPolicyService(   86): AudioCommandThread() going to sleep
D/SPRDENG (  179): fdevent_loop: ===waiting for events===
V/AudioPolicyManagerBase(   86): initStreamVolume() stream 1, min 0, max 7
V/AudioPolicyManagerBase(   86): setStreamVolumeIndex() stream 1, index 7
E/AudioPolicyManagerBase(   86): checkAndSetVolume stream=1, index=7, output=1, device=2
E/AudioPolicyManagerBase(   86): computeVolume, streamDesc=0x17eafe8
V/AudioPolicyManagerBase(   86): VOLUME vol index=[66 100 100], dB=[-12.0 -6.0 -6.0] ampl=0.50119
V/AudioPolicyManagerBase(   86): setStreamVolume() for output 1 stream 1, volume 0.501188, delay 0
V/AudioPolicyService(   86): inserting command: 2 at index 0, num commands 0
V/AudioPolicyService(   86): AudioCommandThread() adding set volume stream 1, volume 0.501188, output 1 mWaitStatus(1)
V/AudioPolicyService(   86): AudioCommandThread() adding set volume start wait
V/AudioPolicyService(   86): AudioCommandThread() waking up
V/AudioPolicyService(   86): AudioCommandThread() processing set volume stream 1,                             volume 0.501188, output 1 mWaitStatus(1)
V/AudioPolicyService(   86): AudioCommandThread() processing set volume mWaitStatus(1)
V/AudioPolicyService(   86): AudioCommandThread() processing set volume signal
V/AudioPolicyService(   86): AudioCommandThread() adding set volume end wait
V/AudioPolicyService(   86): AudioCommandThread() going to sleep
V/AudioPolicyManagerBase(   86): initStreamVolume() stream 2, min 0, max 7
V/AudioPolicyManagerBase(   86): setStreamVolumeIndex() stream 2, index 4
E/AudioPolicyManagerBase(   86): checkAndSetVolume stream=2, index=4, output=1, device=2
E/AudioPolicyManagerBase(   86): computeVolume, streamDesc=0x17eb004
V/AudioPolicyManagerBase(   86): VOLUME vol index=[33 57 66], dB=[-20.1 -12.9 -10.2] ampl=0.22647
V/AudioPolicyManagerBase(   86): setStreamVolume() for output 1 stream 2, volume 0.226465, delay 0
V/AudioPolicyService(   86): inserting command: 2 at index 0, num commands 0
V/AudioPolicyService(   86): AudioCommandThread() adding set volume stream 2, volume 0.226465, output 1 mWaitStatus(1)
V/AudioPolicyService(   86): AudioCommandThread() adding set volume start wait
V/AudioPolicyService(   86): AudioCommandThread() waking up
V/AudioPolicyService(   86): AudioCommandThread() processing set volume stream 2,                             volume 0.226465, output 1 mWaitStatus(1)
V/AudioPolicyService(   86): AudioCommandThread() processing set volume mWaitStatus(1)
V/AudioPolicyService(   86): AudioCommandThread() processing set volume signal
V/AudioPolicyService(   86): AudioCommandThread() adding set volume end wait
V/AudioPolicyService(   86): AudioCommandThread() going to sleep
V/AudioPolicyManagerBase(   86): initStreamVolume() stream 3, min 0, max 15
V/AudioPolicyManagerBase(   86): setStreamVolumeIndex() stream 3, index 7
E/AudioPolicyManagerBase(   86): checkAndSetVolume stream=3, index=7, output=1, device=2
E/AudioPolicyManagerBase(   86): computeVolume, streamDesc=0x17eb020
V/AudioPolicyManagerBase(   86): VOLUME vol index=[20 46 60], dB=[-34.0 -19.0 -11.0] ampl=0.11156
V/AudioPolicyManagerBase(   86): setStreamVolume() for output 1 stream 3, volume 0.111558, delay 0
V/AudioPolicyService(   86): inserting command: 2 at index 0, num commands 0
V/AudioPolicyService(   86): AudioCommandThread() adding set volume stream 3, volume 0.111558, output 1 mWaitStatus(1)
V/AudioPolicyService(   86): AudioCommandThread() adding set volume start wait
V/AudioPolicyService(   86): AudioCommandThread() waking up
V/AudioPolicyService(   86): AudioCommandThread() processing set volume stream 3,                             volume 0.111558, output 1 mWaitStatus(1)
V/AudioPolicyService(   86): AudioCommandThread() processing set volume mWaitStatus(1)
V/AudioPolicyService(   86): AudioCommandThread() processing set volume signal
V/AudioPolicyService(   86): AudioCommandThread() adding set volume end wait
V/AudioPolicyService(   86): AudioCommandThread() going to sleep
V/AudioPolicyManagerBase(   86): initStreamVolume() stream 4, min 0, max 7
V/AudioPolicyManagerBase(   86): setStreamVolumeIndex() stream 4, index 5
E/AudioPolicyManagerBase(   86): checkAndSetVolume stream=4, index=5, output=1, device=2
E/AudioPolicyManagerBase(   86): computeVolume, streamDesc=0x17eb03c
V/AudioPolicyManagerBase(   86): VOLUME vol index=[66 71 100], dB=[-10.2 -8.7 0.0] ampl=0.36728
V/AudioPolicyManagerBase(   86): setStreamVolume() for output 1 stream 4, volume 0.367283, delay 0
V/AudioPolicyService(   86): inserting command: 2 at index 0, num commands 0
V/AudioPolicyService(   86): AudioCommandThread() adding set volume stream 4, volume 0.367283, output 1 mWaitStatus(1)
V/AudioPolicyService(   86): AudioCommandThread() adding set volume start wait
V/AudioPolicyService(   86): AudioCommandThread() waking up
V/AudioPolicyService(   86): AudioCommandThread() processing set volume stream 4,                             volume 0.367283, output 1 mWaitStatus(1)
V/AudioPolicyService(   86): AudioCommandThread() processing set volume mWaitStatus(1)
V/AudioPolicyService(   86): AudioCommandThread() processing set volume signal
V/AudioPolicyService(   86): AudioCommandThread() adding set volume end wait
V/AudioPolicyService(   86): AudioCommandThread() going to sleep
V/AudioPolicyManagerBase(   86): initStreamVolume() stream 5, min 0, max 7
V/AudioPolicyManagerBase(   86): setStreamVolumeIndex() stream 5, index 4
E/AudioPolicyManagerBase(   86): checkAndSetVolume stream=5, index=4, output=1, device=2
E/AudioPolicyManagerBase(   86): computeVolume, streamDesc=0x17eb058
V/AudioPolicyManagerBase(   86): VOLUME vol index=[33 57 66], dB=[-20.1 -12.9 -10.2] ampl=0.22647
V/AudioPolicyManagerBase(   86): setStreamVolume() for output 1 stream 5, volume 0.226465, delay 0
V/AudioPolicyService(   86): inserting command: 2 at index 0, num commands 0
V/AudioPolicyService(   86): AudioCommandThread() adding set volume stream 5, volume 0.226465, output 1 mWaitStatus(1)
V/AudioPolicyService(   86): AudioCommandThread() adding set volume start wait
V/AudioPolicyService(   86): AudioCommandThread() waking up
V/AudioPolicyService(   86): AudioCommandThread() processing set volume stream 5,                             volume 0.226465, output 1 mWaitStatus(1)
V/AudioPolicyService(   86): AudioCommandThread() processing set volume mWaitStatus(1)
V/AudioPolicyService(   86): AudioCommandThread() processing set volume signal
V/AudioPolicyService(   86): AudioCommandThread() adding set volume end wait
V/AudioPolicyService(   86): AudioCommandThread() going to sleep
V/AudioPolicyManagerBase(   86): initStreamVolume() stream 6, min 0, max 15
V/AudioPolicyManagerBase(   86): setStreamVolumeIndex() stream 6, index 7
V/AudioPolicyManagerBase(   86): checkAndSetVolume() cannot set stream 6 volume with force use = 0 for comm
F/SystemServer(  268): BOOT FAILURE starting Audio Service
F/SystemServer(  268): java.lang.ArrayIndexOutOfBoundsException: length=7; index=7
F/SystemServer(  268): 	at android.media.AudioService.createStreamStates(AudioService.java:430)
F/SystemServer(  268): 	at android.media.AudioService.<init>(AudioService.java:356)
F/SystemServer(  268): 	at com.android.server.ServerThread.run(SystemServer.java:510)
E/Posix   (  268): Posix_open return with -1, errno 2 No such file or directory
E/Posix   (  268): Posix_open return with -1, errno 2 No such file or directory
W/SystemServer(  268): ***********************************************
I/SystemServer(  268): Dock Observer
W/DockObserver(  268): This kernel does not have dock station support
I/SystemServer(  268): Wired Accessory Observer
I/SystemServer(  268): USB Service
D/UsbDeviceManager(  268): mDefaultFunctions: adb
D/UsbDeviceManager(  268): mCurrentFunctions: mass_storage,adb,vser,gser
D/UsbDeviceManager(  268): setAdbEnabled: true
I/SystemServer(  268): UI Mode Manager Service
I/SystemServer(  268): Backup Service
E/Posix   (  268): Posix_open return with -1, errno 2 No such file or directory
V/BackupManagerService(  268): No ancestral data
D/dalvikvm(  268): GC_CONCURRENT freed 184K, 61% free 4796K/12099K, paused 3ms+3ms
D/BackupManagerService(  268): registerBaiduTransport
I/BackupManagerService(  268): Backup enabled => false
I/SystemServer(  268): AppWidget Service
I/SystemServer(  268): Recognition Service
I/SystemServer(  268): DiskStats Service
I/SystemServer(  268): SamplingProfiler Service
I/SystemServer(  268): NetworkTimeUpdateService
I/PowerManagerService(  268): mLocks 01AlarmManager
D/PowerManagerService(  268): acquireWakeLock flags=0x1 tag=*vibrator*
I/WindowManager(  268): SAFE MODE not enabled
D/dalvikvm(  268): JIT started for system_server
E/Posix   (  268): Posix_open return with -1, errno 2 No such file or directory
E/Posix   (  268): Posix_open return with -1, errno 2 No such file or directory
D/WindowManager(  268): mIsPreventWakeupEnable = 0
D/PowerManagerService(  268): system ready!
I/ActivityManager(  268): Sending system update to: ComponentInfo{com.android.providers.calendar/com.android.providers.calendar.CalendarUpgradeReceiver}
D/SmartPowerService(  268): receive broadcast! action = android.intent.action.BATTERY_CHANGED
D/SmartPowerService(  268): batteryLevel = 100
D/SmartPowerService(  268): receive broadcast! action = android.intent.action.BATTERY_CHANGED
D/SmartPowerService(  268): batteryLevel = 100
I/ActivityManager(  268): Sending system update to: ComponentInfo{com.android.providers.contacts/com.android.providers.contacts.ContactsUpgradeReceiver}
I/ActivityManager(  268): Sending system update to: ComponentInfo{com.android.providers.media/com.android.providers.media.MediaUpgradeReceiver}
V/AlarmManager(  268): SetLocked alarm type is : 3
I/Zygote  (  268): Process: zygote socket opened
I/PowerManagerService(  268): mLocks 01AlarmManager
D/gralloc.mali(   83): fps = 19.110340
D/PowerManagerService(  268): releaseWakeLock flags=0x1 tag=*vibrator*
I/ActivityManager(  268): Start proc com.android.providers.calendar for broadcast com.android.providers.calendar/.CalendarUpgradeReceiver: pid=492 uid=10033 gids={3003, 1015}
D/PowerManagerService(  268): releaseWakeLock flags=0x1 tag=AlarmManager
I/ActivityManager(  268): Launching preboot mode app: ProcessRecord{41503d58 492:com.android.providers.calendar/10033}
E/Posix   (  492): Posix_open return with -1, errno 2 No such file or directory
I/ActivityManager(  268): Start proc android.process.acore for broadcast com.android.providers.contacts/.ContactsUpgradeReceiver: pid=507 uid=10000 gids={3003, 1015}
I/ActivityThread(  507): Pub com.android.voicemail: com.android.providers.contacts.VoicemailContentProvider
I/ActivityThread(  507): Pub user_dictionary: com.android.providers.userdictionary.UserDictionaryProvider
I/ActivityThread(  507): Pub applications: com.android.providers.applications.ApplicationsProvider
I/ActivityThread(  507): Pub com.baidu.cloud.report: com.android.providers.contacts.ReportProvider
I/ActivityThread(  507): Pub contacts;com.android.contacts: com.android.providers.contacts.ContactsProvider2
D/dalvikvm(  507): GC_CONCURRENT freed 166K, 19% free 2443K/3011K, paused 2ms+1ms
I/ActivityThread(  507): Pub call_log: com.android.providers.contacts.CallLogProvider
E/Posix   (  507): Posix_open return with -1, errno 2 No such file or directory
I/ContactsUpgradeReceiver(  507): Creating or opening contacts database
D/gralloc.mali(   83): fps = 19.197338
I/ContactsDatabaseHelper(  507): Bootstrapping database version: 710
D/dalvikvm(  507): GC_CONCURRENT freed 304K, 22% free 2568K/3267K, paused 1ms+2ms
I/ContactsProviderV1(  507): Bootstrapping database legacy support
D/gralloc.mali(   83): fps = 19.356216
D/dalvikvm(  507): GC_CONCURRENT freed 333K, 23% free 2645K/3395K, paused 1ms+2ms
D/gralloc.mali(   83): fps = 19.207747
I/ContactsDatabaseHelper(  507): Bootstrapping database version: 710
I/ContactsProviderV1(  507): Bootstrapping database legacy support
D/dalvikvm(  507): GC_CONCURRENT freed 384K, 23% free 2675K/3459K, paused 1ms+2ms
D/gralloc.mali(   83): fps = 19.219931
E/Posix   (  268): Posix_open return with -1, errno 2 No such file or directory
D/gralloc.mali(   83): fps = 19.197966
D/StrictMode(  507): StrictMode policy violation; ~duration=5533 ms: android.os.StrictMode$StrictModeDiskReadViolation: policy=31 violation=2
D/StrictMode(  507): 	at android.os.StrictMode$AndroidBlockGuardPolicy.onReadFromDisk(StrictMode.java:1093)
D/StrictMode(  507): 	at android.app.SharedPreferencesImpl.awaitLoadedLocked(SharedPreferencesImpl.java:184)
D/StrictMode(  507): 	at android.app.SharedPreferencesImpl.getInt(SharedPreferencesImpl.java:220)
D/StrictMode(  507): 	at com.android.providers.contacts.ContactsUpgradeReceiver.onReceive(ContactsUpgradeReceiver.java:53)
D/StrictMode(  507): 	at android.app.ActivityThread.handleReceiver(ActivityThread.java:2167)
D/StrictMode(  507): 	at android.app.ActivityThread.access$1500(ActivityThread.java:130)
D/StrictMode(  507): 	at android.app.ActivityThread$H.handleMessage(ActivityThread.java:1207)
D/StrictMode(  507): 	at android.os.Handler.dispatchMessage(Handler.java:99)
D/StrictMode(  507): 	at android.os.Looper.loop(Looper.java:137)
D/StrictMode(  507): 	at android.app.ActivityThread.main(ActivityThread.java)
D/StrictMode(  507): 	at java.lang.reflect.Method.invokeNative(Native Method)
D/StrictMode(  507): 	at java.lang.reflect.Method.invoke(Method.java:511)
D/StrictMode(  507): 	at com.android.internal.os.ZygoteInit$MethodAndArgsCaller.run(ZygoteInit.java:825)
D/StrictMode(  507): 	at com.android.internal.os.ZygoteInit.main(ZygoteInit.java:592)
D/StrictMode(  507): 	at dalvik.system.NativeStart.main(Native Method)
D/StrictMode(  507): StrictMode policy violation; ~duration=5517 ms: android.os.StrictMode$StrictModeDiskReadViolation: policy=31 violation=2
D/StrictMode(  507): 	at android.os.StrictMode$AndroidBlockGuardPolicy.onReadFromDisk(StrictMode.java:1093)
