D/MobileDataStateTracker(  273): hipri(mobile1_hipri): [1]receive ACTION_ANY_DATA_CONNECTION_STATE_CHANGED with unaccept phoneid:0
D/MobileDataStateTracker(  273): hipri(mobile0_hipri): hipri setting isAvailable to true
E/Baidu Home2(  639): HomeDataManager: onBusinessChanged
D/TD      (  607): VideoCT: IDLE CT: IDLE
D/MobileDataStateTracker(  273): hipri(mobile0_hipri): Received state=DISCONNECTED, old=DISCONNECTED, reason=simLoaded
D/MobileDataStateTracker(  273): dm(mobile_dm): [2]receive ACTION_ANY_DATA_CONNECTION_STATE_CHANGED with unaccept phoneid:0
D/MobileDataStateTracker(  273): hipri(mobile_hipri): [2]receive ACTION_ANY_DATA_CONNECTION_STATE_CHANGED with unaccept phoneid:0
D/MobileDataStateTracker(  273): cbs(mobile1_cbs): [1]receive ACTION_ANY_DATA_CONNECTION_STATE_CHANGED with unaccept phoneid:0
D/MobileDataStateTracker(  273): ims(mobile1_ims): [1]receive ACTION_ANY_DATA_CONNECTION_STATE_CHANGED with unaccept phoneid:0
D/MobileDataStateTracker(  273): fota(mobile1_fota): [1]receive ACTION_ANY_DATA_CONNECTION_STATE_CHANGED with unaccept phoneid:0
D/MobileDataStateTracker(  273): supl(mobile1_supl): [1]receive ACTION_ANY_DATA_CONNECTION_STATE_CHANGED with unaccept phoneid:0
D/MobileDataStateTracker(  273): mms(mobile1_mms): [1]receive ACTION_ANY_DATA_CONNECTION_STATE_CHANGED with unaccept phoneid:0
D/MobileDataStateTracker(  273): cbs(mobile_cbs): [2]receive ACTION_ANY_DATA_CONNECTION_STATE_CHANGED with unaccept phoneid:0
D/MobileDataStateTracker(  273): ims(mobile_ims): [2]receive ACTION_ANY_DATA_CONNECTION_STATE_CHANGED with unaccept phoneid:0
D/MobileDataStateTracker(  273): fota(mobile_fota): [2]receive ACTION_ANY_DATA_CONNECTION_STATE_CHANGED with unaccept phoneid:0
D/zhaishaohua(  607): setupDataOnReadyApns apnContext.getState() = IDLE  apnContext.isReady()false  type = mms
D/zhaishaohua(  607): setupDataOnReadyApns apnContext.getState() = IDLE  apnContext.isReady()false  type = cbs
I/PowerManagerService(  273): mLocks 0268435482keyguard
D/MobileDataStateTracker(  273): supl(mobile_supl): [2]receive ACTION_ANY_DATA_CONNECTION_STATE_CHANGED with unaccept phoneid:0
D/MobileDataStateTracker(  273): mms(mobile_mms): [2]receive ACTION_ANY_DATA_CONNECTION_STATE_CHANGED with unaccept phoneid:0
D/MobileDataStateTracker(  273): default(mobile): [1]receive ACTION_ANY_DATA_CONNECTION_STATE_CHANGED with unaccept phoneid:0
D/MobileDataStateTracker(  273): default(mobile): [2]receive ACTION_ANY_DATA_CONNECTION_STATE_CHANGED with unaccept phoneid:0
D/MobileDataStateTracker(  273): wap(mobile1_wap): [1]receive ACTION_ANY_DATA_CONNECTION_STATE_CHANGED with unaccept phoneid:0
D/MobileDataStateTracker(  273): wap(mobile_wap): [2]receive ACTION_ANY_DATA_CONNECTION_STATE_CHANGED with unaccept phoneid:0
D/MobileDataStateTracker(  273): dm(mobile1_dm): [1]receive ACTION_ANY_DATA_CONNECTION_STATE_CHANGED with unaccept phoneid:0
D/MobileDataStateTracker(  273): hipri(mobile1_hipri): [1]receive ACTION_ANY_DATA_CONNECTION_STATE_CHANGED with unaccept phoneid:0
D/MobileDataStateTracker(  273): dm(mobile_dm): [2]receive ACTION_ANY_DATA_CONNECTION_STATE_CHANGED with unaccept phoneid:0
D/MobileDataStateTracker(  273): hipri(mobile_hipri): [2]receive ACTION_ANY_DATA_CONNECTION_STATE_CHANGED with unaccept phoneid:0
D/MobileDataStateTracker(  273): cbs(mobile1_cbs): [1]receive ACTION_ANY_DATA_CONNECTION_STATE_CHANGED with unaccept phoneid:0
D/MobileDataStateTracker(  273): ims(mobile1_ims): [1]receive ACTION_ANY_DATA_CONNECTION_STATE_CHANGED with unaccept phoneid:0
D/PowerManagerService(  273): acquireWakeLock flags=0x1 tag=RILJ
I/PowerManagerService(  273): mLocks 0268435482keyguard
I/PowerManagerService(  273): mLocks 11RILJ
I/PowerManagerService(  273): mLocks 0268435482keyguard
I/PowerManagerService(  273): mLocks 11RILJ
E/Baidu Home2(  639): HomeDataManager: cursor is NULL or can NOT move to firstandroid.content.ContentResolver$CursorWrapperInner@41218ad8
E/Baidu Home2(  639): HomeDataManager: on business change cursor count 0
I/PowerManagerService(  273): mLocks 0268435482keyguard
I/PowerManagerService(  273): mLocks 11RILJ
I/PowerManagerService(  273): mLocks 0268435482keyguard
I/PowerManagerService(  273): mLocks 11RILJ
D/PowerManagerService(  273): acquireWakeLock flags=0x1 tag=RILJ
D/PowerManagerService(  273): acquireWakeLock flags=0x1 tag=RILJ
D/PowerManagerService(  273): acquireWakeLock flags=0x1 tag=RILJ
D/PowerManagerService(  273): acquireWakeLock flags=0x1 tag=RILJ
I/PowerManagerService(  273): mLocks 0268435482keyguard
I/PowerManagerService(  273): mLocks 11RILJ
I/PowerManagerService(  273): mLocks 0268435482keyguard
I/PowerManagerService(  273): mLocks 11RILJ
I/Baidu Home2(  639): EventNumberUtil: handleEmailMessage EMAIL_EVENT_NUMBER_EMAIL = main
I/PowerManagerService(  273): mLocks 0268435482keyguard
I/PowerManagerService(  273): mLocks 11RILJ
D/MobileDataStateTracker(  273): fota(mobile1_fota): [1]receive ACTION_ANY_DATA_CONNECTION_STATE_CHANGED with unaccept phoneid:0
D/MobileDataStateTracker(  273): supl(mobile1_supl): [1]receive ACTION_ANY_DATA_CONNECTION_STATE_CHANGED with unaccept phoneid:0
D/MobileDataStateTracker(  273): mms(mobile1_mms): [1]receive ACTION_ANY_DATA_CONNECTION_STATE_CHANGED with unaccept phoneid:0
D/MobileDataStateTracker(  273): ims(mobile0_ims): ims setting isAvailable to true
D/PowerManagerService(  273): acquireWakeLock flags=0x1 tag=RILJ
D/PowerManagerService(  273): acquireWakeLock flags=0x1 tag=RILJ
D/PowerManagerService(  273): acquireWakeLock flags=0x1 tag=RILJ
D/MobileDataStateTracker(  273): ims(mobile0_ims): Received state=DISCONNECTED, old=DISCONNECTED, reason=simLoaded
D/MobileDataStateTracker(  273): cbs(mobile_cbs): [2]receive ACTION_ANY_DATA_CONNECTION_STATE_CHANGED with unaccept phoneid:0
D/MobileDataStateTracker(  273): ims(mobile_ims): [2]receive ACTION_ANY_DATA_CONNECTION_STATE_CHANGED with unaccept phoneid:0
D/MobileDataStateTracker(  273): fota(mobile_fota): [2]receive ACTION_ANY_DATA_CONNECTION_STATE_CHANGED with unaccept phoneid:0
D/MobileDataStateTracker(  273): supl(mobile_supl): [2]receive ACTION_ANY_DATA_CONNECTION_STATE_CHANGED with unaccept phoneid:0
D/MobileDataStateTracker(  273): mms(mobile_mms): [2]receive ACTION_ANY_DATA_CONNECTION_STATE_CHANGED with unaccept phoneid:0
D/MobileDataStateTracker(  273): default(mobile): [1]receive ACTION_ANY_DATA_CONNECTION_STATE_CHANGED with unaccept phoneid:0
D/MobileDataStateTracker(  273): default(mobile): [2]receive ACTION_ANY_DATA_CONNECTION_STATE_CHANGED with unaccept phoneid:0
D/MobileDataStateTracker(  273): wap(mobile1_wap): [1]receive ACTION_ANY_DATA_CONNECTION_STATE_CHANGED with unaccept phoneid:0
D/MobileDataStateTracker(  273): wap(mobile_wap): [2]receive ACTION_ANY_DATA_CONNECTION_STATE_CHANGED with unaccept phoneid:0
D/MobileDataStateTracker(  273): dm(mobile1_dm): [1]receive ACTION_ANY_DATA_CONNECTION_STATE_CHANGED with unaccept phoneid:0
D/MobileDataStateTracker(  273): hipri(mobile1_hipri): [1]receive ACTION_ANY_DATA_CONNECTION_STATE_CHANGED with unaccept phoneid:0
D/MobileDataStateTracker(  273): dm(mobile_dm): [2]receive ACTION_ANY_DATA_CONNECTION_STATE_CHANGED with unaccept phoneid:0
D/MobileDataStateTracker(  273): hipri(mobile_hipri): [2]receive ACTION_ANY_DATA_CONNECTION_STATE_CHANGED with unaccept phoneid:0
D/MobileDataStateTracker(  273): cbs(mobile1_cbs): [1]receive ACTION_ANY_DATA_CONNECTION_STATE_CHANGED with unaccept phoneid:0
D/MobileDataStateTracker(  273): ims(mobile1_ims): [1]receive ACTION_ANY_DATA_CONNECTION_STATE_CHANGED with unaccept phoneid:0
D/MobileDataStateTracker(  273): fota(mobile1_fota): [1]receive ACTION_ANY_DATA_CONNECTION_STATE_CHANGED with unaccept phoneid:0
D/MobileDataStateTracker(  273): supl(mobile1_supl): [1]receive ACTION_ANY_DATA_CONNECTION_STATE_CHANGED with unaccept phoneid:0
D/MobileDataStateTracker(  273): mms(mobile1_mms): [1]receive ACTION_ANY_DATA_CONNECTION_STATE_CHANGED with unaccept phoneid:0
D/MobileDataStateTracker(  273): mms(mobile0_mms): mms setting isAvailable to true
D/MobileDataStateTracker(  273): mms(mobile0_mms): Received state=DISCONNECTED, old=DISCONNECTED, reason=simLoaded
D/MobileDataStateTracker(  273): cbs(mobile_cbs): [2]receive ACTION_ANY_DATA_CONNECTION_STATE_CHANGED with unaccept phoneid:0
D/MobileDataStateTracker(  273): ims(mobile_ims): [2]receive ACTION_ANY_DATA_CONNECTION_STATE_CHANGED with unaccept phoneid:0
D/MobileDataStateTracker(  273): fota(mobile_fota): [2]receive ACTION_ANY_DATA_CONNECTION_STATE_CHANGED with unaccept phoneid:0
D/MobileDataStateTracker(  273): supl(mobile_supl): [2]receive ACTION_ANY_DATA_CONNECTION_STATE_CHANGED with unaccept phoneid:0
D/MobileDataStateTracker(  273): mms(mobile_mms): [2]receive ACTION_ANY_DATA_CONNECTION_STATE_CHANGED with unaccept phoneid:0
D/MobileDataStateTracker(  273): default(mobile): [1]receive ACTION_ANY_DATA_CONNECTION_STATE_CHANGED with unaccept phoneid:0
D/MobileDataStateTracker(  273): default(mobile): [2]receive ACTION_ANY_DATA_CONNECTION_STATE_CHANGED with unaccept phoneid:0
D/MobileDataStateTracker(  273): wap(mobile1_wap): [1]receive ACTION_ANY_DATA_CONNECTION_STATE_CHANGED with unaccept phoneid:0
D/MobileDataStateTracker(  273): wap(mobile_wap): [2]receive ACTION_ANY_DATA_CONNECTION_STATE_CHANGED with unaccept phoneid:0
D/MobileDataStateTracker(  273): dm(mobile1_dm): [1]receive ACTION_ANY_DATA_CONNECTION_STATE_CHANGED with unaccept phoneid:0
D/MobileDataStateTracker(  273): hipri(mobile1_hipri): [1]receive ACTION_ANY_DATA_CONNECTION_STATE_CHANGED with unaccept phoneid:0
D/MobileDataStateTracker(  273): dm(mobile_dm): [2]receive ACTION_ANY_DATA_CONNECTION_STATE_CHANGED with unaccept phoneid:0
D/MobileDataStateTracker(  273): hipri(mobile_hipri): [2]receive ACTION_ANY_DATA_CONNECTION_STATE_CHANGED with unaccept phoneid:0
D/MobileDataStateTracker(  273): cbs(mobile1_cbs): [1]receive ACTION_ANY_DATA_CONNECTION_STATE_CHANGED with unaccept phoneid:0
D/MobileDataStateTracker(  273): ims(mobile1_ims): [1]receive ACTION_ANY_DATA_CONNECTION_STATE_CHANGED with unaccept phoneid:0
D/MobileDataStateTracker(  273): fota(mobile1_fota): [1]receive ACTION_ANY_DATA_CONNECTION_STATE_CHANGED with unaccept phoneid:0
D/MobileDataStateTracker(  273): supl(mobile1_supl): [1]receive ACTION_ANY_DATA_CONNECTION_STATE_CHANGED with unaccept phoneid:0
D/MobileDataStateTracker(  273): mms(mobile1_mms): [1]receive ACTION_ANY_DATA_CONNECTION_STATE_CHANGED with unaccept phoneid:0
D/MobileDataStateTracker(  273): cbs(mobile0_cbs): cbs setting isAvailable to true
D/MobileDataStateTracker(  273): cbs(mobile0_cbs): Received state=DISCONNECTED, old=DISCONNECTED, reason=simLoaded
D/MobileDataStateTracker(  273): cbs(mobile_cbs): [2]receive ACTION_ANY_DATA_CONNECTION_STATE_CHANGED with unaccept phoneid:0
D/MobileDataStateTracker(  273): ims(mobile_ims): [2]receive ACTION_ANY_DATA_CONNECTION_STATE_CHANGED with unaccept phoneid:0
D/MobileDataStateTracker(  273): fota(mobile_fota): [2]receive ACTION_ANY_DATA_CONNECTION_STATE_CHANGED with unaccept phoneid:0
D/MobileDataStateTracker(  273): supl(mobile_supl): [2]receive ACTION_ANY_DATA_CONNECTION_STATE_CHANGED with unaccept phoneid:0
D/MobileDataStateTracker(  273): mms(mobile_mms): [2]receive ACTION_ANY_DATA_CONNECTION_STATE_CHANGED with unaccept phoneid:0
D/MobileDataStateTracker(  273): default(mobile): [1]receive ACTION_ANY_DATA_CONNECTION_STATE_CHANGED with unaccept phoneid:0
D/MobileDataStateTracker(  273): default(mobile): [2]receive ACTION_ANY_DATA_CONNECTION_STATE_CHANGED with unaccept phoneid:0
I/PowerManagerService(  273): mLocks 0268435482keyguard
I/PowerManagerService(  273): mLocks 11RILJ
I/PowerManagerService(  273): mLocks 0268435482keyguard
I/PowerManagerService(  273): mLocks 11RILJ
D/PowerManagerService(  273): acquireWakeLock flags=0x1 tag=RILJ
D/PowerManagerService(  273): acquireWakeLock flags=0x1 tag=RILJ
I/Baidu Home2(  639): EventNumberUtil: onChange email = Thread-53
D/dalvikvm(  607): GC_CONCURRENT freed 341K, 20% free 2948K/3651K, paused 2ms+3ms
I/PowerManagerService(  273): mLocks 0268435482keyguard
I/PowerManagerService(  273): mLocks 11RILJ
I/PowerManagerService(  273): mLocks 0268435482keyguard
I/PowerManagerService(  273): mLocks 11RILJ
I/PowerManagerService(  273): mLocks 0268435482keyguard
I/PowerManagerService(  273): mLocks 11RILJ
D/PowerManagerService(  273): acquireWakeLock flags=0x1 tag=RILJ
D/PowerManagerService(  273): acquireWakeLock flags=0x1 tag=RILJ
D/PowerManagerService(  273): acquireWakeLock flags=0x1 tag=RILJ
I/PowerManagerService(  273): mLocks 0268435482keyguard
I/PowerManagerService(  273): mLocks 11RILJ
I/PowerManagerService(  273): mLocks 0268435482keyguard
I/PowerManagerService(  273): mLocks 11RILJ
D/PowerManagerService(  273): acquireWakeLock flags=0x1 tag=RILJ
D/PowerManagerService(  273): acquireWakeLock flags=0x1 tag=RILJ
I/gralloc.mali(   82): ump alloc addr 4243f000 ====================================
I/PowerManagerService(  273): mLocks 0268435482keyguard
I/PowerManagerService(  273): mLocks 11RILJ
D/gralloc.mali(   82): fps = 29.276262
D/PowerManagerService(  273): acquireWakeLock flags=0x1 tag=RILJ
D/TD      (  607): handleCfuQueryResult i: 0, serviceClass:1, status: 0
I/PowerManagerService(  273): mLocks 0268435482keyguard
D/PowerManagerService(  273): releaseWakeLock flags=0x1 tag=RILJ
I/ActivityManager(  273): Start proc com.android.email for content provider com.android.email/.provider.EmailProvider: pid=862 uid=10037 gids={3003, 1015}
I/ActivityThread(  862): Pub com.android.email.provider;com.android.email.notifier: com.android.email.provider.EmailProvider
I/ActivityThread(  862): Pub com.android.email.attachmentprovider: com.android.email.provider.AttachmentProvider
I/System.out(  862): iobridge available0FileDescriptor[45]
I/System.out(  862): iobridge available0FileDescriptor[45]
I/System.out(  862): iobridge available0FileDescriptor[45]
D/OpenGLRenderer(  639): Flushing caches (mode 0)
I/System.out(  862): iobridge available17FileDescriptor[45]
I/System.out(  862): iobridge available0FileDescriptor[45]
I/System.out(  862): iobridge available0FileDescriptor[45]
I/ActivityManager(  273): Start proc com.android.exchange for service com.android.exchange/.ExchangeService: pid=879 uid=10038 gids={3003, 1015}
D/SPRDENG (  186): eng_atauto_thread: At Auto Report
D/SPRDENG (  186): eng_atauto_thread: eng_atautobuf=
D/SPRDENG (  186): +CGREG: 1,"E728","0000BCA4",4
D/SPRDENG (  186): 
D/SPRDENG (  186): +CREG: 1,"E728","0000BCA4",4
D/SPRDENG (  186): ; usb_fd=18
D/SPRDENG (  186): eng_atcali_hdlr: 
D/SPRDENG (  186): +CGREG: 1,"E728","0000BCA4",4
D/SPRDENG (  186): 
D/SPRDENG (  186): +CREG: 1,"E728","0000BCA4",4
D/SPRDENG (  186): eng_atauto_thread: j=-1
D/SPRDENG (  186): eng_atauto_thread: CONFIGURED
D/SPRDENG (  186): eng_atauto_thread: usb_status=1
D/SPRDENG (  186): eng_atauto_thread: write at auto report to PC
I/PowerManagerService(  273): mLocks 0268435482keyguard
I/PowerManagerService(  273): mLocks 0268435482keyguard
I/PowerManagerService(  273): mLocks 11RILJ
I/PowerManagerService(  273): mLocks 0268435482keyguard
I/PowerManagerService(  273): mLocks 11RILJ
I/PowerManagerService(  273): mLocks 0268435482keyguard
I/PowerManagerService(  273): mLocks 11RILJ
I/PowerManagerService(  273): mLocks 0268435482keyguard
I/PowerManagerService(  273): mLocks 11RILJ
I/PowerManagerService(  273): mLocks 0268435482keyguard
I/PowerManagerService(  273): mLocks 11RILJ
D/PowerManagerService(  273): acquireWakeLock flags=0x1 tag=RILJ
D/PowerManagerService(  273): acquireWakeLock flags=0x1 tag=RILJ
D/PowerManagerService(  273): acquireWakeLock flags=0x1 tag=RILJ
D/PowerManagerService(  273): acquireWakeLock flags=0x1 tag=RILJ
D/PowerManagerService(  273): acquireWakeLock flags=0x1 tag=RILJ
D/PowerManagerService(  273): acquireWakeLock flags=0x1 tag=RILJ
I/PowerManagerService(  273): mLocks 0268435482keyguard
I/PowerManagerService(  273): mLocks 11RILJ
I/ActivityThread(  879): Pub com.android.exchange.directory.provider: com.android.exchange.provider.ExchangeDirectoryProvider
I/PowerManagerService(  273): mLocks 0268435482keyguard
I/PowerManagerService(  273): mLocks 11RILJ
D/PowerManagerService(  273): acquireWakeLock flags=0x1 tag=RILJ
D/PowerManagerService(  273): acquireWakeLock flags=0x1 tag=RILJ
I/PowerManagerService(  273): mLocks 01RILJ
D/PowerManagerService(  273): releaseWakeLock flags=0x1000001a tag=keyguard
D/PowerManagerService(  273): releaseWakeLock flags=0x1 tag=RILJ
D/ExchangeService(  879): !!! EAS ExchangeService, onCreate
D/Eas Debug(  879): Logging: 
D/ExchangeService(  879): !!! EAS ExchangeService, onStartCommand, startingUp = false, running = false
D/TD      (  607): VideoCT: IDLE CT: IDLE
D/MobileDataStateTracker(  273): wap(mobile1_wap): [1]receive ACTION_ANY_DATA_CONNECTION_STATE_CHANGED with unaccept phoneid:0
D/MobileDataStateTracker(  273): wap(mobile_wap): [2]receive ACTION_ANY_DATA_CONNECTION_STATE_CHANGED with unaccept phoneid:0
D/MobileDataStateTracker(  273): dm(mobile1_dm): [1]receive ACTION_ANY_DATA_CONNECTION_STATE_CHANGED with unaccept phoneid:0
D/MobileDataStateTracker(  273): hipri(mobile1_hipri): [1]receive ACTION_ANY_DATA_CONNECTION_STATE_CHANGED with unaccept phoneid:0
D/MobileDataStateTracker(  273): dm(mobile_dm): [2]receive ACTION_ANY_DATA_CONNECTION_STATE_CHANGED with unaccept phoneid:0
D/MobileDataStateTracker(  273): hipri(mobile_hipri): [2]receive ACTION_ANY_DATA_CONNECTION_STATE_CHANGED with unaccept phoneid:0
D/MobileDataStateTracker(  273): cbs(mobile1_cbs): [1]receive ACTION_ANY_DATA_CONNECTION_STATE_CHANGED with unaccept phoneid:0
D/MobileDataStateTracker(  273): ims(mobile1_ims): [1]receive ACTION_ANY_DATA_CONNECTION_STATE_CHANGED with unaccept phoneid:0
D/MobileDataStateTracker(  273): fota(mobile1_fota): [1]receive ACTION_ANY_DATA_CONNECTION_STATE_CHANGED with unaccept phoneid:0
D/MobileDataStateTracker(  273): supl(mobile1_supl): [1]receive ACTION_ANY_DATA_CONNECTION_STATE_CHANGED with unaccept phoneid:0
D/MobileDataStateTracker(  273): mms(mobile1_mms): [1]receive ACTION_ANY_DATA_CONNECTION_STATE_CHANGED with unaccept phoneid:0
D/MobileDataStateTracker(  273): cbs(mobile_cbs): [2]receive ACTION_ANY_DATA_CONNECTION_STATE_CHANGED with unaccept phoneid:0
D/MobileDataStateTracker(  273): ims(mobile_ims): [2]receive ACTION_ANY_DATA_CONNECTION_STATE_CHANGED with unaccept phoneid:0
D/MobileDataStateTracker(  273): fota(mobile_fota): [2]receive ACTION_ANY_DATA_CONNECTION_STATE_CHANGED with unaccept phoneid:0
D/MobileDataStateTracker(  273): supl(mobile_supl): [2]receive ACTION_ANY_DATA_CONNECTION_STATE_CHANGED with unaccept phoneid:0
D/MobileDataStateTracker(  273): mms(mobile_mms): [2]receive ACTION_ANY_DATA_CONNECTION_STATE_CHANGED with unaccept phoneid:0
D/MobileDataStateTracker(  273): default(mobile): [1]receive ACTION_ANY_DATA_CONNECTION_STATE_CHANGED with unaccept phoneid:0
D/MobileDataStateTracker(  273): default(mobile): default setting isAvailable to true
D/MobileDataStateTracker(  273): default(mobile): Received state=DISCONNECTED, old=DISCONNECTED, reason=nwTypeChanged
D/MobileDataStateTracker(  273): default(mobile): [2]receive ACTION_ANY_DATA_CONNECTION_STATE_CHANGED with unaccept phoneid:0
D/ExchangeService(  879): Received deviceId from Email app: androidc675468446
D/ExchangeService(  879): Reconciling accounts...
D/ExchangeService(  879): !!! EAS ExchangeService, onStartCommand, startingUp = true, running = false
D/Eas Debug(  879): Logging: 
W/Mobads SDK(  639): **************load caceh**end********
D/SimCardUtils(  777): cardType = null
D/SimCardUtils(  777): cardType = null
D/dalvikvm(  639): GC_CONCURRENT freed 1271K, 19% free 7304K/8963K, paused 1ms+6ms
D/AccountTypeManager(  777): add SIM Account
I/AccountTypeManager(  777): Loaded meta-data for 3 account types, 2 accounts in 21ms(wall) 8ms(cpu)
I/gralloc.mali(   82): ump alloc addr 429cb000 ====================================
I/Baidu Home2(  639): HomeDataManager: getShortcutInfo com.android.email
I/Baidu Home2(  639): HomeDataManager: getShortcutInfo com.android.calendar
I/Baidu Home2(  639): HomeDataManager: getShortcutInfo com.baidu.notepad
I/Baidu Home2(  639): HomeDataManager: getShortcutInfo com.baidu.baiduclock
I/Baidu Home2(  639): HomeDataManager: getShortcutInfo com.baidu.flashlight
I/Baidu Home2(  639): HomeDataManager: getShortcutInfo com.android.calculator2
I/Baidu Home2(  639): HomeDataManager: getShortcutInfo com.baidu.directshare
I/Baidu Home2(  639): HomeDataManager: getShortcutInfo com.baidu.resmanager.filemanager
I/Baidu Home2(  639): HomeDataManager: getShortcutInfo com.android.contacts
I/System.out(  639): iobridge available359FileDescriptor[84]
I/System.out(  639): iobridge available0FileDescriptor[84]
I/Baidu Home2(  639): HomeDataManager: getShortcutInfo com.android.contacts
I/Baidu Home2(  639): HomeDataManager: getShortcutInfo com.android.contacts
I/Baidu Home2(  639): HomeDataManager: getShortcutInfo com.baidu.browser.apps
I/System.out(  639): iobridge available0FileDescriptor[84]
I/System.out(  639): iobridge available0FileDescriptor[84]
W/ActivityManager(  273): Activity idle timeout for ActivityRecord{40ff6238 com.baidu.home2/com.baidu.launcher.app.Launcher}
I/ActivityManager(  273): Start proc com.baidu.bsf.service for on-hold: pid=909 uid=10019 gids={3003, 1015}
I/BaiduVerify(  273): VerificationService : start verify service
D/PhoneStatusBar(  492): disable: < expand icons alerts ticker system_info BACK* HOME* RECENT CLOCK* >
W/ResourceType(  639): No package identifier when getting value for resource number 0x00000000
I/ActivityManager(  273): Start proc com.baidu.antidisturbance for broadcast com.baidu.antidisturbance/.receiver.BaiduReceiver: pid=923 uid=10002 gids={3003, 1015}
I/dalvikvm(  923): Turning on JNI app bug workarounds for target SDK version 8...
I/SurfaceTexture(   82): [正在升级...] disconnect: api=2
D/gralloc.mali(   82): fps = 29.998327
I/ActivityThread(  909): Pub com.baidu.account.provider.AccountInfoProvider: com.baidu.account.provider.AccountInfoProvider
I/ActivityThread(  909): Pub com.baidu.sdcardlfileprovider: com.baidu.sdcard.provider.FileContentProvider
I/ActivityThread(  909): Pub com.baidu.bsf.service.provider: com.baidu.appupdate.db.AppUpgradeProvider
I/ActivityThread(  923): Pub com.baidu.antidisturbance: com.baidu.antidisturbance.provider.AntiDisturbProvider
I/AntiDisturbanceApp(  923): AntiDisturbanceApp onCreate
I/YhdsEngine(  923): [AntiSpamCallManager] register PhoneCallStateListener success ===== 
I/logwrapper(  921): /system/xbin/preloadapp.sh terminated by exit(0)
D/SPRDENG (  186): eng_atauto_thread: At Auto Report
D/SPRDENG (  186): eng_atauto_thread: eng_atautobuf=
D/SPRDENG (  186): +CSQ: 13,99
D/SPRDENG (  186): ; usb_fd=18
D/SPRDENG (  186): eng_atcali_hdlr: 
D/SPRDENG (  186): +CSQ: 13,99
D/SPRDENG (  186): eng_atauto_thread: j=-1
D/SPRDENG (  186): eng_atauto_thread: CONFIGURED
D/SPRDENG (  186): eng_atauto_thread: usb_status=1
D/SPRDENG (  186): eng_atauto_thread: write at auto report to PC
I/System.out(  923): iobridge available0FileDescriptor[45]
I/System.out(  923): iobridge available0FileDescriptor[45]
I/System.out(  923): iobridge available0FileDescriptor[45]
I/System.out(  909): iobridge available0FileDescriptor[47]
I/System.out(  909): iobridge available0FileDescriptor[47]
I/System.out(  909): iobridge available0FileDescriptor[47]
I/System.out(  909): iobridge available0FileDescriptor[47]
I/System.out(  909): iobridge available0FileDescriptor[47]
I/System.out(  909): iobridge available0FileDescriptor[47]
I/System.out(  909): iobridge available0FileDescriptor[47]
I/System.out(  909): iobridge available0FileDescriptor[47]
I/System.out(  909): iobridge available0FileDescriptor[47]
D/SmartPowerService(  273): applyPolicy.mTrigger = com.baidu.service.power.TriggerFactory$2@40f63218,mAction = [com.baidu.service.power.Action@40ef4098], applied = false
I/System.out(  909): iobridge available0FileDescriptor[47]
I/System.out(  909): iobridge available0FileDescriptor[47]
I/System.out(  909): iobridge available0FileDescriptor[47]
D/SmartPowerService(  273): register ifttt task: {"trigger":{"type":0,"intent":{"action":"com.baidu.smartpm.trigger.BATTERY_LOW"}},"actions":[{"type":1,"intent":{"action":"com.baidu.smartpm.ACTION_DEFAULT_ACTION_BATTERY_LOW"}}]}
I/System.out(  909): iobridge available0FileDescriptor[47]
I/System.out(  909): iobridge available0FileDescriptor[47]
I/System.out(  909): iobridge available0FileDescriptor[47]
D/PowerManagerService(  273): bootCompleted
D/PowerManagerService(  273): acquireWakeLock flags=0x1 tag=SyncLoopWakeLock
D/PowerManagerService(  273): releaseWakeLock flags=0x1 tag=SyncLoopWakeLock
D/SmartPowerService(  273): action.prepare()
D/SmartPowerService(  273): trigger.prepare().
I/System.out(  909): iobridge available0FileDescriptor[47]
I/System.out(  909): iobridge available0FileDescriptor[47]
I/System.out(  909): iobridge available0FileDescriptor[47]
I/DeviceStorageMonitorService(  273): Temporary files size 5120.0 kB
I/DeviceStorageMonitorService(  273): Temporary file do not need to create
E/Posix   (  273): Posix_open return with -1, errno 2 No such file or directory
D/PowerManagerService(  273): acquireWakeLock flags=0x1 tag=com.baidu.systemverify.VerificationService
V/DevicePolicyManagerService(  273): Sending password expiration notifications for action android.intent.action.BOOT_COMPLETED
D/MountService(  273): BOOT /mnt/sdcard | unmounted
I/MountService(  273): doMountVolume: Mouting /mnt/sdcard
D/VoldConnector(  273): SND -> {volume mount /mnt/sdcard} {null}
D/VoldCmdListener(   74): volume mount /mnt/sdcard
I/Vold    (   74): /dev/block/vold/179:19 being considered for volume internal
D/Vold    (   74): Volume internal state changing 1 (Idle-Unmounted) -> 3 (Checking)
I/System.out(  273): iobridge available4096FileDescriptor[147]
I/System.out(  273): iobridge available4094FileDescriptor[147]
I/System.out(  273): iobridge available4096FileDescriptor[147]
I/System.out(  273): iobridge available4092FileDescriptor[147]
W/logwrapper(  947): Unable to background process (No such file or directory)
E/Posix   (  273): Posix_open return with -1, errno 2 No such file or directory
D/VoldConnector(  273): RCV <- {605 Volume internal /mnt/sdcard state changed from 1 (Idle-Unmounted) to 3 (Checking)}
I/MountService(  273): onEvent:: raw= 605 Volume internal /mnt/sdcard state changed from 1 (Idle-Unmounted) to 3 (Checking) cooked =  605 Volume internal /mnt/sdcard state changed from 1 (Idle-Unmounted) to 3 (Checking)
D/MountService(  273): volume state changed for /mnt/sdcard (unmounted -> checking)
I/StorageNotification(  492): Media {/mnt/sdcard} state changed from {unmounted} -> {checking}
D/MountService(  273): sendStorageIntent Intent { act=android.intent.action.MEDIA_CHECKING dat=file:///mnt/sdcard (has extras) }
V/WiredAccessoryObserver(  273): init()
E/Posix   (  273): Posix_open return with -1, errno 2 No such file or directory
I/SearchManagerService(  273): Building list of searchable activities
D/SmartPowerService(  273): battery changed! level = 100, mIsTriggered = false
D/SmartPowerService(  273): battery low condition. value = 100,data 1 = 20
W/WiredAccessoryObserver(  273): This kernel does not have wired headset support
W/WiredAccessoryObserver(  273): This kernel does not have wired headset support
D/UsbDeviceManager(  273): boot completed
W/System.err(  273): java.io.FileNotFoundException: /system/usr/share/applist: open failed: ENOENT (No such file or directory)
W/System.err(  273): 	at libcore.io.IoBridge.open(IoBridge.java:458)
W/System.err(  273): 	at java.io.FileInputStream.<init>(FileInputStream.java:78)
W/System.err(  273): 	at java.io.FileInputStream.<init>(FileInputStream.java:105)
W/System.err(  273): 	at com.baidu.systemverify.Verification.updateskipFileslist(Verification.java:303)
W/System.err(  273): 	at com.baidu.systemverify.Verification.verifySystem(Verification.java:64)
W/System.err(  273): 	at com.baidu.systemverify.VerificationService.verify(VerificationService.java:74)
W/System.err(  273): 	at com.baidu.systemverify.VerificationService.access$000(VerificationService.java:18)
W/System.err(  273): 	at com.baidu.systemverify.VerificationService$VerifyHandler.handleMessage(VerificationService.java:150)
W/System.err(  273): 	at android.os.Handler.dispatchMessage(Handler.java:99)
W/System.err(  273): 	at android.os.Looper.loop(Looper.java:137)
W/System.err(  273): 	at android.os.HandlerThread.run(HandlerThread.java:60)
W/System.err(  273): Caused by: libcore.io.ErrnoException: open failed: ENOENT (No such file or directory)
W/System.err(  273): 	at libcore.io.Posix.open(Native Method)
W/System.err(  273): 	at libcore.io.BlockGuardOs.open(BlockGuardOs.java:110)
W/System.err(  273): 	at libcore.io.IoBridge.open(IoBridge.java:442)
W/System.err(  273): 	... 10 more
I/AwesomePlayer(   85): --mSystemTimeSourceForSync reset ok
I/AwesomePlayer(   85): --mSystemTimeSourceForSync reset ok
I/System.out(  923): iobridge available0FileDescriptor[45]
I/System.out(  923): iobridge available0FileDescriptor[45]
I/System.out(  923): iobridge available0FileDescriptor[45]
D/BaiduReceiver(  923): action = android.intent.action.BOOT_COMPLETED
I//system/bin/fsck_msdos(   74): ** /dev/block/vold/179:19
I//system/bin/fsck_msdos(   74): ** Phase 1 - Read and Compare FATs
I//system/bin/fsck_msdos(   74): Attempting to allocate 1497 KB for FAT
V/AwesomePlayer(   85): track of type 'audio/vorbis' does not publish bitrate
V/AwesomePlayer(   85): mBitrate = -1 bits/sec
E/OMXCodec(   85): [OMX.google.vorbis.decoder] Can not find kKeyMaxInputSize
I/OMXCodec(   85): [OMX.google.vorbis.decoder] init begin
I/OMXCodec(   85): [OMX.google.vorbis.decoder] setState(LOADED_TO_IDLE) ! kRequiresLoadedToIdleAfterAllocation
I/OMXCodec(   85): [OMX.google.vorbis.decoder] Now Idle.  mState(0), mState
I/OMXCodec(   85): [OMX.google.vorbis.decoder] Now Executing.
I/OMXCodec(   85): [OMX.google.vorbis.decoder] init done
I/OMXCodec(   85): [OMX.google.vorbis.decoder] PORT_SETTINGS_CHANGED(1)
I/OMXCodec(   85): [OMX.google.vorbis.decoder] PORT_DISABLED(1)
I/OMXCodec(   85): [OMX.google.vorbis.decoder] PORT_ENABLED(1)  mState(7)
I/AudioPlayer(   85): mLatencyUs=0,mFrameSize=4,mSampleRate=48000 
V/AwesomePlayer(   85): MEDIA_PLAYBACK_COMPLETE
I/OMXCodec(   85): [OMX.google.vorbis.decoder] stop mState=4
I/OMXCodec(   85): [OMX.google.vorbis.decoder] stop mState=4 a
I/OMXCodec(   85): [OMX.google.vorbis.decoder] stop mState=4 b
I/OMXCodec(   85): [OMX.google.vorbis.decoder] stop mState=4 c
I/OMXCodec(   85): [OMX.google.vorbis.decoder] Now Idle.  mState(21603104), mState
I/OMXCodec(   85): [OMX.google.vorbis.decoder] Now Loaded.
I/OMXCodec(   85): [OMX.google.vorbis.decoder] stop mState=1 d
I/OMXCodec(   85): [OMX.google.vorbis.decoder] stop mState=1 e
I/OMXCodec(   85): [OMX.google.vorbis.decoder] stopped in state 1
I/OMXCodec(   85): [OMX.google.vorbis.decoder] ~OMXCodec in state 
I/AwesomePlayer(   85): --mSystemTimeSourceForSync reset ok
I/AwesomePlayer(   85): --mSystemTimeSourceForSync reset ok
I/AwesomePlayer(   85): --mSystemTimeSourceForSync reset ok
I/AwesomePlayer(   85): --mSystemTimeSourceForSync reset ok
I/AwesomePlayer(   85): --mSystemTimeSourceForSync reset ok
V/AwesomePlayer(   85): track of type 'audio/vorbis' does not publish bitrate
V/AwesomePlayer(   85): mBitrate = -1 bits/sec
E/OMXCodec(   85): [OMX.google.vorbis.decoder] Can not find kKeyMaxInputSize
I/OMXCodec(   85): [OMX.google.vorbis.decoder] init begin
I/OMXCodec(   85): [OMX.google.vorbis.decoder] setState(LOADED_TO_IDLE) ! kRequiresLoadedToIdleAfterAllocation
I/OMXCodec(   85): [OMX.google.vorbis.decoder] Now Idle.  mState(0), mState
I/OMXCodec(   85): [OMX.google.vorbis.decoder] Now Executing.
I/OMXCodec(   85): [OMX.google.vorbis.decoder] init done
I/OMXCodec(   85): [OMX.google.vorbis.decoder] PORT_SETTINGS_CHANGED(1)
I/OMXCodec(   85): [OMX.google.vorbis.decoder] PORT_DISABLED(1)
I/OMXCodec(   85): [OMX.google.vorbis.decoder] PORT_ENABLED(1)  mState(7)
I/AudioPlayer(   85): mLatencyUs=0,mFrameSize=4,mSampleRate=44100 
W/ResourceType(  639): No package identifier when getting value for resource number 0x00000000
E/Baidu Home2(  639): HomeDataManager: onBusinessChanged
E/Baidu Home2(  639): HomeDataManager: onBusinessChanged
V/AwesomePlayer(   85): MEDIA_PLAYBACK_COMPLETE
E/Baidu Home2(  639): HomeDataManager: cursor is NULL or can NOT move to firstandroid.content.ContentResolver$CursorWrapperInner@41216080
E/Baidu Home2(  639): HomeDataManager: on business change cursor count 0
I/OMXCodec(   85): [OMX.google.vorbis.decoder] stop mState=4
I/OMXCodec(   85): [OMX.google.vorbis.decoder] stop mState=4 a
I/OMXCodec(   85): [OMX.google.vorbis.decoder] stop mState=4 b
I/OMXCodec(   85): [OMX.google.vorbis.decoder] stop mState=4 c
I/OMXCodec(   85): [OMX.google.vorbis.decoder] Now Idle.  mState(21673512), mState
I/OMXCodec(   85): [OMX.google.vorbis.decoder] Now Loaded.
I/OMXCodec(   85): [OMX.google.vorbis.decoder] stop mState=1 d
I/OMXCodec(   85): [OMX.google.vorbis.decoder] stop mState=1 e
I/OMXCodec(   85): [OMX.google.vorbis.decoder] stopped in state 1
I/OMXCodec(   85): [OMX.google.vorbis.decoder] ~OMXCodec in state 
I/AwesomePlayer(   85): --mSystemTimeSourceForSync reset ok
I/AwesomePlayer(   85): --mSystemTimeSourceForSync reset ok
I/AwesomePlayer(   85): --mSystemTimeSourceForSync reset ok
E/Baidu Home2(  639): HomeDataManager: cursor is NULL or can NOT move to firstandroid.content.ContentResolver$CursorWrapperInner@4120b078
E/Baidu Home2(  639): HomeDataManager: on business change cursor count 0
I/AwesomePlayer(   85): --mSystemTimeSourceForSync reset ok
I/AwesomePlayer(   85): --mSystemTimeSourceForSync reset ok
V/AwesomePlayer(   85): track of type 'audio/vorbis' does not publish bitrate
V/AwesomePlayer(   85): mBitrate = -1 bits/sec
E/OMXCodec(   85): [OMX.google.vorbis.decoder] Can not find kKeyMaxInputSize
I/OMXCodec(   85): [OMX.google.vorbis.decoder] init begin
I/OMXCodec(   85): [OMX.google.vorbis.decoder] setState(LOADED_TO_IDLE) ! kRequiresLoadedToIdleAfterAllocation
I/OMXCodec(   85): [OMX.google.vorbis.decoder] Now Idle.  mState(0), mState
I/OMXCodec(   85): [OMX.google.vorbis.decoder] Now Executing.
I/OMXCodec(   85): [OMX.google.vorbis.decoder] init done
I/OMXCodec(   85): [OMX.google.vorbis.decoder] PORT_SETTINGS_CHANGED(1)
I/OMXCodec(   85): [OMX.google.vorbis.decoder] PORT_DISABLED(1)
I/OMXCodec(   85): [OMX.google.vorbis.decoder] PORT_ENABLED(1)  mState(7)
I/AudioPlayer(   85): mLatencyUs=0,mFrameSize=4,mSampleRate=44100 
I/gralloc.mali(   82): ump alloc addr 41de4000 ====================================
V/AwesomePlayer(   85): MEDIA_PLAYBACK_COMPLETE
I/OMXCodec(   85): [OMX.google.vorbis.decoder] stop mState=4
I/OMXCodec(   85): [OMX.google.vorbis.decoder] stop mState=4 a
I/OMXCodec(   85): [OMX.google.vorbis.decoder] stop mState=4 b
I/OMXCodec(   85): [OMX.google.vorbis.decoder] stop mState=4 c
I/OMXCodec(   85): [OMX.google.vorbis.decoder] Now Idle.  mState(21667864), mState
I/OMXCodec(   85): [OMX.google.vorbis.decoder] Now Loaded.
I/OMXCodec(   85): [OMX.google.vorbis.decoder] stop mState=1 d
I/OMXCodec(   85): [OMX.google.vorbis.decoder] stop mState=1 e
I/OMXCodec(   85): [OMX.google.vorbis.decoder] stopped in state 1
I/OMXCodec(   85): [OMX.google.vorbis.decoder] ~OMXCodec in state 
I/AwesomePlayer(   85): --mSystemTimeSourceForSync reset ok
I/AwesomePlayer(   85): --mSystemTimeSourceForSync reset ok
I/AwesomePlayer(   85): --mSystemTimeSourceForSync reset ok
I//system/bin/fsck_msdos(   74): Attempting to allocate 1497 KB for FAT
D/dalvikvm(  492): GC_CONCURRENT freed 534K, 43% free 6954K/12099K, paused 1ms+5ms
I/AwesomePlayer(   85): --mSystemTimeSourceForSync reset ok
I/AwesomePlayer(   85): --mSystemTimeSourceForSync reset ok
D/com.baidu.backup.b.a(  909): LocalTransportService onCreate
D/com.baidu.backup.b.a(  909): LocalTransportService onBind, return ObservableTransport:mLocalTransport
D/BackupManagerService(  273): Connected to Baidu LocalTransportService ComponentInfo{com.baidu.bsf.service/com.baidu.backup.service.LocalTransportService}
E/Baidu Home2(  639): HomeDataManager: onBusinessChanged
V/AwesomePlayer(   85): track of type 'audio/vorbis' does not publish bitrate
V/AwesomePlayer(   85): mBitrate = -1 bits/sec
E/OMXCodec(   85): [OMX.google.vorbis.decoder] Can not find kKeyMaxInputSize
I/OMXCodec(   85): [OMX.google.vorbis.decoder] init begin
I/OMXCodec(   85): [OMX.google.vorbis.decoder] setState(LOADED_TO_IDLE) ! kRequiresLoadedToIdleAfterAllocation
I/OMXCodec(   85): [OMX.google.vorbis.decoder] Now Idle.  mState(0), mState
I/OMXCodec(   85): [OMX.google.vorbis.decoder] Now Executing.
I/OMXCodec(   85): [OMX.google.vorbis.decoder] init done
I/OMXCodec(   85): [OMX.google.vorbis.decoder] PORT_SETTINGS_CHANGED(1)
I/OMXCodec(   85): [OMX.google.vorbis.decoder] PORT_DISABLED(1)
I/OMXCodec(   85): [OMX.google.vorbis.decoder] PORT_ENABLED(1)  mState(7)
I/AudioPlayer(   85): mLatencyUs=0,mFrameSize=4,mSampleRate=44100 
V/AwesomePlayer(   85): MEDIA_PLAYBACK_COMPLETE
W/Searchables(  273): No global search activity found
I/OMXCodec(   85): [OMX.google.vorbis.decoder] stop mState=4
I/OMXCodec(   85): [OMX.google.vorbis.decoder] stop mState=4 a
I/OMXCodec(   85): [OMX.google.vorbis.decoder] stop mState=4 b
I/OMXCodec(   85): [OMX.google.vorbis.decoder] stop mState=4 c
I/OMXCodec(   85): [OMX.google.vorbis.decoder] Now Idle.  mState(21614008), mState
I/OMXCodec(   85): [OMX.google.vorbis.decoder] Now Loaded.
I/OMXCodec(   85): [OMX.google.vorbis.decoder] stop mState=1 d
I/OMXCodec(   85): [OMX.google.vorbis.decoder] stop mState=1 e
I/OMXCodec(   85): [OMX.google.vorbis.decoder] stopped in state 1
I/OMXCodec(   85): [OMX.google.vorbis.decoder] ~OMXCodec in state 
I/AwesomePlayer(   85): --mSystemTimeSourceForSync reset ok
I/AwesomePlayer(   85): --mSystemTimeSourceForSync reset ok
I/AwesomePlayer(   85): --mSystemTimeSourceForSync reset ok
I/AwesomePlayer(   85): --mSystemTimeSourceForSync reset ok
I/AwesomePlayer(   85): --mSystemTimeSourceForSync reset ok
V/AwesomePlayer(   85): track of type 'audio/vorbis' does not publish bitrate
V/AwesomePlayer(   85): mBitrate = -1 bits/sec
D/gralloc.mali(   82): fps = 8.907496
E/OMXCodec(   85): [OMX.google.vorbis.decoder] Can not find kKeyMaxInputSize
I/OMXCodec(   85): [OMX.google.vorbis.decoder] init begin
I/OMXCodec(   85): [OMX.google.vorbis.decoder] setState(LOADED_TO_IDLE) ! kRequiresLoadedToIdleAfterAllocation
D/dalvikvm(  273): GC_CONCURRENT freed 1767K, 25% free 6792K/8963K, paused 3ms+9ms
I/OMXCodec(   85): [OMX.google.vorbis.decoder] Now Idle.  mState(0), mState
I/OMXCodec(   85): [OMX.google.vorbis.decoder] Now Executing.
I/OMXCodec(   85): [OMX.google.vorbis.decoder] init done
D/dalvikvm(  909): GC_CONCURRENT freed 353K, 25% free 2317K/3075K, paused 2ms+2ms
I/OMXCodec(   85): [OMX.google.vorbis.decoder] PORT_SETTINGS_CHANGED(1)
E/Baidu Home2(  639): HomeDataManager: cursor is NULL or can NOT move to firstandroid.content.ContentResolver$CursorWrapperInner@413a01f0
E/Baidu Home2(  639): HomeDataManager: on business change cursor count 0
I/OMXCodec(   85): [OMX.google.vorbis.decoder] PORT_DISABLED(1)
I/OMXCodec(   85): [OMX.google.vorbis.decoder] PORT_ENABLED(1)  mState(7)
I/AudioPlayer(   85): mLatencyUs=0,mFrameSize=4,mSampleRate=44100 
I/gralloc.mali(   82): ump alloc addr 422c8000 ====================================
V/AwesomePlayer(   85): MEDIA_PLAYBACK_COMPLETE
I/OMXCodec(   85): [OMX.google.vorbis.decoder] stop mState=4
I/OMXCodec(   85): [OMX.google.vorbis.decoder] stop mState=4 a
I/OMXCodec(   85): [OMX.google.vorbis.decoder] stop mState=4 b
I/OMXCodec(   85): [OMX.google.vorbis.decoder] stop mState=4 c
I/OMXCodec(   85): [OMX.google.vorbis.decoder] Now Idle.  mState(21665728), mState
I/Baidu Home2(  639): HomeDataManager: getShortcutInfo com.android.email
I/OMXCodec(   85): [OMX.google.vorbis.decoder] Now Loaded.
I/OMXCodec(   85): [OMX.google.vorbis.decoder] stop mState=1 d
I/OMXCodec(   85): [OMX.google.vorbis.decoder] stop mState=1 e
I/OMXCodec(   85): [OMX.google.vorbis.decoder] stopped in state 1
I/OMXCodec(   85): [OMX.google.vorbis.decoder] ~OMXCodec in state 
I/Baidu Home2(  639): HomeDataManager: getShortcutInfo com.android.calendar
I/AwesomePlayer(   85): --mSystemTimeSourceForSync reset ok
I/AwesomePlayer(   85): --mSystemTimeSourceForSync reset ok
I/AwesomePlayer(   85): --mSystemTimeSourceForSync reset ok
I/Baidu Home2(  639): HomeDataManager: getShortcutInfo com.baidu.notepad
I/Baidu Home2(  639): HomeDataManager: getShortcutInfo com.baidu.baiduclock
I/Baidu Home2(  639): HomeDataManager: getShortcutInfo com.baidu.flashlight
I/Baidu Home2(  639): HomeDataManager: getShortcutInfo com.android.calculator2
I/Baidu Home2(  639): HomeDataManager: getShortcutInfo com.baidu.directshare
I/Baidu Home2(  639): HomeDataManager: getShortcutInfo com.baidu.resmanager.filemanager
I/Baidu Home2(  639): HomeDataManager: getShortcutInfo com.android.contacts
I/Baidu Home2(  639): HomeDataManager: getShortcutInfo com.android.contacts
I/Baidu Home2(  639): HomeDataManager: getShortcutInfo com.android.contacts
I/Baidu Home2(  639): HomeDataManager: getShortcutInfo com.baidu.browser.apps
I/Baidu Home2(  639): HomeDataManager: getShortcutInfo com.baidu.help
I/Baidu Home2(  639): HomeDataManager: getShortcutInfo com.baidu.android.ota
I//system/bin/fsck_msdos(   74): ** Phase 2 - Check Cluster Chains
I/Baidu Home2(  639): HomeDataManager: getShortcutInfo com.baidu.camera
I/Baidu Home2(  639): HomeDataManager: getShortcutInfo com.baidu.gallery3d
I/Baidu Home2(  639): HomeDataManager: getShortcutInfo com.baidu.thememanager.ui
I//system/bin/fsck_msdos(   74): ** Phase 3 - Checking Directories
I/Baidu Home2(  639): HomeDataManager: getShortcutInfo com.baidu.appsearch
I/Baidu Home2(  639): HomeDataManager: getShortcutInfo com.android.settings
I/Baidu Home2(  639): HomeDataManager: getShortcutInfo com.baidu.musicplayer
I/Baidu Home2(  639): HomeDataManager: getShortcutInfo com.baiyi_mobile.security
W/ResourceType(  639): No package identifier when getting value for resource number 0x00000000
I/PhoneCallStateListener(  923): CALL_STATE_IDLE:
I/PhoneCallStateListener(  923): CALL_STATE_IDLE:
I/YhdsEngine(  923): [EngineIntentService] Received: com.dianxinos.optimizer.engine.action.APP_START
D/BaiduAntiDisturbance(  923): onCallStateChanged:, state=0
I/CommonIntentService(  923): Received: com.dianxinos.optimizer.action.APP_START
I/AntiDisturbanceApp(  923): #onAppStart
I/ActivityManager(  273): Start proc com.baiyi_mobile.security for broadcast com.baiyi_mobile.security/.reveiver.BaiduReceiver: pid=972 uid=10017 gids={1007, 3003, 1015}
D/BaiduAntiDisturbance(  923):  手机空闲起来了:falsetruetrue
D/BaiduAntiDisturbance(  923): onCallStateChanged:, state=0
D/BaiduAntiDisturbance(  923):  手机空闲起来了:falsetruetrue
D/dalvikvm(  639): GC_CONCURRENT freed 1440K, 20% free 7562K/9347K, paused 3ms+26ms
W/ResourceType(  639): No package identifier when getting value for resource number 0x00000000
D/YhdsEngine(  923): [LibLicenseHelper] sdk license: {"module":[{"module_name":"antispam","on":true}],"sdk_lc":"ayVTpIjJzhY28yfi","app_sign_md5":"acc62c99a5d917c2ce0940eccdb0c7b0"}
I/YhdsEngine(  923): [AlarmEventMgr] event scheduled: com.dianxinos.optimizer.action.ALARM_EVENT_RT_UPDATE
I/System.out(  972): iobridge available0FileDescriptor[44]
I/System.out(  972): iobridge available0FileDescriptor[44]
I/System.out(  972): iobridge available0FileDescriptor[44]
D/BaiduReceiver(  972): action = android.intent.action.BOOT_COMPLETED
D/BaiduReceiver(  972): ___是否开机启动pref.getBootCompleted()____true___!pref.getExistApp()__true
I/System.out(  923): iobridge available0FileDescriptor[54]
I/System.out(  923): iobridge available0FileDescriptor[54]
I/System.out(  923): iobridge available0FileDescriptor[54]
I//system/bin/fsck_msdos(   74): ** Phase 4 - Checking for Lost Files
I//system/bin/fsck_msdos(   74): Next free cluster in FSInfo block (19) not free
I//system/bin/fsck_msdos(   74): FIXED
I//system/bin/fsck_msdos(   74): 62 files, 1532732 free (383183 clusters)
V/OtaStartupReceiver(  607): onReceive: intent action=android.intent.action.BOOT_COMPLETED  mOtaspMode=-1
D/OtaStartupReceiver(  607): OTASP not supported, nothing to do.
D/BaiduLog(  972): BaiduService onStart action:com.baiyi_mobile.security.service.ACTION_HANDLE_START_UP
E/Posix   (  273): Posix_open return with -1, errno 2 No such file or directory
I/RecoverySystem(  273): No recovery log file
D/dalvikvm(  923): GC_CONCURRENT freed 319K, 23% free 2397K/3075K, paused 1ms+3ms
I/System.out(  273): iobridge available0FileDescriptor[260]
I/System.out(  273): iobridge available0FileDescriptor[260]
I/System.out(  273): iobridge available0FileDescriptor[260]
I/PackageManager(  273): Updating external media status from unmounted to mounted
I/Vold    (   74): Filesystem check completed OK
I/Vold    (   74): Device /dev/block/vold/179:19, target /mnt/sdcard mounted @ /mnt/secure/staging
D/Vold    (   74): Volume internal state changing 3 (Checking) -> 4 (Mounted)
D/VoldConnector(  273): RCV <- {605 Volume internal /mnt/sdcard state changed from 3 (Checking) to 4 (Mounted)}
D/VoldConnector(  273): RCV <- {200 volume operation succeeded}
I/MountService(  273): onEvent:: raw= 605 Volume internal /mnt/sdcard state changed from 3 (Checking) to 4 (Mounted) cooked =  605 Volume internal /mnt/sdcard state changed from 3 (Checking) to 4 (Mounted)
D/MountService(  273): volume state changed for /mnt/sdcard (checking -> mounted)
D/VoldConnector(  273): RSP <- {200 volume operation succeeded}
D/MountService(  273): BOOT /mnt/external | removed
I/Baidu Home2(  639): DockBar: showDockbarApplistIcon:true
I/ActivityManager(  273): Start proc com.baidu.appsearch:bdservice_v1 for broadcast com.baidu.appsearch/com.baidu.android.pushservice.PushServiceReceiver: pid=1001 uid=10003 gids={3003, 1015, 1007, 1006, 3002, 3001}
I/dalvikvm(  273): Jit: resizing JitTable from 4096 to 8192
I/Baidu Home2(  639): DockBarItem: DockBarItem(Context context, AttributeSet attrs)
D/YhdsEngine(  923): [AlarmEventMgr] schedule all pending events
I/StorageNotification(  492): Media {/mnt/sdcard} state changed from {checking} -> {mounted}
I/Baidu Home2(  639): DockBarItem: DockBarItem(Context context, AttributeSet attrs)
I/Baidu Home2(  639): DockBarItem: DockBarItem(Context context, AttributeSet attrs)
I/Baidu Home2(  639): DockBarItem: DockBarItem(Context context, AttributeSet attrs)
I/Baidu Home2(  639): DockBarItem: DockBarItem(Context context, AttributeSet attrs)
I/Baidu Home2(  639): DockBar: com.baidu.launcher.ui.homeview.DockBarItem@410fc240
I/Baidu Home2(  639): DockBar: com.baidu.launcher.ui.homeview.DockBarItem@410fd168
I/Baidu Home2(  639): DockBar: com.baidu.launcher.ui.homeview.DockBarItem@41010430
I/Baidu Home2(  639): DockBar: com.baidu.launcher.ui.homeview.DockBarItem@4122f2a0
I/Baidu Home2(  639): DockBar: com.baidu.launcher.ui.homeview.DockBarItem@41234820
I/Baidu Home2(  639): DockBar: title = 电话, x = -2
I/Baidu Home2(  639): DockBar: title = 短信, x = 95
I/Baidu Home2(  639): DockBar: title = null, x = 192
I/Baidu Home2(  639): DockBar: title = 通讯录, x = 289
I/Baidu Home2(  639): DockBar: title = 浏览器, x = 386
E/Baidu Home2(  639): HomeDataManager: onBusinessChanged
D/BaiduLog(  972): Daniel alarm 166 5 day begin.........
D/MountService(  273): sendStorageIntent Intent { act=android.intent.action.MEDIA_MOUNTED dat=file:///mnt/sdcard (has extras) }
V/AudioFlinger(   85): acquiring 5 from 273
V/AudioFlinger(   85):  added new entry for 5
I/AwesomePlayer(   85): --mSystemTimeSourceForSync reset ok
V/AwesomePlayer(   85): AwesomePlayer running on behalf of uid 1000
I/AwesomePlayer(   85): --mSystemTimeSourceForSync reset ok
I/AwesomePlayer(   85): setDataSource_l('file:///system/media/audio/ui/pc_connect.wav')
I/PowerManagerService(  273): mLocks 01com.baidu.systemverify.VerificationService
I/PackageManager(  273): No secure containers on sdcard
D/VoldConnector(  273): SND -> {asec list} {null}
D/PowerManagerService(  273): acquireWakeLock flags=0x1 tag=NotificationService
D/VoldCmdListener(   74): asec list
D/VoldConnector(  273): RCV <- {200 asec operation succeeded}
D/VoldConnector(  273): RSP <- {200 asec operation succeeded}
D/VoldConnector(  273): List terminated with {200 asec operation succeeded}
D/BaiduLog(  972): Daniel alarm 166 5 day end.........
W/PackageManager(  273): Unknown permission com.android.launcher.permission.READ_SETTINGS in package com.baiyi_mobile.security
I/PowerManagerService(  273): mLocks 01com.baidu.systemverify.VerificationService
I/PowerManagerService(  273): mLocks 11NotificationService
D/PowerManagerService(  273): acquireWakeLock flags=0x1 tag=*vibrator*
W/PackageManager(  273): Unknown permission android.Manifest.permission.FORCE_STOP_PACKAGES in package com.baiyi_mobile.security
W/PackageManager(  273): Unknown permission com.htc.launcher.permission.WRITE_SETTINGS in package com.baiyi_mobile.security
W/PackageManager(  273): Unknown permission com.htc.launcher.permission.READ_SETTINGS in package com.baiyi_mobile.security
W/PackageManager(  273): Unknown permission android.permission.ADD_SYSTEM_SERVICE in package com.baidu.bsf.system
W/PackageManager(  273): Unknown permission android.permission.WRITE_INTERNAL_STORAGE in package com.baidu.bsf.system
I/YhdsEngine(  923): [AlarmEventMgr] event scheduled: com.dianxinos.optimizer.action.ALARM_EVENT_RT_UPDATE
W/PackageManager(  273): Unknown permission android.permission.READ_CALL_LOG in package com.android.contacts
W/PackageManager(  273): Unknown permission android.permission.WRITE_CALL_LOG in package com.android.contacts
W/PackageManager(  273): Unknown permission com.google.android.googleapps.permission.GOOGLE_AUTH.mail in package com.android.contacts
V/AudioFlinger(   85): acquiring 6 from 273
V/AudioFlinger(   85):  added new entry for 6
I/AwesomePlayer(   85): --mSystemTimeSourceForSync reset ok
V/AwesomePlayer(   85): AwesomePlayer running on behalf of uid 1000
