E/XMLTREEFILE(   86): XMLTreeFile read 32 bytes
E/XMLTREEFILE(   86): XMLTreeFile read 24 bytes
E/XMLTREEFILE(   86): XMLTreeFile read 31 bytes
E/XMLTREEFILE(   86): XMLTreeFile read 16 bytes
E/XMLTREEFILE(   86): XMLTreeFile read 25 bytes
E/XMLTREEFILE(   86): XMLTreeFile read 15 bytes
E/XMLTREEFILE(   86): XMLTreeFile read 27 bytes
E/XMLTREEFILE(   86): XMLTreeFile read 32 bytes
E/XMLTREEFILE(   86): XMLTreeFile read 24 bytes
E/XMLTREEFILE(   86): XMLTreeFile read 31 bytes
E/XMLTREEFILE(   86): XMLTreeFile read 16 bytes
E/XMLTREEFILE(   86): XMLTreeFile read 25 bytes
E/XMLTREEFILE(   86): XMLTreeFile read 15 bytes
E/XMLTREEFILE(   86): XMLTreeFile read 27 bytes
E/XMLTREEFILE(   86): XMLTreeFile read 33 bytes
E/XMLTREEFILE(   86): XMLTreeFile read 24 bytes
E/XMLTREEFILE(   86): XMLTreeFile read 27 bytes
E/XMLTREEFILE(   86): XMLTreeFile read 16 bytes
E/XMLTREEFILE(   86): XMLTreeFile read 14 bytes
E/XMLTREEFILE(   86): XMLTreeFile read 26 bytes
E/XMLTREEFILE(   86): XMLTreeFile read 13 bytes
E/XMLTREEFILE(   86): XMLTreeFile read 25 bytes
E/XMLTREEFILE(   86): XMLTreeFile read 15 bytes
E/XMLTREEFILE(   86): XMLTreeFile read 27 bytes
E/XMLTREEFILE(   86): XMLTreeFile read 31 bytes
E/XMLTREEFILE(   86): XMLTreeFile read 24 bytes
E/XMLTREEFILE(   86): XMLTreeFile read 31 bytes
E/XMLTREEFILE(   86): XMLTreeFile read 16 bytes
E/XMLTREEFILE(   86): XMLTreeFile read 25 bytes
E/XMLTREEFILE(   86): XMLTreeFile read 15 bytes
E/XMLTREEFILE(   86): XMLTreeFile read 27 bytes
E/XMLTREEFILE(   86): XMLTreeFile read 32 bytes
E/XMLTREEFILE(   86): XMLTreeFile read 24 bytes
E/XMLTREEFILE(   86): XMLTreeFile read 31 bytes
E/XMLTREEFILE(   86): XMLTreeFile read 16 bytes
E/XMLTREEFILE(   86): XMLTreeFile read 25 bytes
E/XMLTREEFILE(   86): XMLTreeFile read 15 bytes
E/XMLTREEFILE(   86): XMLTreeFile read 27 bytes
E/XMLTREEFILE(   86): XMLTreeFile read 32 bytes
E/XMLTREEFILE(   86): XMLTreeFile read 24 bytes
E/XMLTREEFILE(   86): XMLTreeFile read 29 bytes
E/XMLTREEFILE(   86): XMLTreeFile read 16 bytes
E/XMLTREEFILE(   86): XMLTreeFile read 25 bytes
E/XMLTREEFILE(   86): XMLTreeFile read 15 bytes
E/XMLTREEFILE(   86): XMLTreeFile read 27 bytes
E/XMLTREEFILE(   86): XMLTreeFile read 33 bytes
E/XMLTREEFILE(   86): XMLTreeFile read 24 bytes
E/XMLTREEFILE(   86): XMLTreeFile read 27 bytes
E/XMLTREEFILE(   86): XMLTreeFile read 16 bytes
E/XMLTREEFILE(   86): XMLTreeFile read 14 bytes
E/XMLTREEFILE(   86): XMLTreeFile read 12 bytes
E/XMLTREEFILE(   86): XMLTreeFile read 35 bytes
E/XMLTREEFILE(   86): XMLTreeFile read 11 bytes
E/XMLTREEFILE(   86): XMLTreeFile read 25 bytes
E/XMLTREEFILE(   86): XMLTreeFile read 13 bytes
E/XMLTREEFILE(   86): XMLTreeFile read 25 bytes
E/XMLTREEFILE(   86): XMLTreeFile read 15 bytes
E/XMLTREEFILE(   86): XMLTreeFile read 27 bytes
E/XMLTREEFILE(   86): XMLTreeFile read 31 bytes
E/XMLTREEFILE(   86): XMLTreeFile read 24 bytes
E/XMLTREEFILE(   86): XMLTreeFile read 31 bytes
E/XMLTREEFILE(   86): XMLTreeFile read 16 bytes
E/XMLTREEFILE(   86): XMLTreeFile read 25 bytes
E/XMLTREEFILE(   86): XMLTreeFile read 15 bytes
E/XMLTREEFILE(   86): XMLTreeFile read 27 bytes
E/XMLTREEFILE(   86): XMLTreeFile read 32 bytes
E/XMLTREEFILE(   86): XMLTreeFile read 24 bytes
E/XMLTREEFILE(   86): XMLTreeFile read 31 bytes
E/XMLTREEFILE(   86): XMLTreeFile read 16 bytes
E/XMLTREEFILE(   86): XMLTreeFile read 25 bytes
E/XMLTREEFILE(   86): XMLTreeFile read 15 bytes
E/XMLTREEFILE(   86): XMLTreeFile read 27 bytes
E/XMLTREEFILE(   86): XMLTreeFile read 32 bytes
E/XMLTREEFILE(   86): XMLTreeFile read 24 bytes
E/XMLTREEFILE(   86): XMLTreeFile read 29 bytes
E/XMLTREEFILE(   86): XMLTreeFile read 16 bytes
E/XMLTREEFILE(   86): XMLTreeFile read 25 bytes
E/XMLTREEFILE(   86): XMLTreeFile read 15 bytes
E/XMLTREEFILE(   86): XMLTreeFile read 27 bytes
E/XMLTREEFILE(   86): XMLTreeFile read 33 bytes
E/XMLTREEFILE(   86): XMLTreeFile read 24 bytes
E/XMLTREEFILE(   86): XMLTreeFile read 27 bytes
E/XMLTREEFILE(   86): XMLTreeFile read 16 bytes
E/XMLTREEFILE(   86): XMLTreeFile read 14 bytes
E/XMLTREEFILE(   86): XMLTreeFile read 25 bytes
E/XMLTREEFILE(   86): XMLTreeFile read 13 bytes
E/XMLTREEFILE(   86): XMLTreeFile read 25 bytes
E/XMLTREEFILE(   86): XMLTreeFile read 15 bytes
E/XMLTREEFILE(   86): XMLTreeFile read 27 bytes
E/XMLTREEFILE(   86): XMLTreeFile read 31 bytes
E/XMLTREEFILE(   86): XMLTreeFile read 24 bytes
E/XMLTREEFILE(   86): XMLTreeFile read 31 bytes
E/XMLTREEFILE(   86): XMLTreeFile read 16 bytes
E/XMLTREEFILE(   86): XMLTreeFile read 25 bytes
E/XMLTREEFILE(   86): XMLTreeFile read 15 bytes
E/XMLTREEFILE(   86): XMLTreeFile read 27 bytes
E/XMLTREEFILE(   86): XMLTreeFile read 32 bytes
E/XMLTREEFILE(   86): XMLTreeFile read 24 bytes
E/XMLTREEFILE(   86): XMLTreeFile read 31 bytes
E/XMLTREEFILE(   86): XMLTreeFile read 16 bytes
E/XMLTREEFILE(   86): XMLTreeFile read 25 bytes
E/XMLTREEFILE(   86): XMLTreeFile read 15 bytes
E/XMLTREEFILE(   86): XMLTreeFile read 27 bytes
E/XMLTREEFILE(   86): XMLTreeFile read 32 bytes
E/XMLTREEFILE(   86): XMLTreeFile read 24 bytes
E/XMLTREEFILE(   86): XMLTreeFile read 31 bytes
E/XMLTREEFILE(   86): XMLTreeFile read 16 bytes
E/XMLTREEFILE(   86): XMLTreeFile read 25 bytes
E/XMLTREEFILE(   86): XMLTreeFile read 15 bytes
E/XMLTREEFILE(   86): XMLTreeFile read 27 bytes
E/XMLTREEFILE(   86): XMLTreeFile read 33 bytes
E/XMLTREEFILE(   86): XMLTreeFile read 24 bytes
E/XMLTREEFILE(   86): XMLTreeFile read 27 bytes
E/XMLTREEFILE(   86): XMLTreeFile read 16 bytes
E/XMLTREEFILE(   86): XMLTreeFile read 14 bytes
E/XMLTREEFILE(   86): XMLTreeFile read 26 bytes
E/XMLTREEFILE(   86): XMLTreeFile read 13 bytes
E/XMLTREEFILE(   86): XMLTreeFile read 25 bytes
E/XMLTREEFILE(   86): XMLTreeFile read 15 bytes
E/XMLTREEFILE(   86): XMLTreeFile read 27 bytes
E/XMLTREEFILE(   86): XMLTreeFile read 31 bytes
E/XMLTREEFILE(   86): XMLTreeFile read 24 bytes
E/XMLTREEFILE(   86): XMLTreeFile read 31 bytes
E/XMLTREEFILE(   86): XMLTreeFile read 16 bytes
E/XMLTREEFILE(   86): XMLTreeFile read 25 bytes
E/XMLTREEFILE(   86): XMLTreeFile read 15 bytes
E/XMLTREEFILE(   86): XMLTreeFile read 27 bytes
E/XMLTREEFILE(   86): XMLTreeFile read 32 bytes
E/XMLTREEFILE(   86): XMLTreeFile read 24 bytes
E/XMLTREEFILE(   86): XMLTreeFile read 31 bytes
E/XMLTREEFILE(   86): XMLTreeFile read 16 bytes
E/XMLTREEFILE(   86): XMLTreeFile read 25 bytes
E/XMLTREEFILE(   86): XMLTreeFile read 15 bytes
E/XMLTREEFILE(   86): XMLTreeFile read 27 bytes
E/XMLTREEFILE(   86): XMLTreeFile read 32 bytes
E/XMLTREEFILE(   86): XMLTreeFile read 24 bytes
E/XMLTREEFILE(   86): XMLTreeFile read 29 bytes
E/XMLTREEFILE(   86): XMLTreeFile read 16 bytes
E/XMLTREEFILE(   86): XMLTreeFile read 25 bytes
E/XMLTREEFILE(   86): XMLTreeFile read 15 bytes
E/XMLTREEFILE(   86): XMLTreeFile read 27 bytes
E/XMLTREEFILE(   86): XMLTreeFile read 33 bytes
E/XMLTREEFILE(   86): XMLTreeFile read 24 bytes
E/XMLTREEFILE(   86): XMLTreeFile read 27 bytes
E/XMLTREEFILE(   86): XMLTreeFile read 16 bytes
E/XMLTREEFILE(   86): XMLTreeFile read 14 bytes
E/XMLTREEFILE(   86): XMLTreeFile read 12 bytes
E/XMLTREEFILE(   86): XMLTreeFile read 36 bytes
E/XMLTREEFILE(   86): XMLTreeFile read 11 bytes
E/XMLTREEFILE(   86): XMLTreeFile read 25 bytes
E/XMLTREEFILE(   86): XMLTreeFile read 13 bytes
E/XMLTREEFILE(   86): XMLTreeFile read 25 bytes
E/XMLTREEFILE(   86): XMLTreeFile read 15 bytes
E/XMLTREEFILE(   86): XMLTreeFile read 27 bytes
E/XMLTREEFILE(   86): XMLTreeFile read 31 bytes
E/XMLTREEFILE(   86): XMLTreeFile read 24 bytes
E/XMLTREEFILE(   86): XMLTreeFile read 31 bytes
E/XMLTREEFILE(   86): XMLTreeFile read 16 bytes
E/XMLTREEFILE(   86): XMLTreeFile read 25 bytes
E/XMLTREEFILE(   86): XMLTreeFile read 15 bytes
E/XMLTREEFILE(   86): XMLTreeFile read 27 bytes
E/XMLTREEFILE(   86): XMLTreeFile read 32 bytes
E/XMLTREEFILE(   86): XMLTreeFile read 24 bytes
E/XMLTREEFILE(   86): XMLTreeFile read 31 bytes
E/XMLTREEFILE(   86): XMLTreeFile read 16 bytes
E/XMLTREEFILE(   86): XMLTreeFile read 25 bytes
E/XMLTREEFILE(   86): XMLTreeFile read 15 bytes
E/XMLTREEFILE(   86): XMLTreeFile read 27 bytes
E/XMLTREEFILE(   86): XMLTreeFile read 32 bytes
E/XMLTREEFILE(   86): XMLTreeFile read 24 bytes
E/XMLTREEFILE(   86): XMLTreeFile read 29 bytes
E/XMLTREEFILE(   86): XMLTreeFile read 16 bytes
E/XMLTREEFILE(   86): XMLTreeFile read 25 bytes
E/XMLTREEFILE(   86): XMLTreeFile read 15 bytes
E/XMLTREEFILE(   86): XMLTreeFile read 27 bytes
E/XMLTREEFILE(   86): XMLTreeFile read 33 bytes
E/XMLTREEFILE(   86): XMLTreeFile read 24 bytes
E/XMLTREEFILE(   86): XMLTreeFile read 27 bytes
E/XMLTREEFILE(   86): XMLTreeFile read 16 bytes
E/XMLTREEFILE(   86): XMLTreeFile read 14 bytes
E/XMLTREEFILE(   86): XMLTreeFile read 25 bytes
E/XMLTREEFILE(   86): XMLTreeFile read 13 bytes
E/XMLTREEFILE(   86): XMLTreeFile read 25 bytes
E/XMLTREEFILE(   86): XMLTreeFile read 15 bytes
E/XMLTREEFILE(   86): XMLTreeFile read 27 bytes
E/XMLTREEFILE(   86): XMLTreeFile read 31 bytes
E/XMLTREEFILE(   86): XMLTreeFile read 24 bytes
E/XMLTREEFILE(   86): XMLTreeFile read 31 bytes
E/XMLTREEFILE(   86): XMLTreeFile read 16 bytes
E/XMLTREEFILE(   86): XMLTreeFile read 25 bytes
E/XMLTREEFILE(   86): XMLTreeFile read 15 bytes
E/XMLTREEFILE(   86): XMLTreeFile read 27 bytes
E/XMLTREEFILE(   86): XMLTreeFile read 32 bytes
E/XMLTREEFILE(   86): XMLTreeFile read 24 bytes
E/XMLTREEFILE(   86): XMLTreeFile read 31 bytes
E/XMLTREEFILE(   86): XMLTreeFile read 16 bytes
E/XMLTREEFILE(   86): XMLTreeFile read 25 bytes
E/XMLTREEFILE(   86): XMLTreeFile read 15 bytes
E/XMLTREEFILE(   86): XMLTreeFile read 27 bytes
E/XMLTREEFILE(   86): XMLTreeFile read 32 bytes
E/XMLTREEFILE(   86): XMLTreeFile read 24 bytes
E/XMLTREEFILE(   86): XMLTreeFile read 29 bytes
E/XMLTREEFILE(   86): XMLTreeFile read 16 bytes
E/XMLTREEFILE(   86): XMLTreeFile read 25 bytes
E/XMLTREEFILE(   86): XMLTreeFile read 15 bytes
E/XMLTREEFILE(   86): XMLTreeFile read 27 bytes
E/XMLTREEFILE(   86): XMLTreeFile read 33 bytes
E/XMLTREEFILE(   86): XMLTreeFile read 24 bytes
E/XMLTREEFILE(   86): XMLTreeFile read 27 bytes
E/XMLTREEFILE(   86): XMLTreeFile read 16 bytes
E/XMLTREEFILE(   86): XMLTreeFile read 14 bytes
E/XMLTREEFILE(   86): XMLTreeFile read 26 bytes
E/XMLTREEFILE(   86): XMLTreeFile read 13 bytes
E/XMLTREEFILE(   86): XMLTreeFile read 25 bytes
E/XMLTREEFILE(   86): XMLTreeFile read 15 bytes
E/XMLTREEFILE(   86): XMLTreeFile read 27 bytes
E/XMLTREEFILE(   86): XMLTreeFile read 31 bytes
E/XMLTREEFILE(   86): XMLTreeFile read 24 bytes
E/XMLTREEFILE(   86): XMLTreeFile read 31 bytes
E/XMLTREEFILE(   86): XMLTreeFile read 16 bytes
E/XMLTREEFILE(   86): XMLTreeFile read 25 bytes
E/XMLTREEFILE(   86): XMLTreeFile read 15 bytes
E/XMLTREEFILE(   86): XMLTreeFile read 27 bytes
E/XMLTREEFILE(   86): XMLTreeFile read 32 bytes
E/XMLTREEFILE(   86): XMLTreeFile read 24 bytes
E/XMLTREEFILE(   86): XMLTreeFile read 31 bytes
E/XMLTREEFILE(   86): XMLTreeFile read 16 bytes
E/XMLTREEFILE(   86): XMLTreeFile read 25 bytes
E/XMLTREEFILE(   86): XMLTreeFile read 15 bytes
E/XMLTREEFILE(   86): XMLTreeFile read 27 bytes
E/XMLTREEFILE(   86): XMLTreeFile read 32 bytes
E/XMLTREEFILE(   86): XMLTreeFile read 24 bytes
E/XMLTREEFILE(   86): XMLTreeFile read 29 bytes
E/XMLTREEFILE(   86): XMLTreeFile read 16 bytes
E/XMLTREEFILE(   86): XMLTreeFile read 25 bytes
E/XMLTREEFILE(   86): XMLTreeFile read 15 bytes
E/XMLTREEFILE(   86): XMLTreeFile read 27 bytes
E/XMLTREEFILE(   86): XMLTreeFile read 33 bytes
E/XMLTREEFILE(   86): XMLTreeFile read 24 bytes
E/XMLTREEFILE(   86): XMLTreeFile read 27 bytes
E/XMLTREEFILE(   86): XMLTreeFile read 16 bytes
E/XMLTREEFILE(   86): XMLTreeFile read 14 bytes
E/XMLTREEFILE(   86): XMLTreeFile read 12 bytes
E/XMLTREEFILE(   86): XMLTreeFile read 38 bytes
E/XMLTREEFILE(   86): XMLTreeFile read 11 bytes
E/XMLTREEFILE(   86): XMLTreeFile read 25 bytes
E/XMLTREEFILE(   86): XMLTreeFile read 13 bytes
E/XMLTREEFILE(   86): XMLTreeFile read 25 bytes
E/XMLTREEFILE(   86): XMLTreeFile read 15 bytes
E/XMLTREEFILE(   86): XMLTreeFile read 27 bytes
E/XMLTREEFILE(   86): XMLTreeFile read 31 bytes
E/XMLTREEFILE(   86): XMLTreeFile read 24 bytes
E/XMLTREEFILE(   86): XMLTreeFile read 29 bytes
E/XMLTREEFILE(   86): XMLTreeFile read 16 bytes
E/XMLTREEFILE(   86): XMLTreeFile read 25 bytes
E/XMLTREEFILE(   86): XMLTreeFile read 15 bytes
E/XMLTREEFILE(   86): XMLTreeFile read 27 bytes
E/XMLTREEFILE(   86): XMLTreeFile read 32 bytes
E/XMLTREEFILE(   86): XMLTreeFile read 24 bytes
E/XMLTREEFILE(   86): XMLTreeFile read 29 bytes
E/XMLTREEFILE(   86): XMLTreeFile read 16 bytes
E/XMLTREEFILE(   86): XMLTreeFile read 25 bytes
E/XMLTREEFILE(   86): XMLTreeFile read 15 bytes
D/libEGL  (   83): loaded /system/lib/egl/libGLESv1_CM_mali.so
E/XMLTREEFILE(   86): XMLTreeFile read 27 bytes
E/XMLTREEFILE(   86): XMLTreeFile read 32 bytes
E/XMLTREEFILE(   86): XMLTreeFile read 24 bytes
E/XMLTREEFILE(   86): XMLTreeFile read 29 bytes
E/XMLTREEFILE(   86): XMLTreeFile read 16 bytes
E/XMLTREEFILE(   86): XMLTreeFile read 25 bytes
E/XMLTREEFILE(   86): XMLTreeFile read 15 bytes
E/XMLTREEFILE(   86): XMLTreeFile read 27 bytes
E/XMLTREEFILE(   86): XMLTreeFile read 33 bytes
E/XMLTREEFILE(   86): XMLTreeFile read 24 bytes
E/XMLTREEFILE(   86): XMLTreeFile read 29 bytes
E/XMLTREEFILE(   86): XMLTreeFile read 16 bytes
E/XMLTREEFILE(   86): XMLTreeFile read 14 bytes
E/XMLTREEFILE(   86): XMLTreeFile read 25 bytes
E/XMLTREEFILE(   86): XMLTreeFile read 13 bytes
E/XMLTREEFILE(   86): XMLTreeFile read 25 bytes
E/XMLTREEFILE(   86): XMLTreeFile read 15 bytes
E/XMLTREEFILE(   86): XMLTreeFile read 27 bytes
E/XMLTREEFILE(   86): XMLTreeFile read 31 bytes
E/XMLTREEFILE(   86): XMLTreeFile read 24 bytes
E/XMLTREEFILE(   86): XMLTreeFile read 29 bytes
E/XMLTREEFILE(   86): XMLTreeFile read 16 bytes
E/XMLTREEFILE(   86): XMLTreeFile read 25 bytes
E/XMLTREEFILE(   86): XMLTreeFile read 15 bytes
E/XMLTREEFILE(   86): XMLTreeFile read 27 bytes
E/XMLTREEFILE(   86): XMLTreeFile read 32 bytes
E/XMLTREEFILE(   86): XMLTreeFile read 24 bytes
E/XMLTREEFILE(   86): XMLTreeFile read 29 bytes
E/XMLTREEFILE(   86): XMLTreeFile read 16 bytes
E/XMLTREEFILE(   86): XMLTreeFile read 25 bytes
E/XMLTREEFILE(   86): XMLTreeFile read 15 bytes
E/XMLTREEFILE(   86): XMLTreeFile read 27 bytes
E/XMLTREEFILE(   86): XMLTreeFile read 32 bytes
E/XMLTREEFILE(   86): XMLTreeFile read 24 bytes
E/XMLTREEFILE(   86): XMLTreeFile read 29 bytes
E/XMLTREEFILE(   86): XMLTreeFile read 16 bytes
E/XMLTREEFILE(   86): XMLTreeFile read 25 bytes
E/XMLTREEFILE(   86): XMLTreeFile read 15 bytes
E/XMLTREEFILE(   86): XMLTreeFile read 27 bytes
E/XMLTREEFILE(   86): XMLTreeFile read 33 bytes
E/XMLTREEFILE(   86): XMLTreeFile read 24 bytes
E/XMLTREEFILE(   86): XMLTreeFile read 28 bytes
E/XMLTREEFILE(   86): XMLTreeFile read 16 bytes
E/XMLTREEFILE(   86): XMLTreeFile read 14 bytes
E/XMLTREEFILE(   86): XMLTreeFile read 26 bytes
E/XMLTREEFILE(   86): XMLTreeFile read 13 bytes
E/XMLTREEFILE(   86): XMLTreeFile read 25 bytes
E/XMLTREEFILE(   86): XMLTreeFile read 15 bytes
E/XMLTREEFILE(   86): XMLTreeFile read 27 bytes
E/XMLTREEFILE(   86): XMLTreeFile read 31 bytes
E/XMLTREEFILE(   86): XMLTreeFile read 24 bytes
E/XMLTREEFILE(   86): XMLTreeFile read 29 bytes
E/XMLTREEFILE(   86): XMLTreeFile read 16 bytes
E/XMLTREEFILE(   86): XMLTreeFile read 25 bytes
E/XMLTREEFILE(   86): XMLTreeFile read 15 bytes
E/XMLTREEFILE(   86): XMLTreeFile read 27 bytes
E/XMLTREEFILE(   86): XMLTreeFile read 32 bytes
E/XMLTREEFILE(   86): XMLTreeFile read 24 bytes
E/XMLTREEFILE(   86): XMLTreeFile read 29 bytes
E/XMLTREEFILE(   86): XMLTreeFile read 16 bytes
E/XMLTREEFILE(   86): XMLTreeFile read 25 bytes
E/XMLTREEFILE(   86): XMLTreeFile read 15 bytes
E/XMLTREEFILE(   86): XMLTreeFile read 27 bytes
E/XMLTREEFILE(   86): XMLTreeFile read 32 bytes
E/XMLTREEFILE(   86): XMLTreeFile read 24 bytes
E/XMLTREEFILE(   86): XMLTreeFile read 29 bytes
E/XMLTREEFILE(   86): XMLTreeFile read 16 bytes
E/XMLTREEFILE(   86): XMLTreeFile read 25 bytes
E/XMLTREEFILE(   86): XMLTreeFile read 15 bytes
E/XMLTREEFILE(   86): XMLTreeFile read 27 bytes
E/XMLTREEFILE(   86): XMLTreeFile read 33 bytes
E/XMLTREEFILE(   86): XMLTreeFile read 24 bytes
E/XMLTREEFILE(   86): XMLTreeFile read 28 bytes
E/XMLTREEFILE(   86): XMLTreeFile read 16 bytes
E/XMLTREEFILE(   86): XMLTreeFile read 14 bytes
E/XMLTREEFILE(   86): XMLTreeFile read 12 bytes
E/XMLTREEFILE(   86): XMLTreeFile read 27 bytes
E/XMLTREEFILE(   86): XMLTreeFile read 11 bytes
E/XMLTREEFILE(   86): XMLTreeFile read 25 bytes
E/XMLTREEFILE(   86): XMLTreeFile read 13 bytes
E/XMLTREEFILE(   86): XMLTreeFile read 25 bytes
E/XMLTREEFILE(   86): XMLTreeFile read 15 bytes
E/XMLTREEFILE(   86): XMLTreeFile read 27 bytes
E/XMLTREEFILE(   86): XMLTreeFile read 31 bytes
E/XMLTREEFILE(   86): XMLTreeFile read 24 bytes
E/XMLTREEFILE(   86): XMLTreeFile read 29 bytes
E/XMLTREEFILE(   86): XMLTreeFile read 16 bytes
E/XMLTREEFILE(   86): XMLTreeFile read 25 bytes
E/XMLTREEFILE(   86): XMLTreeFile read 15 bytes
E/XMLTREEFILE(   86): XMLTreeFile read 27 bytes
E/XMLTREEFILE(   86): XMLTreeFile read 32 bytes
E/XMLTREEFILE(   86): XMLTreeFile read 24 bytes
E/XMLTREEFILE(   86): XMLTreeFile read 29 bytes
E/XMLTREEFILE(   86): XMLTreeFile read 16 bytes
E/XMLTREEFILE(   86): XMLTreeFile read 25 bytes
E/XMLTREEFILE(   86): XMLTreeFile read 15 bytes
E/XMLTREEFILE(   86): XMLTreeFile read 27 bytes
E/XMLTREEFILE(   86): XMLTreeFile read 32 bytes
E/XMLTREEFILE(   86): XMLTreeFile read 24 bytes
E/XMLTREEFILE(   86): XMLTreeFile read 29 bytes
E/XMLTREEFILE(   86): XMLTreeFile read 16 bytes
E/XMLTREEFILE(   86): XMLTreeFile read 25 bytes
E/XMLTREEFILE(   86): XMLTreeFile read 15 bytes
E/XMLTREEFILE(   86): XMLTreeFile read 27 bytes
E/XMLTREEFILE(   86): XMLTreeFile read 33 bytes
E/XMLTREEFILE(   86): XMLTreeFile read 24 bytes
E/XMLTREEFILE(   86): XMLTreeFile read 29 bytes
E/XMLTREEFILE(   86): XMLTreeFile read 16 bytes
E/XMLTREEFILE(   86): XMLTreeFile read 14 bytes
E/XMLTREEFILE(   86): XMLTreeFile read 25 bytes
E/XMLTREEFILE(   86): XMLTreeFile read 13 bytes
E/XMLTREEFILE(   86): XMLTreeFile read 25 bytes
E/XMLTREEFILE(   86): XMLTreeFile read 15 bytes
E/XMLTREEFILE(   86): XMLTreeFile read 27 bytes
E/XMLTREEFILE(   86): XMLTreeFile read 31 bytes
E/XMLTREEFILE(   86): XMLTreeFile read 24 bytes
E/XMLTREEFILE(   86): XMLTreeFile read 29 bytes
E/XMLTREEFILE(   86): XMLTreeFile read 16 bytes
E/XMLTREEFILE(   86): XMLTreeFile read 25 bytes
E/XMLTREEFILE(   86): XMLTreeFile read 15 bytes
E/XMLTREEFILE(   86): XMLTreeFile read 27 bytes
E/XMLTREEFILE(   86): XMLTreeFile read 32 bytes
E/XMLTREEFILE(   86): XMLTreeFile read 24 bytes
E/XMLTREEFILE(   86): XMLTreeFile read 29 bytes
E/XMLTREEFILE(   86): XMLTreeFile read 16 bytes
E/XMLTREEFILE(   86): XMLTreeFile read 25 bytes
E/XMLTREEFILE(   86): XMLTreeFile read 15 bytes
E/XMLTREEFILE(   86): XMLTreeFile read 27 bytes
E/XMLTREEFILE(   86): XMLTreeFile read 32 bytes
E/XMLTREEFILE(   86): XMLTreeFile read 24 bytes
E/XMLTREEFILE(   86): XMLTreeFile read 29 bytes
E/XMLTREEFILE(   86): XMLTreeFile read 16 bytes
E/XMLTREEFILE(   86): XMLTreeFile read 25 bytes
E/XMLTREEFILE(   86): XMLTreeFile read 15 bytes
E/XMLTREEFILE(   86): XMLTreeFile read 27 bytes
E/XMLTREEFILE(   86): XMLTreeFile read 33 bytes
E/XMLTREEFILE(   86): XMLTreeFile read 24 bytes
E/XMLTREEFILE(   86): XMLTreeFile read 28 bytes
E/XMLTREEFILE(   86): XMLTreeFile read 16 bytes
E/XMLTREEFILE(   86): XMLTreeFile read 14 bytes
E/XMLTREEFILE(   86): XMLTreeFile read 26 bytes
E/XMLTREEFILE(   86): XMLTreeFile read 13 bytes
E/XMLTREEFILE(   86): XMLTreeFile read 25 bytes
E/XMLTREEFILE(   86): XMLTreeFile read 15 bytes
E/XMLTREEFILE(   86): XMLTreeFile read 27 bytes
E/XMLTREEFILE(   86): XMLTreeFile read 31 bytes
E/XMLTREEFILE(   86): XMLTreeFile read 24 bytes
E/XMLTREEFILE(   86): XMLTreeFile read 29 bytes
E/XMLTREEFILE(   86): XMLTreeFile read 16 bytes
E/XMLTREEFILE(   86): XMLTreeFile read 25 bytes
E/XMLTREEFILE(   86): XMLTreeFile read 15 bytes
E/XMLTREEFILE(   86): XMLTreeFile read 27 bytes
E/XMLTREEFILE(   86): XMLTreeFile read 32 bytes
E/XMLTREEFILE(   86): XMLTreeFile read 24 bytes
E/XMLTREEFILE(   86): XMLTreeFile read 29 bytes
E/XMLTREEFILE(   86): XMLTreeFile read 16 bytes
E/XMLTREEFILE(   86): XMLTreeFile read 25 bytes
E/XMLTREEFILE(   86): XMLTreeFile read 15 bytes
E/XMLTREEFILE(   86): XMLTreeFile read 27 bytes
E/XMLTREEFILE(   86): XMLTreeFile read 32 bytes
E/XMLTREEFILE(   86): XMLTreeFile read 24 bytes
E/XMLTREEFILE(   86): XMLTreeFile read 29 bytes
D/libEGL  (   83): loaded /system/lib/egl/libGLESv2_mali.so
E/XMLTREEFILE(   86): XMLTreeFile read 16 bytes
E/XMLTREEFILE(   86): XMLTreeFile read 25 bytes
E/XMLTREEFILE(   86): XMLTreeFile read 15 bytes
E/XMLTREEFILE(   86): XMLTreeFile read 27 bytes
E/XMLTREEFILE(   86): XMLTreeFile read 33 bytes
E/XMLTREEFILE(   86): XMLTreeFile read 24 bytes
E/XMLTREEFILE(   86): XMLTreeFile read 28 bytes
E/XMLTREEFILE(   86): XMLTreeFile read 16 bytes
E/XMLTREEFILE(   86): XMLTreeFile read 14 bytes
E/XMLTREEFILE(   86): XMLTreeFile read 12 bytes
E/XMLTREEFILE(   86): XMLTreeFile read 26 bytes
E/XMLTREEFILE(   86): XMLTreeFile read 11 bytes
E/XMLTREEFILE(   86): XMLTreeFile read 25 bytes
E/XMLTREEFILE(   86): XMLTreeFile read 13 bytes
E/XMLTREEFILE(   86): XMLTreeFile read 25 bytes
E/XMLTREEFILE(   86): XMLTreeFile read 15 bytes
E/XMLTREEFILE(   86): XMLTreeFile read 27 bytes
E/XMLTREEFILE(   86): XMLTreeFile read 31 bytes
E/XMLTREEFILE(   86): XMLTreeFile read 24 bytes
E/XMLTREEFILE(   86): XMLTreeFile read 29 bytes
E/XMLTREEFILE(   86): XMLTreeFile read 16 bytes
E/XMLTREEFILE(   86): XMLTreeFile read 25 bytes
E/XMLTREEFILE(   86): XMLTreeFile read 15 bytes
E/XMLTREEFILE(   86): XMLTreeFile read 27 bytes
E/XMLTREEFILE(   86): XMLTreeFile read 32 bytes
E/XMLTREEFILE(   86): XMLTreeFile read 24 bytes
E/XMLTREEFILE(   86): XMLTreeFile read 29 bytes
E/XMLTREEFILE(   86): XMLTreeFile read 16 bytes
E/XMLTREEFILE(   86): XMLTreeFile read 25 bytes
E/XMLTREEFILE(   86): XMLTreeFile read 15 bytes
E/XMLTREEFILE(   86): XMLTreeFile read 27 bytes
E/XMLTREEFILE(   86): XMLTreeFile read 32 bytes
E/XMLTREEFILE(   86): XMLTreeFile read 24 bytes
E/XMLTREEFILE(   86): XMLTreeFile read 29 bytes
E/XMLTREEFILE(   86): XMLTreeFile read 16 bytes
E/XMLTREEFILE(   86): XMLTreeFile read 25 bytes
E/XMLTREEFILE(   86): XMLTreeFile read 15 bytes
E/XMLTREEFILE(   86): XMLTreeFile read 27 bytes
E/XMLTREEFILE(   86): XMLTreeFile read 33 bytes
E/XMLTREEFILE(   86): XMLTreeFile read 24 bytes
E/XMLTREEFILE(   86): XMLTreeFile read 27 bytes
E/XMLTREEFILE(   86): XMLTreeFile read 16 bytes
E/XMLTREEFILE(   86): XMLTreeFile read 14 bytes
E/XMLTREEFILE(   86): XMLTreeFile read 25 bytes
E/XMLTREEFILE(   86): XMLTreeFile read 13 bytes
E/XMLTREEFILE(   86): XMLTreeFile read 25 bytes
E/XMLTREEFILE(   86): XMLTreeFile read 15 bytes
E/XMLTREEFILE(   86): XMLTreeFile read 27 bytes
E/XMLTREEFILE(   86): XMLTreeFile read 31 bytes
E/XMLTREEFILE(   86): XMLTreeFile read 24 bytes
E/XMLTREEFILE(   86): XMLTreeFile read 29 bytes
E/XMLTREEFILE(   86): XMLTreeFile read 16 bytes
E/XMLTREEFILE(   86): XMLTreeFile read 25 bytes
E/XMLTREEFILE(   86): XMLTreeFile read 15 bytes
E/XMLTREEFILE(   86): XMLTreeFile read 27 bytes
E/XMLTREEFILE(   86): XMLTreeFile read 32 bytes
E/XMLTREEFILE(   86): XMLTreeFile read 24 bytes
E/XMLTREEFILE(   86): XMLTreeFile read 29 bytes
E/XMLTREEFILE(   86): XMLTreeFile read 16 bytes
E/XMLTREEFILE(   86): XMLTreeFile read 25 bytes
E/XMLTREEFILE(   86): XMLTreeFile read 15 bytes
E/XMLTREEFILE(   86): XMLTreeFile read 27 bytes
E/XMLTREEFILE(   86): XMLTreeFile read 32 bytes
E/XMLTREEFILE(   86): XMLTreeFile read 24 bytes
E/XMLTREEFILE(   86): XMLTreeFile read 29 bytes
E/XMLTREEFILE(   86): XMLTreeFile read 16 bytes
E/XMLTREEFILE(   86): XMLTreeFile read 25 bytes
E/XMLTREEFILE(   86): XMLTreeFile read 15 bytes
E/XMLTREEFILE(   86): XMLTreeFile read 27 bytes
E/XMLTREEFILE(   86): XMLTreeFile read 33 bytes
E/XMLTREEFILE(   86): XMLTreeFile read 24 bytes
E/XMLTREEFILE(   86): XMLTreeFile read 27 bytes
E/XMLTREEFILE(   86): XMLTreeFile read 16 bytes
E/XMLTREEFILE(   86): XMLTreeFile read 14 bytes
E/XMLTREEFILE(   86): XMLTreeFile read 26 bytes
E/XMLTREEFILE(   86): XMLTreeFile read 13 bytes
E/XMLTREEFILE(   86): XMLTreeFile read 25 bytes
E/XMLTREEFILE(   86): XMLTreeFile read 15 bytes
E/XMLTREEFILE(   86): XMLTreeFile read 27 bytes
E/XMLTREEFILE(   86): XMLTreeFile read 31 bytes
E/XMLTREEFILE(   86): XMLTreeFile read 24 bytes
E/XMLTREEFILE(   86): XMLTreeFile read 29 bytes
E/XMLTREEFILE(   86): XMLTreeFile read 16 bytes
E/XMLTREEFILE(   86): XMLTreeFile read 25 bytes
E/XMLTREEFILE(   86): XMLTreeFile read 15 bytes
E/XMLTREEFILE(   86): XMLTreeFile read 27 bytes
E/XMLTREEFILE(   86): XMLTreeFile read 32 bytes
E/XMLTREEFILE(   86): XMLTreeFile read 24 bytes
E/XMLTREEFILE(   86): XMLTreeFile read 29 bytes
E/XMLTREEFILE(   86): XMLTreeFile read 16 bytes
E/XMLTREEFILE(   86): XMLTreeFile read 25 bytes
E/XMLTREEFILE(   86): XMLTreeFile read 15 bytes
E/XMLTREEFILE(   86): XMLTreeFile read 27 bytes
E/XMLTREEFILE(   86): XMLTreeFile read 32 bytes
E/XMLTREEFILE(   86): XMLTreeFile read 24 bytes
E/XMLTREEFILE(   86): XMLTreeFile read 29 bytes
E/XMLTREEFILE(   86): XMLTreeFile read 16 bytes
E/XMLTREEFILE(   86): XMLTreeFile read 25 bytes
E/XMLTREEFILE(   86): XMLTreeFile read 15 bytes
E/XMLTREEFILE(   86): XMLTreeFile read 27 bytes
E/XMLTREEFILE(   86): XMLTreeFile read 33 bytes
E/XMLTREEFILE(   86): XMLTreeFile read 24 bytes
E/XMLTREEFILE(   86): XMLTreeFile read 27 bytes
E/XMLTREEFILE(   86): XMLTreeFile read 16 bytes
E/XMLTREEFILE(   86): XMLTreeFile read 14 bytes
E/XMLTREEFILE(   86): XMLTreeFile read 12 bytes
E/XMLTREEFILE(   86): XMLTreeFile read 25 bytes
E/XMLTREEFILE(   86): XMLTreeFile read 11 bytes
E/XMLTREEFILE(   86): XMLTreeFile read 25 bytes
E/XMLTREEFILE(   86): XMLTreeFile read 13 bytes
E/XMLTREEFILE(   86): XMLTreeFile read 25 bytes
E/XMLTREEFILE(   86): XMLTreeFile read 15 bytes
E/XMLTREEFILE(   86): XMLTreeFile read 27 bytes
E/XMLTREEFILE(   86): XMLTreeFile read 31 bytes
E/XMLTREEFILE(   86): XMLTreeFile read 24 bytes
E/XMLTREEFILE(   86): XMLTreeFile read 29 bytes
E/XMLTREEFILE(   86): XMLTreeFile read 16 bytes
E/XMLTREEFILE(   86): XMLTreeFile read 25 bytes
E/XMLTREEFILE(   86): XMLTreeFile read 15 bytes
E/XMLTREEFILE(   86): XMLTreeFile read 27 bytes
E/XMLTREEFILE(   86): XMLTreeFile read 32 bytes
E/XMLTREEFILE(   86): XMLTreeFile read 24 bytes
E/XMLTREEFILE(   86): XMLTreeFile read 29 bytes
E/XMLTREEFILE(   86): XMLTreeFile read 16 bytes
E/XMLTREEFILE(   86): XMLTreeFile read 25 bytes
E/XMLTREEFILE(   86): XMLTreeFile read 15 bytes
E/XMLTREEFILE(   86): XMLTreeFile read 27 bytes
E/XMLTREEFILE(   86): XMLTreeFile read 32 bytes
E/XMLTREEFILE(   86): XMLTreeFile read 24 bytes
E/XMLTREEFILE(   86): XMLTreeFile read 29 bytes
E/XMLTREEFILE(   86): XMLTreeFile read 16 bytes
E/XMLTREEFILE(   86): XMLTreeFile read 25 bytes
E/XMLTREEFILE(   86): XMLTreeFile read 15 bytes
E/XMLTREEFILE(   86): XMLTreeFile read 27 bytes
E/XMLTREEFILE(   86): XMLTreeFile read 33 bytes
E/XMLTREEFILE(   86): XMLTreeFile read 24 bytes
E/XMLTREEFILE(   86): XMLTreeFile read 27 bytes
E/XMLTREEFILE(   86): XMLTreeFile read 16 bytes
E/XMLTREEFILE(   86): XMLTreeFile read 14 bytes
E/XMLTREEFILE(   86): XMLTreeFile read 25 bytes
E/XMLTREEFILE(   86): XMLTreeFile read 13 bytes
E/XMLTREEFILE(   86): XMLTreeFile read 25 bytes
E/XMLTREEFILE(   86): XMLTreeFile read 15 bytes
E/XMLTREEFILE(   86): XMLTreeFile read 27 bytes
E/XMLTREEFILE(   86): XMLTreeFile read 31 bytes
E/XMLTREEFILE(   86): XMLTreeFile read 24 bytes
E/XMLTREEFILE(   86): XMLTreeFile read 29 bytes
E/XMLTREEFILE(   86): XMLTreeFile read 16 bytes
E/XMLTREEFILE(   86): XMLTreeFile read 25 bytes
E/XMLTREEFILE(   86): XMLTreeFile read 15 bytes
E/XMLTREEFILE(   86): XMLTreeFile read 27 bytes
E/XMLTREEFILE(   86): XMLTreeFile read 32 bytes
E/XMLTREEFILE(   86): XMLTreeFile read 24 bytes
E/XMLTREEFILE(   86): XMLTreeFile read 29 bytes
E/XMLTREEFILE(   86): XMLTreeFile read 16 bytes
E/XMLTREEFILE(   86): XMLTreeFile read 25 bytes
E/XMLTREEFILE(   86): XMLTreeFile read 15 bytes
E/XMLTREEFILE(   86): XMLTreeFile read 27 bytes
E/XMLTREEFILE(   86): XMLTreeFile read 32 bytes
E/XMLTREEFILE(   86): XMLTreeFile read 24 bytes
E/XMLTREEFILE(   86): XMLTreeFile read 29 bytes
E/XMLTREEFILE(   86): XMLTreeFile read 16 bytes
E/XMLTREEFILE(   86): XMLTreeFile read 25 bytes
E/XMLTREEFILE(   86): XMLTreeFile read 15 bytes
E/XMLTREEFILE(   86): XMLTreeFile read 27 bytes
E/XMLTREEFILE(   86): XMLTreeFile read 33 bytes
E/XMLTREEFILE(   86): XMLTreeFile read 24 bytes
E/XMLTREEFILE(   86): XMLTreeFile read 27 bytes
E/XMLTREEFILE(   86): XMLTreeFile read 16 bytes
E/XMLTREEFILE(   86): XMLTreeFile read 14 bytes
E/XMLTREEFILE(   86): XMLTreeFile read 26 bytes
E/XMLTREEFILE(   86): XMLTreeFile read 13 bytes
E/XMLTREEFILE(   86): XMLTreeFile read 25 bytes
E/XMLTREEFILE(   86): XMLTreeFile read 15 bytes
E/XMLTREEFILE(   86): XMLTreeFile read 27 bytes
E/XMLTREEFILE(   86): XMLTreeFile read 31 bytes
E/XMLTREEFILE(   86): XMLTreeFile read 24 bytes
E/XMLTREEFILE(   86): XMLTreeFile read 29 bytes
E/XMLTREEFILE(   86): XMLTreeFile read 16 bytes
E/XMLTREEFILE(   86): XMLTreeFile read 25 bytes
E/XMLTREEFILE(   86): XMLTreeFile read 15 bytes
E/XMLTREEFILE(   86): XMLTreeFile read 27 bytes
E/XMLTREEFILE(   86): XMLTreeFile read 32 bytes
E/XMLTREEFILE(   86): XMLTreeFile read 24 bytes
E/XMLTREEFILE(   86): XMLTreeFile read 29 bytes
E/XMLTREEFILE(   86): XMLTreeFile read 16 bytes
E/XMLTREEFILE(   86): XMLTreeFile read 25 bytes
E/XMLTREEFILE(   86): XMLTreeFile read 15 bytes
E/XMLTREEFILE(   86): XMLTreeFile read 27 bytes
E/XMLTREEFILE(   86): XMLTreeFile read 32 bytes
E/XMLTREEFILE(   86): XMLTreeFile read 24 bytes
E/XMLTREEFILE(   86): XMLTreeFile read 29 bytes
E/XMLTREEFILE(   86): XMLTreeFile read 16 bytes
E/XMLTREEFILE(   86): XMLTreeFile read 25 bytes
E/XMLTREEFILE(   86): XMLTreeFile read 15 bytes
E/XMLTREEFILE(   86): XMLTreeFile read 27 bytes
E/XMLTREEFILE(   86): XMLTreeFile read 33 bytes
E/XMLTREEFILE(   86): XMLTreeFile read 24 bytes
E/XMLTREEFILE(   86): XMLTreeFile read 27 bytes
E/XMLTREEFILE(   86): XMLTreeFile read 16 bytes
E/XMLTREEFILE(   86): XMLTreeFile read 14 bytes
E/XMLTREEFILE(   86): XMLTreeFile read 12 bytes
E/XMLTREEFILE(   86): XMLTreeFile read 10 bytes
E/XMLTREEFILE(   86): XMLTreeFile read 8 bytes
E/XMLTREEFILE(   86): XMLTreeFile read 8 bytes
E/XMLTREEFILE(   86): not well-formed (invalid token) at line 1098
E/XLISTTREE(   86): XListTree begin to parse xml file
I/SurfaceFlinger(   83): EGL informations:
I/SurfaceFlinger(   83): # of configs : 21
I/SurfaceFlinger(   83): vendor    : Android
I/SurfaceFlinger(   83): version   : 1.4 Android META-EGL
I/SurfaceFlinger(   83): extensions: EGL_KHR_image EGL_KHR_image_base EGL_KHR_image_pixmap EGL_KHR_gl_texture_2D_image EGL_KHR_gl_texture_cubemap_image EGL_KHR_gl_renderbuffer_image EGL_KHR_fence_sync EGL_ANDROID_image_native_buffer 
I/SurfaceFlinger(   83): Client API: OpenGL ES
I/SurfaceFlinger(   83): EGLSurface: 8-8-8-8, config=0x10
I/SurfaceFlinger(   83): OpenGL informations:
I/SurfaceFlinger(   83): vendor    : ARM
I/SurfaceFlinger(   83): renderer  : Mali-400 MP
I/SurfaceFlinger(   83): version   : OpenGL ES-CM 1.1 Spreadtrum Build
I/SurfaceFlinger(   83): extensions: GL_OES_byte_coordinates GL_OES_fixed_point GL_OES_single_precision GL_OES_matrix_get GL_OES_read_format GL_OES_compressed_paletted_texture GL_OES_point_size_array GL_OES_point_sprite GL_OES_texture_npot GL_OES_query_matrix GL_OES_matrix_palette GL_OES_extended_matrix_palette GL_OES_compressed_ETC1_RGB8_texture GL_OES_EGL_image GL_OES_draw_texture GL_OES_depth_texture GL_OES_packed_depth_stencil GL_EXT_texture_format_BGRA8888 GL_OES_framebuffer_object GL_OES_stencil8 GL_OES_depth24 GL_ARM_rgba8 GL_OES_EGL_image_external GL_OES_EGL_sync GL_OES_rgb8_rgba8 GL_EXT_multisampled_render_to_texture GL_OES_texture_cube_map GL_EXT_discard_framebuffer 
I/SurfaceFlinger(   83): GL_MAX_TEXTURE_SIZE = 4096
I/SurfaceFlinger(   83): GL_MAX_VIEWPORT_DIMS = 4096 x 4096
I/SurfaceFlinger(   83): flags = 00000000
I/SurfaceFlinger(   83): start bootanim!
W/streamDeviceVolumeTable.cpp(   86): streamDeviceVolumeTable open ok
I/VolumeManager.cpp(   86): VolumeManager open type 0 ret 0
W/streamDeviceVolumeTable.cpp(   86): streamDeviceVolumeTable close (1)
I/VolumeManager.cpp(   86): VolumeManager close type 0 ret 0
V/AudioPolicyManagerBase(   86): setSystemProperty() property ro.camera.sound.forced, value 0
V/AudioPolicyManagerBase(   86): ENFORCED_AUDIBLE can be muted
I/AudioPolicyService(   86): Loaded audio policy from LEGACY Audio Policy HAL (audio_policy)
V/AudioPolicyService(   86): loadEffects() loading effect bassboost
V/AudioPolicyService(   86): loadEffects() loading effect virtualizer
V/AudioPolicyService(   86): loadEffects() loading effect equalizer
V/AudioPolicyService(   86): loadEffects() loading effect volume
V/AudioPolicyService(   86): loadEffects() loading effect reverb_env_aux
V/AudioPolicyService(   86): loadEffects() loading effect reverb_env_ins
V/AudioPolicyService(   86): loadEffects() loading effect reverb_pre_aux
V/AudioPolicyService(   86): loadEffects() loading effect reverb_pre_ins
V/AudioPolicyService(   86): loadEffects() loading effect visualizer
V/AudioPolicyService(   86): loadEffects() loading effect agc
V/AudioPolicyService(   86): loadEffects() loading effect aec
V/AudioPolicyService(   86): loadEffects() loading effect ns
D/dalvikvm(   84): DexOpt: --- BEGIN 'core.jar' (bootstrap=1) ---
D/sprd_monitor(   78): start eng!
D/dalvikvm(  171): Ignoring duplicate verify attempt on Ljava/lang/Object;
D/dalvikvm(  171): Ignoring duplicate verify attempt on Ljava/lang/ref/Reference;
D/dalvikvm(  171): Ignoring duplicate verify attempt on Ljava/lang/ref/ReferenceQueue;
D/dalvikvm(  171): Ignoring duplicate verify attempt on Ljava/lang/Class;
D/dalvikvm(  171): Ignoring duplicate verify attempt on Ljava/lang/ref/FinalizerReference;
D/dalvikvm(  171): DexOpt: load 81ms, verify+opt 1282ms
D/SPRDENG (  180): Run Engineer Mode MODEM2SERVER Client!
D/SPRDENG (  179): engserver start listen
D/SPRDENG (  180): eng_monitor_open: soc_fd=7
D/SPRDENG (  179): eng_event_reg: fd=9
D/SPRDENG (  179): eng_event_can_reg enter
D/SPRDENG (  179): eng_event_can_reg ret = 1
D/SPRDENG (  179): clinet_info_getnametype: input=engmonitor
D/SPRDENG (  179): clinet_info_getnametype: name=engmonitor; type=0
D/SPRDENG (  179): getclientfunc: engmonitor
D/SPRDENG (  179): eng_event_reg: fdevent_create
D/SPRDENG (  179): eng_event_reg: fe.fd=9
D/SPRDENG (  179): client_info_update: name[0] engmonitor,
D/SPRDENG (  179): eng_event_reg: send welcome
D/SPRDENG (  180): eng_mcinit: persist.msms.phone_count is 2, n=2
D/SPRDENG (  180): eng_mcinit: open /dev/CHNPTY13 failed!, error[2][No such file or directory]
D/SPRDENG (  179): fdevent_loop: ===waiting for events===
D/RAWDATAD(   76): Some event happens, len = 32.
D/RAWDATAD(   76): Event mask: 0x00000020, name: engtest.db
D/RAWDATAD(   76): Event: File was opened
D/RAWDATAD(   76): Object type: File
D/RAWDATAD(   76): Object name: /productinfo/
D/RAWDATAD(   76): index=0; event->len=16
D/RAWDATAD(   76): #############################################
D/BootAnimation(  178): Starting bootanimation
D/BootAnimation(  178): No BootAnimation ? 0
I/BootAnimation(  178): begine bootanimation!
I/BootAnimation(  178): /system/media/bootanimation.zip
I/BootAnimation(  178): /system/media/bootsound.mp3
D/libEGL  (  178): loaded /system/lib/egl/libEGL_mali.so
D/libEGL  (  178): loaded /system/lib/egl/libGLESv1_CM_mali.so
D/libEGL  (  178): loaded /system/lib/egl/libGLESv2_mali.so
I/SurfaceTexture(   83): [<pid_178>] connect: api=1 mConnectedApi =0
D/SPRDENG (  181): eng_sqlite_create: open /productinfo/engtest.db success
D/SPRDENG (  181): eng_sqlite_create: str2int already exists
D/SPRDENG (  181): eng_sqlite_create: str2str already exists
D/RAWDATAD(   76): Some event happens, len = 32.
D/RAWDATAD(   76): Event mask: 0x00000001, name: engtest.db
D/RAWDATAD(   76): Event: File was accessed
D/RAWDATAD(   76): Object type: File
D/RAWDATAD(   76): Object name: /productinfo/
D/RAWDATAD(   76): index=0; event->len=16
D/RAWDATAD(   76): #############################################
I/gralloc.mali(   83): ump alloc addr 41793000 ====================================
D/gralloc.mali(   83): fps = 0.146799
D/RAWDATAD(   76): Some event happens, len = 32.
D/RAWDATAD(   76): Event mask: 0x00000004, name: engtest.db
D/RAWDATAD(   76): Event: File attributes were changed
D/RAWDATAD(   76): Object type: File
D/RAWDATAD(   76): Object name: /productinfo/
D/RAWDATAD(   76): index=0; event->len=16
D/RAWDATAD(   76): #############################################
D/RAWDATAD(   76): Some event happens, len = 32.
D/RAWDATAD(   76): Event mask: 0x00000008, name: engtest.db
D/RAWDATAD(   76): Event: writtable file closed
D/RAWDATAD(   76): Object type: File
D/RAWDATAD(   76): Object name: /productinfo/
D/RAWDATAD(   76): index=0; event->len=16
D/RAWDATAD(   76): #############################################
D/SPRDENG (  181): ENGTEST_MODE: cmdline=initrd=0x85500000,0x12111f apv="sp8825eaplus-user 4.0.3 IML74K A390t_S125_130821 release-keys" lcd_id=ID9805 ram=512M fixnv=0x80480000,0x10000 productinfo=0x80490000,0xc00 runtimenv=0x804a0000,0x40000  show-guest-banks=0x4 no_console_suspend console=ttyNK viomem=* linux-timer=virtual root=/dev/ram0 rw init=/init 
D/SPRDENG (  181): 
D/SPRDENG (  181): eng_pcclient califlag=0, engtest=0
D/SPRDENG (  181): eng_sql_string2int_get: name=engtestmode;
D/RAWDATAD(   76): Some event happens, len = 64.
D/RAWDATAD(   76): Event mask: 0x00000020, name: engtest.db
D/RAWDATAD(   76): Event: File was opened
D/RAWDATAD(   76): Object type: File
D/RAWDATAD(   76): Object name: /productinfo/
D/RAWDATAD(   76): index=0; event->len=16
D/RAWDATAD(   76): Event mask: 0x00000001, name: engtest.db
D/RAWDATAD(   76): Event: File was accessed
D/RAWDATAD(   76): Object type: File
D/RAWDATAD(   76): Object name: /productinfo/
D/RAWDATAD(   76): index=32; event->len=16
D/RAWDATAD(   76): #############################################
D/SPRDENG (  181): eng_sql_string2int_get: open /productinfo/engtest.db success
D/SPRDENG (  181): eng_sql_string2int_get: sqlbuf=SELECT * FROM str2int WHERE name='engtestmode'
D/RAWDATAD(   76): Some event happens, len = 32.
D/RAWDATAD(   76): Event mask: 0x00000001, name: engtest.db
D/RAWDATAD(   76): Event: File was accessed
D/RAWDATAD(   76): Object type: File
D/RAWDATAD(   76): Object name: /productinfo/
D/RAWDATAD(   76): index=0; event->len=16
D/RAWDATAD(   76): #############################################
D/RAWDATAD(   76): Some event happens, len = 32.
D/RAWDATAD(   76): Event mask: 0x00000001, name: engtest.db
D/RAWDATAD(   76): Event: File was accessed
D/RAWDATAD(   76): Object type: File
D/RAWDATAD(   76): Object name: /productinfo/
D/RAWDATAD(   76): index=0; event->len=16
D/SPRDENG (  181): eng_sql_string2int_get: select table str2int success, ret=0x7fffffff
D/RAWDATAD(   76): #############################################
D/RAWDATAD(   76): Some event happens, len = 32.
D/RAWDATAD(   76): Event mask: 0x00000001, name: engtest.db
D/RAWDATAD(   76): Event: File was accessed
D/RAWDATAD(   76): Object type: File
D/RAWDATAD(   76): Object name: /productinfo/
D/RAWDATAD(   76): index=0; event->len=16
D/RAWDATAD(   76): #############################################
D/RAWDATAD(   76): Some event happens, len = 32.
D/RAWDATAD(   76): Event mask: 0x00000008, name: engtest.db
D/RAWDATAD(   76): Event: writtable file closed
D/RAWDATAD(   76): Object type: File
D/RAWDATAD(   76): Object name: /productinfo/
D/RAWDATAD(   76): index=0; event->len=16
D/RAWDATAD(   76): #############################################
D/SPRDENG (  181): eng_check_factorymode_fornand: status=7fffffff
D/RAWDATAD(   76): Some event happens, len = 144.
D/RAWDATAD(   76): Event mask: 0x00000002, name: factorymode.file
D/SPRDENG (  181): fengyun eng_check_factorymode_fornand: value=adb
D/RAWDATAD(   76): Event: File was modified
D/SPRDENG (  181): fengyun eng_check_factorymode_fornand: contain adb 
D/RAWDATAD(   76): event->name=factorymode.file, /productinfo/productinfo.bin
D/RAWDATAD(   76): event->name=factorymode.file, /productinfo/factorymode.file
D/RAWDATAD(   76): read_productinfo: block=1
D/RAWDATAD(   76): read_productinfo: size = 0
D/RAWDATAD(   76): read_productinfo: data: 
D/RAWDATAD(   76): rawdata_nofeadback_block: name=factorymode.file, nofeadback=/productinfo/productinfo.bin
D/RAWDATAD(   76): rawdata_nofeadback_block: ret=0
D/RAWDATAD(   76): write_partition: block=1
D/RAWDATAD(   76): read_mmc_partition: patrname=/dev/block/mmcblk0p8,offset=7172
D/SPRDENG (  179): eng_event_reg: fd=10
D/SPRDENG (  179): eng_event_can_reg enter
D/SPRDENG (  179): eng_event_can_reg ret = 1
D/SPRDENG (  179): clinet_info_getnametype: input=appclient:0
D/SPRDENG (  179): clinet_info_getnametype: name=appclient; type=0
D/SPRDENG (  179): getclientfunc: appclient
D/SPRDENG (  179): eng_event_reg: fdevent_create
D/SPRDENG (  179): eng_event_reg: fe.fd=10
D/SPRDENG (  179): client_info_update: name[1] appclient,
D/SPRDENG (  179): eng_event_reg: send welcome
D/SPRDENG (  179): ===fdevent_loop: fd=0x9===
D/SPRDENG (  179): fdevent_loop: ===waiting for events===
D/SPRDENG (  179): ===fdevent_loop: fd=0x9===
D/SPRDENG (  179): fdevent_loop: ===waiting for events===
D/SPRDENG (  181): eng_at_handshake: data.buf=welcome
D/SPRDENG (  181): eng_pcclient_hdlr: Run
D/SPRDENG (  181): eng_pc2client: Waitting cmd from PC fd=9
W/BootAnimation(  178): boot animation play default source.
E/BootAnimation(  178): can not find bootanimation resource....
D/SPRDENG (  181): eng_atauto_thread: open /dev/CHNPTY12 failed!, error[2][No such file or directory]
D/SPRDENG (  181): ENG SD LOG
D/SPRDENG (  181): open usb serial
D/SPRDENG (  181): eng_modemreset_thread: persist.sys.sprd.modemreset is 1, n=1
D/SPRDENG (  181): open vitual pipe
D/SPRDENG (  181): No sd card!!!
D/SPRDENG (  181): put log data from pipe to serial
D/SPRDENG (  181): eng_modemreset_thread: Unable bind server modemd, waiting...
D/SPRDENG (  181): ensure_audio_para_file_exists: enter
D/SPRDENG (  181): ensure_audio_para_file_exists: start copy
D/SPRDENG (  181): ensure_audio_para_file_exists: ensure done
D/SPRDENG (  181): put diag data from serial to pipe
D/SPRDENG (  181): DIAGLOG
E/MODEMD  (   79): modemd_listenaccept_thread: Waiting for new connect ...
D/SPRDENG (  181): eng_modemreset_thread, fd=16, pipe_fd=11
D/SPRDENG (  181): eng_modemreset_thread: waiting for server modemd
E/MODEMD  (   79): modemd_listenaccept_thread: accept client n=10
E/MODEMD  (   79): modemd_listenaccept_thread: fill 10 to client[0]
E/MODEMD  (   79): modemd_listenaccept_thread: Waiting for new connect ...
D/RAWDATAD(   76): read_mmc_partition: rsize=4; size=4
D/RAWDATAD(   76): write_partition: counter = 0x0, 0x0, 0x2, 0xb6
D/RAWDATAD(   76): write_partition: counter=0x2b7, crc=0x53068cb, crc1=0x5,crc2=0x30,crc3=0x68,crc4=0xcb
D/RAWDATAD(   76): write_mmc_partition: patrname=/dev/block/mmcblk0p8,offset=4096
D/RAWDATAD(   76): write_mmc_partition: wsize=4096; size=4096
D/RAWDATAD(   76): write_mmc_partition: patrname=/dev/block/mmcblk0p9,offset=4096
D/SPRDENG (  180): eng_mcinit: open /dev/CHNPTY13 failed!, error[2][No such file or directory]
D/SPRDENG (  181): eng_atauto_thread: open /dev/CHNPTY12 failed!, error[2][No such file or directory]
V/AudioFlinger(   86): MixerThread 0x17ed288 TID 165 going to sleep
D/SPRDENG (  180): eng_mcinit: open /dev/CHNPTY13 failed!, error[2][No such file or directory]
D/RAWDATAD(   76): write_mmc_partition: wsize=4096; size=4096
D/RAWDATAD(   76): write_partition: write finish
D/RAWDATAD(   76): event->name=factorymode.file, /productinfo/alarm_flag
D/RAWDATAD(   76): event->name=factorymode.file, /productinfo/poweron_timeinmillis
D/RAWDATAD(   76): Object type: File
D/RAWDATAD(   76): Object name: /productinfo/
D/RAWDATAD(   76): index=0; event->len=32
D/RAWDATAD(   76): Event mask: 0x00000020, name: factorymode.file
D/RAWDATAD(   76): Event: File was opened
D/RAWDATAD(   76): Object type: File
D/RAWDATAD(   76): Object name: /productinfo/
D/RAWDATAD(   76): index=48; event->len=32
D/RAWDATAD(   76): Event mask: 0x00000008, name: factorymode.file
D/RAWDATAD(   76): Event: writtable file closed
D/RAWDATAD(   76): Object type: File
D/RAWDATAD(   76): Object name: /productinfo/
D/RAWDATAD(   76): index=96; event->len=32
D/RAWDATAD(   76): #############################################
D/RAWDATAD(   76): Some event happens, len = 96.
D/RAWDATAD(   76): Event mask: 0x00000020, name: factorymode.file
D/RAWDATAD(   76): Event: File was opened
D/RAWDATAD(   76): Object type: File
D/RAWDATAD(   76): Object name: /productinfo/
D/RAWDATAD(   76): index=0; event->len=32
D/RAWDATAD(   76): Event mask: 0x00000010, name: factorymode.file
D/RAWDATAD(   76): Event: Unwrittable file closed
D/RAWDATAD(   76): Object type: File
D/RAWDATAD(   76): Object name: /productinfo/
D/RAWDATAD(   76): index=48; event->len=32
D/RAWDATAD(   76): #############################################
D/SPRDENG (  181): eng_atauto_thread: Thread Start
D/dalvikvm(   84): DexOpt: --- END 'core.jar' (success) ---
D/dalvikvm(   84): DEX prep '/system/framework/core.jar': unzip in 294ms, rewrite 3129ms
D/dalvikvm(   84): DexOpt: --- BEGIN 'core-junit.jar' (bootstrap=1) ---
D/gralloc.mali(   83): fps = 1.710631
I/gralloc.mali(   83): ump alloc addr 41a89000 ====================================
D/dalvikvm(  240): DexOpt: load 36ms, verify+opt 59ms
I/gralloc.mali(   83): ump alloc addr 41c00000 ====================================
D/SPRDENG (  180): eng_mcinit: open /dev/CHNPTY13 OK
D/SPRDENG (  180): eng_mcinit: open /dev/CHNPTY14 OK
D/SPRDENG (  180): eng_mcinit: soc_fd=11
D/SPRDENG (  179): eng_event_reg: fd=11
D/SPRDENG (  179): eng_event_can_reg enter
D/SPRDENG (  179): eng_event_can_reg ret = 1
D/SPRDENG (  179): clinet_info_getnametype: input=modem
D/SPRDENG (  179): clinet_info_getnametype: name=modem; type=0
D/SPRDENG (  179): getclientfunc: modem
D/SPRDENG (  179): eng_event_reg: fdevent_create
D/SPRDENG (  179): eng_event_reg: fe.fd=11
D/SPRDENG (  179): client_info_update: name[2] modem,
D/SPRDENG (  179): eng_event_reg: send welcome
D/SPRDENG (  180): eng_servermodem_exchange: Run
D/SPRDENG (  180): eng_servermodem_comm: Waiting command from Server ...... soc_fd=0xb
D/SPRDENG (  179): ===fdevent_loop: fd=0x9===
D/SPRDENG (  179): fdevent_loop: ===waiting for events===
D/SPRDENG (  179): ===fdevent_loop: fd=0x9===
D/SPRDENG (  179): fdevent_loop: ===waiting for events===
I/gralloc.mali(   83): ump alloc addr 41da4000 ====================================
D/dalvikvm(   84): DexOpt: --- END 'core-junit.jar' (success) ---
D/dalvikvm(   84): DEX prep '/system/framework/core-junit.jar': unzip in 1ms, rewrite 384ms
D/dalvikvm(   84): DexOpt: --- BEGIN 'bouncycastle.jar' (bootstrap=1) ---
D/dalvikvm(  242): DexOpt: load 27ms, verify+opt 477ms
D/SPRDENG (  181): eng_atauto_thread: At Auto Report
D/SPRDENG (  181): eng_atauto_thread: eng_atautobuf=
D/SPRDENG (  181): +SIND: 0
D/SPRDENG (  181): 
D/SPRDENG (  181): +SIND: 10,"SM",0,"FD",0,"LD",0,"MC",0,"RC",0,"ME",0
D/SPRDENG (  181): 
D/SPRDENG (  181): +ECIND: 3,1,1
D/SPRDENG (  181): ; usb_fd=18
D/SPRDENG (  181): eng_atcali_hdlr: 
D/SPRDENG (  181): +SIND: 0
D/SPRDENG (  181): 
D/SPRDENG (  181): +SIND: 10,"SM",0,"FD",0,"LD",0,"MC",0,"RC",0,"ME",0
D/SPRDENG (  181): 
D/SPRDENG (  181): +ECIND: 3,1,1
D/SPRDENG (  181): eng_atauto_thread: j=-1
D/SPRDENG (  181): eng_atauto_thread: CONFIGURED
D/SPRDENG (  181): eng_atauto_thread: usb_status=1
D/SPRDENG (  181): eng_atauto_thread: write at auto report to PC
D/gralloc.mali(   83): fps = 8.386533
D/dalvikvm(   84): DexOpt: --- END 'bouncycastle.jar' (success) ---
D/dalvikvm(   84): DEX prep '/system/framework/bouncycastle.jar': unzip in 51ms, rewrite 1203ms
D/dalvikvm(   84): DexOpt: --- BEGIN 'ext.jar' (bootstrap=1) ---
D/BTWIFIMAC(   95): read_btwifimac_from_modem
D/SPRDENG (  179): eng_event_reg: fd=12
D/SPRDENG (  179): eng_event_can_reg enter
D/SPRDENG (  179): eng_event_can_reg ret = 1
D/SPRDENG (  179): clinet_info_getnametype: input=appclient:0
D/SPRDENG (  179): clinet_info_getnametype: name=appclient; type=0
D/SPRDENG (  179): getclientfunc: appclient
D/SPRDENG (  179): eng_event_reg: fdevent_create
D/SPRDENG (  179): eng_event_reg: fe.fd=12
D/SPRDENG (  179): client_info_update: name[3] appclient,
D/SPRDENG (  179): eng_event_reg: send welcome
D/SPRDENG (  179): ===fdevent_loop: fd=0x9===
D/SPRDENG (  179): fdevent_loop: ===waiting for events===
D/SPRDENG (  179): ===fdevent_loop: fd=0x9===
D/SPRDENG (  179): fdevent_loop: ===waiting for events===
D/SPRDENG (   95): eng_at_handshake: data.buf=welcome
D/BTWIFIMAC(   95): read_btwifimac_from_modem modem_fd=7
D/BTWIFIMAC(   95): ===========BT MAC===========
D/BTWIFIMAC(   95): read_btwifimac_from_modem: send 39,1,AT+SNVM=0,401
D/BTWIFIMAC(   95): send_to_modem
D/BTWIFIMAC(   95): recv_from_modem: Waiting modem response ... fd=7
D/SPRDENG (  179): ===fdevent_loop: fd=0xc===
D/SPRDENG (  179): client_info_gettype:[0] fd=12;
D/SPRDENG (  179): client_info_gettype:[1] fd=12;
D/SPRDENG (  179): client_info_gettype:[2] fd=12;
D/SPRDENG (  179): client_info_gettype:[3] fd=12;
D/SPRDENG (  179): client_info_gettype: [3].name=appclient; .type=0
D/SPRDENG (  179): client_info_get_socketid: [2].name=modem; .fd=11
D/SPRDENG (  179): appclient_event_func: type=0; dest_fd=11
D/SPRDENG (  179): appclient_event_func: _fd=0xc read write to dest_id =0xb, read length = 18
D/SPRDENG (  179): setup_send_data:fd=12; type=0; inbuf=39,1,AT+SNVM=0,401; outbuf=   32;   12;0;39,1,AT+SNVM=0,401
D/SPRDENG (  179): fdevent_loop: ===waiting for events===
D/SPRDENG (  180): eng_servermodem_comm: Get Command n=0x1
D/SPRDENG (  180): eng_servermodem_comm: tmp=   32;   12;0;39,1,AT+SNVM=0,401, length=32
