D/WifiStateMachine(  272): SupplicantStartedState{ what=131083 when=-833ms }
D/StateMachine(  272): processMsg: DefaultState
D/WifiStateMachine(  272): DefaultState{ what=131083 when=-833ms }
D/StateMachine(  272): handleMessage: X
D/StateMachine(  272): handleMessage: E msg.what=131158
D/StateMachine(  272): processMsg: UninitializedState
D/StateMachine(  272): processMsg: DefaultState
D/StateMachine(  272): handleMessage: X
I/System.out( 1155): iobridge available0FileDescriptor[42]
I/System.out( 1155): iobridge available0FileDescriptor[42]
I/System.out( 1155): iobridge available0FileDescriptor[42]
I/Process ( 1155): Sending signal. PID: 1155 SIG: 9
I/ActivityManager(  272): Process com.baidu.browser.apps:bdservice_v1 (pid 1155) has died.
I/ActivityManager(  272): Dying app: ProcessRecord{40f3ac28 1155:com.baidu.browser.apps:bdservice_v1/10005}, pid: 1155, thread: android.os.BinderProxy@41407520
D/gralloc.mali(   83): fps = 13.257403
D/PackageManager(  272): generateServicesMap(android.accounts.AccountAuthenticator): 3 services unchanged
W/PackageManager(  272): Unable to load service info ResolveInfo{40e23900 com.baidu.sync.service.ContactSyncAdapterService p=0 o=0 m=0x108000}
W/PackageManager(  272): org.xmlpull.v1.XmlPullParserException: Meta-data does not start with sync-adapter tag
W/PackageManager(  272): 	at android.content.pm.RegisteredServicesCache.parseServiceInfo(RegisteredServicesCache.java:389)
W/PackageManager(  272): 	at android.content.pm.RegisteredServicesCache.generateServicesMap(RegisteredServicesCache.java:261)
W/PackageManager(  272): 	at android.content.pm.RegisteredServicesCache$1.onReceive(RegisteredServicesCache.java:110)
W/PackageManager(  272): 	at android.app.LoadedApk$ReceiverDispatcher$Args.run(LoadedApk.java:728)
W/PackageManager(  272): 	at android.os.Handler.handleCallback(Handler.java:605)
W/PackageManager(  272): 	at android.os.Handler.dispatchMessage(Handler.java:92)
W/PackageManager(  272): 	at android.os.Looper.loop(Looper.java:137)
W/PackageManager(  272): 	at com.android.server.ServerThread.run(SystemServer.java:785)
I/AccountTypeManager( 1056): Loaded meta-data for 2 account types, 1 accounts in 16ms(wall) 3ms(cpu)
D/PackageManager(  272): generateServicesMap(android.content.SyncAdapter): 6 services unchanged
I/System.out( 1027): iobridge available3518FileDescriptor[47]
I/System.out( 1027): iobridge available0FileDescriptor[47]
D/FakewareDB( 1027): fakeware file source : ﻿支付宝钱包,com.eg.android.AlipayGphone,3249560371,http://as.baidu.com/a/item?docid=3027982
D/FakewareDB( 1027): fakeware file source : 支付宝(Pad版),com.alipay.android.client.pad,3249560371,http://as.baidu.com/a/item?docid=1181838
D/FakewareDB( 1027): fakeware file source : 淘宝,com.taobao.taobao,3124470733,http://as.baidu.com/a/item?docid=3006988
D/FakewareDB( 1027): fakeware file source : 淘宝彩票,com.taobao.caipiao,1886561950,http://as.baidu.com/a/item?docid=3041813
D/FakewareDB( 1027): fakeware file source : 淘宝旅行,com.taobao.trip,145132719,http://as.baidu.com/a/item?docid=2995621
D/FakewareDB( 1027): fakeware file source : 淘宝充值,com.taobao.wireless.tbcharge,2193513874,http://as.baidu.com/a/item?docid=824628
D/FakewareDB( 1027): fakeware file source : 京东商城,com.jingdong.app.mall,2291274089,http://as.baidu.com/a/item?docid=2712002
D/FakewareDB( 1027): fakeware file source : 京东HD(Pad版),com.jingdong.app.pad,2291274089,http://as.baidu.com/a/item?docid=2868442
D/FakewareDB( 1027): fakeware file source : 亚马逊,cn.amazon.mShop.android,1844071680,http://as.baidu.com/a/item?docid=2914291
D/FakewareDB( 1027): fakeware file source : 亚马逊(国际版),com.amazon.mShop.android,1844071680,http://as.baidu.com/a/item?docid=2926120
D/FakewareDB( 1027): fakeware file source : 当当网,com.dangdang.buy2,2778202313,http://as.baidu.com/a/item?docid=2939066
D/FakewareDB( 1027): fakeware file source : 当当网 pad,com.dangdang.pad,4290972469,http://as.baidu.com/a/item?docid=2687555
D/FakewareDB( 1027): fakeware file source : QQ网购,com.qq.buy,2636382970,http://as.baidu.com/a/item?docid=2818786
D/FakewareDB( 1027): fakeware file source : QQ电影票,com.tencent.movieticket,2634587167,http://as.baidu.com/a/item?docid=2708984
D/FakewareDB( 1027): fakeware file source : QQ财付通,com.tenpay.android,4127430730,http://as.baidu.com/a/item?docid=2272206
D/FakewareDB( 1027): fakeware file source : 天猫,com.tmall.wireless,71142076,http://as.baidu.com/a/item?docid=2936924
D/FakewareDB( 1027): fakeware file source : 一淘,com.taobao.etao,3124470733,http://as.baidu.com/a/item?docid=2906763
D/FakewareDB( 1027): fakeware file source : 美团,com.sankuai.meituan,4136097461,http://as.baidu.com/a/item?docid=2750334
D/FakewareDB( 1027): fakeware file source : 美团团购Pad版_团购优惠,com.sankuai.meituanhd,4136097461,http://as.baidu.com/a/item?docid=1449922
D/FakewareDB( 1027): fakeware file source : 拉手团购,com.lashou.groupurchasing,2554559090,http://as.baidu.com/a/item?docid=2293889
D/FakewareDB( 1027): fakeware file source : 拉手彩票,com.lashou.lottery,2554559090,http://as.baidu.com/a/item?docid=2091462
D/FakewareDB( 1027): fakeware file source : 凡客诚品,com.vancl.activity,817673745,http://as.baidu.com/a/item?docid=2994021
D/FakewareDB( 1027): fakeware file source : 凡客诚品HD,com.vancl.pad.activity,817673745,http://as.baidu.com/a/item?docid=2337724
D/FakewareDB( 1027): fakeware file source : V+商城,vancl.vjia.yek,1450054615,http://as.baidu.com/a/item?docid=2691331
D/FakewareDB( 1027): fakeware file source : 1号店,com.thestore.main,2205133953,http://as.baidu.com/a/item?docid=3036083
D/FakewareDB( 1027): fakeware file source : 苏宁易购,com.suning.mobile.ebuy,255042877,http://as.baidu.com/a/item?docid=2855320
D/FakewareDB( 1027): fakeware file source : 苏宁易购TV,com.suning.tv.ebuy,255042877,http://as.baidu.com/a/item?docid=2438284
D/FakewareDB( 1027): fakeware file source : 苏宁易购 HD,com.suning.pad.ebuy,255042877,http://as.baidu.com/a/item?docid=2438140
D/FakewareDB( 1027): fakeware file source : 聚美优品,com.jm.android.jumei,473880329,http://as.baidu.com/a/item?docid=2938977
D/FakewareDB( 1027): fakeware file source : 唯品会,com.achievo.vipshop,254568784,http://as.baidu.com/a/item?docid=2918343
D/FakewareDB( 1027): fakeware file source : 唯品团,com.purchase.vipshop,302134840,http://as.baidu.com/a/item?docid=2309670
D/FakewareDB( 1027): fakeware file source : 大麦票务,cn.damai,3845494919,http://as.baidu.com/a/item?docid=1758602
D/FakewareDB( 1027): fakeware file source : 大麦票务,damai.piaopad,1504291644,http://as.baidu.com/a/item?docid=2632705
D/FakewareDB( 1027): fakeware file source : 大众点评:酒店美食团购,com.dianping.v1,3421185673,http://as.baidu.com/a/item?docid=2995120
D/FakewareDB( 1027): fakeware file source : 大众点评团购-美食、电影,com.dianping.t,3421185673,http://as.baidu.com/a/item?docid=2885863
D/FakewareDB( 1027): fakeware file source : 梦芭莎,com.moonbasa,397700439,http://as.baidu.com/a/item?docid=2638288
D/FakewareDB( 1027): fakeware file source : 麦包包,com.yek.android.mbaobao,2525464490,http://as.baidu.com/a/item?docid=2515026379
D/FakewareDB( 1027): fakeware file source : 好乐买,com.okbuy.activity,3299377504,http://as.baidu.com/a/item?docid=1411902
D/FakewareDB( 1027): fakeware file source : 优购时尚商城,com.yougou,838945754,http://as.baidu.com/a/item?docid=2739592
D/FakewareDB( 1027): fakeware file source : 58同城,com.wuba,3468423375,http://as.baidu.com/a/item?docid=3003675
D/FakewareDB( 1027): fakeware file source : 赶集生活,com.ganji.android,2599489293,http://as.baidu.com/a/item?docid=2916017
I/System.out( 1027): iobridge available0FileDescriptor[47]
D/wpa_supplicant(  940): nl80211: Event message available
D/wpa_supplicant(  940): nl80211: New scan results available
D/wpa_supplicant(  940): wlan0: Event 3 received on interface wlan0
D/wpa_supplicant(  940): wlan0: _wpa_supplicant_event_scan_results 1117
D/wpa_supplicant(  940): Received scan results (1 BSSes)
D/wpa_supplicant(  940): wlan0: BSS: Start scan result update 5
D/wpa_supplicant(  940): wlan0: _wpa_supplicant_event_scan_results 1136
D/wpa_supplicant(  940): wlan0: _wpa_supplicant_event_scan_results 1183
D/wpa_supplicant(  940): wlan0: New scan results available
D/wpa_supplicant(  940): wlan0: _wpa_supplicant_event_scan_results 1194
D/wpa_supplicant(  940): wlan0: _wpa_supplicant_event_scan_results 1200
D/wpa_supplicant(  940): wlan0: _wpa_supplicant_event_scan_results 1205 
D/wpa_supplicant(  940): wpa_supplicant_pick_network: p2p_flag = 0
D/wpa_supplicant(  940): wlan0: Selecting BSS from priority group 3
D/wpa_supplicant(  940):  * wpa_supplicant_select_bss
D/wpa_supplicant(  940):  * Try to find WAPI-enabled AP
D/WifiMonitor(  272): Event [WPS-AP-AVAILABLE ]
D/StateMachine(  272): handleMessage: E msg.what=147461
D/StateMachine(  272): processMsg: DisconnectingState
D/WifiStateMachine(  272): DisconnectingState{ what=147461 when=0 }
D/StateMachine(  272): processMsg: ConnectModeState
D/WifiStateMachine(  272): ConnectModeState{ what=147461 when=0 }
D/wpa_supplicant(  940): 0: 5c:63:bf:ce:5c:94 ssid='FAST_CE5C94' wapi_ie_len=0 caps=0x531
D/wpa_supplicant(  940):  * skip - no WAPI IE
D/wpa_supplicant(  940): wlan0: 0: 5c:63:bf:ce:5c:94 ssid='FAST_CE5C94' wpa_ie_len=22 rsn_ie_len=20 caps=0x531 level=-69 wps
D/wpa_supplicant(  940): wpa_supplicant_ssid_bss_match : wapi is null
D/wpa_supplicant(  940): wlan0:    selected based on RSN IE
D/wpa_supplicant(  940): wpa_scan_res_match: p2p_flag = 0
D/wpa_supplicant(  940): wlan0:    selected BSS 5c:63:bf:ce:5c:94 ssid='FAST_CE5C94'
D/wpa_supplicant(  940): _wpa_supplicant_event_scan_results: p2p_flag = 0
D/wpa_supplicant(  940): wlan0: _wpa_supplicant_event_scan_results 1239 ssid=FAST_CE5C94
D/wpa_supplicant(  940): wpa_supplicant_connect: p2p_flag = 0
D/wpa_supplicant(  940): wlan0: Request association: reassociate: 1  selected: 5c:63:bf:ce:5c:94  bssid: 00:00:00:00:00:00  pending: 00:00:00:00:00:00  wpa_state: SCANNING
D/wpa_supplicant(  940): wpa_supplicant_associate: p2p_flag = 0
I/wpa_supplicant(  940): Force connect AP  FAST_CE5C94
I/wpa_supplicant(  940): wlan0: Trying to associate with 5c:63:bf:ce:5c:94 (SSID='FAST_CE5C94' freq=2437 MHz)
D/wpa_supplicant(  940): wlan0: Cancelling scan request
D/wpa_supplicant(  940): wlan0: WPA: clearing own WPA/RSN IE
D/wpa_supplicant(  940): wlan0: Automatic auth_alg selection: 0x1
D/wpa_supplicant(  940): wlan0: RSN: using IEEE 802.11i/D9.0
D/wpa_supplicant(  940): wlan0: WPA: Selected cipher suites: group 16 pairwise 16 key_mgmt 2 proto 2
D/wpa_supplicant(  940): wlan0: WPA: using GTK CCMP
D/wpa_supplicant(  940): wlan0: WPA: using PTK CCMP
D/wpa_supplicant(  940): wlan0: WPA: using KEY_MGMT WPA-PSK
D/wpa_supplicant(  940): wlan0: No keys have been configured - skip key clearing
D/wpa_supplicant(  940): wlan0: State: SCANNING -> ASSOCIATING
D/wpa_supplicant(  940): wpa_driver_nl80211_set_operstate: operstate 0->0 (DORMANT)
D/wpa_supplicant(  940): netlink: Operstate: linkmode=-1, operstate=5
D/wpa_supplicant(  940): wpa_state_to_wapi_state wpa_state : 5 change to wapi_state
D/wpa_supplicant(  940): wpa_supplicant_set_state wapi_state : 5
D/wpa_supplicant(  940): nl80211: Connect (ifindex=6)
D/wpa_supplicant(  940):   * bssid=5c:63:bf:ce:5c:94
D/wpa_supplicant(  940):   * freq=2437
D/wpa_supplicant(  940): wpa_driver_nl80211_connect: params->wpa_ie_len=22
D/wpa_supplicant(  940): wpa_driver_nl80211_connect: params->wpa_ie: [30][14][01][00]
D/wpa_supplicant(  940):   * Auth Type 0
D/wpa_supplicant(  940):   * WPA Version 2
D/WifiMonitor(  272): Event [Trying to associate with 5c:63:bf:ce:5c:94 (SSID='FAST_CE5C94' freq=2437 MHz)]
D/WifiMonitor(  272): Event [CTRL-EVENT-STATE-CHANGE id=-1 state=5 BSSID=5c:63:bf:ce:5c:94]
D/wpa_supplicant(  940): nl80211: Connect request send successfully
D/wpa_supplicant(  940): wlan0: Setting authentication timeout: 10 sec 0 usec
D/wpa_supplicant(  940): EAPOL: External notification - EAP success=0
D/wpa_supplicant(  940): EAPOL: Supplicant port status: Unauthorized
D/wpa_supplicant(  940): EAPOL: External notification - EAP fail=0
D/wpa_supplicant(  940): EAPOL: Supplicant port status: Unauthorized
D/wpa_supplicant(  940): EAPOL: External notification - portControl=Auto
D/wpa_supplicant(  940): EAPOL: Supplicant port status: Unauthorized
D/wpa_supplicant(  940): RSN: Ignored PMKID candidate without preauth flag
D/wpa_supplicant(  940): wlan0: Checking for other virtual interfaces sharing same radio (phy0) in event_scan_results
D/wpa_supplicant(  940): wpa_supplicant_ctrl_iface_process: p2p_flag = 0
D/StateMachine(  272): processMsg: DriverStartedState
D/WifiStateMachine(  272): DriverStartedState{ what=147461 when=-551ms }
D/StateMachine(  272): processMsg: SupplicantStartedState
D/WifiStateMachine(  272): SupplicantStartedState{ what=147461 when=-551ms }
D/wpa_supplicant(  940): wpa_supplicant_ctrl_iface_process: p2p_flag = 0
D/StateMachine(  272): handleMessage: X
D/StateMachine(  272): handleMessage: E msg.what=147462
D/StateMachine(  272): processMsg: DisconnectingState
D/wpa_supplicant(  940): nl80211: Event message available
D/wpa_supplicant(  940): nl80211: Associated on 2437 MHz
D/wpa_supplicant(  940): nl80211: Operating frequency for the associated BSS from scan results: 2437 MHz
D/wpa_supplicant(  940): wlan0: Event 0 received on interface wlan0
D/wpa_supplicant(  940): wpa_supplicant_event_assoc: associated to a wapi network.
D/wpa_supplicant(  940): wlan0: Association info event
D/wpa_supplicant(  940): wlan0: freq=2437 MHz
D/wpa_supplicant(  940): wlan0: State: ASSOCIATING -> ASSOCIATED
D/wpa_supplicant(  940): wpa_driver_nl80211_set_operstate: operstate 0->0 (DORMANT)
D/wpa_supplicant(  940): netlink: Operstate: linkmode=-1, operstate=5
D/wpa_supplicant(  940): wpa_state_to_wapi_state wpa_state : 6 change to wapi_state
D/wpa_supplicant(  940): wpa_supplicant_set_state wapi_state : 6
D/wpa_supplicant(  940): wlan0: Associated to a new BSS: BSSID=5c:63:bf:ce:5c:94
D/wpa_supplicant(  940): wlan0: No keys have been configured - skip key clearing
I/wpa_supplicant(  940): wlan0: Associated with 5c:63:bf:ce:5c:94
D/wpa_supplicant(  940): wlan0: WPA: Association event - clear replay counter
D/wpa_supplicant(  940): wlan0: WPA: Clear old PTK
D/wpa_supplicant(  940): EAPOL: External notification - portEnabled=0
D/wpa_supplicant(  940): EAPOL: Supplicant port status: Unauthorized
D/wpa_supplicant(  940): EAPOL: External notification - portValid=0
D/wpa_supplicant(  940): EAPOL: Supplicant port status: Unauthorized
D/wpa_supplicant(  940): EAPOL: External notification - EAP success=0
D/wpa_supplicant(  940): EAPOL: Supplicant port status: Unauthorized
D/wpa_supplicant(  940): EAPOL: External notification - portEnabled=1
D/wpa_supplicant(  940): EAPOL: SUPP_PAE entering state CONNECTING
D/wpa_supplicant(  940): EAPOL: enable timer tick
D/wpa_supplicant(  940): EAPOL: SUPP_BE entering state IDLE
D/wpa_supplicant(  940): wlan0: Setting authentication timeout: 10 sec 0 usec
D/wpa_supplicant(  940): wlan0: Cancelling scan request
D/WifiMonitor(  272): Event [CTRL-EVENT-STATE-CHANGE id=2 state=6 BSSID=5c:63:bf:ce:5c:94]
D/WifiMonitor(  272): Event [Associated with 5c:63:bf:ce:5c:94]
D/WifiStateMachine(  272): DisconnectingState{ what=147462 when=-552ms obj=android.net.wifi.StateChangeResult@41338070 }
D/StateMachine(  272): deferMessage: msg=147462
D/StateMachine(  272): handleMessage: E msg.what=135172
D/WifiStateMachine(  272): Stopping DHCP and clearing IP
D/StateMachine(  272): processMsg: NotConnectedState
D/StateMachine(  272): processMsg: WatchdogEnabledState
D/StateMachine(  272): processMsg: DefaultState
D/StateMachine(  272): handleMessage: X
D/com.baidu.backup.service.BackupService(  809): BackupService onCreate
D/BackupRestoreService( 1119): initXCloud, mXCloudInited = false
D/com.baidu.backup.service.BackupService(  809): onServiceConnected for com.baidu.backup.service.LocalTransportService
D/BackupRestoreService( 1119): onStartCommand, action = com.baidu.backuprestore.Restore_Hint
D/com.baidu.backuprestore.service.RemoteDataService( 1119): onCreate
E/com.baidu.backuprestore.service.RemoteDataService( 1119): service binded
D/BackupRestoreSynchronous( 1119): onServiceConnected for com.baidu.backup.service.BackupService
D/BackupRestoreSynchronous( 1119): registerStateObserver
D/com.baidu.backup.service.BackupService(  809): registerStateObserver
E/Posix   ( 1119): Posix_open return with -1, errno 2 No such file or directory
D/dalvikvm(  676): GC_CONCURRENT freed 704K, 13% free 7491K/8579K, paused 2ms+7ms
D/wpa_supplicant(  940): l2_packet_receive: l2=0xe12fe0, wpa_s->l2_wapi=0xe13270
D/wpa_supplicant(  940): wlan0: RX EAPOL from 5c:63:bf:ce:5c:94
D/wpa_supplicant(  940): wlan0: Setting authentication timeout: 10 sec 0 usec
D/wpa_supplicant(  940): wlan0: IEEE 802.1X RX: version=2 type=3 length=95
D/wpa_supplicant(  940): wlan0:   EAPOL-Key type=2
D/wpa_supplicant(  940): wlan0:   key_info 0x8a (ver=2 keyidx=0 rsvd=0 Pairwise Ack)
D/wpa_supplicant(  940): wlan0:   key_length=16 key_data_length=0
D/wpa_supplicant(  940): wlan0: State: ASSOCIATED -> 4WAY_HANDSHAKE
D/wpa_supplicant(  940): wpa_state_to_wapi_state wpa_state : 7 change to wapi_state
D/wpa_supplicant(  940): wpa_supplicant_set_state wapi_state : -1
D/wpa_supplicant(  940): wlan0: WPA: RX message 1 of 4-Way Handshake from 5c:63:bf:ce:5c:94 (ver=2)
D/WifiMonitor(  272): Event [CTRL-EVENT-STATE-CHANGE id=2 state=7 BSSID=00:00:00:00:00:00]
D/wpa_supplicant(  940): WPA: PTK derivation - A1=c8:dd:c9:98:2d:f6 A2=5c:63:bf:ce:5c:94
D/wpa_supplicant(  940): wlan0: WPA: Sending EAPOL-Key 2/4
D/dalvikvm( 1119): GC_CONCURRENT freed 190K, 20% free 2468K/3075K, paused 1ms+4ms
D/CommandListener(   81): Clearing all IP addresses on wlan0
D/NetdConnector(  272): SND -> {interface clearaddrs wlan0} {null}
D/WifiStateMachine(  272): setDetailed state, old =DISCONNECTED and new state=DISCONNECTED
D/StateMachine(  272): handleMessage: E msg.what=135170
D/StateMachine(  272): processMsg: NotConnectedState
D/StateMachine(  272): processMsg: WatchdogEnabledState
D/StateMachine(  272): StateMachine.transitionTo EX destStateNotConnectedState
D/StateMachine(  272): handleMessage: new destination call exit
D/StateMachine(  272): setupTempStateStackWithStatesToEnter: X mTempStateStackCount=1,curStateInfo: state=WatchdogEnabledState,active=true,parent=DefaultState
D/StateMachine(  272): invokeExitMethods: NotConnectedState
D/StateMachine(  272): moveTempStackToStateStack: i=0,j=2
D/StateMachine(  272): moveTempStackToStateStack: X mStateStackTop=2,startingIndex=2,Top=NotConnectedState
D/StateMachine(  272): invokeEnterMethods: NotConnectedState
D/StateMachine(  272): handleMessage: X
D/NetdConnector(  272): RCV <- {200 Interface IP addresses cleared}
D/NetdConnector(  272): RSP <- {200 Interface IP addresses cleared}
D/NetdConnector(  272): SND -> {interface ipv6 wlan0 disable} {null}
D/NetdConnector(  272): RCV <- {200 IPv6 state changed}
D/NetdConnector(  272): RSP <- {200 IPv6 state changed}
D/ConnectivityService(  272): ConnectivityChange for WIFI: DISCONNECTED/DISCONNECTED
D/ConnectivityService(  272): Attempting to switch to BLUETOOTH_TETHER
I/PowerManagerService(  272): mLocks 01com.baidu.systemverify.VerificationService
I/PowerManagerService(  272): mLocks 11AlarmManager
I/PowerManagerService(  272): mLocks 21AudioOut_1
D/QuickSwitchPanel(  559): ImageView onMeasure
I/System.out(  272): iobridge available0FileDescriptor[281]
I/System.out(  272): iobridge FileDescriptorFileDescriptor[281]:false
D/Posix   (  272): ## MMS_TRACE: ##: setsockoptInt(): option = 18, value = 1.
E/MobileDataStateTracker(  272): default(mobile): Ignoring feature request because could not acquire PhoneService
E/MobileDataStateTracker(  272): default(mobile): Could not enable APN type "default"
D/ConnectivityService(  272): Attempting to switch to mobile
D/PowerManagerService(  272): acquireWakeLock flags=0x1 tag=NetworkStats
D/QuickSwitchPanel(  559): ImageView onMeasure
I/System.out(  272): iobridge getSocketLocalAddress::FileDescriptor[281]
I/System.out(  272): iobridge bind to 0.0.0.0port0FileDescriptor[281]
I/System.out(  272): iobridge getSocketLocalPort58510FileDescriptor[281]
D/Posix   (  272): ## MMS_TRACE: ##: setsockoptInt(): option = 6, value = 1.
I/System.out(  272): iobridge setSocketOption :32FileDescriptor[281]
D/QuickSwitchPanel(  559): ImageView onLayout
I/System.out(  272): iobridge setSocketOption :4102FileDescriptor[281]
D/StateMachine(  272): StateMachine.transitionTo EX destStateDisconnectedState
D/StateMachine(  272): handleMessage: new destination call exit
D/StateMachine(  272): setupTempStateStackWithStatesToEnter: X mTempStateStackCount=1,curStateInfo: state=ConnectModeState,active=true,parent=DriverStartedState
D/StateMachine(  272): invokeExitMethods: DisconnectingState
D/StateMachine(  272): moveTempStackToStateStack: i=0,j=4
D/StateMachine(  272): moveTempStackToStateStack: X mStateStackTop=4,startingIndex=4,Top=DisconnectedState
D/StateMachine(  272): invokeEnterMethods: DisconnectedState
D/WifiStateMachine(  272): DisconnectedState
D/StateMachine(  272): moveDeferredMessageAtFrontOfQueue; what=147462
D/StateMachine(  272): handleMessage: X
D/StateMachine(  272): handleMessage: E msg.what=147462
D/StateMachine(  272): processMsg: DisconnectedState
D/WifiStateMachine(  272): DisconnectedState{ what=147462 when=-3m2s486ms obj=android.net.wifi.StateChangeResult@41338070 }
D/WifiStateMachine(  272): setDetailed state, old =DISCONNECTED and new state=CONNECTING
D/StateMachine(  272): processMsg: ConnectModeState
D/WifiStateMachine(  272): ConnectModeState{ what=147462 when=-3m2s487ms obj=android.net.wifi.StateChangeResult@41338070 }
D/StateMachine(  272): handleMessage: X
D/StateMachine(  272): handleMessage: E msg.what=147462
D/StateMachine(  272): processMsg: DisconnectedState
D/WifiStateMachine(  272): DisconnectedState{ what=147462 when=-239ms obj=android.net.wifi.StateChangeResult@41083158 }
D/ConnectivityService(  272): ConnectivityChange for WIFI: DISCONNECTED/DISCONNECTED
D/ConnectivityService(  272): Attempting to switch to BLUETOOTH_TETHER
V/AlarmManager(  272): SetLocked alarm type is : 0
E/MobileDataStateTracker(  272): default(mobile): Ignoring feature request because could not acquire PhoneService
E/MobileDataStateTracker(  272): default(mobile): Could not enable APN type "default"
D/ConnectivityService(  272): Attempting to switch to mobile
D/WifiStateMachine(  272): setDetailed state, old =CONNECTING and new state=CONNECTING
D/StateMachine(  272): processMsg: ConnectModeState
D/WifiStateMachine(  272): ConnectModeState{ what=147462 when=-244ms obj=android.net.wifi.StateChangeResult@41083158 }
D/StateMachine(  272): handleMessage: X
D/StateMachine(  272): handleMessage: E msg.what=147462
D/StateMachine(  272): processMsg: DisconnectedState
D/WifiStateMachine(  272): DisconnectedState{ what=147462 when=-136ms obj=android.net.wifi.StateChangeResult@41038758 }
D/WifiStateMachine(  272): setDetailed state, old =CONNECTING and new state=AUTHENTICATING
D/wpa_supplicant(  940): l2_packet_receive: l2=0xe12fe0, wpa_s->l2_wapi=0xe13270
D/wpa_supplicant(  940): wlan0: RX EAPOL from 5c:63:bf:ce:5c:94
D/wpa_supplicant(  940): wlan0: IEEE 802.1X RX: version=2 type=3 length=175
D/wpa_supplicant(  940): wlan0:   EAPOL-Key type=2
D/wpa_supplicant(  940): wlan0:   key_info 0x13ca (ver=2 keyidx=0 rsvd=0 Pairwise Install Ack MIC Secure Encr)
D/wpa_supplicant(  940): wlan0:   key_length=16 key_data_length=80
D/wpa_supplicant(  940): wlan0: State: 4WAY_HANDSHAKE -> 4WAY_HANDSHAKE
D/wpa_supplicant(  940): wpa_state_to_wapi_state wpa_state : 7 change to wapi_state
D/wpa_supplicant(  940): wpa_supplicant_set_state wapi_state : -1
D/wpa_supplicant(  940): wlan0: WPA: RX message 3 of 4-Way Handshake from 5c:63:bf:ce:5c:94 (ver=2)
D/wpa_supplicant(  940): wlan0: WPA: Sending EAPOL-Key 4/4
D/wpa_supplicant(  940): wlan0: WPA: Installing PTK to the driver
D/StateMachine(  272): processMsg: ConnectModeState
D/wpa_supplicant(  940): wpa_driver_nl80211_set_key: ifindex=6 alg=3 addr=0xe131fc key_idx=0 set_tx=1 seq_len=6 key_len=16
D/wpa_supplicant(  940):    addr=5c:63:bf:ce:5c:94
D/WifiStateMachine(  272): ConnectModeState{ what=147462 when=-147ms obj=android.net.wifi.StateChangeResult@41038758 }
D/StateMachine(  272): handleMessage: X
D/StateMachine(  272): handleMessage: E msg.what=147462
D/StateMachine(  272): processMsg: UninitializedState
D/StateMachine(  272): processMsg: DefaultState
D/wpa_supplicant(  940): EAPOL: External notification - portValid=1
D/wpa_supplicant(  940): wlan0: State: 4WAY_HANDSHAKE -> GROUP_HANDSHAKE
D/wpa_supplicant(  940): wpa_state_to_wapi_state wpa_state : 8 change to wapi_state
D/wpa_supplicant(  940): wpa_supplicant_set_state wapi_state : -1
D/wpa_supplicant(  940): wlan0: WPA: Installing GTK to the driver (keyidx=1 tx=0 len=16)
D/wpa_supplicant(  940): wpa_driver_nl80211_set_key: ifindex=6 alg=3 addr=0x6c67f key_idx=1 set_tx=0 seq_len=6 key_len=16
D/wpa_supplicant(  940):    broadcast key
D/WifiMonitor(  272): Event [CTRL-EVENT-STATE-CHANGE id=2 state=8 BSSID=00:00:00:00:00:00]
I/PowerManagerService(  272): mLocks 01com.baidu.systemverify.VerificationService
I/PowerManagerService(  272): mLocks 11AlarmManager
I/PowerManagerService(  272): mLocks 21AudioOut_1
I/wpa_supplicant(  940): wlan0: WPA: Key negotiation completed with 5c:63:bf:ce:5c:94 [PTK=CCMP GTK=CCMP]
D/WifiMonitor(  272): Event [WPA: Key negotiation completed with 5c:63:bf:ce:5c:94 [PTK=CCMP GTK=CCMP]]
D/wpa_supplicant(  940): wlan0: Cancelling authentication timeout
D/wpa_supplicant(  940): wlan0: State: GROUP_HANDSHAKE -> COMPLETED
I/wpa_supplicant(  940): wlan0: CTRL-EVENT-CONNECTED - Connection to 5c:63:bf:ce:5c:94 completed (auth) [id=2 id_str=]
D/wpa_supplicant(  940): wpa_driver_nl80211_set_operstate: operstate 0->1 (UP)
D/wpa_supplicant(  940): netlink: Operstate: linkmode=-1, operstate=6
D/wpa_supplicant(  940): wpa_supplicant_set_state: p2p_flag = 0
I/wpa_supplicant(  940): Force connect.done
D/wpa_supplicant(  940): wpa_state_to_wapi_state wpa_state : 9 change to wapi_state
D/wpa_supplicant(  940): wpa_supplicant_set_state wapi_state : 13
D/wpa_supplicant(  940): EAPOL: External notification - portValid=1
D/wpa_supplicant(  940): EAPOL: External notification - EAP success=1
D/wpa_supplicant(  940): EAPOL: SUPP_PAE entering state AUTHENTICATING
D/wpa_supplicant(  940): EAPOL: SUPP_BE entering state SUCCESS
D/wpa_supplicant(  940): EAP: EAP entering state DISABLED
D/wpa_supplicant(  940): EAPOL: SUPP_PAE entering state AUTHENTICATED
D/wpa_supplicant(  940): EAPOL: Supplicant port status: Authorized
D/wpa_supplicant(  940): EAPOL: SUPP_BE entering state IDLE
D/wpa_supplicant(  940): EAPOL authentication completed successfully
D/wpa_supplicant(  940): RTM_NEWLINK: operstate=1 ifi_flags=0x11043 ([UP][RUNNING][LOWER_UP])
D/wpa_supplicant(  940): RTM_NEWLINK, IFLA_IFNAME: Interface 'wlan0' added
D/wpa_supplicant(  940): wlan0: Event 5 received on interface wlan0
D/PowerManagerService(  272): releaseWakeLock flags=0x1 tag=NetworkStats
I/PowerManagerService(  272): mLocks 01com.baidu.systemverify.VerificationService
I/PowerManagerService(  272): mLocks 11AlarmManager
I/PowerManagerService(  272): mLocks 21AudioOut_1
D/StateMachine(  272): StateMachine.transitionTo EX destStateHandshakeState
D/StateMachine(  272): handleMessage: new destination call exit
D/StateMachine(  272): setupTempStateStackWithStatesToEnter: X mTempStateStackCount=1,curStateInfo: state=DefaultState,active=true,parent=null
D/StateMachine(  272): invokeExitMethods: UninitializedState
D/WifiMonitor(  272): Event [CTRL-EVENT-CONNECTED - Connection to 5c:63:bf:ce:5c:94 completed (auth) [id=2 id_str=]]
D/WifiMonitor(  272): Event [CTRL-EVENT-STATE-CHANGE id=2 state=9 BSSID=00:00:00:00:00:00]
I/System.out(  272): iobridge available0FileDescriptor[283]
D/StateMachine(  272): moveTempStackToStateStack: i=0,j=1
D/StateMachine(  272): moveTempStackToStateStack: X mStateStackTop=1,startingIndex=1,Top=HandshakeState
D/StateMachine(  272): invokeEnterMethods: HandshakeState
D/StateMachine(  272): handleMessage: X
D/StateMachine(  272): handleMessage: E msg.what=147462
D/StateMachine(  272): processMsg: InactiveState
D/StateMachine(  272): handleMessage: X
D/StateMachine(  272): handleMessage: E msg.what=147462
D/StateMachine(  272): processMsg: HandshakeState
D/StateMachine(  272): handleMessage: X
D/StateMachine(  272): handleMessage: E msg.what=147462
D/StateMachine(  272): processMsg: InactiveState
D/StateMachine(  272): handleMessage: X
D/StateMachine(  272): handleMessage: E msg.what=147462
D/StateMachine(  272): processMsg: HandshakeState
D/PowerManagerService(  272): acquireWakeLock flags=0x1 tag=NetworkStats
D/NetdConnector(  272): RCV <- {600 Iface linkstate wlan0 up}
D/StateMachine(  272): handleMessage: X
D/StateMachine(  272): handleMessage: E msg.what=147462
D/StateMachine(  272): processMsg: InactiveState
D/StateMachine(  272): handleMessage: X
D/StateMachine(  272): handleMessage: E msg.what=147462
D/StateMachine(  272): processMsg: DisconnectedState
D/WifiStateMachine(  272): DisconnectedState{ what=147462 when=-15ms obj=android.net.wifi.StateChangeResult@40da3318 }
D/WifiStateMachine(  272): setDetailed state, old =AUTHENTICATING and new state=AUTHENTICATING
D/StateMachine(  272): processMsg: ConnectModeState
D/WifiStateMachine(  272): ConnectModeState{ what=147462 when=-15ms obj=android.net.wifi.StateChangeResult@40da3318 }
D/StateMachine(  272): handleMessage: X
D/StateMachine(  272): handleMessage: E msg.what=147459
D/StateMachine(  272): processMsg: DisconnectedState
D/WifiStateMachine(  272): DisconnectedState{ what=147459 when=-8ms arg1=2 obj=5c:63:bf:ce:5c:94 }
D/StateMachine(  272): processMsg: ConnectModeState
D/WifiStateMachine(  272): ConnectModeState{ what=147459 when=-9ms arg1=2 obj=5c:63:bf:ce:5c:94 }
D/WifiStateMachine(  272): Network connection established
D/wpa_supplicant(  940): wpa_supplicant_ctrl_iface_status , check ssid->wapi 
D/wpa_supplicant(  940): wpa_supplicant_ctrl_iface_process: p2p_flag = 0
D/WifiStateMachine(  272): setDetailed state, old =AUTHENTICATING and new state=OBTAINING_IPADDR
I/PowerManagerService(  272): mLocks 01com.baidu.systemverify.VerificationService
I/PowerManagerService(  272): mLocks 11AlarmManager
I/PowerManagerService(  272): mLocks 21AudioOut_1
D/StateMachine(  272): StateMachine.transitionTo EX destStateConnectingState
D/StateMachine(  272): handleMessage: new destination call exit
D/StateMachine(  272): setupTempStateStackWithStatesToEnter: X mTempStateStackCount=1,curStateInfo: state=ConnectModeState,active=true,parent=DriverStartedState
D/StateMachine(  272): invokeExitMethods: DisconnectedState
D/StateMachine(  272): moveTempStackToStateStack: i=0,j=4
D/StateMachine(  272): handleMessage: E msg.what=135170
D/StateMachine(  272): moveTempStackToStateStack: X mStateStackTop=4,startingIndex=4,Top=ConnectingState
D/StateMachine(  272): processMsg: NotConnectedState
D/StateMachine(  272): invokeEnterMethods: ConnectingState
D/WifiStateMachine(  272): ConnectingState
D/StateMachine(  272): processMsg: WatchdogEnabledState
D/StateMachine(  272): StateMachine.transitionTo EX destStateNotConnectedState
D/StateMachine(  272): handleMessage: new destination call exit
D/StateMachine(  272): setupTempStateStackWithStatesToEnter: X mTempStateStackCount=1,curStateInfo: state=WatchdogEnabledState,active=true,parent=DefaultState
D/StateMachine(  272): invokeExitMethods: NotConnectedState
D/StateMachine(  272): moveTempStackToStateStack: i=0,j=2
D/StateMachine(  272): moveTempStackToStateStack: X mStateStackTop=2,startingIndex=2,Top=NotConnectedState
D/StateMachine(  272): invokeEnterMethods: NotConnectedState
D/StateMachine(  272): handleMessage: X
D/PowerManagerService(  272): releaseWakeLock flags=0x1 tag=NetworkStats
D/NetdConnector(  272): SND -> {interface ipv6 wlan0 enable} {null}
D/NetdConnector(  272): RCV <- {200 IPv6 state changed}
D/QuickSwitchPanel(  559): ImageView onMeasure
D/QuickSwitchPanel(  559): ImageView onMeasure
D/QuickSwitchPanel(  559): ImageView onLayout
D/StateMachine(  272): addStateInternal: E state=HaltingState,parent=
D/StateMachine(  272): addStateInternal: X stateInfo: state=HaltingState,active=false,parent=null
D/StateMachine(  272): addStateInternal: E state=QuittingState,parent=
D/StateMachine(  272): addStateInternal: X stateInfo: state=QuittingState,active=false,parent=null
D/StateMachine(  272): addStateInternal: E state=DefaultState,parent=
D/StateMachine(  272): addStateInternal: X stateInfo: state=DefaultState,active=false,parent=null
D/StateMachine(  272): addStateInternal: E state=StoppedState,parent=DefaultState
D/StateMachine(  272): addStateInternal: X stateInfo: state=StoppedState,active=false,parent=DefaultState
D/StateMachine(  272): addStateInternal: E state=WaitBeforeStartState,parent=DefaultState
D/StateMachine(  272): addStateInternal: X stateInfo: state=WaitBeforeStartState,active=false,parent=DefaultState
D/StateMachine(  272): addStateInternal: E state=RunningState,parent=DefaultState
D/StateMachine(  272): addStateInternal: X stateInfo: state=RunningState,active=false,parent=DefaultState
D/StateMachine(  272): addStateInternal: E state=WaitBeforeRenewalState,parent=DefaultState
D/StateMachine(  272): addStateInternal: X stateInfo: state=WaitBeforeRenewalState,active=false,parent=DefaultState
D/StateMachine(  272): setInitialState: initialStateStoppedState
D/StateMachine(  272): completeConstruction: E
D/StateMachine(  272): completeConstruction: maxDepth=2
D/StateMachine(  272): setupInitialStateStack: E mInitialState=StoppedState
D/StateMachine(  272): moveTempStackToStateStack: i=1,j=0
D/StateMachine(  272): moveTempStackToStateStack: i=0,j=1
D/StateMachine(  272): moveTempStackToStateStack: X mStateStackTop=1,startingIndex=0,Top=StoppedState
D/StateMachine(  272): invokeEnterMethods: DefaultState
D/StateMachine(  272): invokeEnterMethods: StoppedState
D/DhcpStateMachine(  272): StoppedState
D/StateMachine(  272): completeConstruction: X
D/StateMachine(  272): handleMessage: X
D/StateMachine(  272): handleMessage: E msg.what=147462
D/StateMachine(  272): processMsg: ConnectingState
D/WifiStateMachine(  272): ConnectingState{ what=147462 when=-34ms obj=android.net.wifi.StateChangeResult@410489e0 }
D/NetdConnector(  272): RSP <- {200 IPv6 state changed}
I/NetworkPolicy(  272): no policy for active mobile network; generating default policy
D/StateMachine(  272): handleMessage: E msg.what=196609
D/StateMachine(  272): processMsg: StoppedState
D/DhcpStateMachine(  272): StoppedState{ what=196609 when=-1ms }
D/StateMachine(  272): StateMachine.transitionTo EX destStateWaitBeforeStartState
D/StateMachine(  272): handleMessage: new destination call exit
D/StateMachine(  272): setupTempStateStackWithStatesToEnter: X mTempStateStackCount=1,curStateInfo: state=DefaultState,active=true,parent=null
D/StateMachine(  272): invokeExitMethods: StoppedState
D/StateMachine(  272): moveTempStackToStateStack: i=0,j=1
D/StateMachine(  272): moveTempStackToStateStack: X mStateStackTop=1,startingIndex=1,Top=WaitBeforeStartState
D/StateMachine(  272): invokeEnterMethods: WaitBeforeStartState
D/DhcpStateMachine(  272): WaitBeforeStartState
D/StateMachine(  272): handleMessage: X
D/StateMachine(  272): processMsg: ConnectModeState
D/WifiStateMachine(  272): ConnectModeState{ what=147462 when=-36ms obj=android.net.wifi.StateChangeResult@410489e0 }
D/StateMachine(  272): handleMessage: X
D/StateMachine(  272): handleMessage: E msg.what=147462
D/StateMachine(  272): processMsg: HandshakeState
D/StateMachine(  272): handleMessage: X
D/StateMachine(  272): handleMessage: E msg.what=147462
D/StateMachine(  272): processMsg: InactiveState
D/StateMachine(  272): handleMessage: X
D/StateMachine(  272): handleMessage: E msg.what=196612
D/StateMachine(  272): processMsg: ConnectingState
D/WifiStateMachine(  272): ConnectingState{ what=196612 when=-3ms }
D/gralloc.mali(   83): fps = 15.652698
I/System.out( 1003): iobridge available7168FileDescriptor[55]
D/wpa_supplicant(  940): wpa_driver_nl80211_driver_cmd OK len = 0, 2
D/wpa_supplicant(  940): wpa_supplicant_ctrl_iface_process: p2p_flag = 0
D/wpa_supplicant(  940): nl80211: Get power mode = 1
D/wpa_supplicant(  940): wpa_supplicant_ctrl_iface_process: p2p_flag = 0
D/TD      (  662): VideoCT: IDLE CT: IDLE
D/MobileDataStateTracker(  272): default(mobile): setPolicyDataEnable(enabled=true)
I/System.out(  272): iobridge FileDescriptorFileDescriptor[281]:false
D/Posix   (  272): ## MMS_TRACE: ##: setsockoptInt(): option = 18, value = 1.
I/System.out(  272): iobridge getSocketLocalAddress::FileDescriptor[281]
I/System.out(  272): iobridge bind to 0.0.0.0port0FileDescriptor[281]
I/System.out(  272): iobridge getSocketLocalPort60994FileDescriptor[281]
D/Posix   (  272): ## MMS_TRACE: ##: setsockoptInt(): option = 6, value = 1.
I/System.out(  272): iobridge setSocketOption :32FileDescriptor[281]
I/System.out(  272): iobridge setSocketOption :4102FileDescriptor[281]
D/MobileDataStateTracker(  272): default(mobile): setPolicyDataEnable(enabled=true)
I/System.out(  272): iobridge FileDescriptorFileDescriptor[281]:false
D/Posix   (  272): ## MMS_TRACE: ##: setsockoptInt(): option = 18, value = 1.
I/System.out(  272): iobridge getSocketLocalAddress::FileDescriptor[281]
I/System.out(  272): iobridge bind to 0.0.0.0port0FileDescriptor[281]
I/System.out(  272): iobridge getSocketLocalPort50790FileDescriptor[281]
D/Posix   (  272): ## MMS_TRACE: ##: setsockoptInt(): option = 6, value = 1.
I/System.out(  272): iobridge setSocketOption :32FileDescriptor[281]
I/System.out(  272): iobridge setSocketOption :4102FileDescriptor[281]
D/MobileDataStateTracker(  272): default(mobile): setPolicyDataEnable(enabled=true)
D/wpa_supplicant(  940): wpa_supplicant_ctrl_iface_process: p2p_flag = 0
D/StateMachine(  272): handleMessage: X
D/StateMachine(  272): handleMessage: E msg.what=147462
D/StateMachine(  272): processMsg: HandshakeState
D/StateMachine(  272): processMsg: DefaultState
D/TD      (  662): VideoCT: IDLE CT: IDLE
D/TD      (  662): VideoCT: IDLE CT: IDLE
D/StateMachine(  272): handleMessage: E msg.what=196614
D/StateMachine(  272): processMsg: WaitBeforeStartState
D/DhcpStateMachine(  272): WaitBeforeStartState{ what=196614 when=-1ms }
D/DhcpStateMachine(  272): DHCP request on wlan0
D/SmartPowerService(  272): receive broadcast! action = android.intent.action.BATTERY_CHANGED
D/SmartPowerService(  272): batteryLevel = 100
D/SmartPowerService(  272): battery changed! level = 100, mIsTriggered = false
D/SmartPowerService(  272): battery low condition. value = 100,data 1 = 20
I/System.out(  272): iobridge FileDescriptorFileDescriptor[287]:false
D/Posix   (  272): ## MMS_TRACE: ##: setsockoptInt(): option = 18, value = 1.
I/System.out(  272): iobridge getSocketLocalAddress::FileDescriptor[287]
I/System.out(  272): iobridge bind to 0.0.0.0port0FileDescriptor[287]
I/System.out(  272): iobridge getSocketLocalPort39708FileDescriptor[287]
D/Posix   (  272): ## MMS_TRACE: ##: setsockoptInt(): option = 6, value = 1.
I/System.out(  272): iobridge setSocketOption :32FileDescriptor[287]
I/System.out(  272): iobridge setSocketOption :4102FileDescriptor[287]
D/StateMachine(  272): StateMachine.transitionTo EX destStateCompletedState
D/StateMachine(  272): handleMessage: new destination call exit
D/StateMachine(  272): setupTempStateStackWithStatesToEnter: X mTempStateStackCount=1,curStateInfo: state=DefaultState,active=true,parent=null
D/StateMachine(  272): invokeExitMethods: HandshakeState
D/StateMachine(  272): moveTempStackToStateStack: i=0,j=1
D/StateMachine(  272): moveTempStackToStateStack: X mStateStackTop=1,startingIndex=1,Top=CompletedState
D/StateMachine(  272): invokeEnterMethods: CompletedState
D/wpa_supplicant(  940): CTRL_IFACE: ENABLE_NETWORK id=0
D/wpa_supplicant(  940): CTRL_IFACE: ENABLE_NETWORK id=0 ssid=CMCC
D/wpa_supplicant(  940): wpa_s->current_ssid=0xe25d00
D/wpa_supplicant(  940): wpa_supplicant_ctrl_iface_process: p2p_flag = 0
D/wpa_supplicant(  940): CTRL_IFACE: ENABLE_NETWORK id=1
D/wpa_supplicant(  940): CTRL_IFACE: ENABLE_NETWORK id=1 ssid=CMCC-EDU
D/wpa_supplicant(  940): wpa_s->current_ssid=0xe25d00
D/wpa_supplicant(  940): wpa_supplicant_ctrl_iface_process: p2p_flag = 0
D/wpa_supplicant(  940): wpa_supplicant_ctrl_iface_process: p2p_flag = 0
D/wpa_supplicant(  940): Writing configuration file '/data/misc/wifi/wpa_supplicant.conf'
D/MobileDataStateTracker(  272): default(mobile): setPolicyDataEnable(enabled=true)
D/TD      (  662): VideoCT: IDLE CT: IDLE
D/wpa_supplicant(  940): Configuration file '/data/misc/wifi/wpa_supplicant.conf' written successfully
D/wpa_supplicant(  940): CTRL_IFACE: SAVE_CONFIG - Configuration updated
D/wpa_supplicant(  940): wpa_supplicant_ctrl_iface_process: p2p_flag = 0
D/StateMachine(  272): handleMessage: X
D/StateMachine(  272): handleMessage: E msg.what=147462
D/StateMachine(  272): processMsg: InactiveState
D/StateMachine(  272): handleMessage: X
D/StateMachine(  272): handleMessage: E msg.what=131143
D/StateMachine(  272): processMsg: ConnectingState
D/WifiStateMachine(  272): ConnectingState{ what=131143 when=-340ms arg1=1 }
D/StateMachine(  272): deferMessage: msg=131143
D/StateMachine(  272): handleMessage: X
D/dalvikvm( 1003): GC_CONCURRENT freed 1427K, 19% free 7820K/9603K, paused 2ms+2ms
D/wpa_supplicant(  940): EAPOL: startWhen --> 0
D/wpa_supplicant(  940): EAPOL: disable timer tick
D/UserAgentInfo( 1119): initNullCustomConfig
E/Posix   ( 1119): Posix_open return with -1, errno 13 Permission denied
W/ApplicationContext( 1119): Unable to create external cache directory
I/BackupService( 1119): Preload md5 of files finish
D/BackupRestoreService( 1119): handleMessage, msg.what = 7
D/BackupRestoreService( 1119): restoreHintAfterFirstBoot
D/EnvironmentUtil( 1119): NoSuchMethodException:java.lang.NoSuchMethodException: getLegacyExternalStorageDirectory []
D/EnvironmentUtil( 1119): not get ret from getLegacyExternalStorageDirectory
I/CloudStorageService( 1119): update Form Provider
D/CloudStorageService( 1119): Start db task scheduler
D/BackupRestoreService( 1119): will sleep 30 seconds
D/BackupRestoreService( 1119): onServiceConnected for com.baidu.backuprestore.service.RemoteDataService
D/BackupManager( 1119): onServiceConnected
E/BackupManager( 1119): Service is not null
D/BackupService( 1119): callback registed: 1088370192
W/MountService(  272): getVolumeState(/mnt/external): Unknown volume
D/BackupRestoreService( 1119): onServiceAvailable
D/BackupRestoreService( 1119): setXCloudConfig, mXCloudInited = true
I/CloudStorageService( 1119): number of rows in db:0
W/BackupRestoreService( 1119): no setXCloudConfig as not login! or mXCloudInited = true
D/com.baidu.backuprestore.service.RemoteDataService( 1119): putAuthInfo
D/CloudStorageService( 1119): receive auth request from com.baidu.backuprestore
D/BackupCenter( 1119): send statistic
V/AudioFlinger(   86): Audio hardware entering standby, mixer 0x139f288, mSuspended 0
W/audio_hw_primary(   86): do_output_standby.mode: 0
V/AudioFlinger(   86): releaseWakeLock_l() AudioOut_1
I/PowerManagerService(  272): mLocks 01com.baidu.systemverify.VerificationService
I/PowerManagerService(  272): mLocks 11AlarmManager
V/AudioFlinger(   86): MixerThread 0x139f288 TID 172 going to sleep
D/PowerManagerService(  272): releaseWakeLock flags=0x1 tag=AudioOut_1
D/dalvikvm( 1119): GC_CONCURRENT freed 298K, 22% free 2621K/3331K, paused 1ms+2ms
I/System.out( 1119): DefaultRequestDirector http execute enter loop 
I/System.out( 1119): DefaultRequestDirect http execute return 2exception!Unable to resolve host "pcs.baidu.com": No address associated with hostname
I/System.out( 1119): DefaultRequestDirector http execute enter loop 
I/System.out( 1119): DefaultRequestDirect http execute return 2exception!Unable to resolve host "pcs.baidu.com": No address associated with hostname
I/System.out( 1119): DefaultRequestDirector http execute enter loop 
I/System.out( 1119): DefaultRequestDirect http execute return 2exception!Unable to resolve host "pcs.baidu.com": No address associated with hostname
W/BackupCenter( 1119): statistic error: 
W/System.err( 1119): java.net.UnknownHostException: Unable to resolve host "pcs.baidu.com": No address associated with hostname
W/System.err( 1119): 	at java.net.InetAddress.lookupHostByName(InetAddress.java:400)
W/System.err( 1119): 	at java.net.InetAddress.getAllByNameImpl(InetAddress.java:242)
W/System.err( 1119): 	at java.net.InetAddress.getAllByName(InetAddress.java:220)
W/System.err( 1119): 	at org.apache.http.impl.conn.DefaultClientConnectionOperator.openConnection(DefaultClientConnectionOperator.java:137)
W/System.err( 1119): 	at org.apache.http.impl.conn.AbstractPoolEntry.open(AbstractPoolEntry.java:164)
W/System.err( 1119): 	at org.apache.http.impl.conn.AbstractPooledConnAdapter.open(AbstractPooledConnAdapter.java:119)
W/System.err( 1119): 	at org.apache.http.impl.client.DefaultRequestDirector.execute(DefaultRequestDirector.java:362)
W/System.err( 1119): 	at org.apache.http.impl.client.AbstractHttpClient.execute(AbstractHttpClient.java:555)
W/System.err( 1119): 	at org.apache.http.impl.client.AbstractHttpClient.execute(AbstractHttpClient.java:487)
W/System.err( 1119): 	at org.apache.http.impl.client.AbstractHttpClient.execute(AbstractHttpClient.java:465)
W/System.err( 1119): 	at com.baidu.xcloud.http.ServiceClient.executeUnparsed(ServiceClient.java:283)
W/System.err( 1119): 	at com.baidu.xcloud.http.ServiceRequest.executeUnparsed(ServiceRequest.java:231)
W/System.err( 1119): 	at com.baidu.xcloud.http.ServiceClient.execute(ServiceClient.java:131)
W/System.err( 1119): 	at com.baidu.xcloud.http.ServiceRequest.execute(ServiceRequest.java:196)
W/System.err( 1119): 	at com.baidu.solution.appbackup.impl.Statistics.execute(Statistics.java:22)
W/System.err( 1119): 	at com.baidu.solution.appbackup.service.impl.BackupCenter.statistic(BackupCenter.java:1187)
W/System.err( 1119): 	at com.baidu.solution.appbackup.service.BackupService$11.run(BackupService.java:1624)
D/ListenerUtil( 1119): Notify client the auth result, uuid: 94274ac3-e213-4b98-b142-a114a71d48fd
D/com.baidu.backuprestore.service.RemoteDataService( 1119): onAuthResult, uuid = 94274ac3-e213-4b98-b142-a114a71d48fd, appKey = 287986, token = null, errorCode = 0
D/com.baidu.backuprestore.service.RemoteDataService( 1119): service connected
I/System.out( 1003): iobridge available8192FileDescriptor[55]
V/Alarms  ( 1171): setNextAlert 
D/dalvikvm( 1003): GC_CONCURRENT freed 1882K, 23% free 7813K/10051K, paused 2ms+2ms
I/ActivityManager(  272): Start proc com.baidu.input:bdservice_v1 for broadcast com.baidu.input/com.baidu.android.moplus.MoPlusReceiver: pid=1212 uid=10011 gids={3003, 1015, 1007, 1006}
D/dalvikvm( 1212): GC_CONCURRENT freed 154K, 17% free 2564K/3075K, paused 1ms+2ms
I/System.out( 1003): iobridge available9216FileDescriptor[55]
I/dalvikvm( 1003): Total arena pages for JIT: 11
I/dalvikvm( 1003): Total arena pages for JIT: 12
I/dalvikvm( 1003): Total arena pages for JIT: 13
I/dalvikvm( 1003): Total arena pages for JIT: 14
I/dalvikvm( 1003): Total arena pages for JIT: 15
I/dalvikvm( 1003): Total arena pages for JIT: 16
I/dalvikvm( 1003): Total arena pages for JIT: 17
E/Posix   ( 1212): Posix_open return with -1, errno 2 No such file or directory
I/System.out( 1212): iobridge available0FileDescriptor[43]
I/System.out( 1212): iobridge available0FileDescriptor[43]
I/System.out( 1212): iobridge available0FileDescriptor[43]
I/System.out( 1212): iobridge available0FileDescriptor[45]
I/System.out( 1212): iobridge available0FileDescriptor[45]
I/System.out( 1212): iobridge available0FileDescriptor[45]
I/ActivityManager(  272): Start proc com.baidu.BaiduMap:bdservice_v1 for broadcast com.baidu.BaiduMap/com.baidu.android.pushservice.PushServiceReceiver: pid=1234 uid=10012 gids={1015, 1006, 3003, 3002, 3001}
D/dalvikvm( 1003): GC_CONCURRENT freed 1868K, 23% free 7813K/10051K, paused 1ms+3ms
D/dalvikvm( 1234): GC_CONCURRENT freed 156K, 17% free 2557K/3075K, paused 2ms+2ms
I/PushServiceReceiver( 1234): start PushSerevice for ACTION_BOOT_COMPLETED or CONNECTIVITY_ACTION
E/Utility ( 1234): com.baidu.android.pushservice.PushServiceReceiverdid not declaredcom.baidu.android.pushservice.action.notification.SHOW
E/Posix   ( 1234): Posix_open return with -1, errno 2 No such file or directory
D/dalvikvm( 1234): GC_CONCURRENT freed 163K, 17% free 2826K/3395K, paused 1ms+1ms
I/System.out( 1003): iobridge available10240FileDescriptor[55]
I/dalvikvm( 1003): Total arena pages for JIT: 18
E/Posix   (  272): Posix_open return with -1, errno 2 No such file or directory
I/System.out(  858): iobridge available27195FileDescriptor[66]
I/System.out(  858): iobridge available19003FileDescriptor[66]
D/StateMachine(  272): handleMessage: E msg.what=3
D/StateMachine(  272): processMsg: InitialState
D/Tethering(  272): MasterInitialState.processMessage what=3
E/StateMachine(  272): TetherMaster - unhandledMessage: msg.what=3
D/StateMachine(  272): handleMessage: X
D/BackupRestoreService( 1119): mNetWorkChangedReceiver, onReceive, action = android.net.conn.CONNECTIVITY_CHANGE
D/TAG     ( 1119): no availible network
D/StateMachine(  272): handleMessage: E msg.what=3
D/StateMachine(  272): processMsg: InitialState
D/Tethering(  272): MasterInitialState.processMessage what=3
E/StateMachine(  272): TetherMaster - unhandledMessage: msg.what=3
D/StateMachine(  272): handleMessage: X
D/BackupRestoreService( 1119): mNetWorkChangedReceiver, onReceive, action = android.net.conn.CONNECTIVITY_CHANGE
D/TAG     ( 1119): no availible network
D/dalvikvm(  858): GC_CONCURRENT freed 231K, 20% free 2575K/3203K, paused 1ms+2ms
I/System.out( 1234): iobridge available0FileDescriptor[42]
I/System.out( 1234): iobridge available0FileDescriptor[42]
I/System.out( 1234): iobridge available0FileDescriptor[42]
I/System.out(  858): iobridge available10811FileDescriptor[66]
I/Process ( 1234): Sending signal. PID: 1234 SIG: 9
I/ActivityManager(  272): Process com.baidu.BaiduMap:bdservice_v1 (pid 1234) has died.
