I/ActivityManager(  272): Dying app: ProcessRecord{41320aa8 1234:com.baidu.BaiduMap:bdservice_v1/10012}, pid: 1234, thread: android.os.BinderProxy@41321a18
I/System.out(  858): iobridge available2619FileDescriptor[66]
I/System.out(  858): iobridge available0FileDescriptor[66]
I/System.out(  858): iobridge available0FileDescriptor[66]
D/dalvikvm( 1003): GC_CONCURRENT freed 1871K, 23% free 7811K/10051K, paused 2ms+3ms
E/Posix   (  858): Posix_open return with -1, errno 2 No such file or directory
I/System.out(  858): in or out stream exception
V/AlarmManager(  272): SetLocked alarm type is : 2
I/ActivityManager(  272): Start proc com.baidu.thememanager.ui for broadcast com.baidu.thememanager.ui/com.baidu.thememanager.receiver.DownloadReceiver: pid=1266 uid=10022 gids={1015, 2001, 3003}
I/dalvikvm( 1212): Failed resolving Lcom/baidu/android/nebula/util/BDLocationManager$BaiduLocationListener; interface 1130 'Lcom/baidu/location/BDLocationListener;'
W/dalvikvm( 1212): Link of class 'Lcom/baidu/android/nebula/util/BDLocationManager$BaiduLocationListener;' failed
I/dalvikvm( 1212): Failed resolving Lcom/baidu/android/nebula/util/BDLocationManager$BaiduLocationListener; interface 1130 'Lcom/baidu/location/BDLocationListener;'
W/dalvikvm( 1212): Link of class 'Lcom/baidu/android/nebula/util/BDLocationManager$BaiduLocationListener;' failed
I/dalvikvm( 1212): Failed resolving Lcom/baidu/android/nebula/util/BDLocationManager$BaiduLocationListener; interface 1130 'Lcom/baidu/location/BDLocationListener;'
W/dalvikvm( 1212): Link of class 'Lcom/baidu/android/nebula/util/BDLocationManager$BaiduLocationListener;' failed
I/dalvikvm( 1212): Could not find method com.baidu.location.j.unRegisterLocationListener, referenced from method com.baidu.android.nebula.util.BDLocationManager.d
W/dalvikvm( 1212): VFY: unable to resolve virtual method 9199: Lcom/baidu/location/j;.unRegisterLocationListener (Lcom/baidu/location/BDLocationListener;)V
D/dalvikvm( 1212): VFY: replacing opcode 0x6e at 0x0012
I/dalvikvm( 1212): Failed resolving Lcom/baidu/android/nebula/util/BDLocationManager$BaiduLocationListener; interface 1130 'Lcom/baidu/location/BDLocationListener;'
W/dalvikvm( 1212): Link of class 'Lcom/baidu/android/nebula/util/BDLocationManager$BaiduLocationListener;' failed
E/dalvikvm( 1212): Could not find class 'com.baidu.android.nebula.util.BDLocationManager$BaiduLocationListener', referenced from method com.baidu.android.nebula.util.BDLocationManager.e
W/dalvikvm( 1212): VFY: unable to resolve new-instance 485 (Lcom/baidu/android/nebula/util/BDLocationManager$BaiduLocationListener;) in Lcom/baidu/android/nebula/util/BDLocationManager;
D/dalvikvm( 1212): VFY: replacing opcode 0x22 at 0x000a
I/dalvikvm( 1212): Failed resolving Lcom/baidu/android/nebula/util/BDLocationManager$BaiduLocationListener; interface 1130 'Lcom/baidu/location/BDLocationListener;'
W/dalvikvm( 1212): Link of class 'Lcom/baidu/android/nebula/util/BDLocationManager$BaiduLocationListener;' failed
I/dalvikvm( 1212): Failed resolving Lcom/baidu/android/nebula/util/BDLocationManager$BaiduLocationListener; interface 1130 'Lcom/baidu/location/BDLocationListener;'
W/dalvikvm( 1212): Link of class 'Lcom/baidu/android/nebula/util/BDLocationManager$BaiduLocationListener;' failed
E/dalvikvm( 1212): Could not find class 'com.baidu.location.LocationClientOption', referenced from method com.baidu.android.nebula.util.BDLocationManager.f
W/dalvikvm( 1212): VFY: unable to resolve new-instance 1131 (Lcom/baidu/location/LocationClientOption;) in Lcom/baidu/android/nebula/util/BDLocationManager;
D/dalvikvm( 1212): VFY: replacing opcode 0x22 at 0x0001
W/dalvikvm( 1212): VFY: unable to find class referenced in signature (Lcom/baidu/location/LocationClientOption;)
W/dalvikvm( 1212): VFY: unable to find class referenced in signature (Lcom/baidu/location/LocationClientOption;)
I/dalvikvm( 1212): Could not find method com.baidu.location.LocationClientOption.setOpenGps, referenced from method com.baidu.android.nebula.util.BDLocationManager.a
W/dalvikvm( 1212): VFY: unable to resolve virtual method 9137: Lcom/baidu/location/LocationClientOption;.setOpenGps (Z)V
D/dalvikvm( 1212): VFY: replacing opcode 0x6e at 0x0009
I/ActivityThread( 1266): Pub com.baidu.thememanager.ui: com.baidu.thememanager.db.ThemeProvider
I/dalvikvm( 1212): Failed resolving Lcom/baidu/android/nebula/util/BDLocationManager$BaiduLocationListener; interface 1130 'Lcom/baidu/location/BDLocationListener;'
W/dalvikvm( 1212): Link of class 'Lcom/baidu/android/nebula/util/BDLocationManager$BaiduLocationListener;' failed
D/dalvikvm( 1212): DexOpt: unable to opt direct call 0x0950 at 0x0c in Lcom/baidu/android/nebula/util/BDLocationManager;.e
D/dalvikvm( 1212): DexOpt: unable to opt direct call 0x23ae at 0x03 in Lcom/baidu/android/nebula/util/BDLocationManager;.f
I/System.out( 1003): iobridge available11264FileDescriptor[55]
I/System.out( 1212): iobridge FileDescriptorFileDescriptor[47]:true
D/Posix   ( 1212): ## MMS_TRACE: ##: setsockoptInt(): option = 2, value = 1.
I/System.out( 1212): iobridge setSocketOption :4FileDescriptor[47]
D/Posix   ( 1212): ## MMS_TRACE: ##: setsockoptInt(): option = 2, value = 1.
I/System.out( 1212): iobridge setSocketOption :4FileDescriptor[47]
I/System.out( 1212): iobridge getSocketLocalAddress::FileDescriptor[47]
I/System.out( 1212): iobridge bind to 0.0.0.0port6259FileDescriptor[47]
I/BaiduTheme( 1266): BaiduThemeApplication: density = 240
I/BaiduTheme( 1266): StorageUtil: has external card ? false
I/BaiduTheme( 1266): StorageStatusMonitor: registerMonitor
W/MountService(  272): getVolumeState(/mnt/external): Unknown volume
D/DhcpStateMachine(  272): DHCP succeeded on wlan0
D/StateMachine(  272): StateMachine.transitionTo EX destStateRunningState
D/StateMachine(  272): handleMessage: new destination call exit
D/StateMachine(  272): setupTempStateStackWithStatesToEnter: X mTempStateStackCount=1,curStateInfo: state=DefaultState,active=true,parent=null
D/StateMachine(  272): invokeExitMethods: WaitBeforeStartState
D/StateMachine(  272): moveTempStackToStateStack: i=0,j=1
D/StateMachine(  272): moveTempStackToStateStack: X mStateStackTop=1,startingIndex=1,Top=RunningState
D/StateMachine(  272): invokeEnterMethods: RunningState
D/DhcpStateMachine(  272): RunningState
D/StateMachine(  272): handleMessage: X
D/StateMachine(  272): handleMessage: E msg.what=196613
D/StateMachine(  272): processMsg: ConnectingState
D/WifiStateMachine(  272): ConnectingState{ what=196613 when=-1ms arg1=1 obj=addr: 192.168.1.12/24 mRoutes: 0.0.0.0/0 -> 192.168.1.1 |  dns: 192.168.1.1, dhcpServer: 192.168.1.1 leaseDuration: 86400 }
D/wpa_supplicant(  940): wpa_supplicant_ctrl_iface_process: p2p_flag = 0
D/wpa_supplicant(  940): wpa_driver_nl80211_driver_cmd OK len = 0, 2
D/wpa_supplicant(  940): wpa_supplicant_ctrl_iface_process: p2p_flag = 0
D/DhcpInfoInternal(  272): makeLinkProperties with empty dns2!
D/DhcpInfoInternal(  272): makeLinkProperties with empty dns2!
D/WifiStateMachine(  272): netId=2 Link configured: InterfaceName: wlan0 LinkAddresses: [192.168.1.12/24,] Routes: [0.0.0.0/0 -> 192.168.1.1,] DnsAddresses: [192.168.1.1,] HttpProxy: [ProxyProperties.mHost == null] 
D/WifiStateMachine(  272): setDetailed state, old =OBTAINING_IPADDR and new state=CONNECTED
D/StateMachine(  272): StateMachine.transitionTo EX destStateConnectedState
D/StateMachine(  272): handleMessage: new destination call exit
D/StateMachine(  272): setupTempStateStackWithStatesToEnter: X mTempStateStackCount=1,curStateInfo: state=ConnectModeState,active=true,parent=DriverStartedState
D/StateMachine(  272): invokeExitMethods: ConnectingState
D/StateMachine(  272): moveTempStackToStateStack: i=0,j=4
D/StateMachine(  272): handleMessage: E msg.what=135170
D/StateMachine(  272): processMsg: NotConnectedState
D/StateMachine(  272): processMsg: WatchdogEnabledState
D/StateMachine(  272): StateMachine.transitionTo EX destStateDelayWalledGardenState
D/StateMachine(  272): handleMessage: new destination call exit
D/StateMachine(  272): setupTempStateStackWithStatesToEnter: X mTempStateStackCount=2,curStateInfo: state=WatchdogEnabledState,active=true,parent=DefaultState
D/ConnectivityService(  272): ConnectivityChange for WIFI: CONNECTED/CONNECTED
D/StateMachine(  272): moveTempStackToStateStack: X mStateStackTop=4,startingIndex=4,Top=ConnectedState
D/StateMachine(  272): invokeEnterMethods: ConnectedState
D/WifiStateMachine(  272): ConnectedState
D/StateMachine(  272): moveDeferredMessageAtFrontOfQueue; what=131143
D/StateMachine(  272): handleMessage: X
D/StateMachine(  272): handleMessage: E msg.what=131143
D/StateMachine(  272): processMsg: ConnectedState
D/WifiStateMachine(  272): ConnectedState{ what=131143 when=-3m6s311ms arg1=1 }
D/StateMachine(  272): invokeExitMethods: NotConnectedState
D/StateMachine(  272): moveTempStackToStateStack: i=1,j=2
D/StateMachine(  272): moveTempStackToStateStack: i=0,j=3
D/StateMachine(  272): moveTempStackToStateStack: X mStateStackTop=3,startingIndex=2,Top=DelayWalledGardenState
D/StateMachine(  272): invokeEnterMethods: ConnectedState
D/StateMachine(  272): invokeEnterMethods: DelayWalledGardenState
D/StateMachine(  272): handleMessage: X
D/NetdConnector(  272): SND -> {resolver setifdns wlan0 192.168.1.1} {null}
D/NetdConnector(  272): RCV <- {200 Resolver command succeeded}
D/wpa_supplicant(  940): wpa_supplicant_ctrl_iface_process: p2p_flag = 0
D/StateMachine(  272): processMsg: ConnectModeState
D/WifiStateMachine(  272): ConnectModeState{ what=131143 when=-3m6s337ms arg1=1 }
D/StateMachine(  272): processMsg: DriverStartedState
D/WifiStateMachine(  272): DriverStartedState{ what=131143 when=-3m6s337ms arg1=1 }
D/NetdConnector(  272): RSP <- {200 Resolver command succeeded}
D/wpa_supplicant(  940): wpa_driver_nl80211_driver_cmd  len = 0, 0
D/wpa_supplicant(  940): wpa_supplicant_ctrl_iface_process: p2p_flag = 0
D/wpa_supplicant(  940): wlan0: Setting scan request: 0 sec 0 usec
D/wpa_supplicant(  940): wpa_supplicant_ctrl_iface_process: p2p_flag = 0
D/wpa_supplicant(  940): wpa_supplicant_scan: p2p_flag = 0
D/wpa_supplicant(  940): wlan0: Scan_req=2 conf->ap_scan=2
D/wpa_supplicant(  940): wlan0: Starting AP scan for wildcard SSID
D/wpa_supplicant(  940): WPS: Building WPS IE for Probe Request
D/wpa_supplicant(  940): WPS:  * Version (hardcoded 0x10)
D/wpa_supplicant(  940): WPS:  * Request Type
D/wpa_supplicant(  940): WPS:  * Config Methods (2388)
D/wpa_supplicant(  940): WPS:  * UUID-E
D/wpa_supplicant(  940): WPS:  * Primary Device Type
D/wpa_supplicant(  940): WPS:  * RF Bands (3)
D/wpa_supplicant(  940): WPS:  * Association State
D/wpa_supplicant(  940): WPS:  * Configuration Error (0)
D/wpa_supplicant(  940): WPS:  * Device Password ID (0)
D/wpa_supplicant(  940): WPS:  * Manufacturer
D/wpa_supplicant(  940): WPS:  * Model Name
D/wpa_supplicant(  940): WPS:  * Model Number
D/wpa_supplicant(  940): WPS:  * Device Name
D/wpa_supplicant(  940): WPS:  * Version2 (0x20)
D/wpa_supplicant(  940): P2P: * P2P IE header
D/wpa_supplicant(  940): P2P: * Capability dev=27 group=00
D/wpa_supplicant(  940): P2P: * Listen Channel: Regulatory Class 81 Channel 1
D/NetdConnector(  272): SND -> {resolver setdefaultif wlan0} {null}
D/NetdConnector(  272): RCV <- {200 Resolver command succeeded}
D/NetdConnector(  272): RSP <- {200 Resolver command succeeded}
I/NetworkManagementService(  272): modifyRouteinterface route add wlan0 default 192.168.1.1 32 
D/wpa_supplicant(  940): Scan requested (ret=0) - scan timeout 30 seconds
D/wpa_supplicant(  940): nl80211: Event message available
D/wpa_supplicant(  940): nl80211: Scan trigger
D/wpa_supplicant(  940): wpa_driver_nl80211_driver_cmd  len = 0, 0
D/wpa_supplicant(  940): wpa_supplicant_ctrl_iface_process: p2p_flag = 0
D/StateMachine(  272): handleMessage: X
D/StateMachine(  272): handleMessage: E msg.what=131155
D/StateMachine(  272): processMsg: ConnectedState
D/ConnectivityService(  272): Adding 192.168.1.1/32 -> 0.0.0.0 for interface wlan0
D/NetdConnector(  272): SND -> {interface route add wlan0 default 192.168.1.1 32 0.0.0.0} {null}
D/WifiStateMachine(  272): ConnectedState{ what=131155 when=-58ms arg1=1 }
V/NetworkManagementService(  272): add route response is 200 Route added to default table
I/NetworkManagementService(  272): modifyRouteinterface route add wlan0 default 0.0.0.0 0 
D/wpa_supplicant(  940): nl80211: survey data missing!
D/wpa_supplicant(  940): wpa_supplicant_ctrl_iface_process: p2p_flag = 0
D/StateMachine(  272): handleMessage: X
D/StateMachine(  272): handleMessage: E msg.what=131143
D/StateMachine(  272): processMsg: ConnectedState
D/WifiStateMachine(  272): ConnectedState{ what=131143 when=-24ms arg1=1 }
D/wpa_supplicant(  940): wpa_supplicant_ctrl_iface_process: p2p_flag = 0
D/NetdConnector(  272): RCV <- {200 Route added to default table}
D/NetdConnector(  272): RSP <- {200 Route added to default table}
D/ConnectivityService(  272): Adding 0.0.0.0/0 -> 192.168.1.1 for interface wlan0
D/NetdConnector(  272): SND -> {interface route add wlan0 default 0.0.0.0 0 192.168.1.1} {null}
D/NetdConnector(  272): RCV <- {200 Route added to default table}
D/StateMachine(  272): handleMessage: E msg.what=135171
D/StateMachine(  272): processMsg: DelayWalledGardenState
D/StateMachine(  272): processMsg: ConnectedState
D/StateMachine(  272): processMsg: WatchdogEnabledState
D/StateMachine(  272): processMsg: ConnectModeState
D/StateMachine(  272): processMsg: DefaultState
D/StateMachine(  272): handleMessage: X
D/WifiStateMachine(  272): ConnectModeState{ what=131143 when=-28ms arg1=1 }
D/StateMachine(  272): processMsg: DriverStartedState
D/WifiStateMachine(  272): DriverStartedState{ what=131143 when=-28ms arg1=1 }
D/wpa_supplicant(  940): wpa_driver_nl80211_driver_cmd  len = 0, 0
D/wpa_supplicant(  940): wpa_supplicant_ctrl_iface_process: p2p_flag = 0
V/NetworkManagementService(  272): add route response is 200 Route added to default table
D/wpa_supplicant(  940): Ongoing scan action - reject new request
D/wpa_supplicant(  940): wpa_supplicant_ctrl_iface_process: p2p_flag = 0
D/wpa_supplicant(  940): wpa_driver_nl80211_driver_cmd  len = 0, 0
D/wpa_supplicant(  940): wpa_supplicant_ctrl_iface_process: p2p_flag = 0
D/StateMachine(  272): handleMessage: X
I/PowerManagerService(  272): mLocks 01com.baidu.systemverify.VerificationService
I/PowerManagerService(  272): mLocks 11AlarmManager
D/NetdConnector(  272): RSP <- {200 Route added to default table}
D/NetdConnector(  272): SND -> {resolver flushif wlan0} {null}
D/NetdConnector(  272): RCV <- {200 Resolver command succeeded}
D/NetdConnector(  272): RSP <- {200 Resolver command succeeded}
D/PowerManagerService(  272): acquireWakeLock flags=0x1 tag=NetworkStats
I/System.out(  272): iobridge available0FileDescriptor[281]
I/System.out(  272): iobridge available0FileDescriptor[281]
I/System.out(  272): iobridge FileDescriptorFileDescriptor[288]:false
D/Posix   (  272): ## MMS_TRACE: ##: setsockoptInt(): option = 18, value = 1.
I/System.out(  272): iobridge getSocketLocalAddress::FileDescriptor[288]
I/System.out(  272): iobridge bind to 0.0.0.0port0FileDescriptor[288]
I/System.out(  272): iobridge getSocketLocalPort56561FileDescriptor[288]
D/Posix   (  272): ## MMS_TRACE: ##: setsockoptInt(): option = 6, value = 1.
I/System.out(  272): iobridge setSocketOption :32FileDescriptor[288]
I/System.out(  272): iobridge setSocketOption :4102FileDescriptor[288]
I/System.out(  272): iobridge available0FileDescriptor[281]
D/ConnectivityService(  272): ConnectivityChange for WIFI: CONNECTED/CONNECTED
I/PowerManagerService(  272): mLocks 01com.baidu.systemverify.VerificationService
I/PowerManagerService(  272): mLocks 11AlarmManager
D/PowerManagerService(  272): releaseWakeLock flags=0x1 tag=NetworkStats
D/gralloc.mali(   83): fps = 1.067654
D/dalvikvm( 1212): GC_CONCURRENT freed 308K, 22% free 2681K/3395K, paused 2ms+1ms
D/ConnectivityService(  272): handleConnectivityChange: address are the same reset per doReset linkProperty[1]: resetMask=0
I/PowerManagerService(  272): mLocks 01com.baidu.systemverify.VerificationService
I/PowerManagerService(  272): mLocks 11AlarmManager
D/PowerManagerService(  272): acquireWakeLock flags=0x1 tag=NetworkStats
D/QuickSwitchPanel(  559): ImageView onMeasure
D/QuickSwitchPanel(  559): ImageView onMeasure
D/QuickSwitchPanel(  559): ImageView onLayout
I/System.out(  272): iobridge available0FileDescriptor[281]
I/System.out(  272): iobridge available0FileDescriptor[281]
I/System.out(  272): iobridge available0FileDescriptor[281]
I/System.out( 1266): iobridge FileDescriptorFileDescriptor[44]:true
I/System.out( 1266): iobridge getSocketLocalAddress::FileDescriptor[44]
I/System.out( 1266): iobridge bind to 0.0.0.0port0FileDescriptor[44]
I/System.out( 1266): iobridge getSocketLocalPort53938FileDescriptor[44]
I/System.out( 1266): iobridge connect2220.181.111.171FileDescriptor[44]
I/System.out( 1266): iobridge connect getStackTrace is libcore.io.IoBridge.checkMms(IoBridge.java:106)
I/System.out( 1266): iobridge connect getStackTrace is libcore.io.IoBridge.connect(IoBridge.java:155)
I/System.out( 1266): iobridge connect getStackTrace is java.net.PlainSocketImpl.connect(PlainSocketImpl.java:192)
I/System.out( 1266): iobridge connect getStackTrace is java.net.PlainSocketImpl.connect(PlainSocketImpl.java:459)
I/System.out( 1266): iobridge connect getStackTrace is java.net.Socket.connect(Socket.java:854)
I/System.out( 1266): iobridge connect getStackTrace is libcore.net.http.HttpConnection.<init>(HttpConnection.java:77)
I/PowerManagerService(  272): mLocks 01com.baidu.systemverify.VerificationService
I/PowerManagerService(  272): mLocks 11AlarmManager
I/System.out(  272): iobridge sendto48FileDescriptor[288]
D/PowerManagerService(  272): releaseWakeLock flags=0x1 tag=NetworkStats
I/System.out( 1266): iobridge connect getStackTrace is libcore.net.http.HttpConnection.<init>(HttpConnection.java:50)
I/System.out( 1266): iobridge connect getStackTrace is libcore.net.http.HttpConnection$Address.connect(HttpConnection.java:351)
I/System.out( 1266): iobridge connect getStackTrace is libcore.net.http.HttpConnectionPool.get(HttpConnectionPool.java:86)
I/System.out( 1266): iobridge connect getStackTrace is libcore.net.http.HttpConnection.connect(HttpConnection.java:128)
I/System.out( 1266): iobridge connect getStackTrace is libcore.net.http.HttpEngine.openSocketConnection(HttpEngine.java:308)
I/System.out( 1266): iobridge connect getStackTrace is libcore.net.http.HttpEngine.connect(HttpEngine.java:303)
I/System.out( 1266): iobridge connect getStackTrace is libcore.net.http.HttpEngine.sendSocketRequest(HttpEngine.java:282)
I/System.out( 1266): iobridge connect getStackTrace is libcore.net.http.HttpEngine.sendRequest(HttpEngine.java:232)
I/System.out( 1266): iobridge connect getStackTrace is libcore.net.http.HttpURLConnectionImpl.getResponse(HttpURLConnectionImpl.java:273)
I/System.out( 1266): iobridge connect getStackTrace is libcore.net.http.HttpURLConnectionImpl.getInputStream(HttpURLConnectionImpl.java:168)
I/System.out( 1266): iobridge connect getStackTrace is com.baidu.thememanager.ui.ComponentManager$1.doInBackground(ComponentManager.java:442)
I/System.out( 1266): iobridge connect getStackTrace is com.baidu.thememanager.ui.ComponentManager$1.doInBackground(ComponentManager.java:435)
I/System.out( 1266): iobridge connect getStackTrace is android.os.AsyncTask$2.call(AsyncTask.java:264)
I/System.out( 1266): iobridge connect getStackTrace is java.util.concurrent.FutureTask$Sync.innerRun(FutureTask.java:305)
I/System.out( 1266): iobridge connect getStackTrace is java.util.concurrent.FutureTask.run(FutureTask.java:137)
I/System.out( 1266): iobridge connect getStackTrace is android.os.AsyncTask$SerialExecutor$1.run(AsyncTask.java:208)
I/System.out( 1266): iobridge connect getStackTrace is java.util.concurrent.ThreadPoolExecutor.runWorker(ThreadPoolExecutor.java:1076)
I/System.out( 1266): iobridge connect getStackTrace is java.util.concurrent.ThreadPoolExecutor$Worker.run(ThreadPoolExecutor.java:569)
I/System.out( 1266): iobridge connect getStackTrace is java.lang.Thread.run(Thread.java:856)
D/dalvikvm(  272): GC_CONCURRENT freed 1407K, 28% free 8327K/11459K, paused 3ms+10ms
D/DownloadReceiver( 1266): action:android.intent.action.BOOT_COMPLETED
I/System.out(  272): iobridge recvfrom48FileDescriptor[288]
D/TD      (  662): VideoCT: IDLE CT: IDLE
D/MobileDataStateTracker(  272): default(mobile): setPolicyDataEnable(enabled=true)
I/ActivityManager(  272): Start proc com.baidu.android.ota for broadcast com.baidu.android.ota/.receiver.ExternalReceiver: pid=1299 uid=10024 gids={2001, 3003, 1015}
D/TD      (  662): VideoCT: IDLE CT: IDLE
D/MobileDataStateTracker(  272): default(mobile): setPolicyDataEnable(enabled=true)
D/TD      (  662): VideoCT: IDLE CT: IDLE
D/MobileDataStateTracker(  272): default(mobile): setPolicyDataEnable(enabled=true)
D/dalvikvm( 1266): GC_CONCURRENT freed 161K, 18% free 2523K/3075K, paused 1ms+1ms
D/TD      (  662): VideoCT: IDLE CT: IDLE
D/MobileDataStateTracker(  272): default(mobile): setPolicyDataEnable(enabled=true)
I/ActivityThread( 1299): Pub com.baidu.android.ota.notification: com.android.ops.stub.provider.NotificationProvider
I/System.out( 1266): iobridge getSocketLocalAddress192.168.1.12FileDescriptor[44]
I/System.out( 1266): iobridge setSocketOption :4102FileDescriptor[44]
I/System.out( 1266): iobridge sendto197FileDescriptor[44]
I/System.out( 1266): iobridge recvfrom128FileDescriptor[44]
I/System.out( 1266): iobridge recvfrom20FileDescriptor[44]
D/dalvikvm(  858): GC_CONCURRENT freed 546K, 28% free 2452K/3395K, paused 1ms+2ms
D/SPRDENG (  184): no log data write:-1 ,I/O error
D/SPRDENG (  184): close usb serial:15
D/SPRDENG (  184): DIAGLOG::1r_cnt=-1
D/SPRDENG (  184): no diag data from vserial:-1 I/O error
D/SPRDENG (  184): reopen usb serial:15
D/wpa_supplicant(  940): nl80211: Event message available
D/wpa_supplicant(  940): nl80211: New scan results available
D/wpa_supplicant(  940): wlan0: Event 3 received on interface wlan0
D/wpa_supplicant(  940): wlan0: _wpa_supplicant_event_scan_results 1117
D/wpa_supplicant(  940): nl80211: Associated on 2437 MHz
D/wpa_supplicant(  940): Received scan results (1 BSSes)
D/wpa_supplicant(  940): nl80211: Scan results indicate BSS status with 5c:63:bf:ce:5c:94 as associated
D/wpa_supplicant(  940): wlan0: BSS: Start scan result update 6
D/wpa_supplicant(  940): wlan0: _wpa_supplicant_event_scan_results 1136
D/wpa_supplicant(  940): wlan0: _wpa_supplicant_event_scan_results 1183
D/wpa_supplicant(  940): wlan0: New scan results available
D/wpa_supplicant(  940): wlan0: Checking for other virtual interfaces sharing same radio (phy0) in event_scan_results
D/StateMachine(  272): handleMessage: E msg.what=147461
D/StateMachine(  272): processMsg: ConnectedState
D/WifiStateMachine(  272): ConnectedState{ what=147461 when=-1ms }
D/StateMachine(  272): processMsg: ConnectModeState
D/WifiStateMachine(  272): ConnectModeState{ what=147461 when=-1ms }
D/wpa_supplicant(  940): wpa_supplicant_ctrl_iface_process: p2p_flag = 0
D/StateMachine(  272): processMsg: DriverStartedState
D/WifiStateMachine(  272): DriverStartedState{ what=147461 when=-2ms }
D/StateMachine(  272): processMsg: SupplicantStartedState
D/WifiStateMachine(  272): SupplicantStartedState{ what=147461 when=-2ms }
D/SPRDENG (  184): eng_pc2client: read length error
D/SPRDENG (  184): restart_gser ERROR : Not a typewriter
D/SPRDENG (  184): reopen serial
D/SPRDENG (  184): eng_pc2client: Waitting cmd from PC fd=9
D/wpa_supplicant(  940): wpa_supplicant_ctrl_iface_process: p2p_flag = 0
V/UsbDeviceManager(  272): USB UEVENT: {USB_STATE=DISCONNECTED, SUBSYSTEM=android_usb, DEVPATH=/devices/virtual/android_usb/android0, SEQNUM=1255, ACTION=change}
V/UsbDeviceManager(  272):  state :DISCONNECTED | accessory: null
D/StateMachine(  272): handleMessage: E msg.what=135172
D/StateMachine(  272): processMsg: DelayWalledGardenState
D/StateMachine(  272): processMsg: ConnectedState
D/StateMachine(  272): handleMessage: X
D/StateMachine(  272): handleMessage: X
E/UsbDeviceManager(  272): send  com.sprd.android.action.USB_DISCONNECT
D/VCharge (   80): write 18
D/VCharge (   80):  to /data/.battery_nv 
D/VCharge (   80): vcharge stop
I/StorageNotification(  559): UMS connection changed to false (media state removed)
D/dalvikvm(  559): GC_CONCURRENT freed 1468K, 32% free 8308K/12099K, paused 2ms+5ms
D/gralloc.mali(   83): fps = 3.845356
D/dalvikvm( 1003): GC_CONCURRENT freed 1749K, 23% free 7814K/10051K, paused 1ms+4ms
E/Posix   (  272): Posix_open return with -1, errno 2 No such file or directory
I/System.out(  272): iobridge available0FileDescriptor[234]
I/System.out(  272): iobridge available0FileDescriptor[234]
I/System.out(  272): iobridge available0FileDescriptor[234]
D/SmartPowerService(  272): receive broadcast! action = android.intent.action.BATTERY_CHANGED
D/SmartPowerService(  272): batteryLevel = 99
D/SmartPowerService(  272): battery changed! level = 99, mIsTriggered = false
D/SmartPowerService(  272): battery low condition. value = 99,data 1 = 20
I/System.out( 1003): iobridge available12288FileDescriptor[55]
I/System.out( 1266): iobridge recvfrom-1FileDescriptor[44]
D/SPRDENG (  184): DIAGLOG
I/System.out( 1266): iobridge FileDescriptorFileDescriptor[44]:true
I/System.out( 1266): iobridge getSocketLocalAddress::FileDescriptor[44]
I/System.out( 1266): iobridge bind to 0.0.0.0port0FileDescriptor[44]
I/System.out( 1266): iobridge getSocketLocalPort59442FileDescriptor[44]
I/System.out( 1266): iobridge connect2180.97.33.71FileDescriptor[44]
I/System.out( 1266): iobridge connect getStackTrace is libcore.io.IoBridge.checkMms(IoBridge.java:106)
I/System.out( 1266): iobridge connect getStackTrace is libcore.io.IoBridge.connect(IoBridge.java:155)
I/System.out( 1266): iobridge connect getStackTrace is java.net.PlainSocketImpl.connect(PlainSocketImpl.java:192)
I/System.out( 1266): iobridge connect getStackTrace is java.net.PlainSocketImpl.connect(PlainSocketImpl.java:459)
I/System.out( 1266): iobridge connect getStackTrace is java.net.Socket.connect(Socket.java:854)
I/System.out( 1266): iobridge connect getStackTrace is libcore.net.http.HttpConnection.<init>(HttpConnection.java:77)
I/System.out( 1266): iobridge connect getStackTrace is libcore.net.http.HttpConnection.<init>(HttpConnection.java:50)
I/System.out( 1266): iobridge connect getStackTrace is libcore.net.http.HttpConnection$Address.connect(HttpConnection.java:351)
I/System.out( 1266): iobridge connect getStackTrace is libcore.net.http.HttpConnectionPool.get(HttpConnectionPool.java:86)
I/System.out( 1266): iobridge connect getStackTrace is libcore.net.http.HttpConnection.connect(HttpConnection.java:128)
I/System.out( 1266): iobridge connect getStackTrace is libcore.net.http.HttpEngine.openSocketConnection(HttpEngine.java:308)
I/System.out( 1266): iobridge connect getStackTrace is libcore.net.http.HttpEngine.connect(HttpEngine.java:303)
I/System.out( 1266): iobridge connect getStackTrace is libcore.net.http.HttpEngine.sendSocketRequest(HttpEngine.java:282)
I/System.out( 1266): iobridge connect getStackTrace is libcore.net.http.HttpEngine.sendRequest(HttpEngine.java:232)
I/System.out( 1266): iobridge connect getStackTrace is libcore.net.http.HttpURLConnectionImpl.getResponse(HttpURLConnectionImpl.java:273)
I/System.out( 1266): iobridge connect getStackTrace is libcore.net.http.HttpURLConnectionImpl.getInputStream(HttpURLConnectionImpl.java:168)
I/System.out( 1266): iobridge connect getStackTrace is com.baidu.thememanager.ui.ComponentManager$1.doInBackground(ComponentManager.java:442)
I/System.out( 1266): iobridge connect getStackTrace is com.baidu.thememanager.ui.ComponentManager$1.doInBackground(ComponentManager.java:435)
I/System.out( 1266): iobridge connect getStackTrace is android.os.AsyncTask$2.call(AsyncTask.java:264)
I/System.out( 1266): iobridge connect getStackTrace is java.util.concurrent.FutureTask$Sync.innerRun(FutureTask.java:305)
I/System.out( 1266): iobridge connect getStackTrace is java.util.concurrent.FutureTask.run(FutureTask.java:137)
I/System.out( 1266): iobridge connect getStackTrace is android.os.AsyncTask$SerialExecutor$1.run(AsyncTask.java:208)
I/System.out( 1266): iobridge connect getStackTrace is java.util.concurrent.ThreadPoolExecutor.runWorker(ThreadPoolExecutor.java:1076)
I/System.out( 1266): iobridge connect getStackTrace is java.util.concurrent.ThreadPoolExecutor$Worker.run(ThreadPoolExecutor.java:569)
I/System.out( 1266): iobridge connect getStackTrace is java.lang.Thread.run(Thread.java:856)
D/dalvikvm( 1003): GC_CONCURRENT freed 1869K, 23% free 7814K/10051K, paused 2ms+2ms
I/System.out( 1266): iobridge getSocketLocalAddress192.168.1.12FileDescriptor[44]
I/System.out( 1266): iobridge setSocketOption :4102FileDescriptor[44]
I/System.out( 1266): iobridge sendto193FileDescriptor[44]
I/System.out( 1266): iobridge recvfrom128FileDescriptor[44]
I/System.out( 1266): iobridge recvfrom128FileDescriptor[44]
I/System.out( 1266): iobridge recvfrom128FileDescriptor[44]
I/System.out( 1266): iobridge recvfrom128FileDescriptor[44]
I/System.out( 1266): iobridge recvfrom128FileDescriptor[44]
I/System.out( 1266): iobridge available1408FileDescriptor[44]
I/System.out( 1266): iobridge recvfrom441FileDescriptor[44]
I/System.out( 1266): iobridge recvfrom512FileDescriptor[44]
I/System.out( 1266): iobridge recvfrom455FileDescriptor[44]
I/System.out( 1266): iobridge available3349FileDescriptor[44]
W/System.err( 1266): org.json.JSONException: Value <!DOCTYPE of type java.lang.String cannot be converted to JSONObject
W/System.err( 1266): 	at org.json.JSON.typeMismatch(JSON.java:111)
W/System.err( 1266): 	at org.json.JSONObject.<init>(JSONObject.java:158)
W/System.err( 1266): 	at org.json.JSONObject.<init>(JSONObject.java:171)
W/System.err( 1266): 	at com.baidu.thememanager.ui.ComponentManager.loadSupportedKeys(ComponentManager.java:388)
W/System.err( 1266): 	at com.baidu.thememanager.ui.ComponentManager$1.onPostExecute(ComponentManager.java:471)
W/System.err( 1266): 	at com.baidu.thememanager.ui.ComponentManager$1.onPostExecute(ComponentManager.java:435)
W/System.err( 1266): 	at android.os.AsyncTask.finish(AsyncTask.java:602)
W/System.err( 1266): 	at android.os.AsyncTask.access$600(AsyncTask.java:156)
W/System.err( 1266): 	at android.os.AsyncTask$InternalHandler.handleMessage(AsyncTask.java:615)
W/System.err( 1266): 	at android.os.Handler.dispatchMessage(Handler.java:99)
W/System.err( 1266): 	at android.os.Looper.loop(Looper.java:137)
W/System.err( 1266): 	at android.app.ActivityThread.main(ActivityThread.java)
W/System.err( 1266): 	at java.lang.reflect.Method.invokeNative(Native Method)
W/System.err( 1266): 	at java.lang.reflect.Method.invoke(Method.java:511)
W/System.err( 1266): 	at com.android.internal.os.ZygoteInit$MethodAndArgsCaller.run(ZygoteInit.java:825)
W/System.err( 1266): 	at com.android.internal.os.ZygoteInit.main(ZygoteInit.java:592)
W/System.err( 1266): 	at dalvik.system.NativeStart.main(Native Method)
E/Posix   ( 1266): Posix_open return with -1, errno 2 No such file or directory
I/System.out( 1266): iobridge FileDescriptorFileDescriptor[46]:true
I/System.out( 1266): iobridge getSocketLocalAddress::FileDescriptor[46]
I/System.out( 1266): iobridge bind to 0.0.0.0port0FileDescriptor[46]
I/System.out( 1266): iobridge getSocketLocalPort41996FileDescriptor[46]
I/System.out( 1266): iobridge connect2220.181.111.171FileDescriptor[46]
I/System.out( 1266): iobridge connect getStackTrace is libcore.io.IoBridge.checkMms(IoBridge.java:106)
I/System.out( 1266): iobridge connect getStackTrace is libcore.io.IoBridge.connect(IoBridge.java:155)
I/System.out( 1266): iobridge connect getStackTrace is java.net.PlainSocketImpl.connect(PlainSocketImpl.java:192)
I/System.out( 1266): iobridge connect getStackTrace is java.net.PlainSocketImpl.connect(PlainSocketImpl.java:459)
I/System.out( 1266): iobridge connect getStackTrace is java.net.Socket.connect(Socket.java:854)
I/System.out( 1266): iobridge connect getStackTrace is libcore.net.http.HttpConnection.<init>(HttpConnection.java:77)
I/System.out( 1266): iobridge connect getStackTrace is libcore.net.http.HttpConnection.<init>(HttpConnection.java:50)
I/System.out( 1266): iobridge connect getStackTrace is libcore.net.http.HttpConnection$Address.connect(HttpConnection.java:351)
I/System.out( 1266): iobridge connect getStackTrace is libcore.net.http.HttpConnectionPool.get(HttpConnectionPool.java:86)
I/System.out( 1266): iobridge connect getStackTrace is libcore.net.http.HttpConnection.connect(HttpConnection.java:128)
I/System.out( 1266): iobridge connect getStackTrace is libcore.net.http.HttpEngine.openSocketConnection(HttpEngine.java:308)
I/System.out( 1266): iobridge connect getStackTrace is libcore.net.http.HttpEngine.connect(HttpEngine.java:303)
I/System.out( 1266): iobridge connect getStackTrace is libcore.net.http.HttpEngine.sendSocketRequest(HttpEngine.java:282)
I/System.out( 1266): iobridge connect getStackTrace is libcore.net.http.HttpEngine.sendRequest(HttpEngine.java:232)
I/System.out( 1266): iobridge connect getStackTrace is libcore.net.http.HttpURLConnectionImpl.getResponse(HttpURLConnectionImpl.java:273)
I/System.out( 1266): iobridge connect getStackTrace is libcore.net.http.HttpURLConnectionImpl.getInputStream(HttpURLConnectionImpl.java:168)
I/System.out( 1266): iobridge connect getStackTrace is com.baidu.thememanager.ui.ComponentManager$1.doInBackground(ComponentManager.java:442)
I/System.out( 1266): iobridge connect getStackTrace is com.baidu.thememanager.ui.ComponentManager$1.doInBackground(ComponentManager.java:435)
I/System.out( 1266): iobridge connect getStackTrace is android.os.AsyncTask$2.call(AsyncTask.java:264)
I/System.out( 1266): iobridge connect getStackTrace is java.util.concurrent.FutureTask$Sync.innerRun(FutureTask.java:305)
I/System.out( 1266): iobridge connect getStackTrace is java.util.concurrent.FutureTask.run(FutureTask.java:137)
I/System.out( 1266): iobridge connect getStackTrace is android.os.AsyncTask$SerialExecutor$1.run(AsyncTask.java:208)
I/System.out( 1266): iobridge connect getStackTrace is java.util.concurrent.ThreadPoolExecutor.runWorker(ThreadPoolExecutor.java:1076)
I/System.out( 1266): iobridge connect getStackTrace is java.util.concurrent.ThreadPoolExecutor$Worker.run(ThreadPoolExecutor.java:569)
I/System.out( 1266): iobridge connect getStackTrace is java.lang.Thread.run(Thread.java:856)
I/System.out( 1266): iobridge getSocketLocalAddress192.168.1.12FileDescriptor[46]
I/System.out( 1266): iobridge setSocketOption :4102FileDescriptor[46]
I/System.out( 1266): iobridge sendto197FileDescriptor[46]
D/VCharge (   80): write 18
D/VCharge (   80):  to /sys/class/power_supply/battery/hw_switch_point 
D/VCharge (   80): vcharge start
I/System.out( 1266): iobridge recvfrom128FileDescriptor[46]
I/System.out( 1266): iobridge recvfrom20FileDescriptor[46]
E/Posix   (  272): Posix_open return with -1, errno 2 No such file or directory
D/SmartPowerService(  272): receive broadcast! action = android.intent.action.BATTERY_CHANGED
D/SmartPowerService(  272): batteryLevel = 100
V/UsbDeviceManager(  272): USB UEVENT: {USB_STATE=CONNECTED, SUBSYSTEM=android_usb, DEVPATH=/devices/virtual/android_usb/android0, SEQNUM=1261, ACTION=change}
V/UsbDeviceManager(  272):  state :CONNECTED | accessory: null
E/UsbDeviceManager(  272): No known USB function in updateUsbNotification
V/UsbDeviceManager(  272): USB UEVENT: {USB_STATE=CONFIGURED, SUBSYSTEM=android_usb, DEVPATH=/devices/virtual/android_usb/android0, SEQNUM=1262, ACTION=change}
V/UsbDeviceManager(  272):  state :CONFIGURED | accessory: null
W/PowerUI (  559): unknown intent: Intent { act=android.intent.action.ACTION_POWER_CONNECTED flg=0x10000010 }
D/gralloc.mali(   83): fps = 1.379275
D/SmartPowerService(  272): battery changed! level = 100, mIsTriggered = false
D/SmartPowerService(  272): battery low condition. value = 100,data 1 = 20
D/SmartPowerService(  272): receive broadcast! action = android.intent.action.BATTERY_CHANGED
D/SmartPowerService(  272): batteryLevel = 100
D/SmartPowerService(  272): battery changed! level = 100, mIsTriggered = false
D/SmartPowerService(  272): battery low condition. value = 100,data 1 = 20
E/UsbDeviceManager(  272): No known USB function in updateUsbNotification
I/PowerManagerService(  272): mLocks 01com.baidu.systemverify.VerificationService
I/PowerManagerService(  272): mLocks 11AlarmManager
D/PowerManagerService(  272): acquireWakeLock flags=0xa tag=KEEP_SCREEN_ON_FLAG
I/SurfaceTexture(   83): [Toast] connect: api=2 mConnectedApi =0
I/gralloc.mali(   83): ump alloc addr 4124f000 ====================================
I/StorageNotification(  559): UMS connection changed to true (media state removed)
D/StateMachine(  272): handleMessage: E msg.what=135272
D/StateMachine(  272): processMsg: DelayWalledGardenState
I/System.out(  272): iobridge FileDescriptorFileDescriptor[278]:true
I/System.out(  272): iobridge getSocketLocalAddress::FileDescriptor[278]
I/System.out(  272): iobridge bind to 0.0.0.0port0FileDescriptor[278]
I/System.out(  272): iobridge getSocketLocalPort36187FileDescriptor[278]
I/System.out(  272): iobridge connect274.125.136.138FileDescriptor[278]
I/System.out(  272): iobridge connect getStackTrace is libcore.io.IoBridge.checkMms(IoBridge.java:106)
I/System.out(  272): iobridge connect getStackTrace is libcore.io.IoBridge.connect(IoBridge.java:155)
I/System.out(  272): iobridge connect getStackTrace is java.net.PlainSocketImpl.connect(PlainSocketImpl.java:192)
I/System.out(  272): iobridge connect getStackTrace is java.net.PlainSocketImpl.connect(PlainSocketImpl.java:459)
I/System.out(  272): iobridge connect getStackTrace is java.net.Socket.connect(Socket.java:854)
I/System.out(  272): iobridge connect getStackTrace is libcore.net.http.HttpConnection.<init>(HttpConnection.java:77)
I/System.out(  272): iobridge connect getStackTrace is libcore.net.http.HttpConnection.<init>(HttpConnection.java:50)
I/System.out(  272): iobridge connect getStackTrace is libcore.net.http.HttpConnection$Address.connect(HttpConnection.java:351)
I/System.out(  272): iobridge connect getStackTrace is libcore.net.http.HttpConnectionPool.get(HttpConnectionPool.java:86)
I/System.out(  272): iobridge connect getStackTrace is libcore.net.http.HttpConnection.connect(HttpConnection.java:128)
I/System.out(  272): iobridge connect getStackTrace is libcore.net.http.HttpEngine.openSocketConnection(HttpEngine.java:308)
I/System.out(  272): iobridge connect getStackTrace is libcore.net.http.HttpEngine.connect(HttpEngine.java:303)
I/System.out(  272): iobridge connect getStackTrace is libcore.net.http.HttpEngine.sendSocketRequest(HttpEngine.java:282)
I/System.out(  272): iobridge connect getStackTrace is libcore.net.http.HttpEngine.sendRequest(HttpEngine.java:232)
I/System.out(  272): iobridge connect getStackTrace is libcore.net.http.HttpURLConnectionImpl.getResponse(HttpURLConnectionImpl.java:273)
I/System.out(  272): iobridge connect getStackTrace is libcore.net.http.HttpURLConnectionImpl.getInputStream(HttpURLConnectionImpl.java:168)
I/System.out(  272): iobridge connect getStackTrace is android.net.wifi.WifiWatchdogStateMachine.isWalledGardenConnection(WifiWatchdogStateMachine.java:363)
I/System.out(  272): iobridge connect getStackTrace is android.net.wifi.WifiWatchdogStateMachine.access$4000(WifiWatchdogStateMachine.java:68)
I/System.out(  272): iobridge connect getStackTrace is android.net.wifi.WifiWatchdogStateMachine$DelayWalledGardenState.processMessage(WifiWatchdogStateMachine.java:844)
I/System.out(  272): iobridge connect getStackTrace is com.android.internal.util.StateMachine$SmHandler.processMsg(StateMachine.java:881)
I/System.out(  272): iobridge connect getStackTrace is com.android.internal.util.StateMachine$SmHandler.handleMessage(StateMachine.java:741)
I/System.out(  272): iobridge connect getStackTrace is android.os.Handler.dispatchMessage(Handler.java:99)
I/System.out(  272): iobridge connect getStackTrace is android.os.Looper.loop(Looper.java:137)
I/System.out(  272): iobridge connect getStackTrace is android.os.HandlerThread.run(HandlerThread.java:60)
D/StateMachine(  272): handleMessage: E msg.what=131155
D/StateMachine(  272): processMsg: ConnectedState
D/WifiStateMachine(  272): ConnectedState{ what=131155 when=-2ms arg1=1 }
D/wpa_supplicant(  940): nl80211: survey data missing!
D/wpa_supplicant(  940): wpa_supplicant_ctrl_iface_process: p2p_flag = 0
D/StateMachine(  272): handleMessage: X
D/NetworkTimeUpdateService(  272): System time = 1404461361676
D/NetworkTimeUpdateService(  272): Before Ntp fetch
D/NetworkTimeUpdateService(  272): Ntp time is close enough = 1404461361854
I/PowerManagerService(  272): mLocks 01com.baidu.systemverify.VerificationService
I/PowerManagerService(  272): mLocks 11AlarmManager
I/PowerManagerService(  272): mLocks 210KEEP_SCREEN_ON_FLAG
D/PowerManagerService(  272): acquireWakeLock flags=0x1 tag=SyncLoopWakeLock
D/StateMachine(  272): handleMessage: E msg.what=3
D/StateMachine(  272): processMsg: InitialState
D/Tethering(  272): MasterInitialState.processMessage what=3
E/StateMachine(  272): TetherMaster - unhandledMessage: msg.what=3
D/StateMachine(  272): handleMessage: X
D/BackupRestoreService( 1119): mNetWorkChangedReceiver, onReceive, action = android.net.conn.CONNECTIVITY_CHANGE
D/TAG     ( 1119): wifiAvailible, ret true
V/AlarmManager(  272): SetLocked alarm type is : 1
V/AlarmManager(  272): SetLocked alarm type is : 1
I/PowerManagerService(  272): mLocks 01com.baidu.systemverify.VerificationService
D/PowerManagerService(  272): releaseWakeLock flags=0x1 tag=SyncLoopWakeLock
D/StateMachine(  272): handleMessage: E msg.what=3
D/StateMachine(  272): processMsg: InitialState
D/Tethering(  272): MasterInitialState.processMessage what=3
E/StateMachine(  272): TetherMaster - unhandledMessage: msg.what=3
D/StateMachine(  272): handleMessage: X
D/NetworkTimeUpdateService(  272): System time = 1404461361737
I/PowerManagerService(  272): mLocks 11AlarmManager
D/BackupRestoreService( 1119): mNetWorkChangedReceiver, onReceive, action = android.net.conn.CONNECTIVITY_CHANGE
D/TAG     ( 1119): wifiAvailible, ret true
I/PowerManagerService(  272): mLocks 210KEEP_SCREEN_ON_FLAG
I/PowerManagerService(  272): mLocks 01com.baidu.systemverify.VerificationService
I/PowerManagerService(  272): mLocks 11AlarmManager
I/PowerManagerService(  272): mLocks 210KEEP_SCREEN_ON_FLAG
D/PowerManagerService(  272): acquireWakeLock flags=0x1 tag=SyncLoopWakeLock
I/System.out( 1003): iobridge available13312FileDescriptor[55]
I/PowerManagerService(  272): mLocks 01com.baidu.systemverify.VerificationService
I/PowerManagerService(  272): mLocks 11AlarmManager
I/PowerManagerService(  272): mLocks 210KEEP_SCREEN_ON_FLAG
D/PowerManagerService(  272): releaseWakeLock flags=0x1 tag=SyncLoopWakeLock
D/dalvikvm( 1003): GC_CONCURRENT freed 1787K, 23% free 7812K/10051K, paused 2ms+2ms
D/InputDispatcher(  272): notifyMotion - eventTime=190295676000, deviceId=5, source=0x1002, policyFlags=0x0, action=0x0, flags=0x0, metaState=0x0, buttonState=0x0, edgeFlags=0x0, xPrecision=1.002083, yPrecision=1.001250, downTime=190295676000
I/System.out( 1266): iobridge recvfrom-1FileDescriptor[46]
V/SetupWizardMainActivity(  676): onPageScrollStateChanged
I/System.out( 1266): iobridge FileDescriptorFileDescriptor[46]:true
D/gralloc.mali(   83): fps = 14.203962
I/System.out( 1266): iobridge getSocketLocalAddress::FileDescriptor[46]
I/System.out( 1266): iobridge bind to 0.0.0.0port0FileDescriptor[46]
I/System.out( 1266): iobridge getSocketLocalPort34139FileDescriptor[46]
I/System.out( 1266): iobridge connect2180.97.33.71FileDescriptor[46]
I/System.out( 1266): iobridge connect getStackTrace is libcore.io.IoBridge.checkMms(IoBridge.java:106)
I/System.out( 1266): iobridge connect getStackTrace is libcore.io.IoBridge.connect(IoBridge.java:155)
I/System.out( 1266): iobridge connect getStackTrace is java.net.PlainSocketImpl.connect(PlainSocketImpl.java:192)
I/System.out( 1266): iobridge connect getStackTrace is java.net.PlainSocketImpl.connect(PlainSocketImpl.java:459)
I/System.out( 1266): iobridge connect getStackTrace is java.net.Socket.connect(Socket.java:854)
I/System.out( 1266): iobridge connect getStackTrace is libcore.net.http.HttpConnection.<init>(HttpConnection.java:77)
I/System.out( 1266): iobridge connect getStackTrace is libcore.net.http.HttpConnection.<init>(HttpConnection.java:50)
I/System.out( 1266): iobridge connect getStackTrace is libcore.net.http.HttpConnection$Address.connect(HttpConnection.java:351)
I/System.out( 1266): iobridge connect getStackTrace is libcore.net.http.HttpConnectionPool.get(HttpConnectionPool.java:86)
I/System.out( 1266): iobridge connect getStackTrace is libcore.net.http.HttpConnection.connect(HttpConnection.java:128)
I/System.out( 1266): iobridge connect getStackTrace is libcore.net.http.HttpEngine.openSocketConnection(HttpEngine.java:308)
I/System.out( 1266): iobridge connect getStackTrace is libcore.net.http.HttpEngine.connect(HttpEngine.java:303)
D/InputDispatcher(  272): notifyMotion - eventTime=190434628000, deviceId=5, source=0x1002, policyFlags=0x0, action=0x1, flags=0x0, metaState=0x0, buttonState=0x0, edgeFlags=0x0, xPrecision=1.002083, yPrecision=1.001250, downTime=190295676000
I/System.out( 1266): iobridge connect getStackTrace is libcore.net.http.HttpEngine.sendSocketRequest(HttpEngine.java:282)
I/System.out( 1266): iobridge connect getStackTrace is libcore.net.http.HttpEngine.sendRequest(HttpEngine.java:232)
I/System.out( 1266): iobridge connect getStackTrace is libcore.net.http.HttpURLConnectionImpl.getResponse(HttpURLConnectionImpl.java:273)
I/System.out( 1266): iobridge connect getStackTrace is libcore.net.http.HttpURLConnectionImpl.getInputStream(HttpURLConnectionImpl.java:168)
I/System.out( 1266): iobridge connect getStackTrace is com.baidu.thememanager.ui.ComponentManager$1.doInBackground(ComponentManager.java:442)
I/System.out( 1266): iobridge connect getStackTrace is com.baidu.thememanager.ui.ComponentManager$1.doInBackground(ComponentManager.java:435)
I/System.out( 1266): iobridge connect getStackTrace is android.os.AsyncTask$2.call(AsyncTask.java:264)
I/System.out( 1003): iobridge available14336FileDescriptor[55]
I/System.out( 1266): iobridge connect getStackTrace is java.util.concurrent.FutureTask$Sync.innerRun(FutureTask.java:305)
I/System.out( 1266): iobridge connect getStackTrace is java.util.concurrent.FutureTask.run(FutureTask.java:137)
I/System.out( 1266): iobridge connect getStackTrace is android.os.AsyncTask$SerialExecutor$1.run(AsyncTask.java:208)
I/System.out( 1266): iobridge connect getStackTrace is java.util.concurrent.ThreadPoolExecutor.runWorker(ThreadPoolExecutor.java:1076)
V/SetupWizardMainActivity(  676): onPageScrollStateChanged
V/SetupWizardMainActivity(  676): PageSelected:page=TimeSettingPage,position=1
I/System.out( 1266): iobridge connect getStackTrace is java.util.concurrent.ThreadPoolExecutor$Worker.run(ThreadPoolExecutor.java:569)
I/System.out( 1266): iobridge connect getStackTrace is java.lang.Thread.run(Thread.java:856)
I/System.out( 1266): iobridge getSocketLocalAddress192.168.1.12FileDescriptor[46]
I/System.out( 1266): iobridge setSocketOption :4102FileDescriptor[46]
I/System.out( 1266): iobridge sendto193FileDescriptor[46]
I/System.out( 1266): iobridge recvfrom128FileDescriptor[46]
I/System.out( 1266): iobridge recvfrom128FileDescriptor[46]
I/System.out( 1266): iobridge recvfrom128FileDescriptor[46]
I/System.out( 1266): iobridge recvfrom128FileDescriptor[46]
I/System.out( 1266): iobridge recvfrom128FileDescriptor[46]
V/SetupWizardMainActivity(  676): onPageScrollStateChanged
D/dalvikvm( 1299): GC_CONCURRENT freed 340K, 24% free 2311K/3011K, paused 2ms+4ms
V/AlarmManager(  272): SetLocked alarm type is : 2
I/System.out( 1266): iobridge available1408FileDescriptor[46]
I/System.out( 1266): iobridge recvfrom441FileDescriptor[46]
I/System.out( 1266): iobridge recvfrom512FileDescriptor[46]
I/System.out( 1266): iobridge recvfrom455FileDescriptor[46]
I/System.out( 1266): iobridge available3349FileDescriptor[46]
W/System.err( 1266): org.json.JSONException: Value <!DOCTYPE of type java.lang.String cannot be converted to JSONObject
W/System.err( 1266): 	at org.json.JSON.typeMismatch(JSON.java:111)
W/System.err( 1266): 	at org.json.JSONObject.<init>(JSONObject.java:158)
W/System.err( 1266): 	at org.json.JSONObject.<init>(JSONObject.java:171)
W/System.err( 1266): 	at com.baidu.thememanager.ui.ComponentManager.loadSupportedKeys(ComponentManager.java:388)
W/System.err( 1266): 	at com.baidu.thememanager.ui.ComponentManager$1.onPostExecute(ComponentManager.java:471)
W/System.err( 1266): 	at com.baidu.thememanager.ui.ComponentManager$1.onPostExecute(ComponentManager.java:435)
W/System.err( 1266): 	at android.os.AsyncTask.finish(AsyncTask.java:602)
W/System.err( 1266): 	at android.os.AsyncTask.access$600(AsyncTask.java:156)
W/System.err( 1266): 	at android.os.AsyncTask$InternalHandler.handleMessage(AsyncTask.java:615)
W/System.err( 1266): 	at android.os.Handler.dispatchMessage(Handler.java:99)
W/System.err( 1266): 	at android.os.Looper.loop(Looper.java:137)
W/System.err( 1266): 	at android.app.ActivityThread.main(ActivityThread.java)
W/System.err( 1266): 	at java.lang.reflect.Method.invokeNative(Native Method)
W/System.err( 1266): 	at java.lang.reflect.Method.invoke(Method.java:511)
W/System.err( 1266): 	at com.android.internal.os.ZygoteInit$MethodAndArgsCaller.run(ZygoteInit.java:825)
W/System.err( 1266): 	at com.android.internal.os.ZygoteInit.main(ZygoteInit.java:592)
W/System.err( 1266): 	at dalvik.system.NativeStart.main(Native Method)
D/InputDispatcher(  272): notifyMotion - eventTime=191330238000, deviceId=5, source=0x1002, policyFlags=0x0, action=0x0, flags=0x0, metaState=0x0, buttonState=0x0, edgeFlags=0x0, xPrecision=1.002083, yPrecision=1.001250, downTime=191330238000
