V/SetupWizardMainActivity(  676): onPageScrollStateChanged
D/gralloc.mali(   83): fps = 12.573232
E/Posix   (  272): Posix_open return with -1, errno 2 No such file or directory
D/InputDispatcher(  272): notifyMotion - eventTime=191458555000, deviceId=5, source=0x1002, policyFlags=0x0, action=0x1, flags=0x0, metaState=0x0, buttonState=0x0, edgeFlags=0x0, xPrecision=1.002083, yPrecision=1.001250, downTime=191330238000
D/dalvikvm( 1003): GC_CONCURRENT freed 1742K, 23% free 7817K/10051K, paused 2ms+3ms
V/SetupWizardMainActivity(  676): onPageScrollStateChanged
V/SetupWizardMainActivity(  676): PageSelected:page=AccountSettingPage,position=2
D/dalvikvm(  809): GC_CONCURRENT freed 268K, 22% free 2459K/3139K, paused 1ms+27ms
D/dalvikvm( 1056): GC_CONCURRENT freed 265K, 19% free 2974K/3651K, paused 2ms+2ms
V/SetupWizardMainActivity(  676): onPageScrollStateChanged
I/System.out( 1003): iobridge available15360FileDescriptor[55]
D/InputDispatcher(  272): notifyMotion - eventTime=192255674000, deviceId=5, source=0x1002, policyFlags=0x0, action=0x0, flags=0x0, metaState=0x0, buttonState=0x0, edgeFlags=0x0, xPrecision=1.002083, yPrecision=1.001250, downTime=192255674000
V/SetupWizardMainActivity(  676): onPageScrollStateChanged
D/StateMachine(  272): handleMessage: E msg.what=131155
D/StateMachine(  272): processMsg: ConnectedState
D/WifiStateMachine(  272): ConnectedState{ what=131155 when=-3ms arg1=1 }
D/wpa_supplicant(  940): nl80211: survey data missing!
D/wpa_supplicant(  940): wpa_supplicant_ctrl_iface_process: p2p_flag = 0
D/StateMachine(  272): handleMessage: X
D/InputDispatcher(  272): notifyMotion - eventTime=192413489000, deviceId=5, source=0x1002, policyFlags=0x0, action=0x1, flags=0x0, metaState=0x0, buttonState=0x0, edgeFlags=0x0, xPrecision=1.002083, yPrecision=1.001250, downTime=192255674000
D/gralloc.mali(   83): fps = 29.458782
V/SetupWizardMainActivity(  676): onPageScrollStateChanged
V/SetupWizardMainActivity(  676): PageSelected:page=FinishPage,position=3
I/SurfaceTexture(   83): [Toast] disconnect: api=2
I/PowerManagerService(  272): mLocks 01com.baidu.systemverify.VerificationService
I/PowerManagerService(  272): mLocks 11AlarmManager
D/PowerManagerService(  272): releaseWakeLock flags=0xa tag=KEEP_SCREEN_ON_FLAG
V/SetupWizardMainActivity(  676): onPageScrollStateChanged
D/InputDispatcher(  272): notifyMotion - eventTime=193150650000, deviceId=5, source=0x1002, policyFlags=0x0, action=0x0, flags=0x0, metaState=0x0, buttonState=0x0, edgeFlags=0x0, xPrecision=1.002083, yPrecision=1.001250, downTime=193150650000
D/InputDispatcher(  272): notifyMotion - eventTime=193249177000, deviceId=5, source=0x1002, policyFlags=0x0, action=0x1, flags=0x0, metaState=0x0, buttonState=0x0, edgeFlags=0x0, xPrecision=1.002083, yPrecision=1.001250, downTime=193150650000
V/FinishSettingActivity(  676): enableStausBar
V/AudioFlinger(   86): createTrack() sessionId: 0
V/AudioFlinger(   86): createTrack() lSessionId: 6
V/AudioFlinger(   86): Track constructor name 4098, calling thread 272
W/AudioTrack(  272): AudioTrack set for tack, mimeType=
E/AudioFlinger(   86): unkown mime type 
W/AudioFlinger(   86): setMimeType 0 () for track, stream=1
V/AudioFlinger(   86): acquiring 6 from 272
V/AudioFlinger(   86):  added new entry for 6
V/AudioFlinger(   86): start(4098), calling thread 272 session 6
V/AudioFlinger(   86): ? => ACTIVE (4098) on thread 0x13b5328
V/AudioPolicyService(   86): startOutput() tid 86
V/AudioPolicyManagerBase(   86): startOutput() output 1, stream 1, session 6
V/AudioPolicyManagerBase(   86): changeRefCount() stream 1, count 1
V/AudioPolicyManagerBase(   86): getDeviceForStrategy() from cache strategy 0, device 2
V/AudioPolicyManagerBase(   86): getNewDevice() selected device 2
D/AudioPolicyManagerBase(   86): setOutputDevice() output 1 device 2 delayMs 0
V/AudioPolicyManagerBase(   86): setOutputDevice() setting same device 2 or null device for output 1
E/AudioPolicyManagerBase(   86): checkAndSetVolume stream=1, index=7, output=1, device=2
E/AudioPolicyManagerBase(   86): computeVolume, streamDesc=0x139cfe8
V/AudioPolicyManagerBase(   86): VOLUME vol index=[66 100 100], dB=[-12.0 -6.0 -6.0] ampl=0.50119
V/AudioFlinger(   86): mWaitWorkCV.broadcast
V/AudioFlinger(   86): MixerThread 0x139f288 TID 172 waking up
I/PowerManagerService(  272): mLocks 01com.baidu.systemverify.VerificationService
I/PowerManagerService(  272): mLocks 11AlarmManager
V/AudioFlinger(   86): acquireWakeLock_l() AudioOut_1 status 0
D/PowerManagerService(  272): acquireWakeLock flags=0x1 tag=AudioOut_1
V/AudioFlinger(   86): releasing 5 from 272
V/AudioFlinger(   86):  decremented refcount to 0
V/AudioFlinger(   86): purging stale effects
V/AudioPolicyService(   86): releaseOutput() tid 174
V/AudioPolicyManagerBase(   86): releaseOutput() 1
V/AudioFlinger(   86): remove track (4097) and delete from mixer
V/AudioFlinger(   86): PlaybackThread::Track destructor
I/PowerManagerService(  272): mLocks 01com.baidu.systemverify.VerificationService
I/PowerManagerService(  272): mLocks 11AlarmManager
I/PowerManagerService(  272): mLocks 21AudioOut_1
D/PowerManagerService(  272): acquireWakeLock flags=0x1 tag=ActivityManager-Launch
E/FinishSettingActivity(  676): Launcher is not found
I/audio_hw_primary(   86): select_devices_signal starting...
I/audio_hw_primary(   86): select_devices_signal finished.
W/audio_hw_primary(   86): open s_tinycard in
W/audio_hw_primary(   86): open s_tinycard successfully
I/audio_hw_primary(   86): stream_routing_thread looping done.
I/audio_hw_primary(   86): stream_routing_thread looping now...
I/audio_hw_primary(   86): Changing devices: 0x00000002
I/ActivityManager(  272): START {act=android.intent.action.MAIN cat=[android.intent.category.HOME] flg=0x10000000 cmp=com.baidu.home2/com.baidu.launcher2.Launcher (has extras)} from pid 676
I/audio_hw_primary(   86): Set 'Speaker Function'.0 to 1
I/audio_hw_primary(   86): Set 'Speaker2 Function'.0 to 1
I/audio_hw_primary(   86): Set 'SPKL Mixer DACLSPKL Switch'.0 to 1
I/audio_hw_primary(   86): Set 'SPKL Mixer DACRSPKL Switch'.0 to 1
I/audio_hw_primary(   86): Set 'SPKR Mixer DACLSPKR Switch'.0 to 1
I/audio_hw_primary(   86): Set 'SPKR Mixer DACRSPKR Switch'.0 to 1
I/audio_hw_primary(   86): Set 'HeadPhone Function'.0 to 0
I/audio_hw_primary(   86): Set 'HPL Mixer DACRHPL Switch'.0 to 0
I/audio_hw_primary(   86): Set 'HPR Mixer DACLHPR Switch'.0 to 0
I/audio_hw_primary(   86): Set 'Earpiece Function'.0 to 0
I/audio_hw_primary(   86): Set 'Mic Function'.0 to 0
I/audio_hw_primary(   86): Set 'ADCL Mixer MainMICADCL Switch'.0 to 0
I/audio_hw_primary(   86): Set 'ADCR Mixer MainMICADCR Switch'.0 to 0
I/audio_hw_primary(   86): Set 'Aux Mic Function'.0 to 0
I/audio_hw_primary(   86): Set 'ADCL Mixer AuxMICADCL Switch'.0 to 0
I/audio_hw_primary(   86): Set 'ADCR Mixer AuxMICADCR Switch'.0 to 0
I/audio_hw_primary(   86): Set 'HP Mic Function'.0 to 0
I/audio_hw_primary(   86): Set 'ADCL Mixer HPMICADCL Switch'.0 to 0
I/audio_hw_primary(   86): Set 'ADCR Mixer HPMICADCR Switch'.0 to 0
I/audio_hw_primary(   86): Set 'Line Function'.0 to 0
I/audio_hw_primary(   86): Set 'ADCL Mixer AILADCL Switch'.0 to 0
I/audio_hw_primary(   86): Set 'ADCR Mixer AIRADCR Switch'.0 to 0
I/audio_hw_primary(   86): Set 'SPKL Mixer ADCLSPKL Switch'.0 to 0
I/audio_hw_primary(   86): Set 'SPKL Mixer ADCRSPKL Switch'.0 to 0
I/audio_hw_primary(   86): Set 'SPKR Mixer ADCLSPKR Switch'.0 to 0
I/audio_hw_primary(   86): Set 'SPKR Mixer ADCRSPKR Switch'.0 to 0
I/audio_hw_primary(   86): Set 'HPL Mixer ADCRHPL Switch'.0 to 0
I/audio_hw_primary(   86): Set 'HPR Mixer ADCLHPR Switch'.0 to 0
W/audio_hw_primary(   86): GetAudio_pga_nv, dac_pga_gain_l:0x80180a07 adc_pga_gain_l:0xe fm_pga_gain_l:0x1a fm_pga_gain_r:0x1a device:0x2 vol_level:0x1 
D/audio_pga(   86): 'speaker-l' apply
I/audio_pga(   86): 'SPKL Playback Volume' set to 7
I/audio_pga(   86): 'VBC DACL DG Set' set to 24
I/audio_pga(   86): 'VBC DACL DG Switch' set to 1
D/audio_pga(   86): 'speaker-r' apply
I/audio_pga(   86): 'SPKR Playback Volume' set to 7
I/audio_pga(   86): 'VBC DACR DG Set' set to 24
I/audio_pga(   86): 'VBC DACR DG Switch' set to 1
W/audio_hw_primary(   86): SetAudio_gain_by_devices out, devices:0x2 
I/audio_hw_primary(   86): stream_routing_thread looping now...
V/AudioFlinger(   86): stop(4098), calling thread 272
V/AudioFlinger(   86): (> STOPPED) => STOPPED (4098) on thread 0x139f288
V/AudioPolicyService(   86): stopOutput() tid 174
V/AudioPolicyManagerBase(   86): stopOutput() output 1, stream 1, session 6
V/AudioPolicyManagerBase(   86): changeRefCount() stream 1, count 0
V/AudioPolicyManagerBase(   86): getNewDevice() selected device 0
D/AudioPolicyManagerBase(   86): setOutputDevice() output 1 device 0 delayMs 232
V/AudioPolicyManagerBase(   86): setOutputDevice() setting same device 0 or null device for output 1
I/System.out( 1003): iobridge available16384FileDescriptor[55]
V/AudioFlinger(   86): TrackBase::reset
D/dalvikvm( 1003): GC_CONCURRENT freed 1869K, 23% free 7818K/10051K, paused 1ms+8ms
W/ActivityManager(  272): Activity pause timeout for ActivityRecord{40faab38 com.baidu.setupwizard/.SetupWizardMainActivity}
I/ActivityManager(  272): START {act=android.intent.action.MAIN cat=[android.intent.category.HOME] flg=0x10000000 cmp=com.baidu.home2/com.baidu.launcher.app.Launcher} from pid 0
D/gralloc.mali(   83): fps = 12.679345
I/SurfaceTexture(   83): [Starting com.baidu.home2] connect: api=2 mConnectedApi =0
I/gralloc.mali(   83): ump alloc addr 42a87000 ====================================
I/ActivityManager(  272): Start proc com.baidu.home2 for activity com.baidu.home2/com.baidu.launcher.app.Launcher: pid=1331 uid=10040 gids={1015, 3003, 3002, 3001, 2001, 1006, 1007}
W/ActivityManager(  272): ==================ActivityRecord{40faab38 com.baidu.setupwizard/.SetupWizardMainActivity}==================
I/ActivityManager(  272): Force stopping package com.baidu.setupwizard uid=1000
I/ActivityManager(  272): Killing proc 759:com.baidu.setupwizard/1000: force stop
I/ActivityManager(  272):   Force finishing activity ActivityRecord{40faab38 com.baidu.setupwizard/.SetupWizardMainActivity}
W/ActivityManager(  272): Duplicate finish request for ActivityRecord{40faab38 com.baidu.setupwizard/.SetupWizardMainActivity}
V/SetupWizardMainActivity(  676): onPause
I/dalvikvm( 1331): Turning on JNI app bug workarounds for target SDK version 10...
I/AccountTypeManager( 1056): Loaded meta-data for 2 account types, 1 accounts in 15ms(wall) 3ms(cpu)
D/PackageManager(  272): generateServicesMap(android.accounts.AccountAuthenticator): 3 services unchanged
I/StatusBarManagerService(  272): binder died for pkg=com.baidu.setupwizard
D/PhoneStatusBar(  559): disable: < expand* icons alerts ticker system_info back home recent clock >
D/OpenGLRenderer(  676): Flushing caches (mode 0)
W/PackageManager(  272): Unable to load service info ResolveInfo{41498488 com.baidu.sync.service.ContactSyncAdapterService p=0 o=0 m=0x108000}
W/PackageManager(  272): org.xmlpull.v1.XmlPullParserException: Meta-data does not start with sync-adapter tag
W/PackageManager(  272): 	at android.content.pm.RegisteredServicesCache.parseServiceInfo(RegisteredServicesCache.java:389)
W/PackageManager(  272): 	at android.content.pm.RegisteredServicesCache.generateServicesMap(RegisteredServicesCache.java:261)
W/PackageManager(  272): 	at android.content.pm.RegisteredServicesCache$1.onReceive(RegisteredServicesCache.java:110)
W/PackageManager(  272): 	at android.app.LoadedApk$ReceiverDispatcher$Args.run(LoadedApk.java:728)
W/PackageManager(  272): 	at android.os.Handler.handleCallback(Handler.java:605)
W/PackageManager(  272): 	at android.os.Handler.dispatchMessage(Handler.java:92)
W/PackageManager(  272): 	at android.os.Looper.loop(Looper.java:137)
W/PackageManager(  272): 	at com.android.server.ServerThread.run(SystemServer.java:785)
I/SurfaceTexture(   83): [com.baidu.setupwizard/com.baidu.setupwizard.SetupWizardMainActivity] disconnect: api=1
D/PackageManager(  272): generateServicesMap(android.content.SyncAdapter): 6 services unchanged
I/System.out( 1003): iobridge available17408FileDescriptor[54]
D/dalvikvm( 1331): GC_CONCURRENT freed 151K, 17% free 2566K/3075K, paused 1ms+2ms
I/YhdsEngine( 1003): [AntiSpamCallManager] 16284 ==== initPhoneLabel coast time
I/YhdsEngine( 1003): [AntiSpamCallManager] get30DayCallLogs
D/YhdsEngine( 1003): [DxHttpUtils] request: http://tls.dxsvr.com/dxbb/2.0/user?model=Lenovo+A390t&signmd5=1765744084&vendor=Baidu&locale=zh_CN&pkg=com.baidu.antidisturbance&tk=aX1CNaR0PUsCyVqYztqsiw%3D%3D&h=800&vn=4.0.4-YINS_S_2.1.47.41&w=480&v=15&ntt=WIFI&ie=862576025154242&lc=ayVTpIjJzhY28yfi&sdk=15&dpi=240&sdk_api=4&sdk_ver=1.3.2&tk=aX1CNaR0PUsCyVqYztqsiw%3D%3D&model=Lenovo+A390t&signmd5=1765744084&vendor=Baidu&locale=zh_CN&pkg=com.baidu.antidisturbance&tk=aX1CNaR0PUsCyVqYztqsiw%3D%3D&h=800&vn=4.0.4-YINS_S_2.1.47.41&w=480&v=15&ntt=WIFI&ie=862576025154242&lc=ayVTpIjJzhY28yfi&sdk=15&dpi=240&sdk_api=4&sdk_ver=1.3.2
I/System.out( 1003): iobridge FileDescriptorFileDescriptor[58]:true
I/System.out( 1003): iobridge getSocketLocalAddress::FileDescriptor[58]
I/System.out( 1003): iobridge bind to 0.0.0.0port0FileDescriptor[58]
I/System.out( 1003): iobridge getSocketLocalPort60963FileDescriptor[58]
I/System.out( 1003): iobridge connect2210.14.133.51FileDescriptor[58]
I/System.out( 1003): iobridge connect getStackTrace is libcore.io.IoBridge.checkMms(IoBridge.java:106)
I/System.out( 1003): iobridge connect getStackTrace is libcore.io.IoBridge.connect(IoBridge.java:155)
I/System.out( 1003): iobridge connect getStackTrace is java.net.PlainSocketImpl.connect(PlainSocketImpl.java:192)
I/System.out( 1003): iobridge connect getStackTrace is java.net.PlainSocketImpl.connect(PlainSocketImpl.java:459)
I/System.out( 1003): iobridge connect getStackTrace is java.net.Socket.connect(Socket.java:854)
I/System.out( 1003): iobridge connect getStackTrace is libcore.net.http.HttpConnection.<init>(HttpConnection.java:77)
I/System.out( 1003): iobridge connect getStackTrace is libcore.net.http.HttpConnection.<init>(HttpConnection.java:50)
I/System.out( 1003): iobridge connect getStackTrace is libcore.net.http.HttpConnection$Address.connect(HttpConnection.java:351)
I/System.out( 1003): iobridge connect getStackTrace is libcore.net.http.HttpConnectionPool.get(HttpConnectionPool.java:86)
I/System.out( 1003): iobridge connect getStackTrace is libcore.net.http.HttpConnection.connect(HttpConnection.java:128)
I/System.out( 1003): iobridge connect getStackTrace is libcore.net.http.HttpEngine.openSocketConnection(HttpEngine.java:308)
I/System.out( 1003): iobridge connect getStackTrace is libcore.net.http.HttpEngine.connect(HttpEngine.java:303)
I/System.out( 1003): iobridge connect getStackTrace is libcore.net.http.HttpEngine.sendSocketRequest(HttpEngine.java:282)
D/StateMachine(  272): handleMessage: E msg.what=131155
D/StateMachine(  272): processMsg: ConnectedState
D/WifiStateMachine(  272): ConnectedState{ what=131155 when=-8ms arg1=1 }
D/wpa_supplicant(  940): nl80211: survey data missing!
D/wpa_supplicant(  940): wpa_supplicant_ctrl_iface_process: p2p_flag = 0
D/StateMachine(  272): handleMessage: X
I/ActivityThread( 1331): Pub com.baidu.home2.cloudstorage.provider: com.baidu.yi.sdk.cloudstorage.provider.CloudStorageProvider
I/System.out( 1003): iobridge connect getStackTrace is libcore.net.http.HttpEngine.sendRequest(HttpEngine.java:232)
I/System.out( 1003): iobridge connect getStackTrace is libcore.net.http.HttpURLConnectionImpl.connect(HttpURLConnectionImpl.java:80)
I/System.out( 1003): iobridge connect getStackTrace is yhdsengine.ea.a(DxHttpClient.java:118)
I/System.out( 1003): iobridge connect getStackTrace is yhdsengine.dx.a(HttpUtils.java:86)
I/System.out( 1003): iobridge connect getStackTrace is yhdsengine.by.pullAchieveInfo(AntiSpamAchieveInfoManagerImpl.java:50)
I/System.out( 1003): iobridge connect getStackTrace is yhdsengine.ca.b(AntiSpamCallManagerImpl.java:85)
D/dalvikvm( 1299): GC_CONCURRENT freed 404K, 27% free 2321K/3139K, paused 1ms+4ms
I/System.out( 1003): iobridge connect getStackTrace is com.dianxinos.optimizer.engine.EngineIntentService.b(EngineIntentService.java:144)
I/System.out( 1003): iobridge connect getStackTrace is com.dianxinos.optimizer.engine.EngineIntentService.a(EngineIntentService.java:121)
I/System.out( 1003): iobridge connect getStackTrace is com.dianxinos.optimizer.engine.EngineIntentService.onHandleIntent(EngineIntentService.java:58)
I/System.out( 1003): iobridge connect getStackTrace is android.app.IntentService$ServiceHandler.handleMessage(IntentService.java:65)
I/System.out( 1003): iobridge connect getStackTrace is android.os.Handler.dispatchMessage(Handler.java:99)
I/System.out( 1003): iobridge connect getStackTrace is android.os.Looper.loop(Looper.java:137)
I/System.out( 1003): iobridge connect getStackTrace is android.os.HandlerThread.run(HandlerThread.java:60)
V/AlarmManager(  272): SetLocked alarm type is : 2
V/AlarmManager(  272): SetLocked alarm type is : 2
D/Posix   ( 1003): ## MMS_TRACE: ##: getsockoptInt(): option = 4, result = 0.
I/System.out( 1003): iobridge getSocketLocalAddress192.168.1.12FileDescriptor[58]
I/System.out( 1003): iobridge setSocketOption :4102FileDescriptor[58]
I/System.out( 1003): iobridge sendto757FileDescriptor[58]
I/System.out( 1003): iobridge available18432FileDescriptor[49]
I/System.out(  662): iobridge FileDescriptorFileDescriptor[102]:false
D/Posix   (  662): ## MMS_TRACE: ##: setsockoptInt(): option = 18, value = 1.
I/System.out(  662): iobridge getSocketLocalAddress::FileDescriptor[102]
I/System.out(  662): iobridge bind to 0.0.0.0port0FileDescriptor[102]
I/System.out(  662): iobridge getSocketLocalPort35992FileDescriptor[102]
D/Posix   (  662): ## MMS_TRACE: ##: setsockoptInt(): option = 6, value = 1.
D/gralloc.mali(   83): fps = 11.894354
I/System.out(  662): iobridge setSocketOption :32FileDescriptor[102]
I/System.out(  662): iobridge setSocketOption :4102FileDescriptor[102]
I/System.out(  662): iobridge FileDescriptorFileDescriptor[103]:false
D/Posix   (  662): ## MMS_TRACE: ##: setsockoptInt(): option = 18, value = 1.
I/System.out(  662): iobridge getSocketLocalAddress::FileDescriptor[103]
I/System.out(  662): iobridge bind to 0.0.0.0port0FileDescriptor[103]
I/System.out(  662): iobridge getSocketLocalPort33248FileDescriptor[103]
D/Posix   (  662): ## MMS_TRACE: ##: setsockoptInt(): option = 6, value = 1.
I/System.out(  662): iobridge setSocketOption :32FileDescriptor[103]
I/System.out(  662): iobridge sendto48FileDescriptor[102]
I/System.out(  662): iobridge setSocketOption :4102FileDescriptor[103]
I/System.out(  662): iobridge sendto48FileDescriptor[103]
D/StateMachine(  272): handleMessage: E msg.what=131143
D/StateMachine(  272): processMsg: ConnectedState
D/WifiStateMachine(  272): ConnectedState{ what=131143 when=-1ms arg1=1 }
D/wpa_supplicant(  940): wpa_supplicant_ctrl_iface_process: p2p_flag = 0
D/StateMachine(  272): processMsg: ConnectModeState
D/WifiStateMachine(  272): ConnectModeState{ what=131143 when=-1ms arg1=1 }
D/StateMachine(  272): processMsg: DriverStartedState
D/WifiStateMachine(  272): DriverStartedState{ what=131143 when=-2ms arg1=1 }
D/wpa_supplicant(  940): wpa_driver_nl80211_driver_cmd  len = 0, 0
D/wpa_supplicant(  940): wpa_supplicant_ctrl_iface_process: p2p_flag = 0
D/wpa_supplicant(  940): wlan0: Setting scan request: 0 sec 0 usec
D/wpa_supplicant(  940): wpa_supplicant_ctrl_iface_process: p2p_flag = 0
D/wpa_supplicant(  940): wpa_supplicant_scan: p2p_flag = 0
D/wpa_supplicant(  940): wlan0: Scan_req=2 conf->ap_scan=2
D/wpa_supplicant(  940): wlan0: Starting AP scan for wildcard SSID
D/wpa_supplicant(  940): WPS: Building WPS IE for Probe Request
D/wpa_supplicant(  940): WPS:  * Version (hardcoded 0x10)
D/wpa_supplicant(  940): WPS:  * Request Type
D/wpa_supplicant(  940): WPS:  * Config Methods (2388)
D/wpa_supplicant(  940): WPS:  * UUID-E
D/wpa_supplicant(  940): WPS:  * Primary Device Type
D/wpa_supplicant(  940): WPS:  * RF Bands (3)
D/wpa_supplicant(  940): WPS:  * Association State
D/wpa_supplicant(  940): WPS:  * Configuration Error (0)
D/wpa_supplicant(  940): WPS:  * Device Password ID (0)
D/wpa_supplicant(  940): WPS:  * Manufacturer
D/wpa_supplicant(  940): WPS:  * Model Name
D/wpa_supplicant(  940): WPS:  * Model Number
D/wpa_supplicant(  940): WPS:  * Device Name
D/wpa_supplicant(  940): WPS:  * Version2 (0x20)
D/wpa_supplicant(  940): P2P: * P2P IE header
D/wpa_supplicant(  940): P2P: * Capability dev=27 group=00
D/wpa_supplicant(  940): P2P: * Listen Channel: Regulatory Class 81 Channel 1
D/wpa_supplicant(  940): Scan requested (ret=0) - scan timeout 30 seconds
D/wpa_supplicant(  940): nl80211: Event message available
D/wpa_supplicant(  940): nl80211: Scan trigger
D/wpa_supplicant(  940): wpa_driver_nl80211_driver_cmd  len = 0, 0
D/wpa_supplicant(  940): wpa_supplicant_ctrl_iface_process: p2p_flag = 0
D/StateMachine(  272): handleMessage: X
V/AudioFlinger(   86): Audio hardware entering standby, mixer 0x139f288, mSuspended 0
W/audio_hw_primary(   86): do_output_standby.mode: 0
V/AudioFlinger(   86): releaseWakeLock_l() AudioOut_1
I/PowerManagerService(  272): mLocks 01com.baidu.systemverify.VerificationService
I/PowerManagerService(  272): mLocks 11AlarmManager
I/PowerManagerService(  272): mLocks 21ActivityManager-Launch
V/AudioFlinger(   86): MixerThread 0x139f288 TID 172 going to sleep
D/PowerManagerService(  272): releaseWakeLock flags=0x1 tag=AudioOut_1
I/System.out( 1003): iobridge recvfrom128FileDescriptor[58]
I/System.out( 1003): iobridge recvfrom128FileDescriptor[58]
I/System.out( 1003): iobridge recvfrom128FileDescriptor[58]
D/CommonTools( 1003): [DxHttpClient] response code: 200, encoding: gzip, method: GET
I/System.out( 1003): iobridge recvfrom212FileDescriptor[58]
I/System.out( 1003): iobridge available7FileDescriptor[58]
I/System.out( 1003): iobridge recvfrom7FileDescriptor[58]
D/YhdsEngine( 1003): [AntiSpamAchiveInfoManagerImpl] response: {"response":{"share":{"sum":0,"top":[]},"rank":{"defeated":0,"level":{"id":0,"name":"举报骚扰，赢得成就","nextlevelsum":1,"currlevelsum":0},"score":0.0},"phone_sum":0,"msg_sum":0},"responseHeader":{"status":200,"time":1404461368520,"version":"1.1.0"}}
D/YhdsEngine( 1003): [AntiSpamReporter] upgrade: false
D/YhdsEngine( 1003): ====
D/YhdsEngine( 1003): AchieveInfo [rankPercent=0.0rankNumber=0, level=0, levelName=举报骚扰，赢得成就, currentLevelCount=0, nextLevelCount=1, helpOtherCount=0, markNumberCount=0, reportSmsCount=0, mShowLogList=[]]
I/System.out(  662): iobridge recvfrom48FileDescriptor[103]
D/SystemClock(  662): Setting time of day to sec=1404461369
I/System.out(  662): iobridge recvfrom48FileDescriptor[102]
D/SystemClock(  662): Setting time of day to sec=1404461369
V/AlarmManager(  272): SetLocked alarm type is : 3
W/ActivityManager(  272): Timeout of broadcast BroadcastRecord{40ec1ad8 android.intent.action.BOOT_COMPLETED} - receiver=android.os.BinderProxy@4137c020, started 10000ms ago
W/ActivityManager(  272): Receiver during timeout: ResolveInfo{41095098 com.baidu.android.ota.receiver.ExternalReceiver p=0 o=0 m=0x108000}
V/AlarmManager(  272): SetLocked alarm type is : 3
I/ActivityManager(  272): Start proc com.baidu.android.ota:bdservice_v1 for broadcast com.baidu.android.ota/com.baidu.android.pushservice.PushServiceReceiver: pid=1351 uid=10024 gids={2001, 3003, 1015}
E/Posix   (  272): Posix_open return with -1, errno 2 No such file or directory
I/Process (  272): Sending signal. PID: 1299 SIG: 3
I/dalvikvm( 1299): threadid=3: reacting to signal 3
I/dalvikvm( 1299): Wrote stack traces to '/data/anr/traces.txt'
I/Process (  272): Sending signal. PID: 272 SIG: 3
I/dalvikvm(  272): threadid=3: reacting to signal 3
E/WifiHW  (  272): Error poll = -1
D/WifiHW  (  272): wifi_ctrl_recv failed: Interrupted system call
E/Sensors (  272): poll() failed (Interrupted system call)
D/WifiMonitor(  272): Event [CTRL-EVENT-TERMINATING  - recv error]
I/dalvikvm(  272): Wrote stack traces to '/data/anr/traces.txt'
I/Process (  272): Sending signal. PID: 559 SIG: 3
I/dalvikvm(  559): threadid=3: reacting to signal 3
I/Process (  272): Sending signal. PID: 662 SIG: 3
I/dalvikvm(  662): threadid=3: reacting to signal 3
I/dalvikvm(  662): Wrote stack traces to '/data/anr/traces.txt'
I/dalvikvm(  559): Wrote stack traces to '/data/anr/traces.txt'
I/Process (  272): Sending signal. PID: 522 SIG: 3
I/dalvikvm(  522): threadid=3: reacting to signal 3
D/wpa_supplicant(  940): nl80211: Event message available
D/wpa_supplicant(  940): nl80211: New scan results available
D/wpa_supplicant(  940): wlan0: Event 3 received on interface wlan0
D/wpa_supplicant(  940): wlan0: _wpa_supplicant_event_scan_results 1117
D/wpa_supplicant(  940): nl80211: Associated on 2437 MHz
D/wpa_supplicant(  940): Received scan results (1 BSSes)
D/wpa_supplicant(  940): nl80211: Scan results indicate BSS status with 5c:63:bf:ce:5c:94 as associated
D/wpa_supplicant(  940): wlan0: BSS: Start scan result update 7
D/wpa_supplicant(  940): wlan0: _wpa_supplicant_event_scan_results 1136
D/wpa_supplicant(  940): wlan0: _wpa_supplicant_event_scan_results 1183
D/wpa_supplicant(  940): wlan0: New scan results available
D/wpa_supplicant(  940): wlan0: Checking for other virtual interfaces sharing same radio (phy0) in event_scan_results
D/StateMachine(  272): handleMessage: E msg.what=147461
D/StateMachine(  272): processMsg: ConnectedState
D/WifiStateMachine(  272): ConnectedState{ what=147461 when=-1ms }
D/StateMachine(  272): processMsg: ConnectModeState
D/WifiStateMachine(  272): ConnectModeState{ what=147461 when=-1ms }
D/wpa_supplicant(  940): wpa_supplicant_ctrl_iface_process: p2p_flag = 0
D/StateMachine(  272): processMsg: DriverStartedState
D/WifiStateMachine(  272): DriverStartedState{ what=147461 when=-2ms }
D/StateMachine(  272): processMsg: SupplicantStartedState
D/WifiStateMachine(  272): SupplicantStartedState{ what=147461 when=-2ms }
D/wpa_supplicant(  940): wpa_supplicant_ctrl_iface_process: p2p_flag = 0
D/StateMachine(  272): handleMessage: X
I/YhdsEngine( 1003): [AlarmEventMgr] event canceled: com.dianxinos.optimizer.action.ALARM_EVENT_ANTISPAM_PHONELABEL_UPDATE
I/YhdsEngine( 1003): [AlarmEventMgr] event scheduled: com.dianxinos.optimizer.action.ALARM_EVENT_ANTISPAM_PHONELABEL_UPDATE
I/dalvikvm(  522): Wrote stack traces to '/data/anr/traces.txt'
D/dalvikvm( 1351): DexOpt: --- BEGIN 'plugin-deploy.jar' (bootstrap=0) ---
D/dalvikvm(  272): GC_CONCURRENT freed 1205K, 25% free 8655K/11459K, paused 2ms+7ms
I/System.out( 1003): iobridge available19456FileDescriptor[54]
I/ActivityThread( 1331): Pub com.baidu.home2: com.baidu.launcher.db.LauncherProvider
I/ActivityThread( 1331): Pub com.baidu.home2.ui.widget.baidu.weather: com.baidu.launcher.ui.widget.baidu.weather.provider.ForecastProvider
D/dalvikvm(  272): GC_EXPLICIT freed 382K, 25% free 8680K/11459K, paused 4ms+5ms
D/gralloc.mali(   83): fps = 0.977963
D/StateMachine(  272): handleMessage: E msg.what=131155
D/StateMachine(  272): processMsg: ConnectedState
D/WifiStateMachine(  272): ConnectedState{ what=131155 when=-2ms arg1=1 }
D/wpa_supplicant(  940): nl80211: survey data missing!
D/wpa_supplicant(  940): wpa_supplicant_ctrl_iface_process: p2p_flag = 0
D/StateMachine(  272): handleMessage: X
I/Process (  272): Sending signal. PID: 809 SIG: 3
I/dalvikvm(  809): threadid=3: reacting to signal 3
I/dalvikvm(  809): Wrote stack traces to '/data/anr/traces.txt'
I/Process (  272): Sending signal. PID: 1331 SIG: 3
I/dalvikvm( 1331): threadid=3: reacting to signal 3
I/dalvikvm( 1331): Wrote stack traces to '/data/anr/traces.txt'
E/Posix   (  272): Posix_open return with -1, errno 2 No such file or directory
E/ActivityManager(  272): ANR in com.baidu.android.ota
E/ActivityManager(  272): Reason: Broadcast of Intent { act=android.intent.action.BOOT_COMPLETED flg=0x10 cmp=com.baidu.android.ota/.receiver.ExternalReceiver }
E/ActivityManager(  272): Load: 6.9 / 2.63 / 0.99
E/ActivityManager(  272): CPU usage from 5256ms to 0ms ago:
E/ActivityManager(  272):   19% 1003/com.baidu.antidisturbance: 16% user + 3.2% kernel / faults: 1296 minor
E/ActivityManager(  272):   19% 1299/com.baidu.android.ota: 17% user + 1.9% kernel / faults: 501 minor
E/ActivityManager(  272):   16% 809/com.baidu.bsf.service: 11% user + 4.9% kernel / faults: 746 minor
E/ActivityManager(  272):   14% 1313/adbd: 1.1% user + 13% kernel
E/ActivityManager(  272):   8.9% 272/system_server: 4.5% user + 4.3% kernel / faults: 1692 minor 1 major
E/ActivityManager(  272):   8.4% 676/com.android.settings: 6.5% user + 1.9% kernel / faults: 685 minor
E/ActivityManager(  272):   8% 1324/logcat: 3% user + 4.9% kernel / faults: 45 minor
E/ActivityManager(  272):   5.1% 60/mmcqd/0: 0% user + 5.1% kernel
E/ActivityManager(  272):   4.9% 83/surfaceflinger: 2% user + 2.8% kernel / faults: 97 minor
E/ActivityManager(  272):   3.2% 1056/com.android.contacts: 2.1% user + 1.1% kernel / faults: 393 minor
E/ActivityManager(  272):   1.7% 8/kworker/1:0: 0% user + 1.7% kernel
E/ActivityManager(  272):   1.7% 46/kworker/1:1: 0% user + 1.7% kernel
E/ActivityManager(  272):   1.7% 559/com.android.systemui: 1.3% user + 0.3% kernel / faults: 220 minor
E/ActivityManager(  272):   1.5% 177/dhd_dpc: 0% user + 1.5% kernel
E/ActivityManager(  272):   0.9% 93/slog: 0.3% user + 0.5% kernel / faults: 22 minor
E/ActivityManager(  272):   0.7% 18/kswapd0: 0% user + 0.7% kernel
E/ActivityManager(  272):   0.7% 84/zygote: 0% user + 0.7% kernel / faults: 131 minor
E/ActivityManager(  272):   0.3% 86/mediaserver: 0.1% user + 0.1% kernel / faults: 41 minor
E/ActivityManager(  272):   0.5% 65/jbd2/mmcblk0p13: 0% user + 0.5% kernel
E/ActivityManager(  272):   0.3% 5/kworker/u:0: 0% user + 0.3% kernel
E/ActivityManager(  272):   0.3% 15/kworker/0:1: 0% user + 0.3% kernel
E/ActivityManager(  272):   0.3% 662/com.android.phone: 0.1% user + 0.1% kernel / faults: 183 minor
E/ActivityManager(  272):   0.1% 4/kworker/0:0: 0% user + 0.1% kernel
E/ActivityManager(  272):   0.1% 36/kworker/u:1: 0% user + 0.1% kernel
E/ActivityManager(  272):   0% 57/kworker/u:3: 0% user + 0% kernel
E/ActivityManager(  272):   0% 106/flush-179:0: 0% user + 0% kernel
E/ActivityManager(  272):   0% 522/android.process.acore: 0% user + 0% kernel / faults: 145 minor
E/ActivityManager(  272):   0% 694/android.process.media: 0% user + 0% kernel / faults: 125 minor
E/ActivityManager(  272):   0.1% 858/com.baidu.bsf.system: 0.1% user + 0% kernel / faults: 10 minor
E/ActivityManager(  272):  +0% 1331/com.baidu.home2: 0% user + 0% kernel
E/ActivityManager(  272):  +0% 1351/com.baidu.android.ota:bdservice_v1: 0% user + 0% kernel
E/ActivityManager(  272): 97% TOTAL: 35% user + 24% kernel + 34% iowait + 1.3% softirq
E/ActivityManager(  272): CPU usage from 1325ms to 1865ms later:
E/ActivityManager(  272):   22% 1367/dexopt: 18% user + 3.7% kernel / faults: 343 minor
E/ActivityManager(  272):   20% 1299/com.baidu.android.ota: 18% user + 1.8% kernel / faults: 11 minor
E/ActivityManager(  272):     20% 1299/idu.android.ota: 18% user + 1.8% kernel
E/ActivityManager(  272):     1.8% 1306/Compiler: 0% user + 1.8% kernel
E/ActivityManager(  272):   13% 272/system_server: 7.5% user + 5.6% kernel / faults: 33 minor
E/ActivityManager(  272):     5.6% 287/ActivityManager: 0% user + 5.6% kernel
E/ActivityManager(  272):     5.6% 537/Binder Thread #: 5.6% user + 0% kernel
E/ActivityManager(  272):     1.8% 279/Compiler: 1.8% user + 0% kernel
E/ActivityManager(  272):   13% 809/com.baidu.bsf.service: 9.4% user + 3.7% kernel
E/ActivityManager(  272):     15% 1251/UpdateChecker: 11% user + 3.7% kernel
E/ActivityManager(  272):   7.5% 18/kswapd0: 0% user + 7.5% kernel
E/ActivityManager(  272):   5.6% 60/mmcqd/0: 0% user + 5.6% kernel
E/ActivityManager(  272):   0.9% 83/surfaceflinger: 0.9% user + 0% kernel
E/ActivityManager(  272):     0.9% 154/SurfaceFlinger: 0.9% user + 0% kernel
E/ActivityManager(  272):   1.8% 93/slog: 1.8% user + 0% kernel / faults: 5 minor
E/ActivityManager(  272):     1.8% 158/slog: 1.8% user + 0% kernel
E/ActivityManager(  272):   1.8% 177/dhd_dpc: 0% user + 1.8% kernel
E/ActivityManager(  272):   1% 559/com.android.systemui: 1% user + 0% kernel / faults: 5 minor
E/ActivityManager(  272):     1% 559/ndroid.systemui: 1% user + 0% kernel
E/ActivityManager(  272):   1.4% 1313/adbd: 0% user + 1.4% kernel
E/ActivityManager(  272):     1.4% 1316/adbd: 0% user + 1.4% kernel
E/ActivityManager(  272):   1.4% 1331/com.baidu.home2: 1.4% user + 0% kernel / faults: 156 minor 16 major
E/ActivityManager(  272):     1.4% 1331/com.baidu.home2: 1.4% user + 0% kernel
E/ActivityManager(  272):  +0% 1370/sh: 0% user + 0% kernel
E/ActivityManager(  272):  +0% 1371/ps: 0% user + 0% kernel
E/ActivityManager(  272): 100% TOTAL: 31% user + 22% kernel + 46% iowait
D/SmartPowerService(  272): receive broadcast! action = android.intent.action.BATTERY_CHANGED
D/SmartPowerService(  272): batteryLevel = 100
W/ActivityManager(  272): Killing ProcessRecord{40f7b700 1299:com.baidu.android.ota/10024}: background ANR
D/SmartPowerService(  272): battery changed! level = 100, mIsTriggered = false
D/SmartPowerService(  272): battery low condition. value = 100,data 1 = 20
E/Posix   (  272): Posix_open return with -1, errno 2 No such file or directory
D/dalvikvm(  272): GC_FOR_ALLOC freed 1032K, 23% free 8936K/11459K, paused 78ms
I/ActivityManager(  272): Process com.baidu.android.ota (pid 1299) has died.
I/ActivityManager(  272): Dying app: ProcessRecord{40f7b700 1299:com.baidu.android.ota/10024}, pid: 1299, thread: android.os.BinderProxy@4137c020
D/dalvikvm(  272): GC_FOR_ALLOC freed 7K, 20% free 9187K/11459K, paused 87ms
I/dalvikvm-heap(  272): Grow heap (frag case) to 9.700MB for 393236-byte allocation
D/dalvikvm( 1367): DexOpt: load 22ms, verify+opt 1424ms
D/dalvikvm(  272): GC_FOR_ALLOC freed 262K, 22% free 9309K/11907K, paused 87ms
D/dalvikvm( 1351): DexOpt: --- END 'plugin-deploy.jar' (success) ---
D/dalvikvm( 1351): DEX prep '/data/data/com.baidu.android.ota/app_push_lib/plugin-deploy.jar': unzip in 480ms, rewrite 2533ms
I/PushServiceReceiver( 1351): start PushSerevice for ACTION_BOOT_COMPLETED or CONNECTIVITY_ACTION
I/System.out( 1003): iobridge available20480FileDescriptor[49]
D/gralloc.mali(   83): fps = 1.020724
I/ActivityManager(  272): Start proc com.baidu.android.ota for broadcast com.baidu.android.ota/com.android.ops.stub.receiver.DownloadReceiver: pid=1375 uid=10024 gids={2001, 3003, 1015}
D/gralloc.mali(   83): fps = 0.997431
D/StateMachine(  272): handleMessage: E msg.what=131155
D/StateMachine(  272): processMsg: ConnectedState
D/WifiStateMachine(  272): ConnectedState{ what=131155 when=-3ms arg1=1 }
D/wpa_supplicant(  940): nl80211: survey data missing!
D/wpa_supplicant(  940): wpa_supplicant_ctrl_iface_process: p2p_flag = 0
D/StateMachine(  272): handleMessage: X
D/gralloc.mali(   83): fps = 0.999948
E/Posix   ( 1331): Posix_open return with -1, errno 2 No such file or directory
I/ActivityThread( 1375): Pub com.baidu.android.ota.notification: com.android.ops.stub.provider.NotificationProvider
E/Posix   ( 1351): Posix_open return with -1, errno 2 No such file or directory
I/System.out( 1003): iobridge available21504FileDescriptor[49]
I/PowerManagerService(  272): mLocks 01com.baidu.systemverify.VerificationService
I/PowerManagerService(  272): mLocks 11AlarmManager
W/ActivityManager(  272): Launch timeout has expired, giving up wake lock!
D/PowerManagerService(  272): releaseWakeLock flags=0x1 tag=ActivityManager-Launch
I/System.out( 1351): iobridge available0FileDescriptor[46]
I/System.out( 1351): iobridge available0FileDescriptor[46]
I/System.out( 1351): iobridge available0FileDescriptor[46]
I/Process ( 1351): Sending signal. PID: 1351 SIG: 9
I/ActivityManager(  272): Process com.baidu.android.ota:bdservice_v1 (pid 1351) has died.
I/ActivityManager(  272): Dying app: ProcessRecord{410ad7d8 1351:com.baidu.android.ota:bdservice_v1/10024}, pid: 1351, thread: android.os.BinderProxy@412ab230
I/System.out( 1003): iobridge available22528FileDescriptor[49]
D/StateMachine(  272): handleMessage: E msg.what=131155
D/StateMachine(  272): processMsg: ConnectedState
D/WifiStateMachine(  272): ConnectedState{ what=131155 when=-3ms arg1=1 }
D/dalvikvm( 1331): GC_CONCURRENT freed 317K, 21% free 2684K/3395K, paused 1ms+1ms
D/wpa_supplicant(  940): nl80211: survey data missing!
D/wpa_supplicant(  940): wpa_supplicant_ctrl_iface_process: p2p_flag = 0
D/StateMachine(  272): handleMessage: X
D/InputDispatcher(  272): notifyMotion - eventTime=204641257000, deviceId=5, source=0x1002, policyFlags=0x0, action=0x0, flags=0x0, metaState=0x0, buttonState=0x0, edgeFlags=0x0, xPrecision=1.002083, yPrecision=1.001250, downTime=204641257000
W/ActivityManager(  272): Activity idle timeout for ActivityRecord{40da7a50 com.baidu.home2/com.baidu.launcher.app.Launcher}
D/gralloc.mali(   83): fps = 0.431601
I/gralloc.mali(   83): ump alloc addr 41dda000 ====================================
I/SurfaceTexture(   83): [TrackingView] connect: api=2 mConnectedApi =0
I/gralloc.mali(   83): ump alloc addr 418bf000 ====================================
D/InputDispatcher(  272): notifyMotion - eventTime=205316124000, deviceId=5, source=0x1002, policyFlags=0x0, action=0x1, flags=0x0, metaState=0x0, buttonState=0x0, edgeFlags=0x0, xPrecision=1.002083, yPrecision=1.001250, downTime=204641257000
I/SurfaceTexture(   83): [TrackingView] disconnect: api=2
E/SurfaceTexture(   83): [TrackingView] disconnect: SurfaceTexture has been abandoned!
D/InputDispatcher(  272): notifyMotion - eventTime=205343981000, deviceId=5, source=0x1002, policyFlags=0x0, action=0x0, flags=0x0, metaState=0x0, buttonState=0x0, edgeFlags=0x0, xPrecision=1.002083, yPrecision=1.001250, downTime=205343981000
E/Posix   ( 1331): Posix_open return with -1, errno 2 No such file or directory
D/InputDispatcher(  272): notifyMotion - eventTime=205668874000, deviceId=5, source=0x1002, policyFlags=0x0, action=0x1, flags=0x0, metaState=0x0, buttonState=0x0, edgeFlags=0x0, xPrecision=1.002083, yPrecision=1.001250, downTime=205343981000
I/System.out( 1003): iobridge available23552FileDescriptor[49]
D/dalvikvm( 1375): GC_CONCURRENT freed 342K, 24% free 2310K/3011K, paused 2ms+3ms
D/gralloc.mali(   83): fps = 5.913126
D/StateMachine(  272): handleMessage: E msg.what=131143
D/StateMachine(  272): processMsg: ConnectedState
D/WifiStateMachine(  272): ConnectedState{ what=131143 when=-1ms arg1=1 }
D/wpa_supplicant(  940): wpa_supplicant_ctrl_iface_process: p2p_flag = 0
D/StateMachine(  272): processMsg: ConnectModeState
D/WifiStateMachine(  272): ConnectModeState{ what=131143 when=-2ms arg1=1 }
D/StateMachine(  272): processMsg: DriverStartedState
D/WifiStateMachine(  272): DriverStartedState{ what=131143 when=-2ms arg1=1 }
D/wpa_supplicant(  940): wpa_driver_nl80211_driver_cmd  len = 0, 0
D/wpa_supplicant(  940): wpa_supplicant_ctrl_iface_process: p2p_flag = 0
D/wpa_supplicant(  940): wlan0: Setting scan request: 0 sec 0 usec
D/wpa_supplicant(  940): wpa_supplicant_ctrl_iface_process: p2p_flag = 0
D/wpa_supplicant(  940): wpa_supplicant_scan: p2p_flag = 0
D/wpa_supplicant(  940): wlan0: Scan_req=2 conf->ap_scan=2
D/wpa_supplicant(  940): wlan0: Starting AP scan for wildcard SSID
D/wpa_supplicant(  940): WPS: Building WPS IE for Probe Request
D/wpa_supplicant(  940): WPS:  * Version (hardcoded 0x10)
D/wpa_supplicant(  940): WPS:  * Request Type
D/wpa_supplicant(  940): WPS:  * Config Methods (2388)
D/wpa_supplicant(  940): WPS:  * UUID-E
D/wpa_supplicant(  940): WPS:  * Primary Device Type
D/wpa_supplicant(  940): WPS:  * RF Bands (3)
D/wpa_supplicant(  940): WPS:  * Association State
D/wpa_supplicant(  940): WPS:  * Configuration Error (0)
D/wpa_supplicant(  940): WPS:  * Device Password ID (0)
D/wpa_supplicant(  940): WPS:  * Manufacturer
D/wpa_supplicant(  940): WPS:  * Model Name
D/wpa_supplicant(  940): WPS:  * Model Number
D/wpa_supplicant(  940): WPS:  * Device Name
D/wpa_supplicant(  940): WPS:  * Version2 (0x20)
D/wpa_supplicant(  940): P2P: * P2P IE header
D/wpa_supplicant(  940): P2P: * Capability dev=27 group=00
D/wpa_supplicant(  940): P2P: * Listen Channel: Regulatory Class 81 Channel 1
D/wpa_supplicant(  940): Scan requested (ret=0) - scan timeout 30 seconds
D/wpa_supplicant(  940): nl80211: Event message available
D/wpa_supplicant(  940): nl80211: Scan trigger
D/wpa_supplicant(  940): wpa_driver_nl80211_driver_cmd  len = 0, 0
D/wpa_supplicant(  940): wpa_supplicant_ctrl_iface_process: p2p_flag = 0
D/StateMachine(  272): handleMessage: X
D/InputDispatcher(  272): notifyMotion - eventTime=206431901000, deviceId=5, source=0x1002, policyFlags=0x0, action=0x0, flags=0x0, metaState=0x0, buttonState=0x0, edgeFlags=0x0, xPrecision=1.002083, yPrecision=1.001250, downTime=206431901000
I/SurfaceTexture(   83): [TrackingView] connect: api=2 mConnectedApi =0
I/gralloc.mali(   83): ump alloc addr 418bf000 ====================================
I/linguang( 1331): mPackageManager=android.app.ApplicationPackageManager@40e0ba08
I/System.out(  272): iobridge FileDescriptorFileDescriptor[197]:true
I/System.out(  272): iobridge getSocketLocalAddress::FileDescriptor[197]
I/System.out(  272): iobridge bind to 0.0.0.0port0FileDescriptor[197]
I/System.out(  272): iobridge getSocketLocalPort36977FileDescriptor[197]
I/System.out(  272): iobridge connect274.125.136.100FileDescriptor[197]
I/System.out(  272): iobridge connect getStackTrace is libcore.io.IoBridge.checkMms(IoBridge.java:106)
I/System.out(  272): iobridge connect getStackTrace is libcore.io.IoBridge.connect(IoBridge.java:155)
I/System.out(  272): iobridge connect getStackTrace is java.net.PlainSocketImpl.connect(PlainSocketImpl.java:192)
I/System.out(  272): iobridge connect getStackTrace is java.net.PlainSocketImpl.connect(PlainSocketImpl.java:459)
I/System.out(  272): iobridge connect getStackTrace is java.net.Socket.connect(Socket.java:854)
I/System.out(  272): iobridge connect getStackTrace is libcore.net.http.HttpConnection.<init>(HttpConnection.java:77)
I/System.out(  272): iobridge connect getStackTrace is libcore.net.http.HttpConnection.<init>(HttpConnection.java:50)
I/System.out(  272): iobridge connect getStackTrace is libcore.net.http.HttpConnection$Address.connect(HttpConnection.java:351)
I/System.out(  272): iobridge connect getStackTrace is libcore.net.http.HttpConnectionPool.get(HttpConnectionPool.java:86)
I/System.out(  272): iobridge connect getStackTrace is libcore.net.http.HttpConnection.connect(HttpConnection.java:128)
I/System.out(  272): iobridge connect getStackTrace is libcore.net.http.HttpEngine.openSocketConnection(HttpEngine.java:308)
I/System.out(  272): iobridge connect getStackTrace is libcore.net.http.HttpEngine.connect(HttpEngine.java:303)
I/System.out(  272): iobridge connect getStackTrace is libcore.net.http.HttpEngine.sendSocketRequest(HttpEngine.java:282)
I/System.out(  272): iobridge connect getStackTrace is libcore.net.http.HttpEngine.sendRequest(HttpEngine.java:232)
I/System.out(  272): iobridge connect getStackTrace is libcore.net.http.HttpURLConnectionImpl.getResponse(HttpURLConnectionImpl.java:273)
I/System.out(  272): iobridge connect getStackTrace is libcore.net.http.HttpURLConnectionImpl.getInputStream(HttpURLConnectionImpl.java:168)
I/System.out(  272): iobridge connect getStackTrace is android.net.wifi.WifiWatchdogStateMachine.isWalledGardenConnection(WifiWatchdogStateMachine.java:363)
I/System.out(  272): iobridge connect getStackTrace is android.net.wifi.WifiWatchdogStateMachine.access$4000(WifiWatchdogStateMachine.java:68)
I/System.out(  272): iobridge connect getStackTrace is android.net.wifi.WifiWatchdogStateMachine$DelayWalledGardenState.processMessage(WifiWatchdogStateMachine.java:844)
I/System.out(  272): iobridge connect getStackTrace is com.android.internal.util.StateMachine$SmHandler.processMsg(StateMachine.java:881)
I/System.out(  272): iobridge connect getStackTrace is com.android.internal.util.StateMachine$SmHandler.handleMessage(StateMachine.java:741)
I/System.out(  272): iobridge connect getStackTrace is android.os.Handler.dispatchMessage(Handler.java:99)
I/System.out(  272): iobridge connect getStackTrace is android.os.Looper.loop(Looper.java:137)
I/System.out(  272): iobridge connect getStackTrace is android.os.HandlerThread.run(HandlerThread.java:60)
D/InputDispatcher(  272): notifyMotion - eventTime=206868009000, deviceId=5, source=0x1002, policyFlags=0x0, action=0x1, flags=0x0, metaState=0x0, buttonState=0x0, edgeFlags=0x0, xPrecision=1.002083, yPrecision=1.001250, downTime=206431901000
I/SurfaceTexture(   83): [TrackingView] disconnect: api=2
E/SurfaceTexture(   83): [TrackingView] disconnect: SurfaceTexture has been abandoned!
I/System.out( 1003): iobridge available24576FileDescriptor[49]
D/wpa_supplicant(  940): nl80211: Event message available
D/wpa_supplicant(  940): nl80211: New scan results available
D/wpa_supplicant(  940): wlan0: Event 3 received on interface wlan0
D/wpa_supplicant(  940): wlan0: _wpa_supplicant_event_scan_results 1117
D/wpa_supplicant(  940): nl80211: Associated on 2437 MHz
D/wpa_supplicant(  940): Received scan results (1 BSSes)
D/wpa_supplicant(  940): nl80211: Scan results indicate BSS status with 5c:63:bf:ce:5c:94 as associated
D/wpa_supplicant(  940): wlan0: BSS: Start scan result update 8
D/wpa_supplicant(  940): wlan0: _wpa_supplicant_event_scan_results 1136
D/wpa_supplicant(  940): wlan0: _wpa_supplicant_event_scan_results 1183
D/wpa_supplicant(  940): wlan0: New scan results available
D/wpa_supplicant(  940): wlan0: Checking for other virtual interfaces sharing same radio (phy0) in event_scan_results
D/StateMachine(  272): handleMessage: E msg.what=147461
D/StateMachine(  272): processMsg: ConnectedState
D/WifiStateMachine(  272): ConnectedState{ what=147461 when=0 }
D/StateMachine(  272): processMsg: ConnectModeState
D/WifiStateMachine(  272): ConnectModeState{ what=147461 when=0 }
D/wpa_supplicant(  940): wpa_supplicant_ctrl_iface_process: p2p_flag = 0
D/StateMachine(  272): processMsg: DriverStartedState
D/WifiStateMachine(  272): DriverStartedState{ what=147461 when=0 }
D/StateMachine(  272): processMsg: SupplicantStartedState
D/WifiStateMachine(  272): SupplicantStartedState{ what=147461 when=-1ms }
D/wpa_supplicant(  940): wpa_supplicant_ctrl_iface_process: p2p_flag = 0
D/StateMachine(  272): handleMessage: X
D/gralloc.mali(   83): fps = 7.944705
I/Baidu Home2( 1331): Launcher: onCreate
D/dalvikvm( 1331): GC_CONCURRENT freed 352K, 22% free 2769K/3523K, paused 1ms+2ms
D/StateMachine(  272): handleMessage: E msg.what=131155
D/StateMachine(  272): processMsg: ConnectedState
D/WifiStateMachine(  272): ConnectedState{ what=131155 when=0 arg1=1 }
D/wpa_supplicant(  940): nl80211: survey data missing!
D/wpa_supplicant(  940): wpa_supplicant_ctrl_iface_process: p2p_flag = 0
D/StateMachine(  272): handleMessage: X
E/Posix   ( 1331): Posix_open return with -1, errno 2 No such file or directory
I/Baidu Home2( 1331): LauncherDatabaseHelper: load favorites data in sub thread
I/System.out( 1003): iobridge available25600FileDescriptor[49]
D/dalvikvm( 1003): GC_CONCURRENT freed 2415K, 29% free 7176K/10051K, paused 2ms+2ms
D/dalvikvm( 1331): GC_FOR_ALLOC freed 86K, 19% free 2969K/3651K, paused 15ms
D/dalvikvm( 1331): GC_FOR_ALLOC freed 10K, 20% free 3106K/3843K, paused 17ms
E/Posix   (  272): Posix_open return with -1, errno 2 No such file or directory
V/MessageQueue(  272): **** Watchdog MEG ENQUEUE: { what=2718 when=-3m28s351ms } ****
V/Watchdog(  272): **** -1-Watchdog MSG SENT! ****
V/Watchdog(  272):  **** 0-CHECK IF FORCE A REBOOT ! **** 
V/Watchdog(  272):  **** 1-CHECK ALL MONITORS BEGIN ! **** 
V/Watchdog(  272):  **** 2-CHECK ALL MONITORS FINISHED ! **** 
V/Watchdog(  272):  **** 3-SYNC Watchdog.THIS FINISHED ! ****
V/Watchdog(  272):  
E/Baidu Home2( 1331): AppsDataManager: cursor is NULL or can NOT move to first
E/Baidu Home2( 1331): AppsDataManager: cursor is NULL or can NOT move to first
D/dalvikvm( 1331): GC_FOR_ALLOC freed 89K, 15% free 3453K/4035K, paused 24ms
I/Baidu Home2( 1331): DockBar: DockBar(Context context, AttributeSet attrs)
I/AccountTypeManager( 1056): Loaded meta-data for 2 account types, 1 accounts in 9ms(wall) 4ms(cpu)
D/PackageManager(  272): generateServicesMap(android.accounts.AccountAuthenticator): 3 services unchanged
W/PackageManager(  272): Unable to load service info ResolveInfo{412db0f0 com.baidu.sync.service.ContactSyncAdapterService p=0 o=0 m=0x108000}
W/PackageManager(  272): org.xmlpull.v1.XmlPullParserException: Meta-data does not start with sync-adapter tag
W/PackageManager(  272): 	at android.content.pm.RegisteredServicesCache.parseServiceInfo(RegisteredServicesCache.java:389)
W/PackageManager(  272): 	at android.content.pm.RegisteredServicesCache.generateServicesMap(RegisteredServicesCache.java:261)
W/PackageManager(  272): 	at android.content.pm.RegisteredServicesCache$1.onReceive(RegisteredServicesCache.java:110)
W/PackageManager(  272): 	at android.app.LoadedApk$ReceiverDispatcher$Args.run(LoadedApk.java:728)
W/PackageManager(  272): 	at android.os.Handler.handleCallback(Handler.java:605)
W/PackageManager(  272): 	at android.os.Handler.dispatchMessage(Handler.java:92)
W/PackageManager(  272): 	at android.os.Looper.loop(Looper.java:137)
W/PackageManager(  272): 	at com.android.server.ServerThread.run(SystemServer.java:785)
D/PackageManager(  272): generateServicesMap(android.content.SyncAdapter): 6 services unchanged
I/System.out( 1003): iobridge available26624FileDescriptor[49]
I/Baidu Home2( 1331): HomeView: HomeView LayoutInflater complete
D/dalvikvm( 1331): GC_CONCURRENT freed 81K, 12% free 3809K/4291K, paused 1ms+3ms
D/InputDispatcher(  272): notifyMotion - eventTime=209177616000, deviceId=5, source=0x1002, policyFlags=0x0, action=0x0, flags=0x0, metaState=0x0, buttonState=0x0, edgeFlags=0x0, xPrecision=1.002083, yPrecision=1.001250, downTime=209177616000
