D/StateMachine(  272): processMsg: DriverStartedState
D/WifiStateMachine(  272): DriverStartedState{ what=131143 when=-1ms arg1=1 }
D/wpa_supplicant(  940): wpa_driver_nl80211_driver_cmd  len = 0, 0
D/wpa_supplicant(  940): wpa_supplicant_ctrl_iface_process: p2p_flag = 0
D/wpa_supplicant(  940): wlan0: Setting scan request: 0 sec 0 usec
D/wpa_supplicant(  940): wpa_supplicant_ctrl_iface_process: p2p_flag = 0
D/wpa_supplicant(  940): wpa_supplicant_scan: p2p_flag = 0
D/wpa_supplicant(  940): wlan0: Scan_req=2 conf->ap_scan=1
D/wpa_supplicant(  940): wlan0: Starting AP scan for wildcard SSID
D/wpa_supplicant(  940): WPS: Building WPS IE for Probe Request
D/wpa_supplicant(  940): WPS:  * Version (hardcoded 0x10)
D/wpa_supplicant(  940): WPS:  * Request Type
D/wpa_supplicant(  940): WPS:  * Config Methods (2388)
D/wpa_supplicant(  940): WPS:  * UUID-E
D/wpa_supplicant(  940): WPS:  * Primary Device Type
D/wpa_supplicant(  940): WPS:  * RF Bands (3)
D/wpa_supplicant(  940): WPS:  * Association State
D/wpa_supplicant(  940): WPS:  * Configuration Error (0)
D/wpa_supplicant(  940): WPS:  * Device Password ID (0)
D/wpa_supplicant(  940): WPS:  * Manufacturer
D/wpa_supplicant(  940): WPS:  * Model Name
D/wpa_supplicant(  940): WPS:  * Model Number
D/wpa_supplicant(  940): WPS:  * Device Name
D/wpa_supplicant(  940): WPS:  * Version2 (0x20)
D/wpa_supplicant(  940): P2P: * P2P IE header
D/wpa_supplicant(  940): P2P: * Capability dev=27 group=00
D/wpa_supplicant(  940): P2P: * Listen Channel: Regulatory Class 81 Channel 1
D/InputDispatcher(  272): notifyMotion - eventTime=177960141000, deviceId=5, source=0x1002, policyFlags=0x0, action=0x0, flags=0x0, metaState=0x0, buttonState=0x0, edgeFlags=0x0, xPrecision=1.002083, yPrecision=1.001250, downTime=177960141000
D/dalvikvm( 1027): GC_CONCURRENT freed 338K, 24% free 2452K/3203K, paused 1ms+8ms
D/InputDispatcher(  272): notifyMotion - eventTime=178018536000, deviceId=5, source=0x1002, policyFlags=0x0, action=0x1, flags=0x0, metaState=0x0, buttonState=0x0, edgeFlags=0x0, xPrecision=1.002083, yPrecision=1.001250, downTime=177960141000
D/gralloc.mali(   83): fps = 12.961309
D/dalvikvm(  272): GC_CONCURRENT freed 1358K, 29% free 8147K/11459K, paused 3ms+5ms
D/wpa_supplicant(  940): Scan requested (ret=0) - scan timeout 30 seconds
D/wpa_supplicant(  940): nl80211: Event message available
D/wpa_supplicant(  940): nl80211: Scan trigger
D/wpa_supplicant(  940): wpa_driver_nl80211_driver_cmd  len = 0, 0
D/wpa_supplicant(  940): wpa_supplicant_ctrl_iface_process: p2p_flag = 0
D/StateMachine(  272): handleMessage: X
W/BackupManagerService(  272): dataChanged but no participant pkg='com.android.providers.settings' uid=10003
D/InputDispatcher(  272): notifyMotion - eventTime=178139482000, deviceId=5, source=0x1002, policyFlags=0x0, action=0x0, flags=0x0, metaState=0x0, buttonState=0x0, edgeFlags=0x0, xPrecision=1.002083, yPrecision=1.001250, downTime=178139482000
D/dalvikvm( 1091): Trying to load lib /data/data/com.baidu.appsearch/lib/libbdpush_V1_0.so 0x40e4a2c8
D/InputDispatcher(  272): notifyMotion - eventTime=178197917000, deviceId=5, source=0x1002, policyFlags=0x0, action=0x1, flags=0x0, metaState=0x0, buttonState=0x0, edgeFlags=0x0, xPrecision=1.002083, yPrecision=1.001250, downTime=178139482000
D/dalvikvm( 1091): Added shared lib /data/data/com.baidu.appsearch/lib/libbdpush_V1_0.so 0x40e4a2c8
D/dalvikvm( 1091): No JNI_OnLoad found in /data/data/com.baidu.appsearch/lib/libbdpush_V1_0.so 0x40e4a2c8, skipping init
I/Process ( 1091): Sending signal. PID: 1091 SIG: 9
I/ActivityManager(  272): Process com.baidu.appsearch:bdservice_v1 (pid 1091) has died.
I/ActivityManager(  272): Dying app: ProcessRecord{410a1b60 1091:com.baidu.appsearch:bdservice_v1/10003}, pid: 1091, thread: android.os.BinderProxy@413ed5f0
D/YhdsEngine( 1003): [NaiveBayesianTextSpamFilter] decoded 33528 kw
D/NaiveBayesianTextSpamFilter( 1003): kw init complete,time used(ms):3551
I/YhdsEngine( 1003): [AlarmEventMgr] event canceled: com.dianxinos.optimizer.action.ALARM_EVENT_ANTISPAM_PROFILES_UPDATE
I/YhdsEngine( 1003): [AlarmEventMgr] event scheduled: com.dianxinos.optimizer.action.ALARM_EVENT_ANTISPAM_PROFILES_UPDATE
I/YhdsEngine( 1003): [AlarmEventMgr] event canceled: com.dianxinos.optimizer.action.ALARM_EVENT_ANTISPAM_KEYWORDS_UPDATE
V/MessageQueue(  272): **** Watchdog MEG ENQUEUE: { what=2718 when=-2m58s350ms } ****
D/InputDispatcher(  272): notifyMotion - eventTime=178358000000, deviceId=5, source=0x1002, policyFlags=0x0, action=0x0, flags=0x0, metaState=0x0, buttonState=0x0, edgeFlags=0x0, xPrecision=1.002083, yPrecision=1.001250, downTime=178358000000
V/Watchdog(  272): **** -1-Watchdog MSG SENT! ****
V/Watchdog(  272):  **** 0-CHECK IF FORCE A REBOOT ! **** 
V/Watchdog(  272):  **** 1-CHECK ALL MONITORS BEGIN ! **** 
V/Watchdog(  272):  **** 2-CHECK ALL MONITORS FINISHED ! **** 
V/Watchdog(  272):  **** 3-SYNC Watchdog.THIS FINISHED ! ****
V/Watchdog(  272):  
D/InputDispatcher(  272): notifyMotion - eventTime=178406737000, deviceId=5, source=0x1002, policyFlags=0x0, action=0x1, flags=0x0, metaState=0x0, buttonState=0x0, edgeFlags=0x0, xPrecision=1.002083, yPrecision=1.001250, downTime=178358000000
I/System.out( 1027): iobridge available12436FileDescriptor[47]
D/InputDispatcher(  272): notifyMotion - eventTime=178556945000, deviceId=5, source=0x1002, policyFlags=0x0, action=0x0, flags=0x0, metaState=0x0, buttonState=0x0, edgeFlags=0x0, xPrecision=1.002083, yPrecision=1.001250, downTime=178556945000
D/InputDispatcher(  272): notifyMotion - eventTime=178585765000, deviceId=5, source=0x1002, policyFlags=0x0, action=0x1, flags=0x0, metaState=0x0, buttonState=0x0, edgeFlags=0x0, xPrecision=1.002083, yPrecision=1.001250, downTime=178556945000
D/wpa_supplicant(  940): nl80211: Event message available
D/wpa_supplicant(  940): nl80211: New scan results available
D/wpa_supplicant(  940): wlan0: Event 3 received on interface wlan0
D/wpa_supplicant(  940): wlan0: _wpa_supplicant_event_scan_results 1117
D/wpa_supplicant(  940): Received scan results (1 BSSes)
D/wpa_supplicant(  940): wlan0: BSS: Start scan result update 4
D/wpa_supplicant(  940): wlan0: _wpa_supplicant_event_scan_results 1136
D/wpa_supplicant(  940): wlan0: _wpa_supplicant_event_scan_results 1183
D/wpa_supplicant(  940): wlan0: New scan results available
D/wpa_supplicant(  940): wlan0: _wpa_supplicant_event_scan_results 1194
D/wpa_supplicant(  940): wlan0: _wpa_supplicant_event_scan_results 1200
D/wpa_supplicant(  940): wlan0: _wpa_supplicant_event_scan_results 1205 
D/wpa_supplicant(  940): wpa_supplicant_pick_network: p2p_flag = 0
D/wpa_supplicant(  940): wlan0: Selecting BSS from priority group 2
D/wpa_supplicant(  940):  * wpa_supplicant_select_bss
D/wpa_supplicant(  940):  * Try to find WAPI-enabled AP
D/WifiMonitor(  272): Event [WPS-AP-AVAILABLE ]
D/StateMachine(  272): handleMessage: E msg.what=147461
D/StateMachine(  272): processMsg: DisconnectedState
D/WifiStateMachine(  272): DisconnectedState{ what=147461 when=-4ms }
D/wpa_supplicant(  940): 0: 5c:63:bf:ce:5c:94 ssid='FAST_CE5C94' wapi_ie_len=0 caps=0x531
D/wpa_supplicant(  940):  * skip - no WAPI IE
D/StateMachine(  272): processMsg: ConnectModeState
D/WifiStateMachine(  272): ConnectModeState{ what=147461 when=-4ms }
D/wpa_supplicant(  940): wlan0: 0: 5c:63:bf:ce:5c:94 ssid='FAST_CE5C94' wpa_ie_len=22 rsn_ie_len=20 caps=0x531 level=-73 wps
D/wpa_supplicant(  940): wlan0:    skip - SSID mismatch
D/wpa_supplicant(  940): wlan0: Selecting BSS from priority group 1
D/wpa_supplicant(  940):  * wpa_supplicant_select_bss
D/wpa_supplicant(  940):  * Try to find WAPI-enabled AP
D/wpa_supplicant(  940): 0: 5c:63:bf:ce:5c:94 ssid='FAST_CE5C94' wapi_ie_len=0 caps=0x531
D/wpa_supplicant(  940):  * skip - no WAPI IE
I/System.out( 1027): iobridge available4244FileDescriptor[47]
D/wpa_supplicant(  940): wlan0: 0: 5c:63:bf:ce:5c:94 ssid='FAST_CE5C94' wpa_ie_len=22 rsn_ie_len=20 caps=0x531 level=-73 wps
D/wpa_supplicant(  940): wlan0:    skip - SSID mismatch
I/wpa_supplicant(  940): ----------- user matched priority list -----------
D/wpa_supplicant(  940): wpa_pop_user_pri_ssid: p2p_flag = 0
D/wpa_supplicant(  940): wpa_remove_all_user_ssid_priority_from_2do_list: p2p_flag = 0
D/wpa_supplicant(  940): wlan0: Selecting BSS from priority group 2
D/wpa_supplicant(  940):  * wpa_supplicant_select_bss
D/wpa_supplicant(  940):  * Try to find WAPI-enabled AP
D/FakewareDB( 1027): fakeware file source : �й������-18�ر�,com.meilishuoqlwe15,2563413006,14
D/wpa_supplicant(  940): 0: 5c:63:bf:ce:5c:94 ssid='FAST_CE5C94' wapi_ie_len=0 caps=0x531
D/wpa_supplicant(  940):  * skip - no WAPI IE
D/wpa_supplicant(  940): wlan0: 0: 5c:63:bf:ce:5c:94 ssid='FAST_CE5C94' wpa_ie_len=22 rsn_ie_len=20 caps=0x531 level=-73 wps
D/wpa_supplicant(  940): wlan0:    skip - SSID mismatch
D/wpa_supplicant(  940): wlan0: Selecting BSS from priority group 1
D/wpa_supplicant(  940):  * wpa_supplicant_select_bss
D/wpa_supplicant(  940):  * Try to find WAPI-enabled AP
D/wpa_supplicant(  940): 0: 5c:63:bf:ce:5c:94 ssid='FAST_CE5C94' wapi_ie_len=0 caps=0x531
D/wpa_supplicant(  940):  * skip - no WAPI IE
D/wpa_supplicant(  940): wlan0: 0: 5c:63:bf:ce:5c:94 ssid='FAST_CE5C94' wpa_ie_len=22 rsn_ie_len=20 caps=0x531 level=-73 wps
D/wpa_supplicant(  940): wlan0:    skip - SSID mismatch
D/wpa_supplicant(  940): _wpa_supplicant_event_scan_results: p2p_flag = 0
D/wpa_supplicant(  940): wlan0: No suitable network found
D/wpa_supplicant(  940): wlan0: Setting scan request: 15 sec 0 usec
D/wpa_supplicant(  940): wlan0: Checking for other virtual interfaces sharing same radio (phy0) in event_scan_results
D/wpa_supplicant(  940): wpa_supplicant_ctrl_iface_process: p2p_flag = 0
D/StateMachine(  272): processMsg: DriverStartedState
D/WifiStateMachine(  272): DriverStartedState{ what=147461 when=-24ms }
D/StateMachine(  272): processMsg: SupplicantStartedState
D/WifiStateMachine(  272): SupplicantStartedState{ what=147461 when=-25ms }
D/wpa_supplicant(  940): wpa_supplicant_ctrl_iface_process: p2p_flag = 0
D/StateMachine(  272): handleMessage: E msg.what=135172
D/StateMachine(  272): processMsg: NotConnectedState
D/StateMachine(  272): processMsg: WatchdogEnabledState
D/StateMachine(  272): processMsg: DefaultState
D/StateMachine(  272): handleMessage: X
D/StateMachine(  272): handleMessage: X
D/InputDispatcher(  272): notifyMotion - eventTime=178745948000, deviceId=5, source=0x1002, policyFlags=0x0, action=0x0, flags=0x0, metaState=0x0, buttonState=0x0, edgeFlags=0x0, xPrecision=1.002083, yPrecision=1.001250, downTime=178745948000
D/FakewareDB( 1027): insert fakeware pack : com.meilishuoqlwe15 sign : 2563413006 repl : 14
D/FakewareDB( 1027): fakeware file source : ֧������ֵ,cn.com.shoujiqqyouxizhifubao.activity,1409942490,22
D/FakewareDB( 1027): insert fakeware pack : cn.com.shoujiqqyouxizhifubao.activity sign : 1409942490 repl : 22
D/FakewareDB( 1027): fakeware file source : ֧����������,com.book_zhengde,1442837115,22
D/FakewareDB( 1027): insert fakeware pack : com.book_zhengde sign : 1442837115 repl : 22
D/FakewareDB( 1027): fakeware file source : ֧����,com.eg.android.Alipay,3249560371,22
D/FakewareDB( 1027): insert fakeware pack : com.eg.android.Alipay sign : 3249560371 repl : 22
D/FakewareDB( 1027): fakeware file source : ֧����,com.alipay.byzm,1248415134,22
D/FakewareDB( 1027): insert fakeware pack : com.alipay.byzm sign : 1248415134 repl : 22
D/FakewareDB( 1027): fakeware file source : ������֮��,com.meilishuoqlwe28,2563413006,14
D/FakewareDB( 1027): insert fakeware pack : com.meilishuoqlwe28 sign : 2563413006 repl : 14
D/FakewareDB( 1027): fakeware file source : ����֧����,com.alipay.android,4029802007,22
D/InputDispatcher(  272): notifyMotion - eventTime=178824251000, deviceId=5, source=0x1002, policyFlags=0x0, action=0x1, flags=0x0, metaState=0x0, buttonState=0x0, edgeFlags=0x0, xPrecision=1.002083, yPrecision=1.001250, downTime=178745948000
D/FakewareDB( 1027): insert fakeware pack : com.alipay.android sign : 4029802007 repl : 22
D/FakewareDB( 1027): fakeware file source : ����19��׿��,com.book_asfdftet,1442837115,19
D/FakewareDB( 1027): insert fakeware pack : com.book_asfdftet sign : 1442837115 repl : 19
D/FakewareDB( 1027): fakeware file source : ����18,com.apkhome.taobao,3908323797,18
D/FakewareDB( 1027): insert fakeware pack : com.apkhome.taobao sign : 3908323797 repl : 18
D/FakewareDB( 1027): fakeware file source : ����18,cn.xg.taobao,4029802007,18
D/FakewareDB( 1027): insert fakeware pack : cn.xg.taobao sign : 4029802007 repl : 18
D/FakewareDB( 1027): fakeware file source : ����18,cn.zhui.client67264,829356789,18
D/FakewareDB( 1027): insert fakeware pack : cn.zhui.client67264 sign : 829356789 repl : 18
D/FakewareDB( 1027): fakeware file source : ����6,com.dangdang,3146819311,6
D/FakewareDB( 1027): insert fakeware pack : com.dangdang sign : 3146819311 repl : 6
D/FakewareDB( 1027): fakeware file source : ���ϵ���,com.dangdang.android,1765744084,6
D/FakewareDB( 1027): insert fakeware pack : com.dangdang.android sign : 1765744084 repl : 6
D/FakewareDB( 1027): fakeware file source : ���ϵ���,com.dangdang.android,4029802007,6
D/FakewareDB( 1027): insert fakeware pack : com.dangdang.android sign : 4029802007 repl : 6
D/FakewareDB( 1027): fakeware file source : ���֧��,com.unionpa,800869528,23
D/FakewareDB( 1027): insert fakeware pack : com.unionpa sign : 800869528 repl : 23
D/FakewareDB( 1027): fakeware file source : �ƶ�5��,com.dianping.m,3146819311,5
D/FakewareDB( 1027): insert fakeware pack : com.dianping.m sign : 3146819311 repl : 5
D/FakewareDB( 1027): fakeware file source : һ.�Կͻ���,cn.zhui.client838142,829356789,24
D/FakewareDB( 1027): insert fakeware pack : cn.zhui.client838142 sign : 829356789 repl : 24
D/FakewareDB( 1027): fakeware file source : ��֧��,com.wopay.android.pos,"3319438832,2869008956",25
D/FakewareDB( 1027): insert fakeware pack : com.wopay.android.pos sign : 3319438832 repl : 25
D/FakewareDB( 1027): insert fakeware pack : com.wopay.android.pos sign : 2869008956 repl : 25
D/FakewareDB( 1027): fakeware file source : �ҵ�18,cn.zhui.client418403,829356789,18
D/FakewareDB( 1027): insert fakeware pack : cn.zhui.client418403 sign : 829356789 repl : 18
D/FakewareDB( 1027): fakeware file source : �Ұ�?��?����,cn.zhui.client892034,829356789,18
D/FakewareDB( 1027): insert fakeware pack : cn.zhui.client892034 sign : 829356789 repl : 18
D/FakewareDB( 1027): fakeware file source : ����18 18,r.m.taobao.com,"3146819311,1465706448",18
D/FakewareDB( 1027): insert fakeware pack : r.m.taobao.com sign : 3146819311 repl : 18
D/FakewareDB( 1027): insert fakeware pack : r.m.taobao.com sign : 1465706448 repl : 18
D/FakewareDB( 1027): fakeware file source : ��֮��ͼ���,com.meilishuoqlwe31,2563413006,14
D/FakewareDB( 1027): insert fakeware pack : com.meilishuoqlwe31 sign : 2563413006 repl : 14
D/FakewareDB( 1027): fakeware file source : ����֮ѡ,com.meilishuoqlwe33,2563413006,14
D/FakewareDB( 1027): insert fakeware pack : com.meilishuoqlwe33 sign : 2563413006 repl : 14
D/FakewareDB( 1027): fakeware file source : ��1���̵�,com.meilishuoqlwe34,2563413006,1
D/FakewareDB( 1027): insert fakeware pack : com.meilishuoqlwe34 sign : 2563413006 repl : 1
D/FakewareDB( 1027): fakeware file source : ���۹�-21,com.t116999,0,21
D/FakewareDB( 1027): insert fakeware pack : com.t116999 sign : 0 repl : 21
D/FakewareDB( 1027): fakeware file source : �ۿ�-18��Ʒ��ѡ,co.wacool.app1,758417212,18
D/FakewareDB( 1027): insert fakeware pack : co.wacool.app1 sign : 758417212 repl : 18
D/FakewareDB( 1027): fakeware file source : 21,cn.lookoo.tuangoudaquan,1456951103,21
D/FakewareDB( 1027): insert fakeware pack : cn.lookoo.tuangoudaquan sign : 1456951103 repl : 21
D/FakewareDB( 1027): fakeware file source : 21,com.tx.tuangoushop,93381573,21
D/FakewareDB( 1027): insert fakeware pack : com.tx.tuangoushop sign : 93381573 repl : 21
D/FakewareDB( 1027): fakeware file source : 21,com.droidisland.cngroupon,2549785493,21
D/FakewareDB( 1027): insert fakeware pack : com.droidisland.cngroupon sign : 2549785493 repl : 21
D/FakewareDB( 1027): fakeware file source : 21,cn.zhui.client173574,829356789,21
I/YhdsEngine( 1003): [AlarmEventMgr] event scheduled: com.dianxinos.optimizer.action.ALARM_EVENT_ANTISPAM_KEYWORDS_UPDATE
D/FakewareDB( 1027): insert fakeware pack : cn.zhui.client173574 sign : 829356789 repl : 21
D/FakewareDB( 1027): fakeware file source : 21,com.t116999,4062647348,21
D/FakewareDB( 1027): insert fakeware pack : com.t116999 sign : 4062647348 repl : 21
D/FakewareDB( 1027): fakeware file source : 21,ww.navycsu.mogo.tuangoudaquan,2909879825,21
D/FakewareDB( 1027): insert fakeware pack : ww.navycsu.mogo.tuangoudaquan sign : 2909879825 repl : 21
D/FakewareDB( 1027): fakeware file source : 21,com.ming.tuangou,6778869,21
D/FakewareDB( 1027): insert fakeware pack : com.ming.tuangou sign : 6778869 repl : 21
D/FakewareDB( 1027): fakeware file source : 21,ww.navycsu.mogo.tuan800,"151159812,2909879825",21
D/FakewareDB( 1027): insert fakeware pack : ww.navycsu.mogo.tuan800 sign : 151159812 repl : 21
D/FakewareDB( 1027): insert fakeware pack : ww.navycsu.mogo.tuan800 sign : 2909879825 repl : 21
D/FakewareDB( 1027): fakeware file source : 21,com.hao224.gui,1109956038,21
D/FakewareDB( 1027): insert fakeware pack : com.hao224.gui sign : 1109956038 repl : 21
D/FakewareDB( 1027): fakeware file source : 20��,cn.zhui.client816138,"2514894104,829356789",20
D/FakewareDB( 1027): insert fakeware pack : cn.zhui.client816138 sign : 2514894104 repl : 20
D/FakewareDB( 1027): insert fakeware pack : cn.zhui.client816138 sign : 829356789 repl : 20
D/FakewareDB( 1027): fakeware file source : 2018����,com.book_duoduao,1442837115,18
D/FakewareDB( 1027): insert fakeware pack : com.book_duoduao sign : 1442837115 repl : 18
D/FakewareDB( 1027): fakeware file source : 20,cn.zhui.client913453,829356789,20
D/FakewareDB( 1027): insert fakeware pack : cn.zhui.client913453 sign : 829356789 repl : 20
D/FakewareDB( 1027): fakeware file source : 20,cn.apppark.ckj10006763,704145144,20
D/FakewareDB( 1027): insert fakeware pack : cn.apppark.ckj10006763 sign : 704145144 repl : 20
D/FakewareDB( 1027): fakeware file source : 20,cn.zhui.client1192047,829356789,20
D/FakewareDB( 1027): insert fakeware pack : cn.zhui.client1192047 sign : 829356789 repl : 20
D/FakewareDB( 1027): fakeware file source : 20,cn.zhui.client1003274,0,20
D/FakewareDB( 1027): insert fakeware pack : cn.zhui.client1003274 sign : 0 repl : 20
D/FakewareDB( 1027): fakeware file source : 20,cn.zhui.client969506,829356789,20
D/FakewareDB( 1027): insert fakeware pack : cn.zhui.client969506 sign : 829356789 repl : 20
D/FakewareDB( 1027): fakeware file source : ����10����,cn.zhui.client1046546,0,10
D/FakewareDB( 1027): insert fakeware pack : cn.zhui.client1046546 sign : 0 repl : 10
D/FakewareDB( 1027): fakeware file source : ����10����,cn.zhui.client1046546,829356789,10
D/FakewareDB( 1027): insert fakeware pack : cn.zhui.client1046546 sign : 829356789 repl : 10
D/FakewareDB( 1027): fakeware file source : ����ſ��,cn.zhui.client1227882,829356789,10
D/FakewareDB( 1027): insert fakeware pack : cn.zhui.client1227882 sign : 829356789 repl : 10
D/FakewareDB( 1027): fakeware file source : 19����,cn.zhui.client276383,829356789,19
D/FakewareDB( 1027): insert fakeware pack : cn.zhui.client276383 sign : 829356789 repl : 19
D/FakewareDB( 1027): fakeware file source : 19�����̳�,cn.zhui.client257606,829356789,19
D/FakewareDB( 1027): insert fakeware pack : cn.zhui.client257606 sign : 829356789 repl : 19
D/FakewareDB( 1027): fakeware file source : 1918�̳��ۺ��Թ�����վ,biz.ecebedeh.ehecdlecececee,941622186,18
D/FakewareDB( 1027): insert fakeware pack : biz.ecebedeh.ehecdlecececee sign : 941622186 repl : 18
D/FakewareDB( 1027): fakeware file source : 19��ҳ,cn.zhui.client639639,829356789,19
D/FakewareDB( 1027): insert fakeware pack : cn.zhui.client639639 sign : 829356789 repl : 19
D/FakewareDB( 1027): fakeware file source : 19�̳�,com.m.tmall,757331174,19
D/FakewareDB( 1027): insert fakeware pack : com.m.tmall sign : 757331174 repl : 19
D/FakewareDB( 1027): fakeware file source : 19Ʒ�ƹ����ȫ,cn.zhui.client344375,"3669004030,3488136823,829356789",19
D/FakewareDB( 1027): insert fakeware pack : cn.zhui.client344375 sign : 3669004030 repl : 19
D/FakewareDB( 1027): insert fakeware pack : cn.zhui.client344375 sign : 3488136823 repl : 19
D/FakewareDB( 1027): insert fakeware pack : cn.zhui.client344375 sign : 829356789 repl : 19
D/FakewareDB( 1027): fakeware file source : 19Ƶ��,rexsee_id_8519.rexsee,4094733298,19
D/FakewareDB( 1027): insert fakeware pack : rexsee_id_8519.rexsee sign : 4094733298 repl : 19
D/FakewareDB( 1027): fakeware file source : 19Ůװ,com.yijia.nvzhuang,"1578982268,3811169635",19
D/FakewareDB( 1027): insert fakeware pack : com.yijia.nvzhuang sign : 1578982268 repl : 19
D/FakewareDB( 1027): insert fakeware pack : com.yijia.nvzhuang sign : 3811169635 repl : 19
D/FakewareDB( 1027): fakeware file source : 19����18����,com.jru.tmalldiscount,1193549586,18
D/FakewareDB( 1027): insert fakeware pack : com.jru.tmalldiscount sign : 1193549586 repl : 18
D/FakewareDB( 1027): fakeware file source : 19100,com.laoka.mytaobao,1773419400,19
D/FakewareDB( 1027): insert fakeware pack : com.laoka.mytaobao sign : 1773419400 repl : 19
D/FakewareDB( 1027): fakeware file source : ��.è����,cn.zhui.client866935,829356789,19
D/FakewareDB( 1027): insert fakeware pack : cn.zhui.client866935 sign : 829356789 repl : 19
D/FakewareDB( 1027): fakeware file source : ��.è,cn.zhui.client881379,829356789,19
D/FakewareDB( 1027): insert fakeware pack : cn.zhui.client881379 sign : 829356789 repl : 19
D/FakewareDB( 1027): fakeware file source : ��.è,cn.zhui.client848852,829356789,19
D/FakewareDB( 1027): insert fakeware pack : cn.zhui.client848852 sign : 829356789 repl : 19
D/FakewareDB( 1027): fakeware file source : �� è��ѡ,cn.zhui.client800659,829356789,19
D/FakewareDB( 1027): insert fakeware pack : cn.zhui.client800659 sign : 829356789 repl : 19
D/FakewareDB( 1027): fakeware file source : 18���������Ƽ�,mobi.nonmnoo.knlnkno,2769387303,18
D/FakewareDB( 1027): insert fakeware pack : mobi.nonmnoo.knlnkno sign : 2769387303 repl : 18
D/FakewareDB( 1027): fakeware file source : 18����,cn.zhui.client544090,829356789,18
D/FakewareDB( 1027): insert fakeware pack : cn.zhui.client544090 sign : 829356789 repl : 18
D/FakewareDB( 1027): fakeware file source : 18�ۿ۾�ѡ,com.elephant.tao800,"510048559,2695273064",18
D/FakewareDB( 1027): insert fakeware pack : com.elephant.tao800 sign : 510048559 repl : 18
D/FakewareDB( 1027): insert fakeware pack : com.elephant.tao800 sign : 2695273064 repl : 18
D/FakewareDB( 1027): fakeware file source : 18�ۿ۾�ѡ,com.tuan800.tao800r,3074786132,18
D/FakewareDB( 1027): insert fakeware pack : com.tuan800.tao800r sign : 3074786132 repl : 18
D/FakewareDB( 1027): fakeware file source : 18����11,com.rexsee.website.w1349094680,90722200,18
D/FakewareDB( 1027): insert fakeware pack : com.rexsee.website.w1349094680 sign : 90722200 repl : 18
D/FakewareDB( 1027): fakeware file source : 18С����,wind.URLView.gezipu,0,18
D/FakewareDB( 1027): insert fakeware pack : wind.URLView.gezipu sign : 0 repl : 18
D/FakewareDB( 1027): fakeware file source : 18С����,wind.URLView.gezipu,2475565478,18
D/FakewareDB( 1027): insert fakeware pack : wind.URLView.gezipu sign : 2475565478 repl : 18
D/FakewareDB( 1027): fakeware file source : 18����ѡ,com.kplus.banershibahuasheng,"1535983785,1236248457",18
D/FakewareDB( 1027): insert fakeware pack : com.kplus.banershibahuasheng sign : 1535983785 repl : 18
D/FakewareDB( 1027): insert fakeware pack : com.kplus.banershibahuasheng sign : 1236248457 repl : 18
D/FakewareDB( 1027): fakeware file source : 18��ҳ��,cn.mk.taobao,"973825292,3059036425",18
D/FakewareDB( 1027): insert fakeware pack : cn.mk.taobao sign : 973825292 repl : 18
D/FakewareDB( 1027): insert fakeware pack : cn.mk.taobao sign : 3059036425 repl : 18
D/FakewareDB( 1027): fakeware file source : 18��20,com.webviewptt,2072387882,18
D/FakewareDB( 1027): insert fakeware pack : com.webviewptt sign : 2072387882 repl : 18
D/FakewareDB( 1027): fakeware file source : 18������,cn.zhui.client560223,"829356789,416837365",18
D/FakewareDB( 1027): insert fakeware pack : cn.zhui.client560223 sign : 829356789 repl : 18
D/FakewareDB( 1027): insert fakeware pack : cn.zhui.client560223 sign : 416837365 repl : 18
D/FakewareDB( 1027): fakeware file source : 18������,cn.zhui.client503569,829356789,18
D/FakewareDB( 1027): insert fakeware pack : cn.zhui.client503569 sign : 829356789 repl : 18
D/FakewareDB( 1027): fakeware file source : 18���ֻ��ﵼ��,cn.zhui.client35141,829356789,18
D/FakewareDB( 1027): insert fakeware pack : cn.zhui.client35141 sign : 829356789 repl : 18
D/FakewareDB( 1027): fakeware file source : 18�����а�,cn.zhui.client26792,829356789,18
D/FakewareDB( 1027): insert fakeware pack : cn.zhui.client26792 sign : 829356789 repl : 18
D/FakewareDB( 1027): fakeware file source : 1820,com.andromo.dev18343.app152821,1765744084,18
D/FakewareDB( 1027): insert fakeware pack : com.andromo.dev18343.app152821 sign : 1765744084 repl : 18
D/FakewareDB( 1027): fakeware file source : 18���칺,cn.zhui.client436398,829356789,18
D/FakewareDB( 1027): insert fakeware pack : cn.zhui.client436398 sign : 829356789 repl : 18
D/FakewareDB( 1027): fakeware file source : 1819��HOTƷ��,cn.zhui.client245635,"531013856,829356789",18
D/FakewareDB( 1027): insert fakeware pack : cn.zhui.client245635 sign : 531013856 repl : 18
D/FakewareDB( 1027): insert fakeware pack : cn.zhui.client245635 sign : 829356789 repl : 18
D/FakewareDB( 1027): fakeware file source : 1819������Ƽ�Ʒ,cn.nrnqnpn.noknlnkno,2769387303,18
D/FakewareDB( 1027): insert fakeware pack : cn.nrnqnpn.noknlnkno sign : 2769387303 repl : 18
D/FakewareDB( 1027): fakeware file source : 18����,cn.zhui.client691958,829356789,18
D/FakewareDB( 1027): insert fakeware pack : cn.zhui.client691958 sign : 829356789 repl : 18
D/FakewareDB( 1027): fakeware file source : 18����,cn.zhui.client489621,829356789,18
D/FakewareDB( 1027): insert fakeware pack : cn.zhui.client489621 sign : 829356789 repl : 18
D/FakewareDB( 1027): fakeware file source : 18����,cn.zhui.client544637,829356789,18
D/FakewareDB( 1027): insert fakeware pack : cn.zhui.client544637 sign : 829356789 repl : 18
D/FakewareDB( 1027): fakeware file source : 18�ػ�,ww.taobao.tehuigouwu,1231979129,18
D/FakewareDB( 1027): insert fakeware pack : ww.taobao.tehuigouwu sign : 1231979129 repl : 18
D/FakewareDB( 1027): fakeware file source : 18��������,rexsee_id_5276.rexsee,4023090609,18
D/FakewareDB( 1027): insert fakeware pack : rexsee_id_5276.rexsee sign : 4023090609 repl : 18
D/FakewareDB( 1027): fakeware file source : 18��ҳ,cn.zhui.client594354,829356789,18
D/FakewareDB( 1027): insert fakeware pack : cn.zhui.client594354 sign : 829356789 repl : 18
D/FakewareDB( 1027): fakeware file source : 18�ֻ�����,cn.zhui.client48693,829356789,18
D/FakewareDB( 1027): insert fakeware pack : cn.zhui.client48693 sign : 829356789 repl : 18
D/FakewareDB( 1027): fakeware file source : 18�ֻ��ֵ,cn.zhui.client317944,"25372323,829356789",18
D/dalvikvm( 1003): GC_FOR_ALLOC freed 1347K, 21% free 7221K/9027K, paused 81ms
D/InputDispatcher(  272): notifyMotion - eventTime=178997841000, deviceId=5, source=0x1002, policyFlags=0x0, action=0x0, flags=0x0, metaState=0x0, buttonState=0x0, edgeFlags=0x0, xPrecision=1.002083, yPrecision=1.001250, downTime=178997841000
D/FakewareDB( 1027): insert fakeware pack : cn.zhui.client317944 sign : 25372323 repl : 18
D/InputDispatcher(  272): notifyMotion - eventTime=179023526000, deviceId=5, source=0x1002, policyFlags=0x0, action=0x1, flags=0x0, metaState=0x0, buttonState=0x0, edgeFlags=0x0, xPrecision=1.002083, yPrecision=1.001250, downTime=178997841000
D/dalvikvm( 1027): GC_CONCURRENT freed 403K, 26% free 2448K/3267K, paused 1ms+1ms
D/FakewareDB( 1027): insert fakeware pack : cn.zhui.client317944 sign : 829356789 repl : 18
D/FakewareDB( 1027): fakeware file source : 18�ֻ��ֵ,cn.zhui.client433881,"2442284464,829356789",18
D/FakewareDB( 1027): insert fakeware pack : cn.zhui.client433881 sign : 2442284464 repl : 18
D/FakewareDB( 1027): insert fakeware pack : cn.zhui.client433881 sign : 829356789 repl : 18
D/FakewareDB( 1027): fakeware file source : 18�ֻ�,cn.zhui.client167495,829356789,18
D/FakewareDB( 1027): insert fakeware pack : cn.zhui.client167495 sign : 829356789 repl : 18
D/FakewareDB( 1027): fakeware file source : 18ʹ���ֲ�,com.huacao.taobaosyshce.test,3049405364,18
D/FakewareDB( 1027): insert fakeware pack : com.huacao.taobaosyshce.test sign : 3049405364 repl : 18
D/FakewareDB( 1027): fakeware file source : 18ʡǮ��,com.jiuba.taobaosheqjj.test,3049405364,18
D/FakewareDB( 1027): insert fakeware pack : com.jiuba.taobaosheqjj.test sign : 3049405364 repl : 18
D/FakewareDB( 1027): fakeware file source : 18���,cn.zhui.client400315,829356789,18
D/FakewareDB( 1027): insert fakeware pack : cn.zhui.client400315 sign : 829356789 repl : 18
D/FakewareDB( 1027): fakeware file source : 18�̳�,com.yijia.taoshangchengHD,3889121020,18
D/FakewareDB( 1027): insert fakeware pack : com.yijia.taoshangchengHD sign : 3889121020 repl : 18
D/FakewareDB( 1027): fakeware file source : 18�̳�,com.jingdong.app,1765744084,18
D/FakewareDB( 1027): insert fakeware pack : com.jingdong.app sign : 1765744084 repl : 18
D/FakewareDB( 1027): fakeware file source : 18ɵ�ϰ�,cn.zhui.client196053,829356789,18
D/FakewareDB( 1027): insert fakeware pack : cn.zhui.client196053 sign : 829356789 repl : 18
D/FakewareDB( 1027): fakeware file source : 18����,cn.zhui.client667082,0,18
D/FakewareDB( 1027): insert fakeware pack : cn.zhui.client667082 sign : 0 repl : 18
D/FakewareDB( 1027): fakeware file source : 18����,com.taobao.munion.apk,1703522249,18
D/FakewareDB( 1027): insert fakeware pack : com.taobao.munion.apk sign : 1703522249 repl : 18
D/FakewareDB( 1027): fakeware file source : 18����,cn.zhui.client690048,"2526952457,829356789",18
D/gralloc.mali(   83): fps = 15.566130
D/FakewareDB( 1027): insert fakeware pack : cn.zhui.client690048 sign : 2526952457 repl : 18
D/FakewareDB( 1027): insert fakeware pack : cn.zhui.client690048 sign : 829356789 repl : 18
D/FakewareDB( 1027): fakeware file source : 18����,cn.zhui.client639512,829356789,18
D/dalvikvm( 1003): GC_CONCURRENT freed 241K, 17% free 7516K/9027K, paused 3ms+2ms
D/FakewareDB( 1027): insert fakeware pack : cn.zhui.client639512 sign : 829356789 repl : 18
D/FakewareDB( 1027): fakeware file source : 18����,cn.zhui.client667082,829356789,18
D/FakewareDB( 1027): insert fakeware pack : cn.zhui.client667082 sign : 829356789 repl : 18
D/FakewareDB( 1027): fakeware file source : 18�콢��,com.vee.project.zhutaobao,1474035873,18
D/FakewareDB( 1027): insert fakeware pack : com.vee.project.zhutaobao sign : 1474035873 repl : 18
D/FakewareDB( 1027): fakeware file source : 18���а�,com.buykee.taobaotop,3749898139,18
D/FakewareDB( 1027): insert fakeware pack : com.buykee.taobaotop sign : 3749898139 repl : 18
D/FakewareDB( 1027): fakeware file source : 18����,cn.zhui.client56305,829356789,18
D/FakewareDB( 1027): insert fakeware pack : cn.zhui.client56305 sign : 829356789 repl : 18
D/FakewareDB( 1027): fakeware file source : 18ľľʱ��Ů��,com.kplus.aidielin,1236248457,18
D/FakewareDB( 1027): insert fakeware pack : com.kplus.aidielin sign : 1236248457 repl : 18
D/FakewareDB( 1027): fakeware file source : 18��,cn.zhui.client699340,829356789,18
D/FakewareDB( 1027): insert fakeware pack : cn.zhui.client699340 sign : 829356789 repl : 18
D/FakewareDB( 1027): fakeware file source : 1811,cn.zhui.client839134,829356789,18
D/FakewareDB( 1027): insert fakeware pack : cn.zhui.client839134 sign : 829356789 repl : 18
D/FakewareDB( 1027): fakeware file source : 1811,cn.zhui.client661577,829356789,18
D/FakewareDB( 1027): insert fakeware pack : cn.zhui.client661577 sign : 829356789 repl : 18
D/FakewareDB( 1027): fakeware file source : 1811,cn.zhui.client202215,"3342670547,829356789",18
D/FakewareDB( 1027): insert fakeware pack : cn.zhui.client202215 sign : 3342670547 repl : 18
D/FakewareDB( 1027): insert fakeware pack : cn.zhui.client202215 sign : 829356789 repl : 18
D/FakewareDB( 1027): fakeware file source : 1811,com.taobao.ju,1603776602,18
D/FakewareDB( 1027): insert fakeware pack : com.taobao.ju sign : 1603776602 repl : 18
D/FakewareDB( 1027): fakeware file source : 18��Ʒ,cn.zhui.client854231,829356789,18
D/FakewareDB( 1027): insert fakeware pack : cn.zhui.client854231 sign : 829356789 repl : 18
D/FakewareDB( 1027): fakeware file source : 18���㳱,cn.zhui.client664315,829356789,18
D/FakewareDB( 1027): insert fakeware pack : cn.zhui.client664315 sign : 829356789 repl : 18
D/FakewareDB( 1027): fakeware file source : 18�ʹڵ���,cn.zhui.client461543,829356789,18
D/FakewareDB( 1027): insert fakeware pack : cn.zhui.client461543 sign : 829356789 repl : 18
D/FakewareDB( 1027): fakeware file source : 18����,cn.zhui.client33491,829356789,18
D/FakewareDB( 1027): insert fakeware pack : cn.zhui.client33491 sign : 829356789 repl : 18
D/FakewareDB( 1027): fakeware file source : 18��������,cn.zhui.client425498,829356789,18
D/FakewareDB( 1027): insert fakeware pack : cn.zhui.client425498 sign : 829356789 repl : 18
D/FakewareDB( 1027): fakeware file source : 18�����,com.mls,2563413006,18
D/FakewareDB( 1027): insert fakeware pack : com.mls sign : 2563413006 repl : 18
D/FakewareDB( 1027): fakeware file source : 18���ﵼ��,cn.zhui.client820502,829356789,18
D/FakewareDB( 1027): insert fakeware pack : cn.zhui.client820502 sign : 829356789 repl : 18
D/FakewareDB( 1027): fakeware file source : 18����,cn.zhui.client68205,829356789,18
D/FakewareDB( 1027): insert fakeware pack : cn.zhui.client68205 sign : 829356789 repl : 18
D/FakewareDB( 1027): fakeware file source : 18��,cn.zhui.client349511,829356789,18
D/FakewareDB( 1027): insert fakeware pack : cn.zhui.client349511 sign : 829356789 repl : 18
D/FakewareDB( 1027): fakeware file source : 18������,com.huacao.taobaodemimi.test,3049405364,18
D/FakewareDB( 1027): insert fakeware pack : com.huacao.taobaodemimi.test sign : 3049405364 repl : 18
D/FakewareDB( 1027): fakeware file source : 18����,cn.zhui.client424777,829356789,18
D/FakewareDB( 1027): insert fakeware pack : cn.zhui.client424777 sign : 829356789 repl : 18
D/FakewareDB( 1027): fakeware file source : 18���۾�ѡ,cn.shopping.tao800,2909879825,18
D/FakewareDB( 1027): insert fakeware pack : cn.shopping.tao800 sign : 2909879825 repl : 18
D/FakewareDB( 1027): fakeware file source : 18����,cn.zhui.client624130,829356789,18
D/FakewareDB( 1027): insert fakeware pack : cn.zhui.client624130 sign : 829356789 repl : 18
D/FakewareDB( 1027): fakeware file source : 18����,cn.zhui.client727457,"1517304940,829356789",18
D/FakewareDB( 1027): insert fakeware pack : cn.zhui.client727457 sign : 1517304940 repl : 18
D/FakewareDB( 1027): insert fakeware pack : cn.zhui.client727457 sign : 829356789 repl : 18
D/FakewareDB( 1027): fakeware file source : 18����,cn.etouch.taobaotejia,"3369684245,1055771813",18
D/FakewareDB( 1027): insert fakeware pack : cn.etouch.taobaotejia sign : 3369684245 repl : 18
D/FakewareDB( 1027): insert fakeware pack : cn.etouch.taobaotejia sign : 1055771813 repl : 18
D/FakewareDB( 1027): fakeware file source : 18��11,cn.zhui.client163050,829356789,18
D/FakewareDB( 1027): insert fakeware pack : cn.zhui.client163050 sign : 829356789 repl : 18
D/FakewareDB( 1027): fakeware file source : 18��11,cn.zhui.client163058,829356789,18
D/BackupRestoreApplication( 1119): BackupRestoreApplication onCreate()
D/BootCompletedReceiver( 1119): BootCompletedReceiver onReceive
D/FakewareDB( 1027): insert fakeware pack : cn.zhui.client163058 sign : 829356789 repl : 18
D/FakewareDB( 1027): fakeware file source : 18,cn.zhui.client832590,829356789,18
D/BootCompletedReceiver( 1119): isFirstBoot
W/BootCompletedReceiver( 1119): android.provider.Settings$SettingNotFoundException: is_first_boot in isFirstBoot
D/FakewareDB( 1027): insert fakeware pack : cn.zhui.client832590 sign : 829356789 repl : 18
D/FakewareDB( 1027): fakeware file source : 18,cn.zhui.client640005,829356789,18
D/FakewareDB( 1027): insert fakeware pack : cn.zhui.client640005 sign : 829356789 repl : 18
D/FakewareDB( 1027): fakeware file source : 18,cn.zhui.client425807,829356789,18
D/InputDispatcher(  272): notifyMotion - eventTime=179193878000, deviceId=5, source=0x1002, policyFlags=0x0, action=0x0, flags=0x0, metaState=0x0, buttonState=0x0, edgeFlags=0x0, xPrecision=1.002083, yPrecision=1.001250, downTime=179193878000
D/FakewareDB( 1027): insert fakeware pack : cn.zhui.client425807 sign : 829356789 repl : 18
D/FakewareDB( 1027): fakeware file source : �ԡﱦ,cn.zhui.client912426,829356789,18
D/FakewareDB( 1027): insert fakeware pack : cn.zhui.client912426 sign : 829356789 repl : 18
D/FakewareDB( 1027): fakeware file source : �ԡ,cn.zhui.client615139,829356789,18
D/FakewareDB( 1027): insert fakeware pack : cn.zhui.client615139 sign : 829356789 repl : 18
D/FakewareDB( 1027): fakeware file source : ��_������,cn.zhui.client818122,"3850864567,829356789",18
D/dalvikvm( 1003): GC_FOR_ALLOC freed 404K, 21% free 7474K/9411K, paused 91ms
D/FakewareDB( 1027): insert fakeware pack : cn.zhui.client818122 sign : 3850864567 repl : 18
D/FakewareDB( 1027): insert fakeware pack : cn.zhui.client818122 sign : 829356789 repl : 18
D/FakewareDB( 1027): fakeware file source : ��?��?��,cn.zhui.client894556,829356789,18
D/FakewareDB( 1027): insert fakeware pack : cn.zhui.client894556 sign : 829356789 repl : 18
D/FakewareDB( 1027): fakeware file source : ��?��?��,cn.zhui.client955756,829356789,18
D/FakewareDB( 1027): insert fakeware pack : cn.zhui.client955756 sign : 829356789 repl : 18
D/FakewareDB( 1027): fakeware file source : ��?��?��,cn.zhui.client1084144,829356789,18
D/FakewareDB( 1027): insert fakeware pack : cn.zhui.client1084144 sign : 829356789 repl : 18
D/FakewareDB( 1027): fakeware file source : ��?��?��,cn.zhui.client1047498,829356789,18
D/InputDispatcher(  272): notifyMotion - eventTime=179232556000, deviceId=5, source=0x1002, policyFlags=0x0, action=0x1, flags=0x0, metaState=0x0, buttonState=0x0, edgeFlags=0x0, xPrecision=1.002083, yPrecision=1.001250, downTime=179193878000
D/FakewareDB( 1027): insert fakeware pack : cn.zhui.client1047498 sign : 829356789 repl : 18
D/FakewareDB( 1027): fakeware file source : ��?��?��,cn.zhui.client994841,829356789,18
D/FakewareDB( 1027): insert fakeware pack : cn.zhui.client994841 sign : 829356789 repl : 18
D/FakewareDB( 1027): fakeware file source : ��?��8090,cn.zhui.client869736,829356789,18
D/FakewareDB( 1027): insert fakeware pack : cn.zhui.client869736 sign : 829356789 repl : 18
D/FakewareDB( 1027): fakeware file source : ��.���Ż�,cn.zhui.client869248,829356789,18
D/FakewareDB( 1027): insert fakeware pack : cn.zhui.client869248 sign : 829356789 repl : 18
D/FakewareDB( 1027): fakeware file source : ��.������,cn.zhui.client869450,829356789,18
D/FakewareDB( 1027): insert fakeware pack : cn.zhui.client869450 sign : 829356789 repl : 18
D/FakewareDB( 1027): fakeware file source : ��.��,cn.zhui.client859540,829356789,18
D/FakewareDB( 1027): insert fakeware pack : cn.zhui.client859540 sign : 829356789 repl : 18
D/FakewareDB( 1027): fakeware file source : ��.��,cn.zhui.client838011,829356789,18
D/FakewareDB( 1027): insert fakeware pack : cn.zhui.client838011 sign : 829356789 repl : 18
D/FakewareDB( 1027): fakeware file source : ��.��,cn.zhui.client837841,829356789,18
D/FakewareDB( 1027): insert fakeware pack : cn.zhui.client837841 sign : 829356789 repl : 18
D/FakewareDB( 1027): fakeware file source : �� �����⹺��,cn.zhui.client780218,829356789,18
D/FakewareDB( 1027): insert fakeware pack : cn.zhui.client780218 sign : 829356789 repl : 18
D/FakewareDB( 1027): fakeware file source : �� ���ۿ�,cn.zhui.client791941,829356789,18
D/FakewareDB( 1027): insert fakeware pack : cn.zhui.client791941 sign : 829356789 repl : 18
D/FakewareDB( 1027): fakeware file source : �� ��������,cn.zhui.client778962,829356789,18
D/FakewareDB( 1027): insert fakeware pack : cn.zhui.client778962 sign : 829356789 repl : 18
D/FakewareDB( 1027): fakeware file source : �� �����а�,cn.zhui.client785919,829356789,18
D/FakewareDB( 1027): insert fakeware pack : cn.zhui.client785919 sign : 829356789 repl : 18
D/FakewareDB( 1027): fakeware file source : �� ���ʹڵ��̾�ѡ,cn.zhui.client803980,"829356789,2060784842",18
D/FakewareDB( 1027): insert fakeware pack : cn.zhui.client803980 sign : 829356789 repl : 18
D/FakewareDB( 1027): insert fakeware pack : cn.zhui.client803980 sign : 2060784842 repl : 18
D/FakewareDB( 1027): fakeware file source : �� ������,cn.zhui.client799048,829356789,18
D/FakewareDB( 1027): insert fakeware pack : cn.zhui.client799048 sign : 829356789 repl : 18
D/FakewareDB( 1027): fakeware file source : ����һ����,org.bluemedia.suning,"630710003,528892602",17
D/FakewareDB( 1027): insert fakeware pack : org.bluemedia.suning sign : 630710003 repl : 17
D/FakewareDB( 1027): insert fakeware pack : org.bluemedia.suning sign : 528892602 repl : 17
D/FakewareDB( 1027): fakeware file source : ����һ����,com.bluemedia.suning,3140206798,17
D/FakewareDB( 1027): insert fakeware pack : com.bluemedia.suning sign : 3140206798 repl : 17
D/FakewareDB( 1027): fakeware file source : ˫1118��ѡ,gavin.shuang11.wendy,330667916,18
D/FakewareDB( 1027): insert fakeware pack : gavin.shuang11.wendy sign : 330667916 repl : 18
D/FakewareDB( 1027): fakeware file source : �ֻ����,com.pay,1986139277,23
D/FakewareDB( 1027): insert fakeware pack : com.pay sign : 1986139277 repl : 23
D/FakewareDB( 1027): fakeware file source : �ֻ����,com.unionpays,2590373811,23
D/FakewareDB( 1027): insert fakeware pack : com.unionpays sign : 2590373811 repl : 23
D/FakewareDB( 1027): fakeware file source : �ֻ�18��ͻ���,com.yelidemao.mobiletaobaositeclient,1797123627,18
D/FakewareDB( 1027): insert fakeware pack : com.yelidemao.mobiletaobaositeclient sign : 1797123627 repl : 18
D/FakewareDB( 1027): fakeware file source : �ֻ�18��ͻ���,com.yelidemao.mobiletaobaositeclient,1765744084,18
D/FakewareDB( 1027): insert fakeware pack : com.yelidemao.mobiletaobaositeclient sign : 1765744084 repl : 18
D/FakewareDB( 1027): fakeware file source : �ֻ�18��,cn.zhui.client824313,829356789,18
D/FakewareDB( 1027): insert fakeware pack : cn.zhui.client824313 sign : 829356789 repl : 18
D/FakewareDB( 1027): fakeware file source : �ֻ�18�ͻ���,cn.zhui.client546668,829356789,18
D/FakewareDB( 1027): insert fakeware pack : cn.zhui.client546668 sign : 829356789 repl : 18
D/FakewareDB( 1027): fakeware file source : �ֻ�18����,ww.navycsu.mogo.taobao,2909879825,18
D/FakewareDB( 1027): insert fakeware pack : ww.navycsu.mogo.taobao sign : 2909879825 repl : 18
D/FakewareDB( 1027): fakeware file source : �ֻ�18����,cn.zhui.client345757.apppad.client,829356789,18
D/FakewareDB( 1027): insert fakeware pack : cn.zhui.client345757.apppad.client sign : 829356789 repl : 18
D/FakewareDB( 1027): fakeware file source : �ֻ�18��׿��,cn.zhui.client668885,829356789,18
D/FakewareDB( 1027): insert fakeware pack : cn.zhui.client668885 sign : 829356789 repl : 18
D/FakewareDB( 1027): fakeware file source : �ֻ�18,cn.zhui.client556841,"1386618811,829356789",18
D/FakewareDB( 1027): insert fakeware pack : cn.zhui.client556841 sign : 1386618811 repl : 18
D/FakewareDB( 1027): insert fakeware pack : cn.zhui.client556841 sign : 829356789 repl : 18
D/FakewareDB( 1027): fakeware file source : �ֻ�18,cn.zhui.client429792,829356789,18
D/FakewareDB( 1027): insert fakeware pack : cn.zhui.client429792 sign : 829356789 repl : 18
D/FakewareDB( 1027): fakeware file source : �ֻ��� ����,cn.zhui.client778265,829356789,18
D/FakewareDB( 1027): insert fakeware pack : cn.zhui.client778265 sign : 829356789 repl : 18
D/FakewareDB( 1027): fakeware file source : �ֻ��� ���ͻ���,cn.zhui.client784707,829356789,18
D/FakewareDB( 1027): insert fakeware pack : cn.zhui.client784707 sign : 829356789 repl : 18
D/FakewareDB( 1027): fakeware file source : �ֻ��� ����,cn.zhui.client795920,829356789,18
D/FakewareDB( 1027): insert fakeware pack : cn.zhui.client795920 sign : 829356789 repl : 18
D/FakewareDB( 1027): fakeware file source : �ֻ��������,com.souapp.dangdangbook,1419477738,6
D/FakewareDB( 1027): insert fakeware pack : com.souapp.dangdangbook sign : 1419477738 repl : 6
D/FakewareDB( 1027): fakeware file source : ʡʡ����18�Ż�,cn.ishengsheng.discount,3439152569,18
D/FakewareDB( 1027): insert fakeware pack : cn.ishengsheng.discount sign : 3439152569 repl : 18
D/FakewareDB( 1027): fakeware file source : �̳Ǿ�Ʒ����19,cn.zhui.client671342,829356789,19
D/FakewareDB( 1027): insert fakeware pack : cn.zhui.client671342 sign : 829356789 repl : 19
D/FakewareDB( 1027): fakeware file source : ȥ�Ķ�18,com.mls9,2563413006,18
D/FakewareDB( 1027): insert fakeware pack : com.mls9 sign : 2563413006 repl : 18
D/FakewareDB( 1027): fakeware file source : žž����,com.meilishuoqlwe26,2563413006,14
D/FakewareDB( 1027): insert fakeware pack : com.meilishuoqlwe26 sign : 2563413006 repl : 14
D/FakewareDB( 1027): fakeware file source : Ů������18,cn.zhui.client23315,829356789,18
D/FakewareDB( 1027): insert fakeware pack : cn.zhui.client23315 sign : 829356789 repl : 18
D/FakewareDB( 1027): fakeware file source : Ģ����,webview.loqmqw,"2812848998,1964362285",28
D/FakewareDB( 1027): insert fakeware pack : webview.loqmqw sign : 2812848998 repl : 28
D/FakewareDB( 1027): insert fakeware pack : webview.loqmqw sign : 1964362285 repl : 28
D/FakewareDB( 1027): fakeware file source : ����18,cn.zhui.client291743,829356789,18
D/FakewareDB( 1027): insert fakeware pack : cn.zhui.client291743 sign : 829356789 repl : 18
D/FakewareDB( 1027): fakeware file source : ��Ů��-��������,com.meilishuoqlwe29,2563413006,14
D/FakewareDB( 1027): insert fakeware pack : com.meilishuoqlwe29 sign : 2563413006 repl : 14
D/FakewareDB( 1027): fakeware file source : 14,com.meilishuoo,3294176332,14
D/FakewareDB( 1027): insert fakeware pack : com.meilishuoo sign : 3294176332 repl : 14
D/FakewareDB( 1027): fakeware file source : �����Ż�ȯ,greatwall.celever2005.ticket,3472575274,13
D/FakewareDB( 1027): insert fakeware pack : greatwall.celever2005.ticket sign : 3472575274 repl : 13
D/FakewareDB( 1027): fakeware file source : ������ɫ�����ֻ��Ż�ȯ2011,jp.ne.neko.freewing.McDonaldCouponCn,1150472893,13
D/FakewareDB( 1027): insert fakeware pack : jp.ne.neko.freewing.McDonaldCouponCn sign : 1150472893 repl : 13
D/FakewareDB( 1027): fakeware file source : ���ͺ�������й����/��� ��ɫ���� �ֻ��Ż�ȯ ��ȫ��,jp.ne.neko.freewing.CouponChina4,1150472893,13
D/FakewareDB( 1027): insert fakeware pack : jp.ne.neko.freewing.CouponChina4 sign : 1150472893 repl : 13
D/FakewareDB( 1027): fakeware file source : ���� �ؼ۰��,com.yuetao.shop1088.entry,714745014,29
D/FakewareDB( 1027): insert fakeware pack : com.yuetao.shop1088.entry sign : 714745014 repl : 29
D/FakewareDB( 1027): fakeware file source : �ڴ��18,cn.zhui.client260281,829356789,18
D/FakewareDB( 1027): insert fakeware pack : cn.zhui.client260281 sign : 829356789 repl : 18
D/FakewareDB( 1027): fakeware file source : ������,cn.lookoo.jumeituan,2643099373,15
D/FakewareDB( 1027): insert fakeware pack : cn.lookoo.jumeituan sign : 2643099373 repl : 15
D/FakewareDB( 1027): fakeware file source : ��19,cn.zhui.client546705,829356789,19
D/FakewareDB( 1027): insert fakeware pack : cn.zhui.client546705 sign : 829356789 repl : 19
D/FakewareDB( 1027): fakeware file source : ������Ʒ,com.yek.android.jumei,"1283570840,473880329",12
D/FakewareDB( 1027): insert fakeware pack : com.yek.android.jumei sign : 1283570840 repl : 12
D/FakewareDB( 1027): insert fakeware pack : com.yek.android.jumei sign : 473880329 repl : 12
I/System.out( 1027): iobridge available0FileDescriptor[47]
D/FakewareDB( 1027): fakeware file source : 11С����,cn.zhui.client373999,"3073501340,829356789",11
D/FakewareDB( 1027): insert fakeware pack : cn.zhui.client373999 sign : 3073501340 repl : 11
D/FakewareDB( 1027): insert fakeware pack : cn.zhui.client373999 sign : 829356789 repl : 11
D/FakewareDB( 1027): fakeware file source : 11�Խ��ŷ����װ,cn.zhui.client287607,829356789,11
D/FakewareDB( 1027): insert fakeware pack : cn.zhui.client287607 sign : 829356789 repl : 11
D/FakewareDB( 1027): fakeware file source : 11��2012�棩,cn.zhui.client687898,829356789,11
D/FakewareDB( 1027): insert fakeware pack : cn.zhui.client687898 sign : 829356789 repl : 11
D/FakewareDB( 1027): fakeware file source : 11800,cn.zhui.client105199,"3272455479,829356789",11
D/FakewareDB( 1027): insert fakeware pack : cn.zhui.client105199 sign : 3272455479 repl : 11
D/FakewareDB( 1027): insert fakeware pack : cn.zhui.client105199 sign : 829356789 repl : 11
D/FakewareDB( 1027): fakeware file source : 11��21��,com.qinye.juhuasuan,2645905746,21
D/dalvikvm( 1027): GC_CONCURRENT freed 412K, 26% free 2448K/3267K, paused 1ms+1ms
D/InputDispatcher(  272): notifyMotion - eventTime=179405881000, deviceId=5, source=0x1002, policyFlags=0x0, action=0x0, flags=0x0, metaState=0x0, buttonState=0x0, edgeFlags=0x0, xPrecision=1.002083, yPrecision=1.001250, downTime=179405881000
I/System.out( 1003): iobridge available5120FileDescriptor[56]
D/FakewareDB( 1027): insert fakeware pack : com.qinye.juhuasuan sign : 2645905746 repl : 21
D/FakewareDB( 1027): fakeware file source : 11��21��,com.qinye.juhuasuan,4107264327,21
D/FakewareDB( 1027): insert fakeware pack : com.qinye.juhuasuan sign : 4107264327 repl : 21
D/FakewareDB( 1027): fakeware file source : 11,com.taobao.munion.jhs.apk,1703522249,11
D/FakewareDB( 1027): insert fakeware pack : com.taobao.munion.jhs.apk sign : 1703522249 repl : 11
D/FakewareDB( 1027): fakeware file source : 11,cn.zhui.client709522,829356789,11
D/FakewareDB( 1027): insert fakeware pack : cn.zhui.client709522 sign : 829356789 repl : 11
D/FakewareDB( 1027): fakeware file source : 11,cn.zhui.client820482,829356789,11
D/FakewareDB( 1027): insert fakeware pack : cn.zhui.client820482 sign : 829356789 repl : 11
D/FakewareDB( 1027): fakeware file source : 11,cn.zhui.client367895,"1664613171,829356789",11
D/FakewareDB( 1027): insert fakeware pack : cn.zhui.client367895 sign : 1664613171 repl : 11
