D/dalvikvm(  293): DexOpt: not verifying/optimizing 'Lyi/support/v1/menu/HybridMenuPanel$MenuController$4;': multiple definitions
D/dalvikvm(  293): DexOpt: not verifying/optimizing 'Lyi/support/v1/blend/BlendService$Observer;': multiple definitions
D/dalvikvm(  293): DexOpt: not verifying/optimizing 'Lyi/support/v1/menu/HybridMenu$ContentMask$4;': multiple definitions
D/dalvikvm(  293): DexOpt: not verifying/optimizing 'Lyi/support/v1/menu/MenuManager;': multiple definitions
D/dalvikvm(  293): DexOpt: not verifying/optimizing 'Lyi/support/v1/menu/MenuManager$MenuViewContainer;': multiple definitions
D/dalvikvm(  293): DexOpt: not verifying/optimizing 'Lyi/support/v1/menu/HybridMenuPanel$Observer;': multiple definitions
D/dalvikvm(  293): DexOpt: not verifying/optimizing 'Lyi/support/v1/menu/HybridMenu$1;': multiple definitions
D/dalvikvm(  293): DexOpt: not verifying/optimizing 'Lyi/support/v1/menu/HybridMenuPanel$PanelPlaceHolder$2;': multiple definitions
D/dalvikvm(  293): DexOpt: not verifying/optimizing 'Lyi/support/v1/menu/HybridMenu$ExpandedActionViewMenuPresenter$1;': multiple definitions
D/dalvikvm(  293): DexOpt: not verifying/optimizing 'Lyi/support/v1/menu/HybridMenuPanel$PanelPlaceHolder$1;': multiple definitions
D/dalvikvm(  293): DexOpt: not verifying/optimizing 'Lyi/support/v1/menu/HybridMenuPanel$MenuController$3;': multiple definitions
D/dalvikvm(  293): DexOpt: not verifying/optimizing 'Lyi/support/v1/menu/HybridMenuPanel$MenuController$1;': multiple definitions
D/dalvikvm(  293): DexOpt: not verifying/optimizing 'Lyi/support/v1/menu/HybridMenu$ExpandedActionViewMenuPresenterVolatile;': multiple definitions
D/dalvikvm(  293): DexOpt: not verifying/optimizing 'Lyi/support/v1/menu/HybridMenu$ExpandedActionViewMenuPresenter;': multiple definitions
D/dalvikvm(  293): DexOpt: not verifying/optimizing 'Lyi/support/v1/menu/HybridMenuPanel$1;': multiple definitions
D/dalvikvm(  293): DexOpt: not verifying/optimizing 'Lyi/support/v1/menu/HybridMenuPanel;': multiple definitions
D/dalvikvm(  293): DexOpt: not verifying/optimizing 'Lyi/support/v1/menu/HybridMenuPanel$MenuController$7;': multiple definitions
D/dalvikvm(  293): DexOpt: not verifying/optimizing 'Lyi/support/v1/menu/HybridMenuPanel$ActionHeight$2;': multiple definitions
D/dalvikvm(  293): DexOpt: not verifying/optimizing 'Lyi/support/v1/menu/PanelFeatureState$SavedState$1;': multiple definitions
D/dalvikvm(  293): DexOpt: not verifying/optimizing 'Lyi/support/v1/menu/HybridMenuPanel$MenuController$5;': multiple definitions
D/dalvikvm(  293): DexOpt: not verifying/optimizing 'Lyi/support/v1/menu/HybridMenuPanel$2;': multiple definitions
D/dalvikvm(  293): DexOpt: not verifying/optimizing 'Lyi/support/v1/menu/HybridMenuPanel$PanelController$2$1;': multiple definitions
D/dalvikvm(  293): DexOpt: not verifying/optimizing 'Lyi/support/v1/menu/HybridMenuPanel$ActionController;': multiple definitions
D/dalvikvm(  293): DexOpt: not verifying/optimizing 'Lyi/support/v1/menu/HybridMenuPanel$MenuController$1$1;': multiple definitions
D/dalvikvm(  293): DexOpt: not verifying/optimizing 'Lyi/support/v1/menu/HybridMenuPanel$PanelController;': multiple definitions
D/dalvikvm(  293): DexOpt: not verifying/optimizing 'Lyi/support/v1/menu/HybridMenuPanel$ContentConsistency;': multiple definitions
D/dalvikvm(  293): DexOpt: not verifying/optimizing 'Lyi/support/v1/ActionBarTitleViewContainer$2;': multiple definitions
D/dalvikvm(  293): DexOpt: not verifying/optimizing 'Lyi/support/v1/YiLaf$Decorator;': multiple definitions
D/dalvikvm(  293): DexOpt: not verifying/optimizing 'Lyi/support/v1/YiLaf$1;': multiple definitions
D/dalvikvm(  293): DexOpt: not verifying/optimizing 'Lyi/support/v1/ContentDemensionSwitcher$2;': multiple definitions
D/dalvikvm(  293): DexOpt: not verifying/optimizing 'Lyi/support/v1/YiLaf$ActionBarWrapper;': multiple definitions
D/dalvikvm(  293): DexOpt: not verifying/optimizing 'Lyi/support/v1/blend/BlurBlend;': multiple definitions
D/dalvikvm(  293): DexOpt: not verifying/optimizing 'Lyi/support/v1/blend/BlendService$BlendTask;': multiple definitions
D/dalvikvm(  293): DexOpt: not verifying/optimizing 'Lyi/support/v1/blend/SketchBlend$Task;': multiple definitions
D/dalvikvm(  293): DexOpt: not verifying/optimizing 'Lyi/support/v1/blend/BlendService;': multiple definitions
D/dalvikvm(  293): DexOpt: not verifying/optimizing 'Lyi/support/v1/blend/SketchBlend;': multiple definitions
D/dalvikvm(  293): DexOpt: not verifying/optimizing 'Lyi/support/v1/blend/BlurBlend$Task;': multiple definitions
D/dalvikvm(  293): DexOpt: not verifying/optimizing 'Lyi/support/v1/blend/BlendService$BlendTask$1;': multiple definitions
D/dalvikvm(  293): DexOpt: not verifying/optimizing 'Lyi/support/v1/YiLaf$ActivityDecorator;': multiple definitions
D/dalvikvm(  293): DexOpt: not verifying/optimizing 'Lyi/support/v1/YiLaf$ActivityDecorator$1;': multiple definitions
D/dalvikvm(  293): DexOpt: not verifying/optimizing 'Lyi/support/v1/YiLaf$ActivityLifecycleObserver;': multiple definitions
D/dalvikvm(  293): DexOpt: not verifying/optimizing 'Lyi/support/v1/YiLaf$3;': multiple definitions
D/dalvikvm(  293): DexOpt: not verifying/optimizing 'Lyi/support/v1/ContentDemensionSwitcher$3;': multiple definitions
D/dalvikvm(  293): DexOpt: not verifying/optimizing 'Lyi/support/v1/ContentDemensionSwitcher;': multiple definitions
D/dalvikvm(  293): DexOpt: not verifying/optimizing 'Lyi/support/v1/ActionBarTitleViewContainer$1;': multiple definitions
D/dalvikvm(  293): DexOpt: not verifying/optimizing 'Lyi/support/v1/utils/Animatable$DURATION$MENU$PANEL;': multiple definitions
D/dalvikvm(  293): DexOpt: not verifying/optimizing 'Lyi/support/v1/utils/Animatable$Translate$1;': multiple definitions
D/dalvikvm(  293): DexOpt: not verifying/optimizing 'Lyi/support/v1/utils/Logger;': multiple definitions
D/dalvikvm(  293): DexOpt: not verifying/optimizing 'Lyi/support/v1/utils/FpsCounter$FpsView;': multiple definitions
D/dalvikvm(  293): DexOpt: not verifying/optimizing 'Lyi/support/v1/utils/Animatable$DURATION$MENU$ACTION;': multiple definitions
D/dalvikvm(  293): DexOpt: not verifying/optimizing 'Lyi/support/v1/utils/Animatable$DURATION$MENU$INDICATOR;': multiple definitions
D/dalvikvm(  293): DexOpt: not verifying/optimizing 'Lyi/support/v1/utils/Reflection;': multiple definitions
D/dalvikvm(  293): DexOpt: not verifying/optimizing 'Lyi/support/v1/utils/Animatable$DURATION$MASK;': multiple definitions
D/dalvikvm(  293): DexOpt: not verifying/optimizing 'Lyi/support/v1/utils/Animatable$Alpha$1;': multiple definitions
D/dalvikvm(  293): DexOpt: not verifying/optimizing 'Lyi/support/v1/utils/Animatable$Horizontal;': multiple definitions
D/dalvikvm(  293): DexOpt: not verifying/optimizing 'Lyi/support/v1/utils/FpsCounter;': multiple definitions
D/dalvikvm(  293): DexOpt: not verifying/optimizing 'Lyi/support/v1/utils/ResHelper;': multiple definitions
D/dalvikvm(  293): DexOpt: not verifying/optimizing 'Lyi/support/v1/utils/Animatable$DURATION$MENU$LIST;': multiple definitions
D/dalvikvm(  293): DexOpt: not verifying/optimizing 'Lyi/support/v1/utils/Animatable$INTERPOLATER;': multiple definitions
D/dalvikvm(  293): DexOpt: not verifying/optimizing 'Lyi/support/v1/utils/Animatable$DURATION$VIEW;': multiple definitions
D/dalvikvm(  293): DexOpt: not verifying/optimizing 'Lyi/support/v1/utils/ViewCapturer;': multiple definitions
D/dalvikvm(  293): DexOpt: not verifying/optimizing 'Lyi/support/v1/utils/Animatable$DURATION$MENU;': multiple definitions
D/dalvikvm(  293): DexOpt: not verifying/optimizing 'Lyi/support/v1/utils/Animatable$DURATION;': multiple definitions
D/dalvikvm(  293): DexOpt: not verifying/optimizing 'Lyi/support/v1/utils/Logger$Performance;': multiple definitions
D/dalvikvm(  293): DexOpt: not verifying/optimizing 'Lyi/support/v1/utils/Animatable$DURATION$CONTENT;': multiple definitions
D/dalvikvm(  293): DexOpt: not verifying/optimizing 'Lyi/support/v1/utils/Animatable;': multiple definitions
D/dalvikvm(  293): DexOpt: not verifying/optimizing 'Lyi/support/v1/ActionBarCustomViewContainer;': multiple definitions
D/dalvikvm(  293): DexOpt: not verifying/optimizing 'Lyi/support/v1/ActionBarTitleViewContainer$4;': multiple definitions
D/dalvikvm(  293): DexOpt: not verifying/optimizing 'Lyi/support/v1/ContentDemensionSwitcher$1;': multiple definitions
D/dalvikvm(  293): DexOpt: not verifying/optimizing 'Lyi/support/v1/ActionBarTitleViewContainer$5;': multiple definitions
D/dalvikvm(  293): DexOpt: not verifying/optimizing 'Lyi/support/v1/YiLaf$2;': multiple definitions
D/dalvikvm(  293): DexOpt: not verifying/optimizing 'Lyi/R$dimen;': multiple definitions
D/dalvikvm(  293): DexOpt: load 209ms, verify+opt 19ms
D/dalvikvm(  294): Unable to stat classpath element '/system/framework/com.broadcom.bt.service.jar'
D/dalvikvm(  294): DexOpt: load 7ms, verify+opt 22ms
D/dalvikvm(  295): Unable to stat classpath element '/system/framework/com.broadcom.bt.service.jar'
D/dalvikvm(  295): DexOpt: load 6ms, verify+opt 6ms
D/dalvikvm(  296): Unable to stat classpath element '/system/framework/com.broadcom.bt.service.jar'
D/dalvikvm(  296): DexOpt: load 5ms, verify+opt 5ms
I/dalvikvm(  269): Zip is good, but no classes.dex inside, and no .odex file in the same directory
W/PackageManager(  269): Exception reading jar: /system/framework/framework-res-yi.apk
W/PackageManager(  269): java.io.IOException: /system/framework/framework-res-yi.apk
W/PackageManager(  269): 	at dalvik.system.DexFile.isDexOptNeeded(Native Method)
W/PackageManager(  269): 	at com.android.server.pm.PackageManagerService.<init>(PackageManagerService.java:1045)
W/PackageManager(  269): 	at com.android.server.pm.PackageManagerService.main(PackageManagerService.java:855)
W/PackageManager(  269): 	at com.android.server.ServerThread.run(SystemServer.java:186)
D/dalvikvm(  297): Unable to stat classpath element '/system/framework/com.broadcom.bt.service.jar'
D/dalvikvm(  297): DexOpt: load 5ms, verify+opt 5ms
D/dalvikvm(  298): Unable to stat classpath element '/system/framework/com.broadcom.bt.service.jar'
D/dalvikvm(  298): DexOpt: load 5ms, verify+opt 6ms
D/dalvikvm(  299): Unable to stat classpath element '/system/framework/com.broadcom.bt.service.jar'
D/dalvikvm(  299): DexOpt: load 10ms, verify+opt 51ms
D/dalvikvm(  300): Unable to stat classpath element '/system/framework/com.broadcom.bt.service.jar'
D/dalvikvm(  300): DexOpt: load 7ms, verify+opt 19ms
D/dalvikvm(  301): Unable to stat classpath element '/system/framework/com.broadcom.bt.service.jar'
D/dalvikvm(  301): DexOpt: load 5ms, verify+opt 6ms
D/dalvikvm(  269): GC_CONCURRENT freed 225K, 18% free 2852K/3459K, paused 1ms+1ms
W/PackageParser(  269): No actions in intent filter at /system/app/BaiduAppSearch.apk Binary XML file line #1144
W/PackageParser(  269): No actions in intent filter at /system/app/BaiduAppSearch.apk Binary XML file line #1153
W/PackageParser(  269): No actions in intent filter at /system/app/BaiduAppSearch.apk Binary XML file line #1167
W/PackageParser(  269): No actions in intent filter at /system/app/BaiduAppSearch.apk Binary XML file line #1175
W/PackageParser(  269): No actions in intent filter at /system/app/BaiduAppSearch.apk Binary XML file line #1183
W/PackageParser(  269): No actions in intent filter at /system/app/BaiduAppSearch.apk Binary XML file line #1192
W/PackageParser(  269): No actions in intent filter at /system/app/BaiduAppSearch.apk Binary XML file line #1201
W/PackageParser(  269): No actions in intent filter at /system/app/BaiduAppSearch.apk Binary XML file line #1210
W/PackageParser(  269): No actions in intent filter at /system/app/BaiduAppSearch.apk Binary XML file line #1219
W/PackageParser(  269): No actions in intent filter at /system/app/BaiduAppSearch.apk Binary XML file line #1227
W/PackageParser(  269): No actions in intent filter at /system/app/BaiduAppSearch.apk Binary XML file line #1234
W/PackageParser(  269): No actions in intent filter at /system/app/BaiduAppSearch.apk Binary XML file line #1241
W/PackageManager(  269): Package com.baidu.camera desires unavailable shared library com.google.android.media.effects; ignoring!
W/PackageManager(  269): Package com.baidu.gallery3d desires unavailable shared library com.google.android.media.effects; ignoring!
D/dalvikvm(  269): GC_CONCURRENT freed 147K, 15% free 3105K/3651K, paused 1ms+1ms
W/PackageParser(  269): Unknown element under <manifest>: uses-library at /system/app/BaiduVideoEditor.apk Binary XML file line #11
W/PackageParser(  269): No actions in intent filter at /system/app/Bluetooth.apk Binary XML file line #114
D/dalvikvm(  269): GC_CONCURRENT freed 180K, 15% free 3348K/3907K, paused 1ms+2ms
W/PackageParser(  269): No actions in intent filter at /system/app/Contacts.apk Binary XML file line #297
W/PackageParser(  269): No actions in intent filter at /system/app/Contacts.apk Binary XML file line #410
D/dalvikvm(  269): GC_CONCURRENT freed 242K, 15% free 3560K/4163K, paused 1ms+4ms
W/PackageParser(  269): Unknown element under <manifest>: user-permission at /system/app/HomePro.apk Binary XML file line #90
D/dalvikvm(  269): GC_CONCURRENT freed 216K, 14% free 3802K/4419K, paused 1ms+3ms
W/PackageParser(  269): Problem in package /system/app/Settings.apk:
W/PackageParser(  269): Unknown element under <activity>: category at /system/app/Settings.apk Binary XML file line #1044
D/PackageManager(  269): No files in app dir /vendor/app
W/PackageManager(  269): Package com.speedsoftware.rootexplorer desires unavailable shared library com.sec.android.app.multiwindow; ignoring!
W/PackageParser(  269): No actions in intent filter at /data/app/com.baidu.tiebaz-1.apk Binary XML file line #71
W/PackageParser(  269): No actions in intent filter at /data/app/com.baidu.tiebaz-1.apk Binary XML file line #78
W/PackageParser(  269): No actions in intent filter at /data/app/com.baidu.tiebaz-1.apk Binary XML file line #85
W/PackageParser(  269): No actions in intent filter at /data/app/com.baidu.tiebaz-1.apk Binary XML file line #92
W/PackageParser(  269): No actions in intent filter at /data/app/com.baidu.tiebaz-1.apk Binary XML file line #109
W/PackageParser(  269): No actions in intent filter at /data/app/com.baidu.tiebaz-1.apk Binary XML file line #118
W/PackageParser(  269): No actions in intent filter at /data/app/com.baidu.tiebaz-1.apk Binary XML file line #128
W/PackageParser(  269): No actions in intent filter at /data/app/com.baidu.tiebaz-1.apk Binary XML file line #135
W/PackageParser(  269): No actions in intent filter at /data/app/com.baidu.tiebaz-1.apk Binary XML file line #142
W/PackageParser(  269): No actions in intent filter at /data/app/com.baidu.tiebaz-1.apk Binary XML file line #149
W/PackageParser(  269): No actions in intent filter at /data/app/com.baidu.tiebaz-1.apk Binary XML file line #156
W/PackageParser(  269): No actions in intent filter at /data/app/com.baidu.tiebaz-1.apk Binary XML file line #163
W/PackageParser(  269): No actions in intent filter at /data/app/com.baidu.tiebaz-1.apk Binary XML file line #175
W/PackageParser(  269): No actions in intent filter at /data/app/com.baidu.tiebaz-1.apk Binary XML file line #183
W/PackageParser(  269): No actions in intent filter at /data/app/com.baidu.tiebaz-1.apk Binary XML file line #190
W/PackageParser(  269): No actions in intent filter at /data/app/com.baidu.tiebaz-1.apk Binary XML file line #196
W/PackageParser(  269): No actions in intent filter at /data/app/com.baidu.tiebaz-1.apk Binary XML file line #227
W/PackageParser(  269): No actions in intent filter at /data/app/com.baidu.tiebaz-1.apk Binary XML file line #234
W/PackageParser(  269): No actions in intent filter at /data/app/com.baidu.tiebaz-1.apk Binary XML file line #241
W/PackageParser(  269): No actions in intent filter at /data/app/com.baidu.tiebaz-1.apk Binary XML file line #249
W/PackageParser(  269): No actions in intent filter at /data/app/com.baidu.tiebaz-1.apk Binary XML file line #256
W/PackageParser(  269): No actions in intent filter at /data/app/com.baidu.tiebaz-1.apk Binary XML file line #263
W/PackageParser(  269): No actions in intent filter at /data/app/com.baidu.tiebaz-1.apk Binary XML file line #270
W/PackageParser(  269): No actions in intent filter at /data/app/com.baidu.tiebaz-1.apk Binary XML file line #277
W/PackageParser(  269): No actions in intent filter at /data/app/com.baidu.tiebaz-1.apk Binary XML file line #284
W/PackageParser(  269): No actions in intent filter at /data/app/com.baidu.tiebaz-1.apk Binary XML file line #292
W/PackageParser(  269): No actions in intent filter at /data/app/com.baidu.tiebaz-1.apk Binary XML file line #300
W/PackageParser(  269): No actions in intent filter at /data/app/com.baidu.tiebaz-1.apk Binary XML file line #308
W/PackageParser(  269): No actions in intent filter at /data/app/com.baidu.tiebaz-1.apk Binary XML file line #316
W/PackageParser(  269): No actions in intent filter at /data/app/com.baidu.tiebaz-1.apk Binary XML file line #324
W/PackageParser(  269): No actions in intent filter at /data/app/com.baidu.tiebaz-1.apk Binary XML file line #331
W/PackageParser(  269): No actions in intent filter at /data/app/com.baidu.tiebaz-1.apk Binary XML file line #339
W/PackageParser(  269): No actions in intent filter at /data/app/com.baidu.tiebaz-1.apk Binary XML file line #347
W/PackageParser(  269): No actions in intent filter at /data/app/com.baidu.tiebaz-1.apk Binary XML file line #354
W/PackageParser(  269): No actions in intent filter at /data/app/com.baidu.tiebaz-1.apk Binary XML file line #369
W/PackageParser(  269): No actions in intent filter at /data/app/com.baidu.tiebaz-1.apk Binary XML file line #378
W/PackageParser(  269): No actions in intent filter at /data/app/com.baidu.tiebaz-1.apk Binary XML file line #384
W/PackageParser(  269): No actions in intent filter at /data/app/com.baidu.tiebaz-1.apk Binary XML file line #390
W/PackageParser(  269): No actions in intent filter at /data/app/com.baidu.tiebaz-1.apk Binary XML file line #396
W/PackageParser(  269): No actions in intent filter at /data/app/com.baidu.tiebaz-1.apk Binary XML file line #403
W/PackageParser(  269): No actions in intent filter at /data/app/com.baidu.tiebaz-1.apk Binary XML file line #409
W/PackageParser(  269): No actions in intent filter at /data/app/com.baidu.tiebaz-1.apk Binary XML file line #415
W/PackageParser(  269): No actions in intent filter at /data/app/com.baidu.tiebaz-1.apk Binary XML file line #421
W/PackageParser(  269): No actions in intent filter at /data/app/com.baidu.tiebaz-1.apk Binary XML file line #427
W/PackageParser(  269): No actions in intent filter at /data/app/com.baidu.tiebaz-1.apk Binary XML file line #434
W/PackageParser(  269): No actions in intent filter at /data/app/com.baidu.tiebaz-1.apk Binary XML file line #441
W/PackageParser(  269): No actions in intent filter at /data/app/com.baidu.tiebaz-1.apk Binary XML file line #448
W/PackageParser(  269): No actions in intent filter at /data/app/com.baidu.tiebaz-1.apk Binary XML file line #456
W/PackageParser(  269): No actions in intent filter at /data/app/com.baidu.tiebaz-1.apk Binary XML file line #464
W/PackageParser(  269): No actions in intent filter at /data/app/com.baidu.tiebaz-1.apk Binary XML file line #472
W/PackageParser(  269): No actions in intent filter at /data/app/com.baidu.tiebaz-1.apk Binary XML file line #480
W/PackageParser(  269): No actions in intent filter at /data/app/com.baidu.tiebaz-1.apk Binary XML file line #488
W/PackageParser(  269): No actions in intent filter at /data/app/com.baidu.tiebaz-1.apk Binary XML file line #566
W/PackageParser(  269): No actions in intent filter at /data/app/com.baidu.tiebaz-1.apk Binary XML file line #573
W/PackageParser(  269): No actions in intent filter at /data/app/com.baidu.tiebaz-1.apk Binary XML file line #580
W/PackageParser(  269): No actions in intent filter at /data/app/com.baidu.tiebaz-1.apk Binary XML file line #850
W/PackageParser(  269): No actions in intent filter at /data/app/com.baidu.tiebaz-1.apk Binary XML file line #857
W/PackageParser(  269): No actions in intent filter at /data/app/com.baidu.tiebaz-1.apk Binary XML file line #864
W/PackageParser(  269): No actions in intent filter at /data/app/com.baidu.tiebaz-1.apk Binary XML file line #871
W/PackageParser(  269): No actions in intent filter at /data/app/com.baidu.tiebaz-1.apk Binary XML file line #879
W/PackageParser(  269): No actions in intent filter at /data/app/com.baidu.tiebaz-1.apk Binary XML file line #887
W/PackageParser(  269): No actions in intent filter at /data/app/com.baidu.tiebaz-1.apk Binary XML file line #1106
W/PackageParser(  269): No actions in intent filter at /data/app/com.baidu.tiebaz-1.apk Binary XML file line #1206
W/PackageParser(  269): No actions in intent filter at /data/app/com.baidu.tiebaz-1.apk Binary XML file line #1237
W/PackageParser(  269): No actions in intent filter at /data/app/com.baidu.tiebaz-1.apk Binary XML file line #1346
D/PackageManager(  269): No files in app dir /system/preloadapp
I/PackageManager(  269): Time to scan packages: 4.711 seconds
W/PackageManager(  269): Unknown permission com.android.launcher.permission.READ_SETTINGS in package com.baiyi_mobile.security
W/PackageManager(  269): Unknown permission android.Manifest.permission.FORCE_STOP_PACKAGES in package com.baiyi_mobile.security
W/PackageManager(  269): Unknown permission com.htc.launcher.permission.WRITE_SETTINGS in package com.baiyi_mobile.security
W/PackageManager(  269): Unknown permission com.htc.launcher.permission.READ_SETTINGS in package com.baiyi_mobile.security
W/PackageManager(  269): Unknown permission android.permission.ADD_SYSTEM_SERVICE in package com.baidu.bsf.system
W/PackageManager(  269): Unknown permission android.permission.WRITE_INTERNAL_STORAGE in package com.baidu.bsf.system
W/PackageManager(  269): Unknown permission android.permission.READ_CALL_LOG in package com.android.contacts
W/PackageManager(  269): Unknown permission android.permission.WRITE_CALL_LOG in package com.android.contacts
W/PackageManager(  269): Unknown permission com.google.android.googleapps.permission.GOOGLE_AUTH.mail in package com.android.contacts
W/PackageManager(  269): Unknown permission android.permission.ADD_SYSTEM_SERVICE in package com.android.phone
W/PackageManager(  269): Unknown permission com.android.smspush.WAPPUSH_MANAGER_BIND in package com.android.phone
W/PackageManager(  269): Unknown permission android.permission.READ_CALL_LOG in package com.baidu.antidisturbance
W/PackageManager(  269): Unknown permission android.permission.WRITE_CALL_LOG in package com.baidu.antidisturbance
W/PackageManager(  269): Unknown permission android.permission.READ_EXTERNAL_STORAGE in package com.baidu.videoeditor
W/PackageManager(  269): Unknown permission android.permission.RECORD_VIDEO in package com.baidu.videoeditor
W/PackageManager(  269): Unknown permission com.google.android.googleapps.permission.GOOGLE_AUTH in package com.android.providers.calendar
W/PackageManager(  269): Unknown permission com.google.android.googleapps.permission.GOOGLE_AUTH.cl in package com.android.providers.calendar
W/PackageManager(  269): Unknown permission android.permission.DISABLE_STATUS_BAR in package com.baidu.setupwizard
W/PackageManager(  269): Unknown permission android.permission.RAISED_THREAD_PRIORITY in package com.baidu.setupwizard
W/PackageManager(  269): Unknown permission android.permission.WRITE_OWNER_DATA in package com.baidu.thememanager.ui
W/PackageManager(  269): Unknown permission android.permission.READ_OWNER_DATA in package com.baidu.thememanager.ui
W/PackageManager(  269): Unknown permission com.google.android.googleapps.permission.GOOGLE_AUTH.mail in package com.android.calendar
W/PackageManager(  269): Unknown permission com.android.launcher.permission.READ_SETTINGS in package com.baidu.appsearch
W/PackageManager(  269): Unknown permission com.android.launcher.permission.WRITE_SETTINGS in package com.baidu.appsearch
W/PackageManager(  269): Unknown permission com.htc.launcher.permission.READ_SETTINGS in package com.baidu.appsearch
W/PackageManager(  269): Unknown permission com.htc.launcher.permission.WRITE_SETTINGS in package com.baidu.appsearch
W/PackageManager(  269): Unknown permission org.adw.launcher.permission.READ_SETTINGS in package com.baidu.appsearch
W/PackageManager(  269): Unknown permission org.adw.launcher.permission.WRITE_SETTINGS in package com.baidu.appsearch
W/PackageManager(  269): Unknown permission com.fede.launcher.permission.READ_SETTINGS in package com.baidu.appsearch
W/PackageManager(  269): Unknown permission com.fede.launcher.permission.WRITE_SETTINGS in package com.baidu.appsearch
W/PackageManager(  269): Unknown permission com.qihoo360.launcher.permission.READ_SETTINGS in package com.baidu.appsearch
W/PackageManager(  269): Unknown permission com.qihoo360.launcher.permission.WRITE_SETTINGS in package com.baidu.appsearch
W/PackageManager(  269): Unknown permission net.qihoo.launcher.permission.READ_SETTINGS in package com.baidu.appsearch
W/PackageManager(  269): Unknown permission net.qihoo.launcher.permission.WRITE_SETTINGS in package com.baidu.appsearch
W/PackageManager(  269): Unknown permission com.lge.launcher.permission.READ_SETTINGS in package com.baidu.appsearch
W/PackageManager(  269): Unknown permission com.lge.launcher.permission.WRITE_SETTINGS in package com.baidu.appsearch
W/PackageManager(  269): Unknown permission com.sec.android.app.twlauncher.settings.READ_SETTINGS in package com.baidu.appsearch
W/PackageManager(  269): Unknown permission com.sec.android.app.twlauncher.settings.WRITE_SETTINGS in package com.baidu.appsearch
W/PackageManager(  269): Unknown permission org.adwfreak.launcher.permission.READ_SETTINGS in package com.baidu.appsearch
W/PackageManager(  269): Unknown permission org.adwfreak.launcher.permission.WRITE_SETTINGS in package com.baidu.appsearch
W/PackageManager(  269): Not granting permission android.permission.FORCE_STOP_PACKAGES to package com.baidu.appsearch (protectionLevel=2 flags=0x8be45)
W/PackageManager(  269): Unknown permission android.permission.READ_CALL_LOG in package com.baidu.appsearch
W/PackageManager(  269): Unknown permission android.permission.WRITE_CALL_LOG in package com.baidu.appsearch
W/PackageManager(  269): Not granting permission android.permission.SET_ACTIVITY_WATCHER to package com.baidu.appsearch (protectionLevel=2 flags=0x8be45)
W/PackageManager(  269): Unknown permission android.permission.ACCESS_MOBILE_STATE in package com.baidu.android.ota
W/PackageManager(  269): Unknown permission com.android.launcher.permission.READ_SETTINGS in package com.inveno.flow
W/PackageManager(  269): Unknown permission android.permission.WRITE_CALL_LOG in package com.baidu.backuprestore
W/PackageManager(  269): Unknown permission android.permission.READ_CALL_LOG in package com.baidu.backuprestore
W/PackageManager(  269): Unknown permission android.permission.WRITE_OWNER_DATA in package com.baidu.bsf.service
W/PackageManager(  269): Unknown permission android.permission.ADD_SYSTEM_SERVICE in package com.baidu.bsf.service
W/PackageManager(  269): Unknown permission com.google.android.googleapps.permission.GOOGLE_AUTH in package com.android.settings
W/PackageManager(  269): Unknown permission com.android.launcher.permission.READ_SETTINGS in package com.android.settings
W/PackageManager(  269): Unknown permission com.android.launcher.permission.WRITE_SETTINGS in package com.android.settings
W/PackageManager(  269): Unknown permission com.google.android.googleapps.permission.GOOGLE_AUTH in package com.android.providers.contacts
W/PackageManager(  269): Unknown permission com.google.android.googleapps.permission.GOOGLE_AUTH.cp in package com.android.providers.contacts
D/dalvikvm(  269): GC_CONCURRENT freed 325K, 15% free 3978K/4675K, paused 1ms+4ms
W/PackageManager(  269): Unknown permission com.google.android.providers.settings.permission.READ_GSETTINGS in package com.baidu.map.location
W/PackageManager(  269): Unknown permission com.google.android.providers.settings.permission.WRITE_GSETTINGS in package com.baidu.map.location
W/PackageManager(  269): Unknown permission com.google.android.providers.gsf.permission.READ_GSERVICES in package com.baidu.map.location
W/PackageManager(  269): Unknown permission com.android.launcher.permission.READ_SETTINGS in package com.baidu.tiebaz
W/PackageManager(  269): Not granting permission android.permission.DEVICE_POWER to package com.baidu.tiebaz (protectionLevel=2 flags=0x8be44)
W/PackageManager(  269): Unknown permission android.permission.ACCESS_SUPERUSER in package com.speedsoftware.rootexplorer
W/PackageManager(  269): Unknown permission com.android.vending.CHECK_LICENSE in package com.speedsoftware.rootexplorer
W/PackageManager(  269): Unknown permission baidu.permission.USE_UBC in package com.baidu.home2
W/PackageManager(  269): Unknown permission com.baidu.permission.PACKAGES_DISABLE in package com.baidu.home2
W/PackageManager(  269): Unknown permission android.permission.READ_TING_MP3 in package com.baidu.musicplayer
W/PackageManager(  269): Unknown permission android.permission.WRITE_TING_MP3 in package com.baidu.musicplayer
W/PackageManager(  269): Unknown permission android.hardware.sensor.accelerometer in package com.baidu.musicplayer
W/PackageManager(  269): Unknown permission android.permission.READ_ATTACHMEN in package com.baidu.musicplayer
W/PackageManager(  269): Unknown permission android.Manifest.permission.FORCE_STOP_PACKAGES in package com.baidu.onekeywidget
W/PackageManager(  269): Unknown permission android.permission.VIBRATION in package com.baidu.input
W/PackageManager(  269): Not granting permission android.permission.SET_ACTIVITY_WATCHER to package com.baidu.input (protectionLevel=2 flags=0x8be45)
W/PackageManager(  269): Unknown permission com.android.launcher.permission.READ_SETTINGS in package com.baidu.baiduclock
D/dalvikvm(  269): GC_EXPLICIT freed 275K, 18% free 3903K/4739K, paused 2ms+2ms
I/SystemServer(  269): Account Manager
I/System.out(  269): iobridge available166FileDescriptor[56]
I/System.out(  269): iobridge available0FileDescriptor[56]
I/System.out(  269): iobridge available0FileDescriptor[56]
I/System.out(  269): iobridge available0FileDescriptor[56]
D/PackageManager(  269): generateServicesMap(android.accounts.AccountAuthenticator): 3 services unchanged
I/SystemServer(  269): Sim Manager
I/SimManagerService(  269): mSimCount:0
I/SystemServer(  269): Content Manager
I/System.out(  269): iobridge available73FileDescriptor[61]
I/System.out(  269): iobridge available0FileDescriptor[61]
I/System.out(  269): iobridge available0FileDescriptor[61]
I/System.out(  269): iobridge available0FileDescriptor[61]
I/System.out(  269): iobridge available4FileDescriptor[61]
I/System.out(  269): iobridge available0FileDescriptor[61]
I/System.out(  269): iobridge available0FileDescriptor[61]
I/System.out(  269): iobridge available4FileDescriptor[61]
I/System.out(  269): iobridge available0FileDescriptor[61]
W/PackageManager(  269): Unable to load service info ResolveInfo{40f18638 com.baidu.sync.service.ContactSyncAdapterService p=0 o=0 m=0x108000}
W/PackageManager(  269): org.xmlpull.v1.XmlPullParserException: Meta-data does not start with sync-adapter tag
W/PackageManager(  269): 	at android.content.pm.RegisteredServicesCache.parseServiceInfo(RegisteredServicesCache.java:389)
W/PackageManager(  269): 	at android.content.pm.RegisteredServicesCache.generateServicesMap(RegisteredServicesCache.java:261)
W/PackageManager(  269): 	at android.content.pm.RegisteredServicesCache.<init>(RegisteredServicesCache.java:105)
W/PackageManager(  269): 	at android.content.SyncAdaptersCache.<init>(SyncAdaptersCache.java:43)
W/PackageManager(  269): 	at android.content.SyncManager.<init>(SyncManager.java:301)
W/PackageManager(  269): 	at android.content.ContentService.getSyncManager(ContentService.java:55)
W/PackageManager(  269): 	at android.content.ContentService.<init>(ContentService.java:134)
W/PackageManager(  269): 	at android.content.ContentService.main(ContentService.java:494)
W/PackageManager(  269): 	at com.android.server.ServerThread.run(SystemServer.java:227)
I/System.out(  269): iobridge available577FileDescriptor[63]
I/System.out(  269): iobridge available0FileDescriptor[63]
I/System.out(  269): iobridge available0FileDescriptor[63]
I/System.out(  269): iobridge available0FileDescriptor[63]
D/PackageManager(  269): generateServicesMap(android.content.SyncAdapter): 6 services unchanged
I/ActivityThread(  269): Pub settings: com.android.providers.settings.SettingsProvider
I/SystemServer(  269): System Content Providers
D/dalvikvm(  269): DexOpt: --- BEGIN 'SettingsProvider.apk' (bootstrap=0) ---
D/dalvikvm(  310): Note: class Lcom/android/internal/telephony/BaseCommands; has 172 unimplemented (abstract) methods
D/dalvikvm(  310): DexOpt: load 9ms, verify+opt 54ms
D/AndroidRuntime(  311): 
D/AndroidRuntime(  311): >>>>>> AndroidRuntime START com.android.internal.os.RuntimeInit <<<<<<
D/AndroidRuntime(  311): CheckJNI is OFF
D/dalvikvm(  311): Unable to stat classpath element '/system/framework/com.broadcom.bt.service.jar'
I/dalvikvm(  311): Could not find method android.content.res.AssetManager$AssetInputStream.<init>, referenced from method android.content.res.AssetManager.openNonAsset
W/dalvikvm(  311): VFY: unable to resolve direct method 9125: Landroid/content/res/AssetManager$AssetInputStream;.<init> (Landroid/content/res/AssetManager;ILandroid/content/res/AssetManager$baidu_1;)V
D/dalvikvm(  311): VFY: replacing opcode 0x70 at 0x0021
I/dalvikvm(  311): Could not find method android.content.res.AssetManager$AssetInputStream.<init>, referenced from method android.content.res.AssetManager.openNonAsset
W/dalvikvm(  311): VFY: unable to resolve direct method 9125: Landroid/content/res/AssetManager$AssetInputStream;.<init> (Landroid/content/res/AssetManager;ILandroid/content/res/AssetManager$baidu_1;)V
D/dalvikvm(  311): VFY: replacing opcode 0x70 at 0x0052
E/Posix   (  311): Posix_open return with -1, errno 2 No such file or directory
D/AndroidRuntime(  311): Calling main entry com.android.commands.am.Am
D/AndroidRuntime(  311): Shutting down VM
W/ActivityManager(  269): Unable to start service Intent { cmp=com.baidu.bsf.system/com.baidu.security.SecurityService }: not found
D/dalvikvm(  311): GC_CONCURRENT freed 99K, 81% free 491K/2560K, paused 1ms+1ms
D/dalvikvm(  269): DexOpt: --- END 'SettingsProvider.apk' (success) ---
D/dalvikvm(  269): DEX prep '/system/app/SettingsProvider.apk': unzip in 1ms, rewrite 478ms
I/ActivityThread(  269): Pub com.baidu.dp.impostor: com.baidu.providers.dp.ImpostorProvider
D/dalvikvm(  269): DexOpt: --- BEGIN 'DynamicPermissionProvider.apk' (bootstrap=0) ---
D/SettingsProvider(  269): cache for settings table 'secure' rows=46; fullycached=true
D/SettingsProvider(  269): cache for settings table 'system' rows=114; fullycached=true
D/dalvikvm(  323): DexOpt: load 6ms, verify+opt 6ms
D/dalvikvm(  269): DexOpt: --- END 'DynamicPermissionProvider.apk' (success) ---
D/dalvikvm(  269): DEX prep '/system/app/DynamicPermissionProvider.apk': unzip in 0ms, rewrite 277ms
I/ActivityThread(  269): Pub com.baidu.dperm: com.baidu.providers.dp.DpProvider
D/dalvikvm(  269): GC_CONCURRENT freed 278K, 14% free 4097K/4739K, paused 2ms+3ms
I/SystemServer(  269): Lights Service
I/SystemServer(  269): Battery Service
I/SystemServer(  269): Vibrator Service
W/dalvikvm(  269): VFY: unable to find class referenced in signature (Lcom/android/server/am/BroadcastQueue;)
D/dalvikvm(  269): DexOpt: couldn't find field Lcom/android/server/am/BroadcastRecord;.queue
W/dalvikvm(  269): VFY: unable to resolve instance field 3277
D/dalvikvm(  269): VFY: replacing opcode 0x5b at 0x0003
I/power   (  269): *** set_screen_state 1
I/PowerManagerService(  269): setScreenState: screen_state=true mPartialCount=0err=0
D/AlarmManagerService(  269): Kernel timezone updated to -480 minutes west of GMT
I/SystemServer(  269): Alarm Manager
V/AlarmManager(  269): SetLocked alarm type is : 3
V/AlarmManager(  269): SetLocked alarm type is : 1
I/SystemServer(  269): Init Watchdog
E/Posix   (  269): Posix_open return with -1, errno 2 No such file or directory
I/SystemServer(  269): Window Manager
I/InputManager(  269): Initializing input manager
E/Posix   (  269): Posix_open return with -1, errno 2 No such file or directory
W/StatusBarManager(  269): warning: no STATUS_BAR_SERVICE
D/WindowManager(  269): mIsPreventWakeupEnable = 0
I/InputManager(  269): Starting input manager
I/SystemServer(  269): Bluetooth Service
V/bluedroid(  269): bt_is_enabled
D/StateMachine(  269): addStateInternal: E state=HaltingState,parent=
D/StateMachine(  269): addStateInternal: X stateInfo: state=HaltingState,active=false,parent=null
D/StateMachine(  269): addStateInternal: E state=QuittingState,parent=
D/StateMachine(  269): addStateInternal: X stateInfo: state=QuittingState,active=false,parent=null
D/StateMachine(  269): addStateInternal: E state=StableState,parent=
D/StateMachine(  269): addStateInternal: X stateInfo: state=StableState,active=false,parent=null
D/StateMachine(  269): addStateInternal: E state=PendingCommandState,parent=
D/StateMachine(  269): addStateInternal: X stateInfo: state=PendingCommandState,active=false,parent=null
D/StateMachine(  269): setInitialState: initialStateStableState
D/StateMachine(  269): completeConstruction: E
D/StateMachine(  269): completeConstruction: maxDepth=1
D/StateMachine(  269): setupInitialStateStack: E mInitialState=StableState
D/StateMachine(  269): moveTempStackToStateStack: i=0,j=0
D/StateMachine(  269): moveTempStackToStateStack: X mStateStackTop=0,startingIndex=0,Top=StableState
D/StateMachine(  269): invokeEnterMethods: StableState
I/BluetoothProfileState(  269): Message:Entering Stable State
D/StateMachine(  269): completeConstruction: X
I/AwesomePlayer(   85): --mSystemTimeSourceForSync reset ok
I/AwesomePlayer(   85): --mSystemTimeSourceForSync reset ok
D/EventHub(  269): No input device configuration file found for device 'proximity'.
V/AwesomePlayer(   85): track of type 'audio/vorbis' does not publish bitrate
V/AwesomePlayer(   85): mBitrate = -1 bits/sec
I/System.out(  269): iobridge available1536FileDescriptor[106]
E/OMXCodec(   85): [OMX.google.vorbis.decoder] Can not find kKeyMaxInputSize
I/OMXCodec(   85): [OMX.google.vorbis.decoder] init begin
I/OMXCodec(   85): [OMX.google.vorbis.decoder] setState(LOADED_TO_IDLE) ! kRequiresLoadedToIdleAfterAllocation
I/OMXCodec(   85): [OMX.google.vorbis.decoder] Now Idle.  mState(0), mState
I/OMXCodec(   85): [OMX.google.vorbis.decoder] Now Executing.
I/OMXCodec(   85): [OMX.google.vorbis.decoder] init done
I/System.out(  269): iobridge available0FileDescriptor[106]
I/System.out(  269): iobridge available0FileDescriptor[106]
D/StateMachine(  269): addStateInternal: E state=HaltingState,parent=
D/StateMachine(  269): addStateInternal: X stateInfo: state=HaltingState,active=false,parent=null
D/StateMachine(  269): addStateInternal: E state=QuittingState,parent=
D/StateMachine(  269): addStateInternal: X stateInfo: state=QuittingState,active=false,parent=null
D/StateMachine(  269): addStateInternal: E state=StableState,parent=
D/StateMachine(  269): addStateInternal: X stateInfo: state=StableState,active=false,parent=null
D/StateMachine(  269): addStateInternal: E state=PendingCommandState,parent=
D/StateMachine(  269): addStateInternal: X stateInfo: state=PendingCommandState,active=false,parent=null
D/StateMachine(  269): setInitialState: initialStateStableState
D/StateMachine(  269): addStateInternal: E state=HaltingState,parent=
D/StateMachine(  269): addStateInternal: X stateInfo: state=HaltingState,active=false,parent=null
D/StateMachine(  269): addStateInternal: E state=QuittingState,parent=
D/StateMachine(  269): addStateInternal: X stateInfo: state=QuittingState,active=false,parent=null
D/StateMachine(  269): addStateInternal: E state=StableState,parent=
D/StateMachine(  269): addStateInternal: X stateInfo: state=StableState,active=false,parent=null
D/StateMachine(  269): addStateInternal: E state=PendingCommandState,parent=
D/StateMachine(  269): addStateInternal: X stateInfo: state=PendingCommandState,active=false,parent=null
D/StateMachine(  269): setInitialState: initialStateStableState
D/StateMachine(  269): completeConstruction: E
D/StateMachine(  269): completeConstruction: maxDepth=1
D/StateMachine(  269): setupInitialStateStack: E mInitialState=StableState
D/StateMachine(  269): moveTempStackToStateStack: i=0,j=0
D/StateMachine(  269): moveTempStackToStateStack: X mStateStackTop=0,startingIndex=0,Top=StableState
D/StateMachine(  269): invokeEnterMethods: StableState
I/BluetoothProfileState(  269): Message:Entering Stable State
D/StateMachine(  269): completeConstruction: X
D/StateMachine(  269): completeConstruction: E
D/StateMachine(  269): completeConstruction: maxDepth=1
D/StateMachine(  269): setupInitialStateStack: E mInitialState=StableState
D/StateMachine(  269): moveTempStackToStateStack: i=0,j=0
D/StateMachine(  269): moveTempStackToStateStack: X mStateStackTop=0,startingIndex=0,Top=StableState
D/StateMachine(  269): invokeEnterMethods: StableState
I/BluetoothProfileState(  269): Message:Entering Stable State
D/StateMachine(  269): completeConstruction: X
I/OMXCodec(   85): [OMX.google.vorbis.decoder] PORT_SETTINGS_CHANGED(1)
I/OMXCodec(   85): [OMX.google.vorbis.decoder] PORT_DISABLED(1)
I/OMXCodec(   85): [OMX.google.vorbis.decoder] PORT_ENABLED(1)  mState(7)
I/AudioPlayer(   85): mLatencyUs=0,mFrameSize=4,mSampleRate=48000 
D/EventHub(  269): No input device configuration file found for device 'accelerometer'.
D/StateMachine(  269): addStateInternal: E state=HaltingState,parent=
D/StateMachine(  269): addStateInternal: X stateInfo: state=HaltingState,active=false,parent=null
D/StateMachine(  269): addStateInternal: E state=QuittingState,parent=
D/StateMachine(  269): addStateInternal: X stateInfo: state=QuittingState,active=false,parent=null
D/StateMachine(  269): addStateInternal: E state=BluetoothOn,parent=
D/StateMachine(  269): addStateInternal: X stateInfo: state=BluetoothOn,active=false,parent=null
D/StateMachine(  269): addStateInternal: E state=Switching,parent=
D/StateMachine(  269): addStateInternal: X stateInfo: state=Switching,active=false,parent=null
D/StateMachine(  269): addStateInternal: E state=HotOff,parent=
D/StateMachine(  269): addStateInternal: X stateInfo: state=HotOff,active=false,parent=null
D/StateMachine(  269): addStateInternal: E state=WarmUp,parent=
D/StateMachine(  269): addStateInternal: X stateInfo: state=WarmUp,active=false,parent=null
D/StateMachine(  269): addStateInternal: E state=PowerOff,parent=
D/StateMachine(  269): addStateInternal: X stateInfo: state=PowerOff,active=false,parent=null
D/StateMachine(  269): addStateInternal: E state=PerProcessState,parent=
D/StateMachine(  269): addStateInternal: X stateInfo: state=PerProcessState,active=false,parent=null
D/StateMachine(  269): setInitialState: initialStatePowerOff
D/StateMachine(  269): completeConstruction: E
D/StateMachine(  269): completeConstruction: maxDepth=1
D/StateMachine(  269): setupInitialStateStack: E mInitialState=PowerOff
D/StateMachine(  269): moveTempStackToStateStack: i=0,j=0
D/StateMachine(  269): moveTempStackToStateStack: X mStateStackTop=0,startingIndex=0,Top=PowerOff
D/StateMachine(  269): invokeEnterMethods: PowerOff
D/StateMachine(  269): completeConstruction: X
D/StateMachine(  269): handleMessage: E msg.what=5
D/StateMachine(  269): processMsg: PowerOff
D/BluetoothAdapterStateMachine(  269): PowerOff process message: 5
V/bluedroid(  269): bt_enable
W/AutoLaunchController(  269): No command broadcast blacklist file found.
V/AwesomePlayer(   85): MEDIA_PLAYBACK_COMPLETE
I/OMXCodec(   85): [OMX.google.vorbis.decoder] stop mState=4
I/OMXCodec(   85): [OMX.google.vorbis.decoder] stop mState=4 a
I/OMXCodec(   85): [OMX.google.vorbis.decoder] stop mState=4 b
I/OMXCodec(   85): [OMX.google.vorbis.decoder] stop mState=4 c
I/OMXCodec(   85): [OMX.google.vorbis.decoder] Now Idle.  mState(1526592), mState
I/OMXCodec(   85): [OMX.google.vorbis.decoder] Now Loaded.
I/OMXCodec(   85): [OMX.google.vorbis.decoder] stop mState=1 d
I/OMXCodec(   85): [OMX.google.vorbis.decoder] stop mState=1 e
I/OMXCodec(   85): [OMX.google.vorbis.decoder] stopped in state 1
I/OMXCodec(   85): [OMX.google.vorbis.decoder] ~OMXCodec in state 
I/AwesomePlayer(   85): --mSystemTimeSourceForSync reset ok
I/AwesomePlayer(   85): --mSystemTimeSourceForSync reset ok
I/AwesomePlayer(   85): --mSystemTimeSourceForSync reset ok
I/AwesomePlayer(   85): --mSystemTimeSourceForSync reset ok
I/AwesomePlayer(   85): --mSystemTimeSourceForSync reset ok
D/EventHub(  269): No input device configuration file found for device 'headset-keyboard'.
I/EventHub(  269): New device: id=3, fd=128, path='/dev/input/event2', name='headset-keyboard', classes=0x1, configuration='', keyLayout='/system/usr/keylayout/headset-keyboard.kl', keyCharacterMap='/system/usr/keychars/Generic.kcm', builtinKeyboard=false
D/EventHub(  269): No input device configuration file found for device 'sci-keypad'.
D/DynamicPermissionService(  269): Read premissions done
I/EventHub(  269): New device: id=4, fd=129, path='/dev/input/event0', name='sci-keypad', classes=0x1, configuration='', keyLayout='/system/usr/keylayout/Generic.kl', keyCharacterMap='/system/usr/keychars/Generic.kcm', builtinKeyboard=true
D/EventHub(  269): No input device configuration file found for device 'ms-msg21xx'.
E/filemap (  269): mmap(0,4096) failed: No such device
I/EventHub(  269): New device: id=5, fd=130, path='/dev/input/event1', name='ms-msg21xx', classes=0x15, configuration='', keyLayout='/system/usr/keylayout/Generic.kl', keyCharacterMap='/system/usr/keychars/Generic.kcm', builtinKeyboard=false
I/InputReader(  269):   Touch device 'ms-msg21xx' could not query the properties of its associated display 0.  The device will be inoperable until the display size becomes available.
I/InputReader(  269): Device added: id=5, name='ms-msg21xx', sources=0x00001103
I/InputReader(  269): Device added: id=0, name='sci-keypad', sources=0x00000101
I/InputReader(  269): Device added: id=3, name='headset-keyboard', sources=0x00000101
D/DynamicPermissionService(  269): Read pre-installed packages done
D/DynamicPermissionService(  269): Init from files done
D/DynamicPermissionService(  269): Add DynamicPermissionService to SystemServer
I/Ifttt   (  269): Ifttt Service
V/AwesomePlayer(   85): track of type 'audio/vorbis' does not publish bitrate
V/AwesomePlayer(   85): mBitrate = -1 bits/sec
D/SmartPowerService(  269): SmartPowerService create!!!
D/QuickBootService(  269): Start the QuickBootService!!
D/QuickBootService(  269): QuickBootService created!
E/OMXCodec(   85): [OMX.google.vorbis.decoder] Can not find kKeyMaxInputSize
I/OMXCodec(   85): [OMX.google.vorbis.decoder] init begin
I/OMXCodec(   85): [OMX.google.vorbis.decoder] setState(LOADED_TO_IDLE) ! kRequiresLoadedToIdleAfterAllocation
E/Posix   (  269): Posix_open return with -1, errno 2 No such file or directory
I/OMXCodec(   85): [OMX.google.vorbis.decoder] Now Idle.  mState(0), mState
I/OMXCodec(   85): [OMX.google.vorbis.decoder] Now Executing.
I/OMXCodec(   85): [OMX.google.vorbis.decoder] init done
I/OMXCodec(   85): [OMX.google.vorbis.decoder] PORT_SETTINGS_CHANGED(1)
I/OMXCodec(   85): [OMX.google.vorbis.decoder] PORT_DISABLED(1)
I/OMXCodec(   85): [OMX.google.vorbis.decoder] PORT_ENABLED(1)  mState(7)
I/AudioPlayer(   85): mLatencyUs=0,mFrameSize=4,mSampleRate=48000 
V/AwesomePlayer(   85): MEDIA_PLAYBACK_COMPLETE
I/OMXCodec(   85): [OMX.google.vorbis.decoder] stop mState=4
I/OMXCodec(   85): [OMX.google.vorbis.decoder] stop mState=4 a
I/OMXCodec(   85): [OMX.google.vorbis.decoder] stop mState=4 b
I/OMXCodec(   85): [OMX.google.vorbis.decoder] stop mState=4 c
I/System.out(  269): iobridge available1317FileDescriptor[135]
I/OMXCodec(   85): [OMX.google.vorbis.decoder] Now Idle.  mState(1518192), mState
I/OMXCodec(   85): [OMX.google.vorbis.decoder] Now Loaded.
I/OMXCodec(   85): [OMX.google.vorbis.decoder] stop mState=1 d
I/OMXCodec(   85): [OMX.google.vorbis.decoder] stop mState=1 e
I/OMXCodec(   85): [OMX.google.vorbis.decoder] stopped in state 1
I/OMXCodec(   85): [OMX.google.vorbis.decoder] ~OMXCodec in state 
I/AwesomePlayer(   85): --mSystemTimeSourceForSync reset ok
I/AwesomePlayer(   85): --mSystemTimeSourceForSync reset ok
I/AwesomePlayer(   85): --mSystemTimeSourceForSync reset ok
D/dalvikvm(  269): GC_CONCURRENT freed 325K, 15% free 4273K/4995K, paused 1ms+3ms
I/System.out(  269): iobridge available0FileDescriptor[135]
E/Posix   (  269): Posix_open return with -1, errno 2 No such file or directory
I/SystemServer(  269): Input Method Service
I/System.out(  269): iobridge available14FileDescriptor[146]
I/System.out(  269): iobridge available0FileDescriptor[146]
W/InputManagerService(  269): Couldn't create dir.: /data/system/inputmethod
E/Posix   (  269): Posix_open return with -1, errno 2 No such file or directory
I/InputReader(  269): Reconfiguring input devices.  changes=0x00000004
I/InputReader(  269): Device reconfigured: id=5, name='ms-msg21xx', surface size is now 480x800, mode is 1
I/SystemServer(  269): Accessibility Manager
I/ActivityManager(  269): Config changed: {1.0 0mcc0mnc zh_CN layoutdir=0 sw320dp w320dp h508dp nrml long port ?uimode ?night finger -keyb/v/h -nav/h s.2 themeChanged=0}
D/PermissionCache(   82): checking android.permission.ACCESS_SURFACE_FLINGER for uid=1000 => granted (443 us)
E/Posix   (  269): Posix_open return with -1, errno 2 No such file or directory
I/PackageManager(  269): Running dexopt on: com.android.providers.applications
I/System.out(  269): iobridge available0FileDescriptor[135]
I/System.out(  269): iobridge available1586FileDescriptor[135]
