E/XMLTREEFILE(   85): XMLTreeFile read 27 bytes
E/XMLTREEFILE(   85): XMLTreeFile read 32 bytes
E/XMLTREEFILE(   85): XMLTreeFile read 24 bytes
E/XMLTREEFILE(   85): XMLTreeFile read 31 bytes
E/XMLTREEFILE(   85): XMLTreeFile read 16 bytes
E/XMLTREEFILE(   85): XMLTreeFile read 25 bytes
E/XMLTREEFILE(   85): XMLTreeFile read 15 bytes
E/XMLTREEFILE(   85): XMLTreeFile read 27 bytes
E/XMLTREEFILE(   85): XMLTreeFile read 32 bytes
E/XMLTREEFILE(   85): XMLTreeFile read 24 bytes
E/XMLTREEFILE(   85): XMLTreeFile read 29 bytes
E/XMLTREEFILE(   85): XMLTreeFile read 16 bytes
E/XMLTREEFILE(   85): XMLTreeFile read 25 bytes
E/XMLTREEFILE(   85): XMLTreeFile read 15 bytes
E/XMLTREEFILE(   85): XMLTreeFile read 27 bytes
E/XMLTREEFILE(   85): XMLTreeFile read 33 bytes
E/XMLTREEFILE(   85): XMLTreeFile read 24 bytes
E/XMLTREEFILE(   85): XMLTreeFile read 27 bytes
E/XMLTREEFILE(   85): XMLTreeFile read 16 bytes
E/XMLTREEFILE(   85): XMLTreeFile read 14 bytes
E/XMLTREEFILE(   85): XMLTreeFile read 25 bytes
E/XMLTREEFILE(   85): XMLTreeFile read 13 bytes
E/XMLTREEFILE(   85): XMLTreeFile read 25 bytes
E/XMLTREEFILE(   85): XMLTreeFile read 15 bytes
E/XMLTREEFILE(   85): XMLTreeFile read 27 bytes
E/XMLTREEFILE(   85): XMLTreeFile read 31 bytes
E/XMLTREEFILE(   85): XMLTreeFile read 24 bytes
E/XMLTREEFILE(   85): XMLTreeFile read 31 bytes
E/XMLTREEFILE(   85): XMLTreeFile read 16 bytes
E/XMLTREEFILE(   85): XMLTreeFile read 25 bytes
E/XMLTREEFILE(   85): XMLTreeFile read 15 bytes
E/XMLTREEFILE(   85): XMLTreeFile read 27 bytes
E/XMLTREEFILE(   85): XMLTreeFile read 32 bytes
E/XMLTREEFILE(   85): XMLTreeFile read 24 bytes
E/XMLTREEFILE(   85): XMLTreeFile read 31 bytes
E/XMLTREEFILE(   85): XMLTreeFile read 16 bytes
E/XMLTREEFILE(   85): XMLTreeFile read 25 bytes
E/XMLTREEFILE(   85): XMLTreeFile read 15 bytes
E/XMLTREEFILE(   85): XMLTreeFile read 27 bytes
E/XMLTREEFILE(   85): XMLTreeFile read 32 bytes
E/XMLTREEFILE(   85): XMLTreeFile read 24 bytes
E/XMLTREEFILE(   85): XMLTreeFile read 31 bytes
E/XMLTREEFILE(   85): XMLTreeFile read 16 bytes
E/XMLTREEFILE(   85): XMLTreeFile read 25 bytes
E/XMLTREEFILE(   85): XMLTreeFile read 15 bytes
E/XMLTREEFILE(   85): XMLTreeFile read 27 bytes
E/XMLTREEFILE(   85): XMLTreeFile read 33 bytes
E/XMLTREEFILE(   85): XMLTreeFile read 24 bytes
E/XMLTREEFILE(   85): XMLTreeFile read 27 bytes
E/XMLTREEFILE(   85): XMLTreeFile read 16 bytes
E/XMLTREEFILE(   85): XMLTreeFile read 14 bytes
E/XMLTREEFILE(   85): XMLTreeFile read 26 bytes
E/XMLTREEFILE(   85): XMLTreeFile read 13 bytes
E/XMLTREEFILE(   85): XMLTreeFile read 25 bytes
E/XMLTREEFILE(   85): XMLTreeFile read 15 bytes
E/XMLTREEFILE(   85): XMLTreeFile read 27 bytes
E/XMLTREEFILE(   85): XMLTreeFile read 31 bytes
E/XMLTREEFILE(   85): XMLTreeFile read 24 bytes
E/XMLTREEFILE(   85): XMLTreeFile read 31 bytes
E/XMLTREEFILE(   85): XMLTreeFile read 16 bytes
E/XMLTREEFILE(   85): XMLTreeFile read 25 bytes
E/XMLTREEFILE(   85): XMLTreeFile read 15 bytes
E/XMLTREEFILE(   85): XMLTreeFile read 27 bytes
E/XMLTREEFILE(   85): XMLTreeFile read 32 bytes
E/XMLTREEFILE(   85): XMLTreeFile read 24 bytes
E/XMLTREEFILE(   85): XMLTreeFile read 31 bytes
E/XMLTREEFILE(   85): XMLTreeFile read 16 bytes
E/XMLTREEFILE(   85): XMLTreeFile read 25 bytes
E/XMLTREEFILE(   85): XMLTreeFile read 15 bytes
E/XMLTREEFILE(   85): XMLTreeFile read 27 bytes
E/XMLTREEFILE(   85): XMLTreeFile read 32 bytes
E/XMLTREEFILE(   85): XMLTreeFile read 24 bytes
E/XMLTREEFILE(   85): XMLTreeFile read 29 bytes
E/XMLTREEFILE(   85): XMLTreeFile read 16 bytes
E/XMLTREEFILE(   85): XMLTreeFile read 25 bytes
E/XMLTREEFILE(   85): XMLTreeFile read 15 bytes
E/XMLTREEFILE(   85): XMLTreeFile read 27 bytes
E/XMLTREEFILE(   85): XMLTreeFile read 33 bytes
E/XMLTREEFILE(   85): XMLTreeFile read 24 bytes
E/XMLTREEFILE(   85): XMLTreeFile read 27 bytes
E/XMLTREEFILE(   85): XMLTreeFile read 16 bytes
E/XMLTREEFILE(   85): XMLTreeFile read 14 bytes
E/XMLTREEFILE(   85): XMLTreeFile read 12 bytes
E/XMLTREEFILE(   85): XMLTreeFile read 35 bytes
E/XMLTREEFILE(   85): XMLTreeFile read 11 bytes
E/XMLTREEFILE(   85): XMLTreeFile read 25 bytes
E/XMLTREEFILE(   85): XMLTreeFile read 13 bytes
E/XMLTREEFILE(   85): XMLTreeFile read 25 bytes
E/XMLTREEFILE(   85): XMLTreeFile read 15 bytes
E/XMLTREEFILE(   85): XMLTreeFile read 27 bytes
E/XMLTREEFILE(   85): XMLTreeFile read 31 bytes
E/XMLTREEFILE(   85): XMLTreeFile read 24 bytes
E/XMLTREEFILE(   85): XMLTreeFile read 31 bytes
E/XMLTREEFILE(   85): XMLTreeFile read 16 bytes
E/XMLTREEFILE(   85): XMLTreeFile read 25 bytes
E/XMLTREEFILE(   85): XMLTreeFile read 15 bytes
E/XMLTREEFILE(   85): XMLTreeFile read 27 bytes
E/XMLTREEFILE(   85): XMLTreeFile read 32 bytes
E/XMLTREEFILE(   85): XMLTreeFile read 24 bytes
E/XMLTREEFILE(   85): XMLTreeFile read 31 bytes
E/XMLTREEFILE(   85): XMLTreeFile read 16 bytes
E/XMLTREEFILE(   85): XMLTreeFile read 25 bytes
E/XMLTREEFILE(   85): XMLTreeFile read 15 bytes
E/XMLTREEFILE(   85): XMLTreeFile read 27 bytes
E/XMLTREEFILE(   85): XMLTreeFile read 32 bytes
E/XMLTREEFILE(   85): XMLTreeFile read 24 bytes
E/XMLTREEFILE(   85): XMLTreeFile read 29 bytes
E/XMLTREEFILE(   85): XMLTreeFile read 16 bytes
E/XMLTREEFILE(   85): XMLTreeFile read 25 bytes
E/XMLTREEFILE(   85): XMLTreeFile read 15 bytes
E/XMLTREEFILE(   85): XMLTreeFile read 27 bytes
E/XMLTREEFILE(   85): XMLTreeFile read 33 bytes
E/XMLTREEFILE(   85): XMLTreeFile read 24 bytes
E/XMLTREEFILE(   85): XMLTreeFile read 27 bytes
E/XMLTREEFILE(   85): XMLTreeFile read 16 bytes
E/XMLTREEFILE(   85): XMLTreeFile read 14 bytes
E/XMLTREEFILE(   85): XMLTreeFile read 25 bytes
E/XMLTREEFILE(   85): XMLTreeFile read 13 bytes
E/XMLTREEFILE(   85): XMLTreeFile read 25 bytes
E/XMLTREEFILE(   85): XMLTreeFile read 15 bytes
E/XMLTREEFILE(   85): XMLTreeFile read 27 bytes
E/XMLTREEFILE(   85): XMLTreeFile read 31 bytes
E/XMLTREEFILE(   85): XMLTreeFile read 24 bytes
E/XMLTREEFILE(   85): XMLTreeFile read 31 bytes
E/XMLTREEFILE(   85): XMLTreeFile read 16 bytes
E/XMLTREEFILE(   85): XMLTreeFile read 25 bytes
E/XMLTREEFILE(   85): XMLTreeFile read 15 bytes
E/XMLTREEFILE(   85): XMLTreeFile read 27 bytes
E/XMLTREEFILE(   85): XMLTreeFile read 32 bytes
E/XMLTREEFILE(   85): XMLTreeFile read 24 bytes
E/XMLTREEFILE(   85): XMLTreeFile read 31 bytes
E/XMLTREEFILE(   85): XMLTreeFile read 16 bytes
E/XMLTREEFILE(   85): XMLTreeFile read 25 bytes
E/XMLTREEFILE(   85): XMLTreeFile read 15 bytes
E/XMLTREEFILE(   85): XMLTreeFile read 27 bytes
E/XMLTREEFILE(   85): XMLTreeFile read 32 bytes
E/XMLTREEFILE(   85): XMLTreeFile read 24 bytes
E/XMLTREEFILE(   85): XMLTreeFile read 31 bytes
E/XMLTREEFILE(   85): XMLTreeFile read 16 bytes
E/XMLTREEFILE(   85): XMLTreeFile read 25 bytes
E/XMLTREEFILE(   85): XMLTreeFile read 15 bytes
E/XMLTREEFILE(   85): XMLTreeFile read 27 bytes
E/XMLTREEFILE(   85): XMLTreeFile read 33 bytes
E/XMLTREEFILE(   85): XMLTreeFile read 24 bytes
E/XMLTREEFILE(   85): XMLTreeFile read 27 bytes
E/XMLTREEFILE(   85): XMLTreeFile read 16 bytes
E/XMLTREEFILE(   85): XMLTreeFile read 14 bytes
E/XMLTREEFILE(   85): XMLTreeFile read 26 bytes
E/XMLTREEFILE(   85): XMLTreeFile read 13 bytes
E/XMLTREEFILE(   85): XMLTreeFile read 25 bytes
E/XMLTREEFILE(   85): XMLTreeFile read 15 bytes
E/XMLTREEFILE(   85): XMLTreeFile read 27 bytes
E/XMLTREEFILE(   85): XMLTreeFile read 31 bytes
E/XMLTREEFILE(   85): XMLTreeFile read 24 bytes
E/XMLTREEFILE(   85): XMLTreeFile read 31 bytes
E/XMLTREEFILE(   85): XMLTreeFile read 16 bytes
E/XMLTREEFILE(   85): XMLTreeFile read 25 bytes
E/XMLTREEFILE(   85): XMLTreeFile read 15 bytes
E/XMLTREEFILE(   85): XMLTreeFile read 27 bytes
E/XMLTREEFILE(   85): XMLTreeFile read 32 bytes
E/XMLTREEFILE(   85): XMLTreeFile read 24 bytes
E/XMLTREEFILE(   85): XMLTreeFile read 31 bytes
E/XMLTREEFILE(   85): XMLTreeFile read 16 bytes
E/XMLTREEFILE(   85): XMLTreeFile read 25 bytes
E/XMLTREEFILE(   85): XMLTreeFile read 15 bytes
E/XMLTREEFILE(   85): XMLTreeFile read 27 bytes
E/XMLTREEFILE(   85): XMLTreeFile read 32 bytes
E/XMLTREEFILE(   85): XMLTreeFile read 24 bytes
E/XMLTREEFILE(   85): XMLTreeFile read 29 bytes
E/XMLTREEFILE(   85): XMLTreeFile read 16 bytes
E/XMLTREEFILE(   85): XMLTreeFile read 25 bytes
E/XMLTREEFILE(   85): XMLTreeFile read 15 bytes
E/XMLTREEFILE(   85): XMLTreeFile read 27 bytes
E/XMLTREEFILE(   85): XMLTreeFile read 33 bytes
E/XMLTREEFILE(   85): XMLTreeFile read 24 bytes
E/XMLTREEFILE(   85): XMLTreeFile read 27 bytes
E/XMLTREEFILE(   85): XMLTreeFile read 16 bytes
E/XMLTREEFILE(   85): XMLTreeFile read 14 bytes
E/XMLTREEFILE(   85): XMLTreeFile read 12 bytes
E/XMLTREEFILE(   85): XMLTreeFile read 36 bytes
E/XMLTREEFILE(   85): XMLTreeFile read 11 bytes
E/XMLTREEFILE(   85): XMLTreeFile read 25 bytes
E/XMLTREEFILE(   85): XMLTreeFile read 13 bytes
E/XMLTREEFILE(   85): XMLTreeFile read 25 bytes
E/XMLTREEFILE(   85): XMLTreeFile read 15 bytes
E/XMLTREEFILE(   85): XMLTreeFile read 27 bytes
E/XMLTREEFILE(   85): XMLTreeFile read 31 bytes
E/XMLTREEFILE(   85): XMLTreeFile read 24 bytes
E/XMLTREEFILE(   85): XMLTreeFile read 31 bytes
E/XMLTREEFILE(   85): XMLTreeFile read 16 bytes
E/XMLTREEFILE(   85): XMLTreeFile read 25 bytes
E/XMLTREEFILE(   85): XMLTreeFile read 15 bytes
E/XMLTREEFILE(   85): XMLTreeFile read 27 bytes
E/XMLTREEFILE(   85): XMLTreeFile read 32 bytes
E/XMLTREEFILE(   85): XMLTreeFile read 24 bytes
E/XMLTREEFILE(   85): XMLTreeFile read 31 bytes
E/XMLTREEFILE(   85): XMLTreeFile read 16 bytes
E/XMLTREEFILE(   85): XMLTreeFile read 25 bytes
E/XMLTREEFILE(   85): XMLTreeFile read 15 bytes
E/XMLTREEFILE(   85): XMLTreeFile read 27 bytes
E/XMLTREEFILE(   85): XMLTreeFile read 32 bytes
E/XMLTREEFILE(   85): XMLTreeFile read 24 bytes
E/XMLTREEFILE(   85): XMLTreeFile read 29 bytes
E/XMLTREEFILE(   85): XMLTreeFile read 16 bytes
E/XMLTREEFILE(   85): XMLTreeFile read 25 bytes
E/XMLTREEFILE(   85): XMLTreeFile read 15 bytes
E/XMLTREEFILE(   85): XMLTreeFile read 27 bytes
E/XMLTREEFILE(   85): XMLTreeFile read 33 bytes
E/XMLTREEFILE(   85): XMLTreeFile read 24 bytes
E/XMLTREEFILE(   85): XMLTreeFile read 27 bytes
E/XMLTREEFILE(   85): XMLTreeFile read 16 bytes
E/XMLTREEFILE(   85): XMLTreeFile read 14 bytes
E/XMLTREEFILE(   85): XMLTreeFile read 25 bytes
E/XMLTREEFILE(   85): XMLTreeFile read 13 bytes
E/XMLTREEFILE(   85): XMLTreeFile read 25 bytes
E/XMLTREEFILE(   85): XMLTreeFile read 15 bytes
E/XMLTREEFILE(   85): XMLTreeFile read 27 bytes
E/XMLTREEFILE(   85): XMLTreeFile read 31 bytes
E/XMLTREEFILE(   85): XMLTreeFile read 24 bytes
E/XMLTREEFILE(   85): XMLTreeFile read 31 bytes
E/XMLTREEFILE(   85): XMLTreeFile read 16 bytes
E/XMLTREEFILE(   85): XMLTreeFile read 25 bytes
E/XMLTREEFILE(   85): XMLTreeFile read 15 bytes
E/XMLTREEFILE(   85): XMLTreeFile read 27 bytes
E/XMLTREEFILE(   85): XMLTreeFile read 32 bytes
E/XMLTREEFILE(   85): XMLTreeFile read 24 bytes
E/XMLTREEFILE(   85): XMLTreeFile read 31 bytes
E/XMLTREEFILE(   85): XMLTreeFile read 16 bytes
E/XMLTREEFILE(   85): XMLTreeFile read 25 bytes
E/XMLTREEFILE(   85): XMLTreeFile read 15 bytes
E/XMLTREEFILE(   85): XMLTreeFile read 27 bytes
E/XMLTREEFILE(   85): XMLTreeFile read 32 bytes
E/XMLTREEFILE(   85): XMLTreeFile read 24 bytes
E/XMLTREEFILE(   85): XMLTreeFile read 29 bytes
E/XMLTREEFILE(   85): XMLTreeFile read 16 bytes
E/XMLTREEFILE(   85): XMLTreeFile read 25 bytes
E/XMLTREEFILE(   85): XMLTreeFile read 15 bytes
E/XMLTREEFILE(   85): XMLTreeFile read 27 bytes
E/XMLTREEFILE(   85): XMLTreeFile read 33 bytes
E/XMLTREEFILE(   85): XMLTreeFile read 24 bytes
E/XMLTREEFILE(   85): XMLTreeFile read 27 bytes
E/XMLTREEFILE(   85): XMLTreeFile read 16 bytes
E/XMLTREEFILE(   85): XMLTreeFile read 14 bytes
E/XMLTREEFILE(   85): XMLTreeFile read 26 bytes
E/XMLTREEFILE(   85): XMLTreeFile read 13 bytes
E/XMLTREEFILE(   85): XMLTreeFile read 25 bytes
E/XMLTREEFILE(   85): XMLTreeFile read 15 bytes
E/XMLTREEFILE(   85): XMLTreeFile read 27 bytes
E/XMLTREEFILE(   85): XMLTreeFile read 31 bytes
E/XMLTREEFILE(   85): XMLTreeFile read 24 bytes
E/XMLTREEFILE(   85): XMLTreeFile read 31 bytes
E/XMLTREEFILE(   85): XMLTreeFile read 16 bytes
E/XMLTREEFILE(   85): XMLTreeFile read 25 bytes
E/XMLTREEFILE(   85): XMLTreeFile read 15 bytes
E/XMLTREEFILE(   85): XMLTreeFile read 27 bytes
E/XMLTREEFILE(   85): XMLTreeFile read 32 bytes
E/XMLTREEFILE(   85): XMLTreeFile read 24 bytes
E/XMLTREEFILE(   85): XMLTreeFile read 31 bytes
E/XMLTREEFILE(   85): XMLTreeFile read 16 bytes
E/XMLTREEFILE(   85): XMLTreeFile read 25 bytes
E/XMLTREEFILE(   85): XMLTreeFile read 15 bytes
E/XMLTREEFILE(   85): XMLTreeFile read 27 bytes
E/XMLTREEFILE(   85): XMLTreeFile read 32 bytes
E/XMLTREEFILE(   85): XMLTreeFile read 24 bytes
E/XMLTREEFILE(   85): XMLTreeFile read 29 bytes
E/XMLTREEFILE(   85): XMLTreeFile read 16 bytes
E/XMLTREEFILE(   85): XMLTreeFile read 25 bytes
E/XMLTREEFILE(   85): XMLTreeFile read 15 bytes
E/XMLTREEFILE(   85): XMLTreeFile read 27 bytes
E/XMLTREEFILE(   85): XMLTreeFile read 33 bytes
E/XMLTREEFILE(   85): XMLTreeFile read 24 bytes
E/XMLTREEFILE(   85): XMLTreeFile read 27 bytes
E/XMLTREEFILE(   85): XMLTreeFile read 16 bytes
E/XMLTREEFILE(   85): XMLTreeFile read 14 bytes
E/XMLTREEFILE(   85): XMLTreeFile read 12 bytes
E/XMLTREEFILE(   85): XMLTreeFile read 38 bytes
E/XMLTREEFILE(   85): XMLTreeFile read 11 bytes
E/XMLTREEFILE(   85): XMLTreeFile read 25 bytes
E/XMLTREEFILE(   85): XMLTreeFile read 13 bytes
E/XMLTREEFILE(   85): XMLTreeFile read 25 bytes
E/XMLTREEFILE(   85): XMLTreeFile read 15 bytes
E/XMLTREEFILE(   85): XMLTreeFile read 27 bytes
E/XMLTREEFILE(   85): XMLTreeFile read 31 bytes
E/XMLTREEFILE(   85): XMLTreeFile read 24 bytes
E/XMLTREEFILE(   85): XMLTreeFile read 29 bytes
E/XMLTREEFILE(   85): XMLTreeFile read 16 bytes
E/XMLTREEFILE(   85): XMLTreeFile read 25 bytes
E/XMLTREEFILE(   85): XMLTreeFile read 15 bytes
E/XMLTREEFILE(   85): XMLTreeFile read 27 bytes
E/XMLTREEFILE(   85): XMLTreeFile read 32 bytes
E/XMLTREEFILE(   85): XMLTreeFile read 24 bytes
E/XMLTREEFILE(   85): XMLTreeFile read 29 bytes
E/XMLTREEFILE(   85): XMLTreeFile read 16 bytes
E/XMLTREEFILE(   85): XMLTreeFile read 25 bytes
E/XMLTREEFILE(   85): XMLTreeFile read 15 bytes
E/XMLTREEFILE(   85): XMLTreeFile read 27 bytes
E/XMLTREEFILE(   85): XMLTreeFile read 32 bytes
E/XMLTREEFILE(   85): XMLTreeFile read 24 bytes
E/XMLTREEFILE(   85): XMLTreeFile read 29 bytes
E/XMLTREEFILE(   85): XMLTreeFile read 16 bytes
E/XMLTREEFILE(   85): XMLTreeFile read 25 bytes
E/XMLTREEFILE(   85): XMLTreeFile read 15 bytes
E/XMLTREEFILE(   85): XMLTreeFile read 27 bytes
E/XMLTREEFILE(   85): XMLTreeFile read 33 bytes
E/XMLTREEFILE(   85): XMLTreeFile read 24 bytes
E/XMLTREEFILE(   85): XMLTreeFile read 29 bytes
E/XMLTREEFILE(   85): XMLTreeFile read 16 bytes
E/XMLTREEFILE(   85): XMLTreeFile read 14 bytes
E/XMLTREEFILE(   85): XMLTreeFile read 25 bytes
E/XMLTREEFILE(   85): XMLTreeFile read 13 bytes
E/XMLTREEFILE(   85): XMLTreeFile read 25 bytes
E/XMLTREEFILE(   85): XMLTreeFile read 15 bytes
E/XMLTREEFILE(   85): XMLTreeFile read 27 bytes
E/XMLTREEFILE(   85): XMLTreeFile read 31 bytes
E/XMLTREEFILE(   85): XMLTreeFile read 24 bytes
E/XMLTREEFILE(   85): XMLTreeFile read 29 bytes
E/XMLTREEFILE(   85): XMLTreeFile read 16 bytes
E/XMLTREEFILE(   85): XMLTreeFile read 25 bytes
E/XMLTREEFILE(   85): XMLTreeFile read 15 bytes
E/XMLTREEFILE(   85): XMLTreeFile read 27 bytes
E/XMLTREEFILE(   85): XMLTreeFile read 32 bytes
E/XMLTREEFILE(   85): XMLTreeFile read 24 bytes
E/XMLTREEFILE(   85): XMLTreeFile read 29 bytes
E/XMLTREEFILE(   85): XMLTreeFile read 16 bytes
E/XMLTREEFILE(   85): XMLTreeFile read 25 bytes
E/XMLTREEFILE(   85): XMLTreeFile read 15 bytes
E/XMLTREEFILE(   85): XMLTreeFile read 27 bytes
E/XMLTREEFILE(   85): XMLTreeFile read 32 bytes
E/XMLTREEFILE(   85): XMLTreeFile read 24 bytes
E/XMLTREEFILE(   85): XMLTreeFile read 29 bytes
E/XMLTREEFILE(   85): XMLTreeFile read 16 bytes
E/XMLTREEFILE(   85): XMLTreeFile read 25 bytes
E/XMLTREEFILE(   85): XMLTreeFile read 15 bytes
E/XMLTREEFILE(   85): XMLTreeFile read 27 bytes
E/XMLTREEFILE(   85): XMLTreeFile read 33 bytes
E/XMLTREEFILE(   85): XMLTreeFile read 24 bytes
E/XMLTREEFILE(   85): XMLTreeFile read 28 bytes
E/XMLTREEFILE(   85): XMLTreeFile read 16 bytes
E/XMLTREEFILE(   85): XMLTreeFile read 14 bytes
E/XMLTREEFILE(   85): XMLTreeFile read 26 bytes
E/XMLTREEFILE(   85): XMLTreeFile read 13 bytes
E/XMLTREEFILE(   85): XMLTreeFile read 25 bytes
E/XMLTREEFILE(   85): XMLTreeFile read 15 bytes
E/XMLTREEFILE(   85): XMLTreeFile read 27 bytes
E/XMLTREEFILE(   85): XMLTreeFile read 31 bytes
E/XMLTREEFILE(   85): XMLTreeFile read 24 bytes
E/XMLTREEFILE(   85): XMLTreeFile read 29 bytes
E/XMLTREEFILE(   85): XMLTreeFile read 16 bytes
E/XMLTREEFILE(   85): XMLTreeFile read 25 bytes
E/XMLTREEFILE(   85): XMLTreeFile read 15 bytes
E/XMLTREEFILE(   85): XMLTreeFile read 27 bytes
E/XMLTREEFILE(   85): XMLTreeFile read 32 bytes
E/XMLTREEFILE(   85): XMLTreeFile read 24 bytes
E/XMLTREEFILE(   85): XMLTreeFile read 29 bytes
E/XMLTREEFILE(   85): XMLTreeFile read 16 bytes
E/XMLTREEFILE(   85): XMLTreeFile read 25 bytes
E/XMLTREEFILE(   85): XMLTreeFile read 15 bytes
E/XMLTREEFILE(   85): XMLTreeFile read 27 bytes
E/XMLTREEFILE(   85): XMLTreeFile read 32 bytes
E/XMLTREEFILE(   85): XMLTreeFile read 24 bytes
E/XMLTREEFILE(   85): XMLTreeFile read 29 bytes
E/XMLTREEFILE(   85): XMLTreeFile read 16 bytes
E/XMLTREEFILE(   85): XMLTreeFile read 25 bytes
E/XMLTREEFILE(   85): XMLTreeFile read 15 bytes
E/XMLTREEFILE(   85): XMLTreeFile read 27 bytes
E/XMLTREEFILE(   85): XMLTreeFile read 33 bytes
E/XMLTREEFILE(   85): XMLTreeFile read 24 bytes
E/XMLTREEFILE(   85): XMLTreeFile read 28 bytes
E/XMLTREEFILE(   85): XMLTreeFile read 16 bytes
E/XMLTREEFILE(   85): XMLTreeFile read 14 bytes
E/XMLTREEFILE(   85): XMLTreeFile read 12 bytes
E/XMLTREEFILE(   85): XMLTreeFile read 27 bytes
E/XMLTREEFILE(   85): XMLTreeFile read 11 bytes
E/XMLTREEFILE(   85): XMLTreeFile read 25 bytes
E/XMLTREEFILE(   85): XMLTreeFile read 13 bytes
E/XMLTREEFILE(   85): XMLTreeFile read 25 bytes
E/XMLTREEFILE(   85): XMLTreeFile read 15 bytes
E/XMLTREEFILE(   85): XMLTreeFile read 27 bytes
E/XMLTREEFILE(   85): XMLTreeFile read 31 bytes
E/XMLTREEFILE(   85): XMLTreeFile read 24 bytes
E/XMLTREEFILE(   85): XMLTreeFile read 29 bytes
E/XMLTREEFILE(   85): XMLTreeFile read 16 bytes
E/XMLTREEFILE(   85): XMLTreeFile read 25 bytes
E/XMLTREEFILE(   85): XMLTreeFile read 15 bytes
E/XMLTREEFILE(   85): XMLTreeFile read 27 bytes
E/XMLTREEFILE(   85): XMLTreeFile read 32 bytes
E/XMLTREEFILE(   85): XMLTreeFile read 24 bytes
E/XMLTREEFILE(   85): XMLTreeFile read 29 bytes
E/XMLTREEFILE(   85): XMLTreeFile read 16 bytes
E/XMLTREEFILE(   85): XMLTreeFile read 25 bytes
E/XMLTREEFILE(   85): XMLTreeFile read 15 bytes
E/XMLTREEFILE(   85): XMLTreeFile read 27 bytes
E/XMLTREEFILE(   85): XMLTreeFile read 32 bytes
E/XMLTREEFILE(   85): XMLTreeFile read 24 bytes
E/XMLTREEFILE(   85): XMLTreeFile read 29 bytes
E/XMLTREEFILE(   85): XMLTreeFile read 16 bytes
E/XMLTREEFILE(   85): XMLTreeFile read 25 bytes
E/XMLTREEFILE(   85): XMLTreeFile read 15 bytes
E/XMLTREEFILE(   85): XMLTreeFile read 27 bytes
E/XMLTREEFILE(   85): XMLTreeFile read 33 bytes
E/XMLTREEFILE(   85): XMLTreeFile read 24 bytes
E/XMLTREEFILE(   85): XMLTreeFile read 29 bytes
E/XMLTREEFILE(   85): XMLTreeFile read 16 bytes
E/XMLTREEFILE(   85): XMLTreeFile read 14 bytes
E/XMLTREEFILE(   85): XMLTreeFile read 25 bytes
E/XMLTREEFILE(   85): XMLTreeFile read 13 bytes
E/XMLTREEFILE(   85): XMLTreeFile read 25 bytes
E/XMLTREEFILE(   85): XMLTreeFile read 15 bytes
E/XMLTREEFILE(   85): XMLTreeFile read 27 bytes
E/XMLTREEFILE(   85): XMLTreeFile read 31 bytes
E/XMLTREEFILE(   85): XMLTreeFile read 24 bytes
E/XMLTREEFILE(   85): XMLTreeFile read 29 bytes
E/XMLTREEFILE(   85): XMLTreeFile read 16 bytes
E/XMLTREEFILE(   85): XMLTreeFile read 25 bytes
E/XMLTREEFILE(   85): XMLTreeFile read 15 bytes
E/XMLTREEFILE(   85): XMLTreeFile read 27 bytes
E/XMLTREEFILE(   85): XMLTreeFile read 32 bytes
E/XMLTREEFILE(   85): XMLTreeFile read 24 bytes
E/XMLTREEFILE(   85): XMLTreeFile read 29 bytes
E/XMLTREEFILE(   85): XMLTreeFile read 16 bytes
E/XMLTREEFILE(   85): XMLTreeFile read 25 bytes
E/XMLTREEFILE(   85): XMLTreeFile read 15 bytes
E/XMLTREEFILE(   85): XMLTreeFile read 27 bytes
E/XMLTREEFILE(   85): XMLTreeFile read 32 bytes
E/XMLTREEFILE(   85): XMLTreeFile read 24 bytes
E/XMLTREEFILE(   85): XMLTreeFile read 29 bytes
E/XMLTREEFILE(   85): XMLTreeFile read 16 bytes
E/XMLTREEFILE(   85): XMLTreeFile read 25 bytes
E/XMLTREEFILE(   85): XMLTreeFile read 15 bytes
E/XMLTREEFILE(   85): XMLTreeFile read 27 bytes
E/XMLTREEFILE(   85): XMLTreeFile read 33 bytes
E/XMLTREEFILE(   85): XMLTreeFile read 24 bytes
E/XMLTREEFILE(   85): XMLTreeFile read 28 bytes
E/XMLTREEFILE(   85): XMLTreeFile read 16 bytes
E/XMLTREEFILE(   85): XMLTreeFile read 14 bytes
E/XMLTREEFILE(   85): XMLTreeFile read 26 bytes
E/XMLTREEFILE(   85): XMLTreeFile read 13 bytes
E/XMLTREEFILE(   85): XMLTreeFile read 25 bytes
E/XMLTREEFILE(   85): XMLTreeFile read 15 bytes
E/XMLTREEFILE(   85): XMLTreeFile read 27 bytes
E/XMLTREEFILE(   85): XMLTreeFile read 31 bytes
E/XMLTREEFILE(   85): XMLTreeFile read 24 bytes
E/XMLTREEFILE(   85): XMLTreeFile read 29 bytes
E/XMLTREEFILE(   85): XMLTreeFile read 16 bytes
E/XMLTREEFILE(   85): XMLTreeFile read 25 bytes
E/XMLTREEFILE(   85): XMLTreeFile read 15 bytes
E/XMLTREEFILE(   85): XMLTreeFile read 27 bytes
E/XMLTREEFILE(   85): XMLTreeFile read 32 bytes
E/XMLTREEFILE(   85): XMLTreeFile read 24 bytes
E/XMLTREEFILE(   85): XMLTreeFile read 29 bytes
E/XMLTREEFILE(   85): XMLTreeFile read 16 bytes
E/XMLTREEFILE(   85): XMLTreeFile read 25 bytes
E/XMLTREEFILE(   85): XMLTreeFile read 15 bytes
E/XMLTREEFILE(   85): XMLTreeFile read 27 bytes
E/XMLTREEFILE(   85): XMLTreeFile read 32 bytes
E/XMLTREEFILE(   85): XMLTreeFile read 24 bytes
E/XMLTREEFILE(   85): XMLTreeFile read 29 bytes
E/XMLTREEFILE(   85): XMLTreeFile read 16 bytes
E/XMLTREEFILE(   85): XMLTreeFile read 25 bytes
E/XMLTREEFILE(   85): XMLTreeFile read 15 bytes
E/XMLTREEFILE(   85): XMLTreeFile read 27 bytes
E/XMLTREEFILE(   85): XMLTreeFile read 33 bytes
E/XMLTREEFILE(   85): XMLTreeFile read 24 bytes
E/XMLTREEFILE(   85): XMLTreeFile read 28 bytes
E/XMLTREEFILE(   85): XMLTreeFile read 16 bytes
E/XMLTREEFILE(   85): XMLTreeFile read 14 bytes
E/XMLTREEFILE(   85): XMLTreeFile read 12 bytes
E/XMLTREEFILE(   85): XMLTreeFile read 26 bytes
E/XMLTREEFILE(   85): XMLTreeFile read 11 bytes
E/XMLTREEFILE(   85): XMLTreeFile read 25 bytes
E/XMLTREEFILE(   85): XMLTreeFile read 13 bytes
E/XMLTREEFILE(   85): XMLTreeFile read 25 bytes
E/XMLTREEFILE(   85): XMLTreeFile read 15 bytes
E/XMLTREEFILE(   85): XMLTreeFile read 27 bytes
E/XMLTREEFILE(   85): XMLTreeFile read 31 bytes
E/XMLTREEFILE(   85): XMLTreeFile read 24 bytes
E/XMLTREEFILE(   85): XMLTreeFile read 29 bytes
E/XMLTREEFILE(   85): XMLTreeFile read 16 bytes
E/XMLTREEFILE(   85): XMLTreeFile read 25 bytes
E/XMLTREEFILE(   85): XMLTreeFile read 15 bytes
E/XMLTREEFILE(   85): XMLTreeFile read 27 bytes
E/XMLTREEFILE(   85): XMLTreeFile read 32 bytes
E/XMLTREEFILE(   85): XMLTreeFile read 24 bytes
E/XMLTREEFILE(   85): XMLTreeFile read 29 bytes
E/XMLTREEFILE(   85): XMLTreeFile read 16 bytes
E/XMLTREEFILE(   85): XMLTreeFile read 25 bytes
E/XMLTREEFILE(   85): XMLTreeFile read 15 bytes
E/XMLTREEFILE(   85): XMLTreeFile read 27 bytes
E/XMLTREEFILE(   85): XMLTreeFile read 32 bytes
E/XMLTREEFILE(   85): XMLTreeFile read 24 bytes
E/XMLTREEFILE(   85): XMLTreeFile read 29 bytes
E/XMLTREEFILE(   85): XMLTreeFile read 16 bytes
E/XMLTREEFILE(   85): XMLTreeFile read 25 bytes
E/XMLTREEFILE(   85): XMLTreeFile read 15 bytes
E/XMLTREEFILE(   85): XMLTreeFile read 27 bytes
E/XMLTREEFILE(   85): XMLTreeFile read 33 bytes
E/XMLTREEFILE(   85): XMLTreeFile read 24 bytes
E/XMLTREEFILE(   85): XMLTreeFile read 27 bytes
E/XMLTREEFILE(   85): XMLTreeFile read 16 bytes
E/XMLTREEFILE(   85): XMLTreeFile read 14 bytes
E/XMLTREEFILE(   85): XMLTreeFile read 25 bytes
E/XMLTREEFILE(   85): XMLTreeFile read 13 bytes
E/XMLTREEFILE(   85): XMLTreeFile read 25 bytes
E/XMLTREEFILE(   85): XMLTreeFile read 15 bytes
E/XMLTREEFILE(   85): XMLTreeFile read 27 bytes
E/XMLTREEFILE(   85): XMLTreeFile read 31 bytes
E/XMLTREEFILE(   85): XMLTreeFile read 24 bytes
E/XMLTREEFILE(   85): XMLTreeFile read 29 bytes
E/XMLTREEFILE(   85): XMLTreeFile read 16 bytes
E/XMLTREEFILE(   85): XMLTreeFile read 25 bytes
E/XMLTREEFILE(   85): XMLTreeFile read 15 bytes
E/XMLTREEFILE(   85): XMLTreeFile read 27 bytes
E/XMLTREEFILE(   85): XMLTreeFile read 32 bytes
E/XMLTREEFILE(   85): XMLTreeFile read 24 bytes
E/XMLTREEFILE(   85): XMLTreeFile read 29 bytes
E/XMLTREEFILE(   85): XMLTreeFile read 16 bytes
E/XMLTREEFILE(   85): XMLTreeFile read 25 bytes
E/XMLTREEFILE(   85): XMLTreeFile read 15 bytes
E/XMLTREEFILE(   85): XMLTreeFile read 27 bytes
E/XMLTREEFILE(   85): XMLTreeFile read 32 bytes
E/XMLTREEFILE(   85): XMLTreeFile read 24 bytes
E/XMLTREEFILE(   85): XMLTreeFile read 29 bytes
E/XMLTREEFILE(   85): XMLTreeFile read 16 bytes
E/XMLTREEFILE(   85): XMLTreeFile read 25 bytes
E/XMLTREEFILE(   85): XMLTreeFile read 15 bytes
E/XMLTREEFILE(   85): XMLTreeFile read 27 bytes
E/XMLTREEFILE(   85): XMLTreeFile read 33 bytes
E/XMLTREEFILE(   85): XMLTreeFile read 24 bytes
E/XMLTREEFILE(   85): XMLTreeFile read 27 bytes
E/XMLTREEFILE(   85): XMLTreeFile read 16 bytes
E/XMLTREEFILE(   85): XMLTreeFile read 14 bytes
E/XMLTREEFILE(   85): XMLTreeFile read 26 bytes
E/XMLTREEFILE(   85): XMLTreeFile read 13 bytes
E/XMLTREEFILE(   85): XMLTreeFile read 25 bytes
E/XMLTREEFILE(   85): XMLTreeFile read 15 bytes
E/XMLTREEFILE(   85): XMLTreeFile read 27 bytes
E/XMLTREEFILE(   85): XMLTreeFile read 31 bytes
E/XMLTREEFILE(   85): XMLTreeFile read 24 bytes
E/XMLTREEFILE(   85): XMLTreeFile read 29 bytes
E/XMLTREEFILE(   85): XMLTreeFile read 16 bytes
E/XMLTREEFILE(   85): XMLTreeFile read 25 bytes
E/XMLTREEFILE(   85): XMLTreeFile read 15 bytes
E/XMLTREEFILE(   85): XMLTreeFile read 27 bytes
E/XMLTREEFILE(   85): XMLTreeFile read 32 bytes
E/XMLTREEFILE(   85): XMLTreeFile read 24 bytes
E/XMLTREEFILE(   85): XMLTreeFile read 29 bytes
E/XMLTREEFILE(   85): XMLTreeFile read 16 bytes
E/XMLTREEFILE(   85): XMLTreeFile read 25 bytes
E/XMLTREEFILE(   85): XMLTreeFile read 15 bytes
E/XMLTREEFILE(   85): XMLTreeFile read 27 bytes
E/XMLTREEFILE(   85): XMLTreeFile read 32 bytes
E/XMLTREEFILE(   85): XMLTreeFile read 24 bytes
E/XMLTREEFILE(   85): XMLTreeFile read 29 bytes
E/XMLTREEFILE(   85): XMLTreeFile read 16 bytes
E/XMLTREEFILE(   85): XMLTreeFile read 25 bytes
E/XMLTREEFILE(   85): XMLTreeFile read 15 bytes
E/XMLTREEFILE(   85): XMLTreeFile read 27 bytes
E/XMLTREEFILE(   85): XMLTreeFile read 33 bytes
E/XMLTREEFILE(   85): XMLTreeFile read 24 bytes
E/XMLTREEFILE(   85): XMLTreeFile read 27 bytes
E/XMLTREEFILE(   85): XMLTreeFile read 16 bytes
E/XMLTREEFILE(   85): XMLTreeFile read 14 bytes
E/XMLTREEFILE(   85): XMLTreeFile read 12 bytes
E/XMLTREEFILE(   85): XMLTreeFile read 25 bytes
E/XMLTREEFILE(   85): XMLTreeFile read 11 bytes
E/XMLTREEFILE(   85): XMLTreeFile read 25 bytes
E/XMLTREEFILE(   85): XMLTreeFile read 13 bytes
E/XMLTREEFILE(   85): XMLTreeFile read 25 bytes
E/XMLTREEFILE(   85): XMLTreeFile read 15 bytes
E/XMLTREEFILE(   85): XMLTreeFile read 27 bytes
E/XMLTREEFILE(   85): XMLTreeFile read 31 bytes
E/XMLTREEFILE(   85): XMLTreeFile read 24 bytes
E/XMLTREEFILE(   85): XMLTreeFile read 29 bytes
E/XMLTREEFILE(   85): XMLTreeFile read 16 bytes
E/XMLTREEFILE(   85): XMLTreeFile read 25 bytes
E/XMLTREEFILE(   85): XMLTreeFile read 15 bytes
E/XMLTREEFILE(   85): XMLTreeFile read 27 bytes
E/XMLTREEFILE(   85): XMLTreeFile read 32 bytes
E/XMLTREEFILE(   85): XMLTreeFile read 24 bytes
E/XMLTREEFILE(   85): XMLTreeFile read 29 bytes
E/XMLTREEFILE(   85): XMLTreeFile read 16 bytes
E/XMLTREEFILE(   85): XMLTreeFile read 25 bytes
E/XMLTREEFILE(   85): XMLTreeFile read 15 bytes
E/XMLTREEFILE(   85): XMLTreeFile read 27 bytes
E/XMLTREEFILE(   85): XMLTreeFile read 32 bytes
E/XMLTREEFILE(   85): XMLTreeFile read 24 bytes
E/XMLTREEFILE(   85): XMLTreeFile read 29 bytes
E/XMLTREEFILE(   85): XMLTreeFile read 16 bytes
E/XMLTREEFILE(   85): XMLTreeFile read 25 bytes
E/XMLTREEFILE(   85): XMLTreeFile read 15 bytes
E/XMLTREEFILE(   85): XMLTreeFile read 27 bytes
E/XMLTREEFILE(   85): XMLTreeFile read 33 bytes
E/XMLTREEFILE(   85): XMLTreeFile read 24 bytes
E/XMLTREEFILE(   85): XMLTreeFile read 27 bytes
E/XMLTREEFILE(   85): XMLTreeFile read 16 bytes
E/XMLTREEFILE(   85): XMLTreeFile read 14 bytes
E/XMLTREEFILE(   85): XMLTreeFile read 25 bytes
E/XMLTREEFILE(   85): XMLTreeFile read 13 bytes
E/XMLTREEFILE(   85): XMLTreeFile read 25 bytes
E/XMLTREEFILE(   85): XMLTreeFile read 15 bytes
E/XMLTREEFILE(   85): XMLTreeFile read 27 bytes
E/XMLTREEFILE(   85): XMLTreeFile read 31 bytes
E/XMLTREEFILE(   85): XMLTreeFile read 24 bytes
E/XMLTREEFILE(   85): XMLTreeFile read 29 bytes
E/XMLTREEFILE(   85): XMLTreeFile read 16 bytes
E/XMLTREEFILE(   85): XMLTreeFile read 25 bytes
E/XMLTREEFILE(   85): XMLTreeFile read 15 bytes
E/XMLTREEFILE(   85): XMLTreeFile read 27 bytes
E/XMLTREEFILE(   85): XMLTreeFile read 32 bytes
E/XMLTREEFILE(   85): XMLTreeFile read 24 bytes
E/XMLTREEFILE(   85): XMLTreeFile read 29 bytes
E/XMLTREEFILE(   85): XMLTreeFile read 16 bytes
E/XMLTREEFILE(   85): XMLTreeFile read 25 bytes
E/XMLTREEFILE(   85): XMLTreeFile read 15 bytes
E/XMLTREEFILE(   85): XMLTreeFile read 27 bytes
E/XMLTREEFILE(   85): XMLTreeFile read 32 bytes
E/XMLTREEFILE(   85): XMLTreeFile read 24 bytes
E/XMLTREEFILE(   85): XMLTreeFile read 29 bytes
E/XMLTREEFILE(   85): XMLTreeFile read 16 bytes
E/XMLTREEFILE(   85): XMLTreeFile read 25 bytes
E/XMLTREEFILE(   85): XMLTreeFile read 15 bytes
E/XMLTREEFILE(   85): XMLTreeFile read 27 bytes
E/XMLTREEFILE(   85): XMLTreeFile read 33 bytes
E/XMLTREEFILE(   85): XMLTreeFile read 24 bytes
E/XMLTREEFILE(   85): XMLTreeFile read 27 bytes
E/XMLTREEFILE(   85): XMLTreeFile read 16 bytes
E/XMLTREEFILE(   85): XMLTreeFile read 14 bytes
E/XMLTREEFILE(   85): XMLTreeFile read 26 bytes
E/XMLTREEFILE(   85): XMLTreeFile read 13 bytes
E/XMLTREEFILE(   85): XMLTreeFile read 25 bytes
E/XMLTREEFILE(   85): XMLTreeFile read 15 bytes
E/XMLTREEFILE(   85): XMLTreeFile read 27 bytes
E/XMLTREEFILE(   85): XMLTreeFile read 31 bytes
E/XMLTREEFILE(   85): XMLTreeFile read 24 bytes
E/XMLTREEFILE(   85): XMLTreeFile read 29 bytes
E/XMLTREEFILE(   85): XMLTreeFile read 16 bytes
E/XMLTREEFILE(   85): XMLTreeFile read 25 bytes
E/XMLTREEFILE(   85): XMLTreeFile read 15 bytes
E/XMLTREEFILE(   85): XMLTreeFile read 27 bytes
E/XMLTREEFILE(   85): XMLTreeFile read 32 bytes
E/XMLTREEFILE(   85): XMLTreeFile read 24 bytes
E/XMLTREEFILE(   85): XMLTreeFile read 29 bytes
E/XMLTREEFILE(   85): XMLTreeFile read 16 bytes
E/XMLTREEFILE(   85): XMLTreeFile read 25 bytes
E/XMLTREEFILE(   85): XMLTreeFile read 15 bytes
E/XMLTREEFILE(   85): XMLTreeFile read 27 bytes
E/XMLTREEFILE(   85): XMLTreeFile read 32 bytes
E/XMLTREEFILE(   85): XMLTreeFile read 24 bytes
E/XMLTREEFILE(   85): XMLTreeFile read 29 bytes
E/XMLTREEFILE(   85): XMLTreeFile read 16 bytes
E/XMLTREEFILE(   85): XMLTreeFile read 25 bytes
E/XMLTREEFILE(   85): XMLTreeFile read 15 bytes
E/XMLTREEFILE(   85): XMLTreeFile read 27 bytes
E/XMLTREEFILE(   85): XMLTreeFile read 33 bytes
E/XMLTREEFILE(   85): XMLTreeFile read 24 bytes
E/XMLTREEFILE(   85): XMLTreeFile read 27 bytes
E/XMLTREEFILE(   85): XMLTreeFile read 16 bytes
E/XMLTREEFILE(   85): XMLTreeFile read 14 bytes
E/XMLTREEFILE(   85): XMLTreeFile read 12 bytes
E/XMLTREEFILE(   85): XMLTreeFile read 10 bytes
E/XMLTREEFILE(   85): XMLTreeFile read 8 bytes
E/XMLTREEFILE(   85): XMLTreeFile read 8 bytes
E/XMLTREEFILE(   85): not well-formed (invalid token) at line 1098
E/XLISTTREE(   85): XListTree begin to parse xml file
W/streamDeviceVolumeTable.cpp(   85): streamDeviceVolumeTable open ok
I/VolumeManager.cpp(   85): VolumeManager open type 0 ret 0
W/streamDeviceVolumeTable.cpp(   85): streamDeviceVolumeTable close (1)
I/VolumeManager.cpp(   85): VolumeManager close type 0 ret 0
V/AudioPolicyManagerBase(   85): setSystemProperty() property ro.camera.sound.forced, value 0
V/AudioPolicyManagerBase(   85): ENFORCED_AUDIBLE can be muted
I/AudioPolicyService(   85): Loaded audio policy from LEGACY Audio Policy HAL (audio_policy)
V/AudioPolicyService(   85): loadEffects() loading effect bassboost
V/AudioPolicyService(   85): loadEffects() loading effect virtualizer
V/AudioPolicyService(   85): loadEffects() loading effect equalizer
V/AudioPolicyService(   85): loadEffects() loading effect volume
V/AudioPolicyService(   85): loadEffects() loading effect reverb_env_aux
V/AudioPolicyService(   85): loadEffects() loading effect reverb_env_ins
V/AudioPolicyService(   85): loadEffects() loading effect reverb_pre_aux
V/AudioPolicyService(   85): loadEffects() loading effect reverb_pre_ins
V/AudioPolicyService(   85): loadEffects() loading effect visualizer
V/AudioPolicyService(   85): loadEffects() loading effect agc
V/AudioPolicyService(   85): loadEffects() loading effect aec
V/AudioPolicyService(   85): loadEffects() loading effect ns
D/dalvikvm(   83): DexOpt: --- BEGIN 'core.jar' (bootstrap=1) ---
D/dalvikvm(  176): Ignoring duplicate verify attempt on Ljava/lang/Object;
D/dalvikvm(  176): Ignoring duplicate verify attempt on Ljava/lang/ref/Reference;
D/dalvikvm(  176): Ignoring duplicate verify attempt on Ljava/lang/ref/ReferenceQueue;
D/dalvikvm(  176): Ignoring duplicate verify attempt on Ljava/lang/Class;
D/dalvikvm(  176): Ignoring duplicate verify attempt on Ljava/lang/ref/FinalizerReference;
D/dalvikvm(  176): DexOpt: load 81ms, verify+opt 1064ms
D/SPRDENG (  183): engserver start listen
D/SPRDENG (  184): Run Engineer Mode MODEM2SERVER Client!
D/SPRDENG (  184): eng_monitor_open: soc_fd=7
D/SPRDENG (  183): eng_event_reg: fd=9
D/SPRDENG (  183): eng_event_can_reg enter
D/SPRDENG (  183): eng_event_can_reg ret = 1
D/SPRDENG (  183): clinet_info_getnametype: input=engmonitor
D/SPRDENG (  183): clinet_info_getnametype: name=engmonitor; type=0
D/SPRDENG (  183): getclientfunc: engmonitor
D/SPRDENG (  183): eng_event_reg: fdevent_create
D/SPRDENG (  183): eng_event_reg: fe.fd=9
D/SPRDENG (  183): client_info_update: name[0] engmonitor,
D/SPRDENG (  183): eng_event_reg: send welcome
D/SPRDENG (  184): eng_mcinit: persist.msms.phone_count is 2, n=2
D/SPRDENG (  184): eng_mcinit: open /dev/CHNPTY13 failed!, error[2][No such file or directory]
D/SPRDENG (  183): fdevent_loop: ===waiting for events===
D/RAWDATAD(   75): Some event happens, len = 32.
D/RAWDATAD(   75): Event mask: 0x00000020, name: engtest.db
D/RAWDATAD(   75): Event: File was opened
D/RAWDATAD(   75): Object type: File
D/RAWDATAD(   75): Object name: /productinfo/
D/RAWDATAD(   75): index=0; event->len=16
D/RAWDATAD(   75): #############################################
D/SPRDENG (  185): eng_sqlite_create: open /productinfo/engtest.db success
D/SPRDENG (  185): eng_sqlite_create: str2int already exists
D/SPRDENG (  185): eng_sqlite_create: str2str already exists
D/RAWDATAD(   75): Some event happens, len = 32.
D/RAWDATAD(   75): Event mask: 0x00000001, name: engtest.db
D/RAWDATAD(   75): Event: File was accessed
D/RAWDATAD(   75): Object type: File
D/RAWDATAD(   75): Object name: /productinfo/
D/RAWDATAD(   75): index=0; event->len=16
D/RAWDATAD(   75): #############################################
D/RAWDATAD(   75): Some event happens, len = 32.
D/RAWDATAD(   75): Event mask: 0x00000004, name: engtest.db
D/RAWDATAD(   75): Event: File attributes were changed
D/RAWDATAD(   75): Object type: File
D/RAWDATAD(   75): Object name: /productinfo/
D/RAWDATAD(   75): index=0; event->len=16
D/RAWDATAD(   75): #############################################
D/RAWDATAD(   75): Some event happens, len = 32.
D/RAWDATAD(   75): Event mask: 0x00000008, name: engtest.db
D/RAWDATAD(   75): Event: writtable file closed
D/RAWDATAD(   75): Object type: File
D/RAWDATAD(   75): Object name: /productinfo/
D/RAWDATAD(   75): index=0; event->len=16
D/RAWDATAD(   75): #############################################
D/SPRDENG (  185): ENGTEST_MODE: cmdline=initrd=0x85500000,0x121120 apv="sp8825eaplus-user 4.0.3 IML74K A390t_S125_130821 release-keys" androidboot.mode=special lcd_id=ID9805 ram=512M fixnv=0x80480000,0x10000 productinfo=0x80490000,0xc00 runtimenv=0x804a0000,0x40000  show-guest-banks=0x4 no_console_suspend console=ttyNK viomem=* linux-timer=virtual root=/dev/ram0 rw init=/init 
D/SPRDENG (  185): 
D/SPRDENG (  185): eng_pcclient califlag=0, engtest=0
D/SPRDENG (  185): eng_sql_string2int_get: name=engtestmode;
D/SPRDENG (  185): eng_sql_string2int_get: open /productinfo/engtest.db success
D/SPRDENG (  185): eng_sql_string2int_get: sqlbuf=SELECT * FROM str2int WHERE name='engtestmode'
D/RAWDATAD(   75): Some event happens, len = 64.
D/RAWDATAD(   75): Event mask: 0x00000020, name: engtest.db
D/RAWDATAD(   75): Event: File was opened
D/RAWDATAD(   75): Object type: File
D/RAWDATAD(   75): Object name: /productinfo/
D/RAWDATAD(   75): index=0; event->len=16
D/RAWDATAD(   75): Event mask: 0x00000001, name: engtest.db
D/RAWDATAD(   75): Event: File was accessed
D/RAWDATAD(   75): Object type: File
D/RAWDATAD(   75): Object name: /productinfo/
D/RAWDATAD(   75): index=32; event->len=16
D/SPRDENG (  185): eng_sql_string2int_get: select table str2int success, ret=0x7fffffff
D/RAWDATAD(   75): #############################################
D/RAWDATAD(   75): Some event happens, len = 32.
D/RAWDATAD(   75): Event mask: 0x00000001, name: engtest.db
D/RAWDATAD(   75): Event: File was accessed
D/RAWDATAD(   75): Object type: File
D/RAWDATAD(   75): Object name: /productinfo/
D/RAWDATAD(   75): index=0; event->len=16
D/RAWDATAD(   75): #############################################
D/RAWDATAD(   75): Some event happens, len = 32.
D/RAWDATAD(   75): Event mask: 0x00000008, name: engtest.db
D/RAWDATAD(   75): Event: writtable file closed
D/RAWDATAD(   75): Object type: File
D/RAWDATAD(   75): Object name: /productinfo/
D/RAWDATAD(   75): index=0; event->len=16
D/RAWDATAD(   75): #############################################
D/SPRDENG (  185): eng_check_factorymode_fornand: status=7fffffff
D/SPRDENG (  185): fengyun eng_check_factorymode_fornand: value=adb
D/SPRDENG (  185): fengyun eng_check_factorymode_fornand: contain adb 
D/RAWDATAD(   75): Some event happens, len = 144.
D/RAWDATAD(   75): Event mask: 0x00000002, name: factorymode.file
D/RAWDATAD(   75): Event: File was modified
D/RAWDATAD(   75): event->name=factorymode.file, /productinfo/productinfo.bin
D/RAWDATAD(   75): event->name=factorymode.file, /productinfo/factorymode.file
D/RAWDATAD(   75): read_productinfo: block=1
D/RAWDATAD(   75): read_productinfo: size = 0
D/RAWDATAD(   75): read_productinfo: data: 
D/RAWDATAD(   75): rawdata_nofeadback_block: name=factorymode.file, nofeadback=/productinfo/productinfo.bin
D/RAWDATAD(   75): rawdata_nofeadback_block: ret=0
D/RAWDATAD(   75): write_partition: block=1
D/RAWDATAD(   75): read_mmc_partition: patrname=/dev/block/mmcblk0p8,offset=7172
D/SPRDENG (  183): eng_event_reg: fd=10
D/SPRDENG (  183): eng_event_can_reg enter
D/SPRDENG (  183): eng_event_can_reg ret = 1
D/SPRDENG (  183): clinet_info_getnametype: input=appclient:0
D/SPRDENG (  183): clinet_info_getnametype: name=appclient; type=0
D/SPRDENG (  183): getclientfunc: appclient
D/SPRDENG (  183): eng_event_reg: fdevent_create
D/SPRDENG (  183): eng_event_reg: fe.fd=10
D/SPRDENG (  183): client_info_update: name[1] appclient,
D/SPRDENG (  183): eng_event_reg: send welcome
D/SPRDENG (  185): eng_at_handshake: data.buf=welcome
D/SPRDENG (  185): eng_pcclient_hdlr: Run
D/SPRDENG (  185): eng_pc2client: Waitting cmd from PC fd=9
D/SPRDENG (  185): eng_atauto_thread: open /dev/CHNPTY12 failed!, error[2][No such file or directory]
D/SPRDENG (  185): ENG SD LOG
D/SPRDENG (  185): eng_modemreset_thread: persist.sys.sprd.modemreset is 1, n=1
D/SPRDENG (  183): ===fdevent_loop: fd=0x9===
D/SPRDENG (  183): fdevent_loop: ===waiting for events===
D/SPRDENG (  183): ===fdevent_loop: fd=0x9===
D/SPRDENG (  183): fdevent_loop: ===waiting for events===
D/SPRDENG (  185): eng_modemreset_thread: Unable bind server modemd, waiting...
D/SPRDENG (  185): ensure_audio_para_file_exists: enter
D/SPRDENG (  185): check_audio_para_file_size: enter
D/SPRDENG (  185): check_audio_para_file_size: check OK
D/SPRDENG (  185): ensure_audio_para_file_exists: ensure OK
D/SPRDENG (  185): put diag data from serial to pipe
D/SPRDENG (  185): DIAGLOG
E/MODEMD  (   78): modemd_listenaccept_thread: Waiting for new connect ...
D/SPRDENG (  185): eng_modemreset_thread, fd=14, pipe_fd=11
D/SPRDENG (  185): eng_modemreset_thread: waiting for server modemd
D/SPRDENG (  185): open usb serial
D/SPRDENG (  185): open vitual pipe
D/SPRDENG (  185): No sd card!!!
D/SPRDENG (  185): put log data from pipe to serial
E/MODEMD  (   78): modemd_listenaccept_thread: accept client n=10
E/MODEMD  (   78): modemd_listenaccept_thread: fill 10 to client[0]
E/MODEMD  (   78): modemd_listenaccept_thread: Waiting for new connect ...
D/RAWDATAD(   75): read_mmc_partition: rsize=4; size=4
D/RAWDATAD(   75): write_partition: counter = 0x0, 0x0, 0x4, 0x61
D/RAWDATAD(   75): write_partition: counter=0x462, crc=0xe6b8f7ef, crc1=0xe6,crc2=0xb8,crc3=0xf7,crc4=0xef
D/RAWDATAD(   75): write_mmc_partition: patrname=/dev/block/mmcblk0p8,offset=4096
D/RAWDATAD(   75): write_mmc_partition: wsize=4096; size=4096
D/RAWDATAD(   75): write_mmc_partition: patrname=/dev/block/mmcblk0p9,offset=4096
D/RAWDATAD(   75): write_mmc_partition: wsize=4096; size=4096
D/RAWDATAD(   75): write_partition: write finish
D/RAWDATAD(   75): event->name=factorymode.file, /productinfo/alarm_flag
D/RAWDATAD(   75): event->name=factorymode.file, /productinfo/poweron_timeinmillis
D/RAWDATAD(   75): Object type: File
D/RAWDATAD(   75): Object name: /productinfo/
D/RAWDATAD(   75): index=0; event->len=32
D/RAWDATAD(   75): Event mask: 0x00000020, name: factorymode.file
D/RAWDATAD(   75): Event: File was opened
D/RAWDATAD(   75): Object type: File
D/RAWDATAD(   75): Object name: /productinfo/
D/RAWDATAD(   75): index=48; event->len=32
D/RAWDATAD(   75): Event mask: 0x00000008, name: factorymode.file
D/RAWDATAD(   75): Event: writtable file closed
D/RAWDATAD(   75): Object type: File
D/RAWDATAD(   75): Object name: /productinfo/
D/RAWDATAD(   75): index=96; event->len=32
D/RAWDATAD(   75): #############################################
D/RAWDATAD(   75): Some event happens, len = 96.
D/RAWDATAD(   75): Event mask: 0x00000020, name: factorymode.file
D/RAWDATAD(   75): Event: File was opened
D/RAWDATAD(   75): Object type: File
D/RAWDATAD(   75): Object name: /productinfo/
D/RAWDATAD(   75): index=0; event->len=32
D/RAWDATAD(   75): Event mask: 0x00000010, name: factorymode.file
D/RAWDATAD(   75): Event: Unwrittable file closed
D/RAWDATAD(   75): Object type: File
D/RAWDATAD(   75): Object name: /productinfo/
D/RAWDATAD(   75): index=48; event->len=32
D/RAWDATAD(   75): #############################################
D/SPRDENG (  184): eng_mcinit: open /dev/CHNPTY13 failed!, error[2][No such file or directory]
D/SPRDENG (  185): eng_atauto_thread: open /dev/CHNPTY12 failed!, error[2][No such file or directory]
D/dalvikvm(   83): DexOpt: --- END 'core.jar' (success) ---
D/dalvikvm(   83): DEX prep '/system/framework/core.jar': unzip in 250ms, rewrite 2446ms
D/dalvikvm(   83): DexOpt: --- BEGIN 'core-junit.jar' (bootstrap=1) ---
D/dalvikvm(  211): DexOpt: load 5ms, verify+opt 10ms
D/dalvikvm(   83): DexOpt: --- END 'core-junit.jar' (success) ---
D/dalvikvm(   83): DEX prep '/system/framework/core-junit.jar': unzip in 1ms, rewrite 183ms
D/dalvikvm(   83): DexOpt: --- BEGIN 'bouncycastle.jar' (bootstrap=1) ---
D/SPRDENG (  184): eng_mcinit: open /dev/CHNPTY13 failed!, error[2][No such file or directory]
D/SPRDENG (  185): eng_atauto_thread: Thread Start
D/dalvikvm(  212): DexOpt: load 24ms, verify+opt 382ms
D/SPRDENG (  184): eng_mcinit: open /dev/CHNPTY13 OK
D/SPRDENG (  184): eng_mcinit: open /dev/CHNPTY14 OK
D/SPRDENG (  184): eng_mcinit: soc_fd=11
D/SPRDENG (  183): eng_event_reg: fd=11
D/SPRDENG (  183): eng_event_can_reg enter
D/SPRDENG (  183): eng_event_can_reg ret = 1
D/SPRDENG (  183): clinet_info_getnametype: input=modem
D/SPRDENG (  183): clinet_info_getnametype: name=modem; type=0
D/SPRDENG (  183): getclientfunc: modem
D/SPRDENG (  183): eng_event_reg: fdevent_create
D/SPRDENG (  183): eng_event_reg: fe.fd=11
D/SPRDENG (  183): client_info_update: name[2] modem,
D/SPRDENG (  183): eng_event_reg: send welcome
D/SPRDENG (  183): ===fdevent_loop: fd=0x9===
D/SPRDENG (  183): fdevent_loop: ===waiting for events===
D/SPRDENG (  183): ===fdevent_loop: fd=0x9===
D/SPRDENG (  183): fdevent_loop: ===waiting for events===
D/SPRDENG (  184): eng_servermodem_exchange: Run
D/SPRDENG (  184): eng_servermodem_comm: Waiting command from Server ...... soc_fd=0xb
D/dalvikvm(   83): DexOpt: --- END 'bouncycastle.jar' (success) ---
D/dalvikvm(   83): DEX prep '/system/framework/bouncycastle.jar': unzip in 44ms, rewrite 824ms
D/dalvikvm(   83): DexOpt: --- BEGIN 'ext.jar' (bootstrap=1) ---
D/dalvikvm(  245): DexOpt: load 65ms, verify+opt 631ms
D/BTWIFIMAC(   94): read_btwifimac_from_modem
D/SPRDENG (  183): eng_event_reg: fd=12
D/SPRDENG (  183): eng_event_can_reg enter
D/SPRDENG (  183): eng_event_can_reg ret = 1
D/SPRDENG (  183): clinet_info_getnametype: input=appclient:0
D/SPRDENG (  183): clinet_info_getnametype: name=appclient; type=0
D/SPRDENG (  183): getclientfunc: appclient
D/SPRDENG (  183): eng_event_reg: fdevent_create
D/SPRDENG (  183): eng_event_reg: fe.fd=12
D/SPRDENG (  183): client_info_update: name[3] appclient,
D/SPRDENG (  183): eng_event_reg: send welcome
D/SPRDENG (   94): eng_at_handshake: data.buf=welcome
D/BTWIFIMAC(   94): read_btwifimac_from_modem modem_fd=7
D/BTWIFIMAC(   94): ===========BT MAC===========
D/BTWIFIMAC(   94): read_btwifimac_from_modem: send 39,1,AT+SNVM=0,401
D/BTWIFIMAC(   94): send_to_modem
D/BTWIFIMAC(   94): recv_from_modem: Waiting modem response ... fd=7
D/SPRDENG (  183): ===fdevent_loop: fd=0x9===
D/SPRDENG (  183): fdevent_loop: ===waiting for events===
D/SPRDENG (  183): ===fdevent_loop: fd=0x9===
D/SPRDENG (  183): ===fdevent_loop: fd=0xc===
D/SPRDENG (  183): client_info_gettype:[0] fd=12;
D/SPRDENG (  183): client_info_gettype:[1] fd=12;
D/SPRDENG (  183): client_info_gettype:[2] fd=12;
D/SPRDENG (  183): client_info_gettype:[3] fd=12;
D/SPRDENG (  183): client_info_gettype: [3].name=appclient; .type=0
D/SPRDENG (  183): client_info_get_socketid: [2].name=modem; .fd=11
D/SPRDENG (  183): appclient_event_func: type=0; dest_fd=11
D/SPRDENG (  183): appclient_event_func: _fd=0xc read write to dest_id =0xb, read length = 18
D/SPRDENG (  183): setup_send_data:fd=12; type=0; inbuf=39,1,AT+SNVM=0,401; outbuf=   32;   12;0;39,1,AT+SNVM=0,401
D/SPRDENG (  183): fdevent_loop: ===waiting for events===
D/SPRDENG (  184): eng_servermodem_comm: Get Command n=0x1
D/SPRDENG (  184): eng_servermodem_comm: tmp=   32;   12;0;39,1,AT+SNVM=0,401, length=32
D/SPRDENG (  184): get_send_fd: inbuf=   32;   12;0;39,1,AT+SNVM=0,401
D/SPRDENG (  184): get_send_fd: outbuf=39,1,AT+SNVM=0,401; len =32,fd=12, type=0
D/SPRDENG (  184): eng_servermodem_comm: data.buf=39,1,AT+SNVM=0,401, data.buf_len=18
D/SPRDENG (  184): eng_parsecmd: cmd=39
D/SPRDENG (  184): ENG_AT_NOHANDLE_CMD: AT+SNVM=0,401
D/SPRDENG (  184): eng_atCommandRequest: index=39, cmd=AT+SNVM=0,401
D/SPRDENG (  184): eng_servermodem_comm: write data[AT+SNVM=0,401] from server to modem 
D/SPRDENG (  184): eng_servermodem_comm: use SIM1 /dev/CHNPTY13
D/SPRDENG (  184): AT > AT+SNVM=0,401
D/SPRDENG (  184): eng_servermodem_comm: Write Request to Modem Success
D/SPRDENG (  184): eng_modem2server: use SIM1 /dev/CHNPTY13
D/SPRDENG (  184): eng_modem2server: Waiting modem response ..., fd=12
D/SPRDENG (  185): eng_atauto_thread: At Auto Report
D/SPRDENG (  185): eng_atauto_thread: eng_atautobuf=
D/SPRDENG (  185): +SIND: 1
D/SPRDENG (  185): 
D/SPRDENG (  185): +SIND: 10,"SM",1,"FD",1,"LD",1,"MC",1,"RC",1,"ME",1
D/SPRDENG (  185): 
D/SPRDENG (  185): +ECIND: 3,0,0,0
D/SPRDENG (  185): ; usb_fd=18
D/SPRDENG (  185): eng_atcali_hdlr: 
D/SPRDENG (  185): +SIND: 1
D/SPRDENG (  185): 
D/SPRDENG (  185): +SIND: 10,"SM",1,"FD",1,"LD",1,"MC",1,"RC",1,"ME",1
D/SPRDENG (  185): 
D/SPRDENG (  185): +ECIND: 3,0,0,0
D/SPRDENG (  185): eng_atauto_thread: j=-1
D/SPRDENG (  185): eng_atauto_thread: CONFIGURED
D/SPRDENG (  185): eng_atauto_thread: usb_status=1
D/SPRDENG (  185): eng_atauto_thread: write at auto report to PC
D/SPRDENG (  184): eng_modem2server: Receive Modem Response
D/SPRDENG (  184): eng_modem2server [ptr=
D/SPRDENG (  184): +SNVM: 8,4CCC1EC43C502500
D/SPRDENG (  184): 
D/SPRDENG (  184): OK
D/SPRDENG (  184): ] tmp=[35]
D/SPRDENG (  184): eng_modem2server: counter=35
D/SPRDENG (  184): isAtNoHandleEnd: data=
D/SPRDENG (  184): +SNVM: 8,4CCC1EC43C502500
D/SPRDENG (  184): 
D/SPRDENG (  184): OK
D/SPRDENG (  184): isAtNoHandleEnd: 0xd
D/SPRDENG (  184): isAtNoHandleEnd: 0xa
D/SPRDENG (  184): isAtNoHandleEnd: 0x2b
D/SPRDENG (  184): isAtNoHandleEnd: 0x53
D/SPRDENG (  184): isAtNoHandleEnd: 0x4e
D/SPRDENG (  184): isAtNoHandleEnd: 0x56
D/SPRDENG (  184): isAtNoHandleEnd: 0x4d
D/SPRDENG (  184): isAtNoHandleEnd: 0x3a
D/SPRDENG (  184): isAtNoHandleEnd: 0x20
D/SPRDENG (  184): isAtNoHandleEnd: 0x38
D/SPRDENG (  184): isAtNoHandleEnd: 0x2c
D/SPRDENG (  184): isAtNoHandleEnd: 0x34
D/SPRDENG (  184): isAtNoHandleEnd: 0x43
D/SPRDENG (  184): isAtNoHandleEnd: 0x43
D/SPRDENG (  184): isAtNoHandleEnd: 0x43
D/SPRDENG (  184): isAtNoHandleEnd: 0x31
D/SPRDENG (  184): isAtNoHandleEnd: 0x45
D/SPRDENG (  184): isAtNoHandleEnd: 0x43
D/SPRDENG (  184): isAtNoHandleEnd: 0x34
D/SPRDENG (  184): isAtNoHandleEnd: 0x33
