--------- beginning of /dev/log/main
D/RAWDATAD(   75): Start RAWDATAD
D/RAWDATAD(   75): init_productinfo, BLOCK_NUM=4
D/RAWDATAD(   75): ==================init_productinfo Start==================
D/RAWDATAD(   75): init_productinfo: handle block[0]
D/RAWDATAD(   75): rawdata_check_block: partition=0, block=0
D/RAWDATAD(   75): read_mmc_partition: patrname=/dev/block/mmcblk0p8,offset=0
D/RAWDATAD(   75): read_mmc_partition: rsize=4096; size=4096
D/RAWDATAD(   75): dump_data: First 10 data
D/RAWDATAD(   75): data[0]=0x39
D/RAWDATAD(   75): data[1]=0x30
D/RAWDATAD(   75): data[2]=0x50
D/RAWDATAD(   75): data[3]=0x53
D/RAWDATAD(   75): data[4]=0x38
D/RAWDATAD(   75): data[5]=0x36
D/RAWDATAD(   75): data[6]=0x34
D/RAWDATAD(   75): data[7]=0x36
D/RAWDATAD(   75): data[8]=0x30
D/RAWDATAD(   75): data[9]=0x33
D/RAWDATAD(   75): dump_data: Last 10 data
D/RAWDATAD(   75): data[3066]=0xff
D/RAWDATAD(   75): data[3067]=0xff
D/RAWDATAD(   75): data[3068]=0xff
D/RAWDATAD(   75): data[3069]=0xff
D/RAWDATAD(   75): data[3070]=0xff
D/RAWDATAD(   75): data[3071]=0xff
D/RAWDATAD(   75): data[3072]=0x5a
D/RAWDATAD(   75): data[3073]=0x5a
D/RAWDATAD(   75): data[3074]=0x5a
D/RAWDATAD(   75): data[3075]=0x5a
D/RAWDATAD(   75): dump_data: Extra 10 data
D/RAWDATAD(   75): data[3076]=0x78
D/RAWDATAD(   75): data[3077]=0x85
D/RAWDATAD(   75): data[3078]=0x15
D/RAWDATAD(   75): data[3079]=0x84
D/RAWDATAD(   75): data[3080]=0xff
D/RAWDATAD(   75): data[3081]=0xff
D/RAWDATAD(   75): data[3082]=0xff
D/RAWDATAD(   75): data[3083]=0xff
D/RAWDATAD(   75): data[3084]=0xff
D/RAWDATAD(   75): data[3085]=0xff
D/RAWDATAD(   75): rawdata_check_block: ret=0x0, crc_old=0x78851584, crc_calc=0x78851584
D/RAWDATAD(   75): rawdata_check_block: partition=1, block=0
D/RAWDATAD(   75): read_mmc_partition: patrname=/dev/block/mmcblk0p9,offset=0
D/RAWDATAD(   75): read_mmc_partition: rsize=4096; size=4096
D/RAWDATAD(   75): dump_data: First 10 data
D/RAWDATAD(   75): data[0]=0x39
D/RAWDATAD(   75): data[1]=0x30
D/RAWDATAD(   75): data[2]=0x50
D/RAWDATAD(   75): data[3]=0x53
D/RAWDATAD(   75): data[4]=0x38
D/RAWDATAD(   75): data[5]=0x36
D/RAWDATAD(   75): data[6]=0x34
D/RAWDATAD(   75): data[7]=0x36
D/RAWDATAD(   75): data[8]=0x30
D/RAWDATAD(   75): data[9]=0x33
D/RAWDATAD(   75): dump_data: Last 10 data
D/RAWDATAD(   75): data[3066]=0xff
D/RAWDATAD(   75): data[3067]=0xff
D/RAWDATAD(   75): data[3068]=0xff
D/RAWDATAD(   75): data[3069]=0xff
D/RAWDATAD(   75): data[3070]=0xff
D/RAWDATAD(   75): data[3071]=0xff
D/RAWDATAD(   75): data[3072]=0x5a
D/RAWDATAD(   75): data[3073]=0x5a
D/RAWDATAD(   75): data[3074]=0x5a
D/RAWDATAD(   75): data[3075]=0x5a
D/RAWDATAD(   75): dump_data: Extra 10 data
D/RAWDATAD(   75): data[3076]=0x78
D/RAWDATAD(   75): data[3077]=0x85
D/RAWDATAD(   75): data[3078]=0x15
D/RAWDATAD(   75): data[3079]=0x84
D/RAWDATAD(   75): data[3080]=0xff
D/RAWDATAD(   75): data[3081]=0xff
D/RAWDATAD(   75): data[3082]=0xff
D/RAWDATAD(   75): data[3083]=0xff
D/RAWDATAD(   75): data[3084]=0xff
D/RAWDATAD(   75): data[3085]=0xff
D/RAWDATAD(   75): rawdata_check_block: ret=0x0, crc_old=0x78851584, crc_calc=0x78851584
D/RAWDATAD(   75): init_productinfo: /productinfo/productinfo.bin valid1=0; valid2=0
D/RAWDATAD(   75): init_productinfo: Use /productinfo/productinfo.bin in /dev/block/mmcblk0p9
D/RAWDATAD(   75): wirte_productinfo: write /productinfo/productinfo.bin successfully
D/RAWDATAD(   75): ==================init_productinfo End==================
D/RAWDATAD(   75): ==================init_productinfo Start==================
D/RAWDATAD(   75): init_productinfo: handle block[1]
D/RAWDATAD(   75): rawdata_check_block: partition=0, block=1
D/RAWDATAD(   75): read_mmc_partition: patrname=/dev/block/mmcblk0p8,offset=4096
D/VCharge (   79): start
D/VCharge (   79): func: uevent_init line: 148 get 7
D/VCharge (   79): open vcharge channel success vbpipe_fd=9
D/VCharge (   79): inital status usb: 1 ac: 0
D/RAWDATAD(   75): read_mmc_partition: rsize=4096; size=4096
D/RAWDATAD(   75): dump_data: First 10 data
D/RAWDATAD(   75): data[0]=0xff
D/RAWDATAD(   75): data[1]=0xff
D/RAWDATAD(   75): data[2]=0xff
D/RAWDATAD(   75): data[3]=0xff
D/RAWDATAD(   75): data[4]=0xff
D/RAWDATAD(   75): data[5]=0xff
D/RAWDATAD(   75): data[6]=0xff
D/RAWDATAD(   75): data[7]=0xff
D/RAWDATAD(   75): data[8]=0xff
D/RAWDATAD(   75): data[9]=0xff
D/RAWDATAD(   75): dump_data: Last 10 data
D/RAWDATAD(   75): data[3066]=0xff
D/RAWDATAD(   75): data[3067]=0xff
D/RAWDATAD(   75): data[3068]=0xff
D/RAWDATAD(   75): data[3069]=0xff
D/RAWDATAD(   75): data[3070]=0xff
D/RAWDATAD(   75): data[3071]=0xff
D/RAWDATAD(   75): data[3072]=0xff
D/RAWDATAD(   75): data[3073]=0xff
D/RAWDATAD(   75): data[3074]=0xff
D/RAWDATAD(   75): data[3075]=0xff
D/RAWDATAD(   75): dump_data: Extra 10 data
D/RAWDATAD(   75): data[3076]=0x0
D/RAWDATAD(   75): data[3077]=0x0
D/RAWDATAD(   75): data[3078]=0x4
D/RAWDATAD(   75): data[3079]=0x61
D/RAWDATAD(   75): data[3080]=0xeb
D/RAWDATAD(   75): data[3081]=0xfb
D/RAWDATAD(   75): data[3082]=0xd1
D/RAWDATAD(   75): data[3083]=0x36
D/RAWDATAD(   75): data[3084]=0xff
D/RAWDATAD(   75): data[3085]=0xff
D/RAWDATAD(   75): rawdata_check_block: ret=0x461, crc_old=0xebfbd136, crc_calc=0xebfbd136
D/RAWDATAD(   75): rawdata_check_block: partition=1, block=1
D/RAWDATAD(   75): read_mmc_partition: patrname=/dev/block/mmcblk0p9,offset=4096
D/RAWDATAD(   75): read_mmc_partition: rsize=4096; size=4096
D/RAWDATAD(   75): dump_data: First 10 data
D/RAWDATAD(   75): data[0]=0xff
D/RAWDATAD(   75): data[1]=0xff
D/RAWDATAD(   75): data[2]=0xff
D/RAWDATAD(   75): data[3]=0xff
D/RAWDATAD(   75): data[4]=0xff
D/RAWDATAD(   75): data[5]=0xff
D/RAWDATAD(   75): data[6]=0xff
D/RAWDATAD(   75): data[7]=0xff
D/RAWDATAD(   75): data[8]=0xff
D/RAWDATAD(   75): data[9]=0xff
D/RAWDATAD(   75): dump_data: Last 10 data
D/RAWDATAD(   75): data[3066]=0xff
D/RAWDATAD(   75): data[3067]=0xff
D/RAWDATAD(   75): data[3068]=0xff
D/RAWDATAD(   75): data[3069]=0xff
D/RAWDATAD(   75): data[3070]=0xff
D/RAWDATAD(   75): data[3071]=0xff
D/RAWDATAD(   75): data[3072]=0xff
D/RAWDATAD(   75): data[3073]=0xff
D/RAWDATAD(   75): data[3074]=0xff
D/RAWDATAD(   75): data[3075]=0xff
D/RAWDATAD(   75): dump_data: Extra 10 data
D/RAWDATAD(   75): data[3076]=0x0
D/RAWDATAD(   75): data[3077]=0x0
D/RAWDATAD(   75): data[3078]=0x4
D/RAWDATAD(   75): data[3079]=0x61
D/RAWDATAD(   75): data[3080]=0xeb
D/RAWDATAD(   75): data[3081]=0xfb
D/RAWDATAD(   75): data[3082]=0xd1
D/RAWDATAD(   75): data[3083]=0x36
D/RAWDATAD(   75): data[3084]=0xff
D/RAWDATAD(   75): data[3085]=0xff
D/RAWDATAD(   75): rawdata_check_block: ret=0x461, crc_old=0xebfbd136, crc_calc=0xebfbd136
D/RAWDATAD(   75): init_productinfo: /productinfo/factorymode.file valid1=1121; valid2=1121
D/RAWDATAD(   75): init_productinfo: Use /productinfo/factorymode.file in /dev/block/mmcblk0p9
D/RAWDATAD(   75): wirte_productinfo: write /productinfo/factorymode.file successfully
D/RAWDATAD(   75): ==================init_productinfo End==================
D/RAWDATAD(   75): ==================init_productinfo Start==================
D/RAWDATAD(   75): init_productinfo: handle block[2]
D/RAWDATAD(   75): rawdata_check_block: partition=0, block=2
D/RAWDATAD(   75): read_mmc_partition: patrname=/dev/block/mmcblk0p8,offset=8192
D/VCharge (   79): write 18
D/VCharge (   79):  to /sys/class/power_supply/battery/hw_switch_point 
D/VCharge (   79): vcharge start
D/VCharge (   79): adc cal got 0x1f822710,0x0,0xcf51068,0xb110e10,0x7e01c33f
D/VCharge (   79): parse_data: adc_0: 0x1f822710, adc_1: 0x0, bat_0: 0xcf51068, bat_1: 0xb110e10,cal_flag: 0x7e01c33f
E/VCharge (   79): update_battery_node
D/VCharge (   79): vcharge:use calibrate
D/VCharge (   79): battery_0 :217387112
D/VCharge (   79): battery_1 :185667088
D/VCharge (   79): update adc calibration value success
D/RAWDATAD(   75): read_mmc_partition: rsize=4096; size=4096
D/RAWDATAD(   75): dump_data: First 10 data
D/RAWDATAD(   75): data[0]=0xff
D/RAWDATAD(   75): data[1]=0xff
D/RAWDATAD(   75): data[2]=0xff
D/RAWDATAD(   75): data[3]=0xff
D/RAWDATAD(   75): data[4]=0xff
D/RAWDATAD(   75): data[5]=0xff
D/RAWDATAD(   75): data[6]=0xff
D/RAWDATAD(   75): data[7]=0xff
D/RAWDATAD(   75): data[8]=0xff
D/RAWDATAD(   75): data[9]=0xff
D/RAWDATAD(   75): dump_data: Last 10 data
D/RAWDATAD(   75): data[3066]=0xff
D/RAWDATAD(   75): data[3067]=0xff
D/RAWDATAD(   75): data[3068]=0xff
D/RAWDATAD(   75): data[3069]=0xff
D/RAWDATAD(   75): data[3070]=0xff
D/RAWDATAD(   75): data[3071]=0xff
D/RAWDATAD(   75): data[3072]=0xff
D/RAWDATAD(   75): data[3073]=0xff
D/RAWDATAD(   75): data[3074]=0xff
D/RAWDATAD(   75): data[3075]=0xff
D/RAWDATAD(   75): dump_data: Extra 10 data
D/RAWDATAD(   75): data[3076]=0x0
D/RAWDATAD(   75): data[3077]=0x0
D/RAWDATAD(   75): data[3078]=0x0
D/RAWDATAD(   75): data[3079]=0x2c
D/RAWDATAD(   75): data[3080]=0xab
D/RAWDATAD(   75): data[3081]=0x94
D/RAWDATAD(   75): data[3082]=0x6
D/RAWDATAD(   75): data[3083]=0x3b
D/RAWDATAD(   75): data[3084]=0xff
D/RAWDATAD(   75): data[3085]=0xff
D/RAWDATAD(   75): rawdata_check_block: ret=0x2c, crc_old=0xab94063b, crc_calc=0xab94063b
D/RAWDATAD(   75): rawdata_check_block: partition=1, block=2
D/RAWDATAD(   75): read_mmc_partition: patrname=/dev/block/mmcblk0p9,offset=8192
D/RAWDATAD(   75): read_mmc_partition: rsize=4096; size=4096
D/RAWDATAD(   75): dump_data: First 10 data
D/RAWDATAD(   75): data[0]=0xff
D/RAWDATAD(   75): data[1]=0xff
D/RAWDATAD(   75): data[2]=0xff
D/RAWDATAD(   75): data[3]=0xff
D/RAWDATAD(   75): data[4]=0xff
D/RAWDATAD(   75): data[5]=0xff
D/RAWDATAD(   75): data[6]=0xff
D/RAWDATAD(   75): data[7]=0xff
D/RAWDATAD(   75): data[8]=0xff
D/RAWDATAD(   75): data[9]=0xff
D/RAWDATAD(   75): dump_data: Last 10 data
D/RAWDATAD(   75): data[3066]=0xff
D/RAWDATAD(   75): data[3067]=0xff
D/RAWDATAD(   75): data[3068]=0xff
D/RAWDATAD(   75): data[3069]=0xff
D/RAWDATAD(   75): data[3070]=0xff
D/RAWDATAD(   75): data[3071]=0xff
D/RAWDATAD(   75): data[3072]=0xff
D/RAWDATAD(   75): data[3073]=0xff
D/RAWDATAD(   75): data[3074]=0xff
D/RAWDATAD(   75): data[3075]=0xff
D/RAWDATAD(   75): dump_data: Extra 10 data
D/RAWDATAD(   75): data[3076]=0x0
D/RAWDATAD(   75): data[3077]=0x0
D/RAWDATAD(   75): data[3078]=0x0
D/RAWDATAD(   75): data[3079]=0x2c
D/RAWDATAD(   75): data[3080]=0xab
D/RAWDATAD(   75): data[3081]=0x94
D/RAWDATAD(   75): data[3082]=0x6
D/RAWDATAD(   75): data[3083]=0x3b
D/RAWDATAD(   75): data[3084]=0xff
D/RAWDATAD(   75): data[3085]=0xff
D/RAWDATAD(   75): rawdata_check_block: ret=0x2c, crc_old=0xab94063b, crc_calc=0xab94063b
D/RAWDATAD(   75): init_productinfo: /productinfo/alarm_flag valid1=44; valid2=44
D/RAWDATAD(   75): init_productinfo: Use /productinfo/alarm_flag in /dev/block/mmcblk0p9
D/RAWDATAD(   75): wirte_productinfo: write /productinfo/alarm_flag successfully
D/RAWDATAD(   75): ==================init_productinfo End==================
D/RAWDATAD(   75): ==================init_productinfo Start==================
D/RAWDATAD(   75): init_productinfo: handle block[3]
D/RAWDATAD(   75): rawdata_check_block: partition=0, block=3
D/RAWDATAD(   75): read_mmc_partition: patrname=/dev/block/mmcblk0p8,offset=12288
D/RAWDATAD(   75): read_mmc_partition: rsize=4096; size=4096
D/RAWDATAD(   75): dump_data: First 10 data
D/RAWDATAD(   75): data[0]=0xff
D/RAWDATAD(   75): data[1]=0xff
D/RAWDATAD(   75): data[2]=0xff
D/RAWDATAD(   75): data[3]=0xff
D/RAWDATAD(   75): data[4]=0xff
D/RAWDATAD(   75): data[5]=0xff
D/RAWDATAD(   75): data[6]=0xff
D/RAWDATAD(   75): data[7]=0xff
D/RAWDATAD(   75): data[8]=0xff
D/RAWDATAD(   75): data[9]=0xff
D/RAWDATAD(   75): dump_data: Last 10 data
D/RAWDATAD(   75): data[3066]=0xff
D/RAWDATAD(   75): data[3067]=0xff
D/RAWDATAD(   75): data[3068]=0xff
D/RAWDATAD(   75): data[3069]=0xff
D/RAWDATAD(   75): data[3070]=0xff
D/RAWDATAD(   75): data[3071]=0xff
D/RAWDATAD(   75): data[3072]=0xff
D/RAWDATAD(   75): data[3073]=0xff
D/RAWDATAD(   75): data[3074]=0xff
D/RAWDATAD(   75): data[3075]=0xff
D/RAWDATAD(   75): dump_data: Extra 10 data
D/RAWDATAD(   75): data[3076]=0xff
D/RAWDATAD(   75): data[3077]=0xff
D/RAWDATAD(   75): data[3078]=0xff
D/RAWDATAD(   75): data[3079]=0xff
D/RAWDATAD(   75): data[3080]=0xff
D/RAWDATAD(   75): data[3081]=0xff
D/RAWDATAD(   75): data[3082]=0xff
D/RAWDATAD(   75): data[3083]=0xff
D/RAWDATAD(   75): data[3084]=0xff
D/RAWDATAD(   75): data[3085]=0xff
D/RAWDATAD(   75): rawdata_check_block: ret=0xffffffff, crc_old=0xffffffff, crc_calc=0xc1bff6c4
D/RAWDATAD(   75): init_productinfo: Read /productinfo/poweron_timeinmillis from /dev/block/mmcblk0p8 ERROR
D/RAWDATAD(   75): rawdata_check_block: partition=1, block=3
D/RAWDATAD(   75): read_mmc_partition: patrname=/dev/block/mmcblk0p9,offset=12288
D/RAWDATAD(   75): read_mmc_partition: rsize=4096; size=4096
D/RAWDATAD(   75): dump_data: First 10 data
D/RAWDATAD(   75): data[0]=0xff
D/RAWDATAD(   75): data[1]=0xff
D/RAWDATAD(   75): data[2]=0xff
D/RAWDATAD(   75): data[3]=0xff
D/RAWDATAD(   75): data[4]=0xff
D/RAWDATAD(   75): data[5]=0xff
D/RAWDATAD(   75): data[6]=0xff
D/RAWDATAD(   75): data[7]=0xff
D/RAWDATAD(   75): data[8]=0xff
D/RAWDATAD(   75): data[9]=0xff
D/RAWDATAD(   75): dump_data: Last 10 data
D/RAWDATAD(   75): data[3066]=0xff
D/RAWDATAD(   75): data[3067]=0xff
D/RAWDATAD(   75): data[3068]=0xff
D/RAWDATAD(   75): data[3069]=0xff
D/RAWDATAD(   75): data[3070]=0xff
D/RAWDATAD(   75): data[3071]=0xff
D/RAWDATAD(   75): data[3072]=0xff
D/RAWDATAD(   75): data[3073]=0xff
D/RAWDATAD(   75): data[3074]=0xff
D/RAWDATAD(   75): data[3075]=0xff
D/RAWDATAD(   75): dump_data: Extra 10 data
D/RAWDATAD(   75): data[3076]=0xff
D/RAWDATAD(   75): data[3077]=0xff
D/RAWDATAD(   75): data[3078]=0xff
D/RAWDATAD(   75): data[3079]=0xff
D/RAWDATAD(   75): data[3080]=0xff
D/RAWDATAD(   75): data[3081]=0xff
D/RAWDATAD(   75): data[3082]=0xff
D/RAWDATAD(   75): data[3083]=0xff
D/RAWDATAD(   75): data[3084]=0xff
D/RAWDATAD(   75): data[3085]=0xff
D/RAWDATAD(   75): rawdata_check_block: ret=0xffffffff, crc_old=0xffffffff, crc_calc=0xc1bff6c4
D/RAWDATAD(   75): init_productinfo: Read /productinfo/poweron_timeinmillis from /dev/block/mmcblk0p9 ERROR
D/RAWDATAD(   75): init_productinfo: /productinfo/poweron_timeinmillis valid1=-1; valid2=-1
D/RAWDATAD(   75): init_productinfo: Get /productinfo/poweron_timeinmillis CRC error
D/RAWDATAD(   75): init_productinfo: Won't create file /productinfo/poweron_timeinmillis
D/RAWDATAD(   75): ==================init_productinfo End==================
D/RAWDATAD(   75): Add /productinfo/ to watch
I/DEBUG   (   81): debuggerd: Aug 21 2013 13:25:23
D/sprd_monitor(   77): enter dual sim card mode!
D/nvitemd (   76): modem length : 8388608
D/nvitemd (   76): modem emmc dev : /dev/block/mmcblk0p2
D/nvitemd (   76): dsp emmc dev : /dev/block/mmcblk0p3
D/nvitemd (   76): reopen vbpipe
E/slog    (   92): main: Slog begin to work. [2]
I/Netd    (   80): Netd 1.0 starting
--------- beginning of /dev/log/system
I/Vold    (   74): Vold 2.1 (the revenge) firing up
D/        (   91): ModuleManager::preloadUpdateModules.
D/        (   91): [ModuleService] download config file not found.
D/        (   91): ModuleManager::preloadModules.
I/        (   90): ServiceManager: 0x1049680
E/        (   90): WordSegService instantiate
E/        (   90): WordSegService created
E/        (   90): WordSegService r = 0/n
D/BTWIFIMAC(   94): set BT/WIFI mac
D/        (   91): ModuleManager::loadModule,moduleLibName = libyi_backup_module.so, autoInit = 0.
D/        (   91): ModuleManager::getModuleByName,moduleName = backup_module.
D/        (   91): [ModuleService] module:backup_module not find in loadedmodules.
D/        (   91): [ModuleService] we load original so.
D/Vold    (   74): Volume internal state changing -1 (Initializing) -> 0 (No-Media)
D/Vold    (   74): Volume sdcard state changing -1 (Initializing) -> 0 (No-Media)
D/Vold    (   74): Volume internal state changing 0 (No-Media) -> 2 (Pending)
D/Vold    (   74): Volume internal state changing 2 (Pending) -> 1 (Idle-Unmounted)
W/Vold    (   74): Duplicate state (1)
W/Vold    (   74): Duplicate state (1)
W/Vold    (   74): Duplicate state (1)
W/Vold    (   74): Duplicate state (1)
W/Vold    (   74): Duplicate state (1)
W/Vold    (   74): Duplicate state (1)
W/Vold    (   74): Duplicate state (1)
W/Vold    (   74): Duplicate state (1)
W/Vold    (   74): Duplicate state (1)
W/Vold    (   74): Duplicate state (1)
W/Vold    (   74): Duplicate state (1)
W/Vold    (   74): Duplicate state (1)
W/Vold    (   74): Duplicate state (1)
W/Vold    (   74): Duplicate state (1)
W/Vold    (   74): Duplicate state (1)
W/Vold    (   74): Duplicate state (1)
W/Vold    (   74): Duplicate state (1)
I/        (  121): ServiceManager: 0x5d3680
E/        (  121): WordSegService instantiate
E/        (  121): WordSegService created
E/ServiceManager(   73): add_service('baidu.wordsegservice',0x2) uid=0 - ALREADY REGISTERED, OVERRIDE
I/ServiceManager(   73): service 'baidu.wordsegservice' died
E/        (   90): WordSegService destroyed
E/        (  121): WordSegService r = 0/n
W/Vold    (   74): Duplicate state (1)
W/Vold    (   74): Duplicate state (1)
W/Vold    (   74): Duplicate state (1)
D/        (   91): ModuleManager::getModuleByName,moduleName = backup_module.
D/        (   91): [ModuleService] module:backup_module not find in loadedmodules.
D/        (   91): [ModuleService] module:backup_module loaded successfully.
D/        (   91): ModuleManager::loadModule,moduleLibName = libyi_compress_module.so, autoInit = 0.
D/        (   91): ModuleManager::getModuleByName,moduleName = compress_module.
D/        (   91): [ModuleService] module:compress_module not find in loadedmodules.
D/        (   91): [ModuleService] we load original so.
D/        (   91): ModuleManager::getModuleByName,moduleName = compress_module.
D/        (   91): [ModuleService] module:compress_module not find in loadedmodules.
D/        (   91): [ModuleService] module:compress_module loaded successfully.
D/        (   91): ModuleManager::loadModule,moduleLibName = libyi_serviceext_module.so, autoInit = 1.
D/        (   91): ModuleManager::getModuleByName,moduleName = serviceext_module.
D/        (   91): [ModuleService] module:serviceext_module not find in loadedmodules.
D/        (   91): [ModuleService] we load original so.
D/        (   91): [ModuleService]original so. file serviceext_module not exiest.
D/        (  122): ModuleManager::preloadUpdateModules.
D/        (  122): [ModuleService] download config file not found.
D/        (  122): ModuleManager::preloadModules.
D/        (  122): ModuleManager::loadModule,moduleLibName = libyi_backup_module.so, autoInit = 0.
D/        (  122): ModuleManager::getModuleByName,moduleName = backup_module.
D/        (  122): [ModuleService] module:backup_module not find in loadedmodules.
D/        (  122): [ModuleService] we load original so.
D/        (  122): ModuleManager::getModuleByName,moduleName = backup_module.
D/        (  122): [ModuleService] module:backup_module not find in loadedmodules.
D/        (  122): [ModuleService] module:backup_module loaded successfully.
D/        (  122): ModuleManager::loadModule,moduleLibName = libyi_compress_module.so, autoInit = 0.
D/        (  122): ModuleManager::getModuleByName,moduleName = compress_module.
D/        (  122): [ModuleService] module:compress_module not find in loadedmodules.
D/        (  122): [ModuleService] we load original so.
D/        (  122): ModuleManager::getModuleByName,moduleName = compress_module.
D/        (  122): [ModuleService] module:compress_module not find in loadedmodules.
D/        (  122): [ModuleService] module:compress_module loaded successfully.
D/        (  122): ModuleManager::loadModule,moduleLibName = libyi_serviceext_module.so, autoInit = 1.
D/        (  122): ModuleManager::getModuleByName,moduleName = serviceext_module.
D/        (  122): [ModuleService] module:serviceext_module not find in loadedmodules.
D/        (  122): [ModuleService] we load original so.
D/        (  122): [ModuleService]original so. file serviceext_module not exiest.
E/ServiceManager(   73): add_service('com.baidu.ModuleService',0x3) uid=0 - ALREADY REGISTERED, OVERRIDE
I/ServiceManager(   73): service 'com.baidu.ModuleService' died
D/        (   91): [ModuleService] destructor ModuleService.
E/slog    (   92): handler_dump_file: open target /data/dontpanic/apanic_threads failed! [2]
E/slog    (   92): handler_dump_file: open target /data/dontpanic/apanic_console failed! [2]
E/slog    (   92): handle_dropbox: tar czf /data/slog/20140709155400/dropbox.tgz /data/system/dropbox [17]
I/        (   84): ServiceManager: 0x12bd958
D/appproc (   83): doLastShutDownCheck
D/appproc (   83): last shutdown unnormal,delete files in /data/dalvik-cache
I/SurfaceFlinger(   82): SurfaceFlinger is starting
I/SurfaceFlinger(   82): ro.bootmode : special sBootanimEnable :0
I/SurfaceFlinger(   82): SurfaceFlinger's main thread ready to run. Initializing graphics H/W...
D/sprd_monitor(   77): start phoneserver!
I/gralloc.mali(   82): using (fd=11)
I/gralloc.mali(   82): id           = tigerfb
I/gralloc.mali(   82): xres         = 480 px
I/gralloc.mali(   82): yres         = 800 px
I/gralloc.mali(   82): xres_virtual = 480 px
I/gralloc.mali(   82): yres_virtual = 1600 px
I/gralloc.mali(   82): bpp          = 32
I/gralloc.mali(   82): r            =  0:8
I/gralloc.mali(   82): g            =  8:8
I/gralloc.mali(   82): b            = 16:8
I/gralloc.mali(   82): width        = 48 mm (254.000000 dpi)
I/gralloc.mali(   82): height       = 80 mm (254.000000 dpi)
I/gralloc.mali(   82): refresh rate = 60.56 Hz
I/        (   85): ServiceManager: 0x1569f0
D/AndroidRuntime(   83): 
D/AndroidRuntime(   83): >>>>>> AndroidRuntime START com.android.internal.os.ZygoteInit <<<<<<
D/AndroidRuntime(   83): CheckJNI is OFF
W/audio_hw_primary(   85): adev_open
I/Alsa_Util(   85): card name is sprdphone, query card=0
I/Alsa_Util(   85): Search Completed, cur_name is sprdphone, card_num=0
I/Alsa_Util(   85): card name is sprdphone, query card=0
I/Alsa_Util(   85): card name is VIRTUAL AUDIO, query card=1
I/Alsa_Util(   85): Search Completed, cur_name is VIRTUAL AUDIO, card_num=1
I/audio_hw_primary(   85): s_tinycard = 0, s_vaudio = 1
E/audio_hw_primary(   85): unnamed entry tinyalsa-audio, 2
E/audio_hw_primary(   85): unnamed entry path, 0
I/audio_hw_primary(   85): Parsing control HPL Playback Volume => 8
I/audio_hw_primary(   85): s->path_len=1
I/audio_hw_primary(   85): Parsing control HPR Playback Volume => 8
I/audio_hw_primary(   85): s->path_len=2
I/audio_hw_primary(   85): Parsing control SPKL Playback Volume => 10
I/audio_hw_primary(   85): s->path_len=3
I/audio_hw_primary(   85): Parsing control SPKR Playback Volume => 10
I/audio_hw_primary(   85): s->path_len=4
I/audio_hw_primary(   85): Parsing control EAR Playback Volume => 10
I/audio_hw_primary(   85): s->path_len=5
I/audio_hw_primary(   85): Parsing control ADCL Capture Volume => 12
I/audio_hw_primary(   85): s->path_len=6
I/audio_hw_primary(   85): Parsing control ADCR Capture Volume => 12
I/audio_hw_primary(   85): s->path_len=7
I/audio_hw_primary(   85): Applying 7 element default route
I/audio_hw_primary(   85): Set 'HPL Playback Volume'.0 to 8
I/audio_hw_primary(   85): Set 'HPR Playback Volume'.0 to 8
I/audio_hw_primary(   85): Set 'SPKL Playback Volume'.0 to 10
I/audio_hw_primary(   85): Set 'SPKR Playback Volume'.0 to 10
I/audio_hw_primary(   85): Set 'EAR Playback Volume'.0 to 10
I/audio_hw_primary(   85): Set 'ADCL Capture Volume'.0 to 12
I/audio_hw_primary(   85): Set 'ADCR Capture Volume'.0 to 12
I/audio_hw_primary(   85): Allocating device speaker
I/audio_hw_primary(   85): Parsing control Speaker Function => 1
I/audio_hw_primary(   85): s->path_len=1
I/audio_hw_primary(   85): Parsing control Speaker2 Function => 1
I/audio_hw_primary(   85): s->path_len=2
I/audio_hw_primary(   85): Parsing control SPKL Mixer DACLSPKL Switch => 1
I/audio_hw_primary(   85): s->path_len=3
I/audio_hw_primary(   85): Parsing control SPKL Mixer DACRSPKL Switch => 1
I/audio_hw_primary(   85): s->path_len=4
I/audio_hw_primary(   85): Parsing control SPKR Mixer DACLSPKR Switch => 1
I/audio_hw_primary(   85): s->path_len=5
I/audio_hw_primary(   85): Parsing control SPKR Mixer DACRSPKR Switch => 1
I/audio_hw_primary(   85): s->path_len=6
I/audio_hw_primary(   85): 6 element on sequence
I/audio_hw_primary(   85): Parsing control Speaker Function => 0
I/audio_hw_primary(   85): s->path_len=1
I/audio_hw_primary(   85): Parsing control Speaker2 Function => 0
I/audio_hw_primary(   85): s->path_len=2
I/audio_hw_primary(   85): Parsing control SPKL Mixer DACLSPKL Switch => 0
I/audio_hw_primary(   85): s->path_len=3
I/audio_hw_primary(   85): Parsing control SPKL Mixer DACRSPKL Switch => 0
I/audio_hw_primary(   85): s->path_len=4
I/audio_hw_primary(   85): Parsing control SPKR Mixer DACLSPKR Switch => 0
I/audio_hw_primary(   85): s->path_len=5
I/audio_hw_primary(   85): Parsing control SPKR Mixer DACRSPKR Switch => 0
I/audio_hw_primary(   85): s->path_len=6
I/audio_hw_primary(   85): 6 element off sequence
I/audio_hw_primary(   85): Set 'Speaker Function'.0 to 0
I/audio_hw_primary(   85): Set 'Speaker2 Function'.0 to 0
I/audio_hw_primary(   85): Set 'SPKL Mixer DACLSPKL Switch'.0 to 0
I/audio_hw_primary(   85): Set 'SPKL Mixer DACRSPKL Switch'.0 to 0
I/audio_hw_primary(   85): Set 'SPKR Mixer DACLSPKR Switch'.0 to 0
I/audio_hw_primary(   85): Set 'SPKR Mixer DACRSPKR Switch'.0 to 0
I/audio_hw_primary(   85): Allocating device headphone
I/audio_hw_primary(   85): Parsing control HeadPhone Function => 1
I/audio_hw_primary(   85): s->path_len=1
I/audio_hw_primary(   85): Parsing control HPL Mixer DACRHPL Switch => 1
I/audio_hw_primary(   85): s->path_len=2
I/audio_hw_primary(   85): Parsing control HPR Mixer DACLHPR Switch => 1
I/audio_hw_primary(   85): s->path_len=3
I/audio_hw_primary(   85): 3 element on sequence
I/audio_hw_primary(   85): Parsing control HeadPhone Function => 0
I/audio_hw_primary(   85): s->path_len=1
I/audio_hw_primary(   85): Parsing control HPL Mixer DACRHPL Switch => 0
I/audio_hw_primary(   85): s->path_len=2
I/audio_hw_primary(   85): Parsing control HPR Mixer DACLHPR Switch => 0
I/audio_hw_primary(   85): s->path_len=3
I/audio_hw_primary(   85): 3 element off sequence
I/audio_hw_primary(   85): Set 'HeadPhone Function'.0 to 0
I/audio_hw_primary(   85): Set 'HPL Mixer DACRHPL Switch'.0 to 0
I/audio_hw_primary(   85): Set 'HPR Mixer DACLHPR Switch'.0 to 0
I/audio_hw_primary(   85): Allocating device earpiece
I/audio_hw_primary(   85): Parsing control Earpiece Function => 1
I/audio_hw_primary(   85): s->path_len=1
I/audio_hw_primary(   85): 1 element on sequence
I/audio_hw_primary(   85): Parsing control Earpiece Function => 0
I/audio_hw_primary(   85): s->path_len=1
I/audio_hw_primary(   85): 1 element off sequence
I/audio_hw_primary(   85): Set 'Earpiece Function'.0 to 0
I/audio_hw_primary(   85): Allocating device builtin-mic
I/audio_hw_primary(   85): Parsing control Mic Function => 1
I/audio_hw_primary(   85): s->path_len=1
I/audio_hw_primary(   85): Parsing control ADCL Mixer MainMICADCL Switch => 1
I/audio_hw_primary(   85): s->path_len=2
I/audio_hw_primary(   85): Parsing control ADCR Mixer MainMICADCR Switch => 1
I/audio_hw_primary(   85): s->path_len=3
I/audio_hw_primary(   85): 3 element on sequence
I/audio_hw_primary(   85): Parsing control Mic Function => 0
I/audio_hw_primary(   85): s->path_len=1
I/audio_hw_primary(   85): Parsing control ADCL Mixer MainMICADCL Switch => 0
I/audio_hw_primary(   85): s->path_len=2
I/audio_hw_primary(   85): Parsing control ADCR Mixer MainMICADCR Switch => 0
I/audio_hw_primary(   85): s->path_len=3
I/audio_hw_primary(   85): 3 element off sequence
I/audio_hw_primary(   85): Set 'Mic Function'.0 to 0
I/audio_hw_primary(   85): Set 'ADCL Mixer MainMICADCL Switch'.0 to 0
I/audio_hw_primary(   85): Set 'ADCR Mixer MainMICADCR Switch'.0 to 0
I/audio_hw_primary(   85): Allocating device back-mic
I/audio_hw_primary(   85): Parsing control Aux Mic Function => 1
I/audio_hw_primary(   85): s->path_len=1
I/audio_hw_primary(   85): Parsing control ADCL Mixer AuxMICADCL Switch => 1
I/audio_hw_primary(   85): s->path_len=2
I/audio_hw_primary(   85): Parsing control ADCR Mixer AuxMICADCR Switch => 1
I/audio_hw_primary(   85): s->path_len=3
I/audio_hw_primary(   85): 3 element on sequence
I/audio_hw_primary(   85): Parsing control Aux Mic Function => 0
I/audio_hw_primary(   85): s->path_len=1
I/audio_hw_primary(   85): Parsing control ADCL Mixer AuxMICADCL Switch => 0
I/audio_hw_primary(   85): s->path_len=2
I/audio_hw_primary(   85): Parsing control ADCR Mixer AuxMICADCR Switch => 0
I/audio_hw_primary(   85): s->path_len=3
I/audio_hw_primary(   85): 3 element off sequence
I/audio_hw_primary(   85): Set 'Aux Mic Function'.0 to 0
I/audio_hw_primary(   85): Set 'ADCL Mixer AuxMICADCL Switch'.0 to 0
I/audio_hw_primary(   85): Set 'ADCR Mixer AuxMICADCR Switch'.0 to 0
I/audio_hw_primary(   85): Allocating device headset-in
I/audio_hw_primary(   85): Parsing control HP Mic Function => 1
I/audio_hw_primary(   85): s->path_len=1
I/audio_hw_primary(   85): Parsing control ADCL Mixer HPMICADCL Switch => 1
I/audio_hw_primary(   85): s->path_len=2
I/audio_hw_primary(   85): Parsing control ADCR Mixer HPMICADCR Switch => 1
I/audio_hw_primary(   85): s->path_len=3
I/audio_hw_primary(   85): 3 element on sequence
I/audio_hw_primary(   85): Parsing control HP Mic Function => 0
I/audio_hw_primary(   85): s->path_len=1
I/audio_hw_primary(   85): Parsing control ADCL Mixer HPMICADCL Switch => 0
I/audio_hw_primary(   85): s->path_len=2
I/audio_hw_primary(   85): Parsing control ADCR Mixer HPMICADCR Switch => 0
I/audio_hw_primary(   85): s->path_len=3
I/audio_hw_primary(   85): 3 element off sequence
I/audio_hw_primary(   85): Set 'HP Mic Function'.0 to 0
I/audio_hw_primary(   85): Set 'ADCL Mixer HPMICADCL Switch'.0 to 0
I/audio_hw_primary(   85): Set 'ADCR Mixer HPMICADCR Switch'.0 to 0
I/audio_hw_primary(   85): Allocating device line
I/audio_hw_primary(   85): Parsing control Line Function => 1
I/audio_hw_primary(   85): s->path_len=1
I/audio_hw_primary(   85): Parsing control ADCL Mixer AILADCL Switch => 1
I/audio_hw_primary(   85): s->path_len=2
I/audio_hw_primary(   85): Parsing control ADCR Mixer AIRADCR Switch => 1
I/audio_hw_primary(   85): s->path_len=3
I/audio_hw_primary(   85): 3 element on sequence
I/audio_hw_primary(   85): Parsing control Line Function => 0
I/audio_hw_primary(   85): s->path_len=1
I/audio_hw_primary(   85): Parsing control ADCL Mixer AILADCL Switch => 0
I/audio_hw_primary(   85): s->path_len=2
I/audio_hw_primary(   85): Parsing control ADCR Mixer AIRADCR Switch => 0
I/audio_hw_primary(   85): s->path_len=3
I/audio_hw_primary(   85): 3 element off sequence
I/audio_hw_primary(   85): Set 'Line Function'.0 to 0
I/audio_hw_primary(   85): Set 'ADCL Mixer AILADCL Switch'.0 to 0
I/audio_hw_primary(   85): Set 'ADCR Mixer AIRADCR Switch'.0 to 0
I/audio_hw_primary(   85): Allocating device line-speaker
I/audio_hw_primary(   85): Parsing control SPKL Mixer ADCLSPKL Switch => 1
I/audio_hw_primary(   85): s->path_len=1
I/audio_hw_primary(   85): Parsing control SPKL Mixer ADCRSPKL Switch => 1
I/audio_hw_primary(   85): s->path_len=2
I/audio_hw_primary(   85): Parsing control SPKR Mixer ADCLSPKR Switch => 1
I/audio_hw_primary(   85): s->path_len=3
I/audio_hw_primary(   85): Parsing control SPKR Mixer ADCRSPKR Switch => 1
I/audio_hw_primary(   85): s->path_len=4
I/audio_hw_primary(   85): 4 element on sequence
I/audio_hw_primary(   85): Parsing control SPKL Mixer ADCLSPKL Switch => 0
I/audio_hw_primary(   85): s->path_len=1
I/audio_hw_primary(   85): Parsing control SPKL Mixer ADCRSPKL Switch => 0
I/audio_hw_primary(   85): s->path_len=2
I/audio_hw_primary(   85): Parsing control SPKR Mixer ADCLSPKR Switch => 0
I/audio_hw_primary(   85): s->path_len=3
I/audio_hw_primary(   85): Parsing control SPKR Mixer ADCRSPKR Switch => 0
I/audio_hw_primary(   85): s->path_len=4
I/audio_hw_primary(   85): 4 element off sequence
I/audio_hw_primary(   85): Set 'SPKL Mixer ADCLSPKL Switch'.0 to 0
I/audio_hw_primary(   85): Set 'SPKL Mixer ADCRSPKL Switch'.0 to 0
I/audio_hw_primary(   85): Set 'SPKR Mixer ADCLSPKR Switch'.0 to 0
I/audio_hw_primary(   85): Set 'SPKR Mixer ADCRSPKR Switch'.0 to 0
I/audio_hw_primary(   85): Allocating device line-headphone
I/audio_hw_primary(   85): Parsing control HPL Mixer ADCRHPL Switch => 1
I/audio_hw_primary(   85): s->path_len=1
I/audio_hw_primary(   85): Parsing control HPR Mixer ADCLHPR Switch => 1
I/audio_hw_primary(   85): s->path_len=2
I/audio_hw_primary(   85): 2 element on sequence
I/audio_hw_primary(   85): Parsing control HPL Mixer ADCRHPL Switch => 0
I/audio_hw_primary(   85): s->path_len=1
I/audio_hw_primary(   85): Parsing control HPR Mixer ADCLHPR Switch => 0
I/audio_hw_primary(   85): s->path_len=2
I/audio_hw_primary(   85): 2 element off sequence
I/audio_hw_primary(   85): Set 'HPL Mixer ADCRHPL Switch'.0 to 0
I/audio_hw_primary(   85): Set 'HPR Mixer ADCLHPR Switch'.0 to 0
W/audio_hw_primary(   85): s->adev->private_ctl.vbc_switch is successful
W/audio_hw_primary(   85): s->adev->private_ctl.vbc_eq_switch is successful
W/audio_hw_primary(   85): s->adev->private_ctl.vbc_eq_update is successful
W/audio_hw_primary(   85): s->adev->private_ctl.vbc_eq_profile_select is successful
W/audio_hw_primary(   85): s->adev->private_ctl.internal_pa is successful
W/audio_hw_primary(   85): ret=0, num_dev_cfgs=9
W/audio_hw_primary(   85): dev_cfgs_on depth=6, dev_cfgs_off depth=6
I/vb_effect(   85): create_vb_effect_params...start
I/vb_effect(   85): do_parse...start
D/RAWDATAD(   75): Some event happens, len = 32.
D/RAWDATAD(   75): Event mask: 0x00000002, name: vbc_eq
D/RAWDATAD(   75): Event: File was modified
D/RAWDATAD(   75): event->name=vbc_eq, /productinfo/productinfo.bin
D/RAWDATAD(   75): event->name=vbc_eq, /productinfo/factorymode.file
D/RAWDATAD(   75): event->name=vbc_eq, /productinfo/alarm_flag
D/RAWDATAD(   75): event->name=vbc_eq, /productinfo/poweron_timeinmillis
D/RAWDATAD(   75): Object type: File
D/RAWDATAD(   75): Object name: /productinfo/
D/RAWDATAD(   75): index=0; event->len=16
D/RAWDATAD(   75): #############################################
D/RAWDATAD(   75): Some event happens, len = 32.
D/RAWDATAD(   75): Event mask: 0x00000020, name: vbc_eq
D/RAWDATAD(   75): Event: File was opened
D/RAWDATAD(   75): Object type: File
D/RAWDATAD(   75): Object name: /productinfo/
D/RAWDATAD(   75): index=0; event->len=16
D/RAWDATAD(   75): #############################################
I/vb_effect(   85): fd_dest_paras(0x400b57b4), header_len(12), profile_len(280)
I/vb_effect(   85): effect_profile->name is Headset
I/vb_effect(   85): effect_profile->name is Headfree
I/vb_effect(   85): effect_profile->name is Handset
I/vb_effect(   85): effect_profile->name is Handsfree
D/RAWDATAD(   75): Some event happens, len = 32.
D/RAWDATAD(   75): Event mask: 0x00000002, name: vbc_eq
D/RAWDATAD(   75): Event: File was modified
D/RAWDATAD(   75): event->name=vbc_eq, /productinfo/productinfo.bin
D/RAWDATAD(   75): event->name=vbc_eq, /productinfo/factorymode.file
D/RAWDATAD(   75): event->name=vbc_eq, /productinfo/alarm_flag
D/RAWDATAD(   75): event->name=vbc_eq, /productinfo/poweron_timeinmillis
D/RAWDATAD(   75): Object type: File
D/RAWDATAD(   75): Object name: /productinfo/
D/RAWDATAD(   75): index=0; event->len=16
D/RAWDATAD(   75): #############################################
D/RAWDATAD(   75): Some event happens, len = 32.
D/RAWDATAD(   75): Event mask: 0x00000008, name: vbc_eq
D/RAWDATAD(   75): Event: writtable file closed
D/RAWDATAD(   75): Object type: File
D/RAWDATAD(   75): Object name: /productinfo/
D/RAWDATAD(   75): index=0; event->len=16
D/RAWDATAD(   75): #############################################
I/vb_effect(   85): do_parse...end
I/vb_effect(   85): create_vb_effect_params...done(0)
D/libEGL  (   82): loaded /system/lib/egl/libEGL_mali.so
D/sprd_monitor(   77): start eng!
D/libEGL  (   82): loaded /system/lib/egl/libGLESv1_CM_mali.so
D/libEGL  (   82): loaded /system/lib/egl/libGLESv2_mali.so
I/SurfaceFlinger(   82): EGL informations:
I/SurfaceFlinger(   82): # of configs : 21
I/SurfaceFlinger(   82): vendor    : Android
I/SurfaceFlinger(   82): version   : 1.4 Android META-EGL
I/SurfaceFlinger(   82): extensions: EGL_KHR_image EGL_KHR_image_base EGL_KHR_image_pixmap EGL_KHR_gl_texture_2D_image EGL_KHR_gl_texture_cubemap_image EGL_KHR_gl_renderbuffer_image EGL_KHR_fence_sync EGL_ANDROID_image_native_buffer 
I/SurfaceFlinger(   82): Client API: OpenGL ES
I/SurfaceFlinger(   82): EGLSurface: 8-8-8-8, config=0x10
I/SurfaceFlinger(   82): OpenGL informations:
I/SurfaceFlinger(   82): vendor    : ARM
I/SurfaceFlinger(   82): renderer  : Mali-400 MP
I/SurfaceFlinger(   82): version   : OpenGL ES-CM 1.1 Spreadtrum Build
I/SurfaceFlinger(   82): extensions: GL_OES_byte_coordinates GL_OES_fixed_point GL_OES_single_precision GL_OES_matrix_get GL_OES_read_format GL_OES_compressed_paletted_texture GL_OES_point_size_array GL_OES_point_sprite GL_OES_texture_npot GL_OES_query_matrix GL_OES_matrix_palette GL_OES_extended_matrix_palette GL_OES_compressed_ETC1_RGB8_texture GL_OES_EGL_image GL_OES_draw_texture GL_OES_depth_texture GL_OES_packed_depth_stencil GL_EXT_texture_format_BGRA8888 GL_OES_framebuffer_object GL_OES_stencil8 GL_OES_depth24 GL_ARM_rgba8 GL_OES_EGL_image_external GL_OES_EGL_sync GL_OES_rgb8_rgba8 GL_EXT_multisampled_render_to_texture GL_OES_texture_cube_map GL_EXT_discard_framebuffer 
I/SurfaceFlinger(   82): GL_MAX_TEXTURE_SIZE = 4096
I/SurfaceFlinger(   82): GL_MAX_VIEWPORT_DIMS = 4096 x 4096
I/SurfaceFlinger(   82): flags = 00000000
I/audio_hw_primary(   85): eq_loading, ret(-1), eq_available(0)
I/audio_pga(   85): The codec name is sprd-codec
D/audio_pga(   85): profile name is 'speaker-l'
D/audio_pga(   85): pga name is 'SPKL Playback Volume', val is '0'
D/audio_pga(   85): pga name is 'VBC DACL DG Set', val is '16'
D/audio_pga(   85): pga name is 'VBC DACL DG Switch', val is '31'
D/audio_pga(   85): profile name is 'speaker-r'
D/audio_pga(   85): pga name is 'SPKR Playback Volume', val is '0'
D/audio_pga(   85): pga name is 'VBC DACR DG Set', val is '16'
D/audio_pga(   85): pga name is 'VBC DACR DG Switch', val is '31'
D/audio_pga(   85): profile name is 'headphone-l'
D/audio_pga(   85): pga name is 'HPL Playback Volume', val is '0'
D/audio_pga(   85): pga name is 'VBC DACL DG Set', val is '16'
D/audio_pga(   85): pga name is 'VBC DACL DG Switch', val is '31'
D/audio_pga(   85): profile name is 'headphone-r'
D/audio_pga(   85): pga name is 'HPR Playback Volume', val is '0'
D/audio_pga(   85): pga name is 'VBC DACR DG Set', val is '16'
D/audio_pga(   85): pga name is 'VBC DACR DG Switch', val is '31'
D/audio_pga(   85): profile name is 'headphone-spk-l'
D/audio_pga(   85): pga name is 'SPKL Playback Volume', val is '0'
D/audio_pga(   85): pga name is 'HPL Playback Volume', val is '4'
D/audio_pga(   85): pga name is 'VBC DACL DG Set', val is '16'
D/audio_pga(   85): pga name is 'VBC DACL DG Switch', val is '31'
D/audio_pga(   85): profile name is 'headphone-spk-r'
D/audio_pga(   85): pga name is 'SPKR Playback Volume', val is '0'
D/audio_pga(   85): pga name is 'HPR Playback Volume', val is '4'
D/audio_pga(   85): pga name is 'VBC DACR DG Set', val is '16'
D/audio_pga(   85): pga name is 'VBC DACR DG Switch', val is '31'
D/audio_pga(   85): profile name is 'earpiece'
D/audio_pga(   85): pga name is 'EAR Playback Volume', val is '0'
D/audio_pga(   85): pga name is 'VBC DACL DG Set', val is '16'
D/audio_pga(   85): pga name is 'VBC DACL DG Switch', val is '31'
D/audio_pga(   85): profile name is 'linein-spk-l'
D/audio_pga(   85): pga name is 'SPKL Playback Volume', val is '0'
D/audio_pga(   85): pga name is 'ADCL Capture Volume', val is '4'
D/audio_pga(   85): pga name is 'VBC DACL DG Set', val is '16'
D/audio_pga(   85): pga name is 'VBC DACL DG Switch', val is '31'
D/audio_pga(   85): profile name is 'linein-spk-r'
D/audio_pga(   85): pga name is 'SPKR Playback Volume', val is '0'
D/audio_pga(   85): pga name is 'ADCR Capture Volume', val is '4'
D/audio_pga(   85): pga name is 'VBC DACR DG Set', val is '16'
D/audio_pga(   85): pga name is 'VBC DACR DG Switch', val is '31'
D/audio_pga(   85): profile name is 'linein-hp-l'
D/audio_pga(   85): pga name is 'HPL Playback Volume', val is '0'
D/audio_pga(   85): pga name is 'ADCL Capture Volume', val is '4'
D/audio_pga(   85): pga name is 'VBC DACL DG Set', val is '16'
D/audio_pga(   85): pga name is 'VBC DACL DG Switch', val is '31'
D/audio_pga(   85): profile name is 'linein-hp-r'
D/audio_pga(   85): pga name is 'HPR Playback Volume', val is '0'
D/audio_pga(   85): pga name is 'ADCR Capture Volume', val is '4'
D/audio_pga(   85): pga name is 'VBC DACR DG Set', val is '16'
D/audio_pga(   85): pga name is 'VBC DACR DG Switch', val is '31'
D/audio_pga(   85): profile name is 'capture-l'
D/audio_pga(   85): pga name is 'ADCL Capture Volume', val is '0'
D/audio_pga(   85): pga name is 'VBC ADCL DG Set', val is '8'
D/audio_pga(   85): pga name is 'VBC ADCL DG Switch', val is '15'
D/audio_pga(   85): profile name is 'capture-r'
D/audio_pga(   85): pga name is 'ADCR Capture Volume', val is '0'
D/audio_pga(   85): pga name is 'VBC ADCR DG Set', val is '8'
D/audio_pga(   85): pga name is 'VBC ADCR DG Switch', val is '15'
D/audio_pga(   85): profile name is 'linein-capture-l'
D/audio_pga(   85): pga name is 'ADCL Capture Volume', val is '0'
D/audio_pga(   85): pga name is 'VBC ADCL DG Set', val is '8'
D/audio_pga(   85): pga name is 'VBC ADCL DG Switch', val is '15'
D/audio_pga(   85): profile name is 'linein-capture-r'
D/audio_pga(   85): pga name is 'ADCR Capture Volume', val is '0'
D/audio_pga(   85): pga name is 'VBC ADCR DG Set', val is '8'
D/audio_pga(   85): pga name is 'VBC ADCR DG Switch', val is '15'
D/audio_pga(   85): mixer name is 'SPKL Playback Volume'
D/audio_pga(   85): attribute max is '15', inverse is '0'
D/audio_pga(   85): mixer name is 'SPKR Playback Volume'
D/audio_pga(   85): attribute max is '15', inverse is '0'
D/audio_pga(   85): mixer name is 'HPL Playback Volume'
D/audio_pga(   85): attribute max is '15', inverse is '0'
D/audio_pga(   85): mixer name is 'HPR Playback Volume'
D/audio_pga(   85): attribute max is '15', inverse is '0'
D/audio_pga(   85): mixer name is 'EAR Playback Volume'
D/audio_pga(   85): attribute max is '15', inverse is '0'
D/audio_pga(   85): mixer name is 'ADCL Capture Volume'
D/audio_pga(   85): attribute max is '15', inverse is '0'
D/audio_pga(   85): mixer name is 'ADCR Capture Volume'
D/audio_pga(   85): attribute max is '15', inverse is '0'
D/audio_pga(   85): mixer name is 'VBC DACL DG Set'
D/audio_pga(   85): attribute max is '127', inverse is '0'
D/audio_pga(   85): mixer name is 'VBC DACR DG Set'
D/audio_pga(   85): attribute max is '127', inverse is '0'
D/audio_pga(   85): mixer name is 'VBC DACL DG Switch'
D/audio_pga(   85): attribute max is '1', inverse is '0'
D/audio_pga(   85): mixer name is 'VBC DACR DG Switch'
D/audio_pga(   85): attribute max is '1', inverse is '0'
D/audio_pga(   85): mixer name is 'VBC ADCL DG Set'
D/audio_pga(   85): attribute max is '127', inverse is '0'
D/audio_pga(   85): mixer name is 'VBC ADCR DG Set'
D/audio_pga(   85): attribute max is '127', inverse is '0'
D/audio_pga(   85): mixer name is 'VBC ADCL DG Switch'
D/audio_pga(   85): attribute max is '1', inverse is '0'
D/audio_pga(   85): mixer name is 'VBC ADCR DG Switch'
D/audio_pga(   85): attribute max is '1', inverse is '0'
I/audio_hw_primary(   85): select_devices_signal starting...
I/audio_hw_primary(   85): select_devices_signal finished.
I/AudioFlinger(   85): Loaded primary audio interface from Spreatrum audio HW HAL (audio)
I/AudioFlinger(   85): Using 'Spreatrum audio HW HAL' (audio.primary) as the primary audio interface
I/AudioFlinger(   85): Loaded a2dp audio interface from A2DP Audio HW HAL (audio)
I/audio_hw_primary(   85): stream_routing_thread looping now...
I/audio_hw_primary(   85): Changing devices: 0x00000002
E/audio_hw_primary(   85): peter: open /dev/pipe/mmi.audio.ctrl in
E/audio_hw_primary(   85): mmi_audio_loop_thread waiting for new command
E/audio_hw_primary(   85): peter: slect in
I/audio_hw_primary(   85): Set 'Speaker Function'.0 to 1
W/audio_hw_primary(   85): adev_init_check
D/AudioFlinger(   85): onFirstRef() line=219
W/audio_hw_primary(   85): adev_set_mode, mode=0
W/audio_hw_primary(   85): adev_set_mode,the same mode(0)
D/AudioFlinger(   85): onFirstRef() line=221
W/audio_hw_primary(   85): adev_set_master_volume in...devices:0x2 ,volume:1.000000 
I/audio_hw_primary(   85): Set 'Speaker2 Function'.0 to 1
W/audio_hw_primary(   85): GetAudio_pga_nv, dac_pga_gain_l:0x80180a07 adc_pga_gain_l:0xe fm_pga_gain_l:0x1a fm_pga_gain_r:0x1a device:0x2 vol_level:0x1 
D/audio_pga(   85): 'speaker-l' apply
I/audio_pga(   85): 'SPKL Playback Volume' set to 7
I/audio_hw_primary(   85): Set 'SPKL Mixer DACLSPKL Switch'.0 to 1
I/audio_pga(   85): 'VBC DACL DG Set' set to 24
I/audio_hw_primary(   85): Set 'SPKL Mixer DACRSPKL Switch'.0 to 1
I/audio_hw_primary(   85): Set 'SPKR Mixer DACLSPKR Switch'.0 to 1
I/audio_pga(   85): 'VBC DACL DG Switch' set to 1
I/audio_hw_primary(   85): Set 'SPKR Mixer DACRSPKR Switch'.0 to 1
I/audio_hw_primary(   85): Set 'HeadPhone Function'.0 to 0
I/audio_hw_primary(   85): Set 'HPL Mixer DACRHPL Switch'.0 to 0
I/audio_hw_primary(   85): Set 'HPR Mixer DACLHPR Switch'.0 to 0
I/audio_hw_primary(   85): Set 'Earpiece Function'.0 to 0
I/audio_hw_primary(   85): Set 'Mic Function'.0 to 0
I/audio_hw_primary(   85): Set 'ADCL Mixer MainMICADCL Switch'.0 to 0
I/audio_hw_primary(   85): Set 'ADCR Mixer MainMICADCR Switch'.0 to 0
I/audio_hw_primary(   85): Set 'Aux Mic Function'.0 to 0
I/audio_hw_primary(   85): Set 'ADCL Mixer AuxMICADCL Switch'.0 to 0
I/audio_hw_primary(   85): Set 'ADCR Mixer AuxMICADCR Switch'.0 to 0
I/audio_hw_primary(   85): Set 'HP Mic Function'.0 to 0
I/audio_hw_primary(   85): Set 'ADCL Mixer HPMICADCL Switch'.0 to 0
I/audio_hw_primary(   85): Set 'ADCR Mixer HPMICADCR Switch'.0 to 0
I/audio_hw_primary(   85): Set 'Line Function'.0 to 0
I/audio_hw_primary(   85): Set 'ADCL Mixer AILADCL Switch'.0 to 0
I/audio_hw_primary(   85): Set 'ADCR Mixer AIRADCR Switch'.0 to 0
I/audio_hw_primary(   85): Set 'SPKL Mixer ADCLSPKL Switch'.0 to 0
I/audio_hw_primary(   85): Set 'SPKL Mixer ADCRSPKL Switch'.0 to 0
I/audio_hw_primary(   85): Set 'SPKR Mixer ADCLSPKR Switch'.0 to 0
I/audio_hw_primary(   85): Set 'SPKR Mixer ADCRSPKR Switch'.0 to 0
I/audio_hw_primary(   85): Set 'HPL Mixer ADCRHPL Switch'.0 to 0
I/audio_hw_primary(   85): Set 'HPR Mixer ADCLHPR Switch'.0 to 0
W/audio_hw_primary(   85): GetAudio_pga_nv, dac_pga_gain_l:0x80180a07 adc_pga_gain_l:0xe fm_pga_gain_l:0x1a fm_pga_gain_r:0x1a device:0x2 vol_level:0x1 
D/audio_pga(   85): 'speaker-l' apply
I/audio_pga(   85): 'SPKL Playback Volume' set to 7
I/audio_pga(   85): 'VBC DACL DG Set' set to 24
I/audio_pga(   85): 'VBC DACL DG Switch' set to 1
D/audio_pga(   85): 'speaker-r' apply
I/audio_pga(   85): 'SPKR Playback Volume' set to 7
I/audio_pga(   85): 'VBC DACR DG Set' set to 24
I/audio_pga(   85): 'VBC DACR DG Switch' set to 1
W/audio_hw_primary(   85): SetAudio_gain_by_devices out, devices:0x2 
I/audio_hw_primary(   85): stream_routing_thread looping now...
D/audio_pga(   85): 'speaker-r' apply
I/audio_pga(   85): 'SPKR Playback Volume' set to 7
I/audio_pga(   85): 'VBC DACR DG Set' set to 24
I/audio_pga(   85): 'VBC DACR DG Switch' set to 1
W/audio_hw_primary(   85): SetAudio_gain_by_devices out, devices:0x2 
D/AudioFlinger(   85): onFirstRef() line=224
D/AudioFlinger(   85): onFirstRef() line=219
D/AudioFlinger(   85): onFirstRef() line=221
D/AudioFlinger(   85): onFirstRef() line=224
W/streamFormatVolumeTable.cpp(   85): streamFormatVolumeTable open in (0)
E/XMLTREEFILE(   85): XMLTreeFile can't open file /data/formatvolume.xml
E/MAPDATAFILE(   85): MapDataFile readFile failed
E/MAPDATAFILE(   85): MapDataFile open failed
E/streamFormatVolumeTable.cpp(   85): streamFormatVolumeTable open system/etc
E/XMLTREEFILE(   85): XMLTreeFile load from file /system/etc/formatvolume.xml
E/XMLTREEFILE(   85): XMLTreeFile read 39 bytes
E/XMLTREEFILE(   85): XMLTreeFile read 56 bytes
E/XMLTREEFILE(   85): XMLTreeFile read 1 bytes
E/XMLTREEFILE(   85): XMLTreeFile read 69 bytes
E/XMLTREEFILE(   85): XMLTreeFile read 70 bytes
E/XMLTREEFILE(   85): XMLTreeFile read 45 bytes
E/XMLTREEFILE(   85): XMLTreeFile read 1 bytes
E/XMLTREEFILE(   85): XMLTreeFile read 53 bytes
E/XMLTREEFILE(   85): XMLTreeFile read 1 bytes
E/XMLTREEFILE(   85): XMLTreeFile read 73 bytes
E/XMLTREEFILE(   85): XMLTreeFile read 71 bytes
E/XMLTREEFILE(   85): XMLTreeFile read 78 bytes
E/XMLTREEFILE(   85): XMLTreeFile read 73 bytes
E/XMLTREEFILE(   85): XMLTreeFile read 36 bytes
E/XMLTREEFILE(   85): XMLTreeFile read 4 bytes
E/XMLTREEFILE(   85): XMLTreeFile read 1 bytes
E/XMLTREEFILE(   85): XMLTreeFile read 7 bytes
E/XMLTREEFILE(   85): XMLTreeFile read 21 bytes
E/XMLTREEFILE(   85): XMLTreeFile read 10 bytes
E/XMLTREEFILE(   85): XMLTreeFile read 29 bytes
E/XMLTREEFILE(   85): XMLTreeFile read 28 bytes
E/XMLTREEFILE(   85): XMLTreeFile read 26 bytes
E/XMLTREEFILE(   85): XMLTreeFile read 27 bytes
E/XMLTREEFILE(   85): XMLTreeFile read 27 bytes
E/XMLTREEFILE(   85): XMLTreeFile read 34 bytes
E/XMLTREEFILE(   85): XMLTreeFile read 35 bytes
E/XMLTREEFILE(   85): XMLTreeFile read 38 bytes
E/XMLTREEFILE(   85): XMLTreeFile read 26 bytes
E/XMLTREEFILE(   85): XMLTreeFile read 25 bytes
E/XMLTREEFILE(   85): XMLTreeFile read 24 bytes
E/XMLTREEFILE(   85): XMLTreeFile read 11 bytes
E/XMLTREEFILE(   85): XMLTreeFile read 21 bytes
E/XMLTREEFILE(   85): XMLTreeFile read 10 bytes
E/XMLTREEFILE(   85): XMLTreeFile read 35 bytes
