D/SPRDENG (  184): isAtNoHandleEnd: 0x43
D/SPRDENG (  184): isAtNoHandleEnd: 0x35
D/SPRDENG (  184): isAtNoHandleEnd: 0x30
D/SPRDENG (  184): isAtNoHandleEnd: 0x32
D/SPRDENG (  184): isAtNoHandleEnd: 0x35
D/SPRDENG (  184): isAtNoHandleEnd: 0x30
D/SPRDENG (  184): isAtNoHandleEnd: 0x30
D/SPRDENG (  184): isAtNoHandleEnd: 0xd
D/SPRDENG (  184): isAtNoHandleEnd: 0xa
D/SPRDENG (  184): isAtNoHandleEnd: 0xd
D/SPRDENG (  184): isAtNoHandleEnd: 0xa
D/SPRDENG (  184): isAtNoHandleEnd: 0x4f
D/SPRDENG (  184): isAtNoHandleEnd: 0x4b
D/SPRDENG (  184): isAtNoHandleEnd: 0xd
D/SPRDENG (  184): isAtNoHandleEnd: 0xa
D/SPRDENG (  184): isAtNoHandleEnd: check OK
D/SPRDENG (  184): isAtNoHandleEnd: start two bytes[d][a]
D/SPRDENG (  184): isAtNoHandleEnd: end two bytes[d][a]
D/SPRDENG (  184): isAtNoHandleEnd: ret1=1; ret2=1
D/SPRDENG (  184): isAtNoHandleEnd: ret=1
D/SPRDENG (  184): eng_modem2server: s_ATDictBuf[35]=
D/SPRDENG (  184): +SNVM: 8,4CCC1EC43C502500
D/SPRDENG (  184): 
D/SPRDENG (  184): OK
D/SPRDENG (  184): eng_modem2server: write data from service to app  content=
D/SPRDENG (  184): +SNVM: 8,4CCC1EC43C502500
D/SPRDENG (  184): 
D/SPRDENG (  184): OK
D/SPRDENG (  184): ; content_len=35
D/SPRDENG (  184): AT < 
D/SPRDENG (  184): +SNVM: 8,4CCC1EC43C502500
D/SPRDENG (  184): 
D/SPRDENG (  184): OK
D/SPRDENG (  184): 
D/SPRDENG (  184): eng_write2server: write data from modem to server fd=12;data=
D/SPRDENG (  184): +SNVM: 8,4CCC1EC43C502500
D/SPRDENG (  184): 
D/SPRDENG (  184): OK
D/SPRDENG (  184): ;len=35;tmp=12;
D/SPRDENG (  184): +SNVM: 8,4CCC1EC43C502500
D/SPRDENG (  184): 
D/SPRDENG (  184): OK
D/SPRDENG (  184): ;tmplen=38
D/SPRDENG (  184): eng_servermodem_comm: Waiting command from Server ...... soc_fd=0xb
D/SPRDENG (  183): ===fdevent_loop: fd=0xb===
D/SPRDENG (  183): modemclient_event_func: _fd=0xb read write to read length=38
D/SPRDENG (  183): get_send_fd: inbuf=12;
D/SPRDENG (  183): +SNVM: 8,4CCC1EC43C502500
D/SPRDENG (  183): 
D/SPRDENG (  183): OK
D/SPRDENG (  183): get_send_fd: fdstring=12; outbuf=
D/SPRDENG (  183): +SNVM: 8,4CCC1EC43C502500
D/SPRDENG (  183): 
D/SPRDENG (  183): OK
D/SPRDENG (  183): ; fd=12, length=2
D/SPRDENG (  183): modemclient_event_func: write 
D/SPRDENG (  183): +SNVM: 8,4CCC1EC43C502500
D/SPRDENG (  183): 
D/SPRDENG (  183): OK
D/SPRDENG (  183):  to 12, lenght=35
D/SPRDENG (  183): fdevent_loop: ===waiting for events===
D/BTWIFIMAC(   94): recv_from_modem: Receive 1 Modem Response
D/BTWIFIMAC(   94): read_btwifimac_from_modem: BT timeout=35, response=
D/BTWIFIMAC(   94): +SNVM: 8,4CCC1EC43C502500
D/BTWIFIMAC(   94): 
D/BTWIFIMAC(   94): OK
D/BTWIFIMAC(   94): 
D/BTWIFIMAC(   94): get_macaddress: mac address is 50:3C:C4:1E:CC:4C
D/BTWIFIMAC(   94): ===========WIFI MAC===========
D/BTWIFIMAC(   94): read_btwifimac_from_modem: send 39,1,AT+SNVM=0,409
D/BTWIFIMAC(   94): send_to_modem
D/BTWIFIMAC(   94): recv_from_modem: Waiting modem response ... fd=7
D/SPRDENG (  183): ===fdevent_loop: fd=0xc===
D/SPRDENG (  183): client_info_gettype:[0] fd=12;
D/SPRDENG (  183): client_info_gettype:[1] fd=12;
D/SPRDENG (  183): client_info_gettype:[2] fd=12;
D/SPRDENG (  183): client_info_gettype:[3] fd=12;
D/SPRDENG (  183): client_info_gettype: [3].name=appclient; .type=0
D/SPRDENG (  183): client_info_get_socketid: [2].name=modem; .fd=11
D/SPRDENG (  183): appclient_event_func: type=0; dest_fd=11
D/SPRDENG (  183): appclient_event_func: _fd=0xc read write to dest_id =0xb, read length = 18
D/SPRDENG (  183): setup_send_data:fd=12; type=0; inbuf=39,1,AT+SNVM=0,409; outbuf=   32;   12;0;39,1,AT+SNVM=0,409
D/SPRDENG (  183): fdevent_loop: ===waiting for events===
D/SPRDENG (  184): eng_servermodem_comm: Get Command n=0x1
D/SPRDENG (  184): eng_servermodem_comm: tmp=   32;   12;0;39,1,AT+SNVM=0,409, length=32
D/SPRDENG (  184): get_send_fd: inbuf=   32;   12;0;39,1,AT+SNVM=0,409
D/SPRDENG (  184): get_send_fd: outbuf=39,1,AT+SNVM=0,409; len =32,fd=12, type=0
D/SPRDENG (  184): eng_servermodem_comm: data.buf=39,1,AT+SNVM=0,409, data.buf_len=18
D/SPRDENG (  184): eng_parsecmd: cmd=39
D/SPRDENG (  184): ENG_AT_NOHANDLE_CMD: AT+SNVM=0,409
D/SPRDENG (  184): eng_atCommandRequest: index=39, cmd=AT+SNVM=0,409
D/SPRDENG (  184): eng_servermodem_comm: write data[AT+SNVM=0,409] from server to modem 
D/SPRDENG (  184): eng_servermodem_comm: use SIM1 /dev/CHNPTY13
D/SPRDENG (  184): AT > AT+SNVM=0,409
D/SPRDENG (  184): eng_servermodem_comm: Write Request to Modem Success
D/SPRDENG (  184): eng_modem2server: use SIM1 /dev/CHNPTY13
D/SPRDENG (  184): eng_modem2server: Waiting modem response ..., fd=12
D/SPRDENG (  184): eng_modem2server: Receive Modem Response
D/SPRDENG (  184): eng_modem2server [ptr=
D/SPRDENG (  184): +SNVM: 20,C8DDC9982DF60000000000000000000000000000
D/SPRDENG (  184): 
D/SPRDENG (  184): OK
D/SPRDENG (  184): ] tmp=[60]
D/SPRDENG (  184): eng_modem2server: counter=60
D/SPRDENG (  184): isAtNoHandleEnd: data=
D/SPRDENG (  184): +SNVM: 20,C8DDC9982DF60000000000000000000000000000
D/SPRDENG (  184): 
D/SPRDENG (  184): OK
D/SPRDENG (  184): isAtNoHandleEnd: 0xd
D/SPRDENG (  184): isAtNoHandleEnd: 0xa
D/SPRDENG (  184): isAtNoHandleEnd: 0x2b
D/SPRDENG (  184): isAtNoHandleEnd: 0x53
D/SPRDENG (  184): isAtNoHandleEnd: 0x4e
D/SPRDENG (  184): isAtNoHandleEnd: 0x56
D/SPRDENG (  184): isAtNoHandleEnd: 0x4d
D/SPRDENG (  184): isAtNoHandleEnd: 0x3a
D/SPRDENG (  184): isAtNoHandleEnd: 0x20
D/SPRDENG (  184): isAtNoHandleEnd: 0x32
D/SPRDENG (  184): isAtNoHandleEnd: 0x30
D/SPRDENG (  184): isAtNoHandleEnd: 0x2c
D/SPRDENG (  184): isAtNoHandleEnd: 0x43
D/SPRDENG (  184): isAtNoHandleEnd: 0x38
D/SPRDENG (  184): isAtNoHandleEnd: 0x44
D/SPRDENG (  184): isAtNoHandleEnd: 0x44
D/SPRDENG (  184): isAtNoHandleEnd: 0x43
D/SPRDENG (  184): isAtNoHandleEnd: 0x39
D/SPRDENG (  184): isAtNoHandleEnd: 0x39
D/SPRDENG (  184): isAtNoHandleEnd: 0x38
D/SPRDENG (  184): isAtNoHandleEnd: 0x32
D/SPRDENG (  184): isAtNoHandleEnd: 0x44
D/SPRDENG (  184): isAtNoHandleEnd: 0x46
D/SPRDENG (  184): isAtNoHandleEnd: 0x36
D/SPRDENG (  184): isAtNoHandleEnd: 0x30
D/SPRDENG (  184): isAtNoHandleEnd: 0x30
D/SPRDENG (  184): isAtNoHandleEnd: 0x30
D/SPRDENG (  184): isAtNoHandleEnd: 0x30
D/SPRDENG (  184): isAtNoHandleEnd: 0x30
D/SPRDENG (  184): isAtNoHandleEnd: 0x30
D/SPRDENG (  184): isAtNoHandleEnd: 0x30
D/SPRDENG (  184): isAtNoHandleEnd: 0x30
D/SPRDENG (  184): isAtNoHandleEnd: 0x30
D/SPRDENG (  184): isAtNoHandleEnd: 0x30
D/SPRDENG (  184): isAtNoHandleEnd: 0x30
D/SPRDENG (  184): isAtNoHandleEnd: 0x30
D/SPRDENG (  184): isAtNoHandleEnd: 0x30
D/SPRDENG (  184): isAtNoHandleEnd: 0x30
D/SPRDENG (  184): isAtNoHandleEnd: 0x30
D/SPRDENG (  184): isAtNoHandleEnd: 0x30
D/SPRDENG (  184): isAtNoHandleEnd: 0x30
D/SPRDENG (  184): isAtNoHandleEnd: 0x30
D/SPRDENG (  184): isAtNoHandleEnd: 0x30
D/SPRDENG (  184): isAtNoHandleEnd: 0x30
D/SPRDENG (  184): isAtNoHandleEnd: 0x30
D/SPRDENG (  184): isAtNoHandleEnd: 0x30
D/SPRDENG (  184): isAtNoHandleEnd: 0x30
D/SPRDENG (  184): isAtNoHandleEnd: 0x30
D/SPRDENG (  184): isAtNoHandleEnd: 0x30
D/SPRDENG (  184): isAtNoHandleEnd: 0x30
D/SPRDENG (  184): isAtNoHandleEnd: 0x30
D/SPRDENG (  184): isAtNoHandleEnd: 0x30
D/SPRDENG (  184): isAtNoHandleEnd: 0xd
D/SPRDENG (  184): isAtNoHandleEnd: 0xa
D/SPRDENG (  184): isAtNoHandleEnd: 0xd
D/SPRDENG (  184): isAtNoHandleEnd: 0xa
D/SPRDENG (  184): isAtNoHandleEnd: 0x4f
D/SPRDENG (  184): isAtNoHandleEnd: 0x4b
D/SPRDENG (  184): isAtNoHandleEnd: 0xd
D/SPRDENG (  184): isAtNoHandleEnd: 0xa
D/SPRDENG (  184): isAtNoHandleEnd: check OK
D/SPRDENG (  184): isAtNoHandleEnd: start two bytes[d][a]
D/SPRDENG (  184): isAtNoHandleEnd: end two bytes[d][a]
D/SPRDENG (  184): isAtNoHandleEnd: ret1=1; ret2=1
D/SPRDENG (  184): isAtNoHandleEnd: ret=1
D/SPRDENG (  184): eng_modem2server: s_ATDictBuf[60]=
D/SPRDENG (  184): +SNVM: 20,C8DDC9982DF60000000000000000000000000000
D/SPRDENG (  184): 
D/SPRDENG (  184): OK
D/SPRDENG (  184): eng_modem2server: write data from service to app  content=
D/SPRDENG (  184): +SNVM: 20,C8DDC9982DF60000000000000000000000000000
D/SPRDENG (  184): 
D/SPRDENG (  184): OK
D/SPRDENG (  184): ; content_len=60
D/SPRDENG (  184): AT < 
D/SPRDENG (  184): +SNVM: 20,C8DDC9982DF60000000000000000000000000000
D/SPRDENG (  184): 
D/SPRDENG (  184): OK
D/SPRDENG (  184): 
D/SPRDENG (  184): eng_write2server: write data from modem to server fd=12;data=
D/SPRDENG (  184): +SNVM: 20,C8DDC9982DF60000000000000000000000000000
D/SPRDENG (  184): 
D/SPRDENG (  184): OK
D/SPRDENG (  184): ;len=60;tmp=12;
D/SPRDENG (  184): +SNVM: 20,C8DDC9982DF60000000000000000000000000000
D/SPRDENG (  184): 
D/SPRDENG (  184): OK
D/SPRDENG (  184): ;tmplen=63
D/SPRDENG (  184): eng_servermodem_comm: Waiting command from Server ...... soc_fd=0xb
D/SPRDENG (  183): ===fdevent_loop: fd=0xb===
D/SPRDENG (  183): modemclient_event_func: _fd=0xb read write to read length=63
D/SPRDENG (  183): get_send_fd: inbuf=12;
D/SPRDENG (  183): +SNVM: 20,C8DDC9982DF60000000000000000000000000000
D/SPRDENG (  183): 
D/SPRDENG (  183): OK
D/SPRDENG (  183): get_send_fd: fdstring=12; outbuf=
D/SPRDENG (  183): +SNVM: 20,C8DDC9982DF60000000000000000000000000000
D/SPRDENG (  183): 
D/SPRDENG (  183): OK
D/SPRDENG (  183): ; fd=12, length=2
D/SPRDENG (  183): modemclient_event_func: write 
D/SPRDENG (  183): +SNVM: 20,C8DDC9982DF60000000000000000000000000000
D/SPRDENG (  183): 
D/SPRDENG (  183): OK
D/SPRDENG (  183):  to 12, lenght=60
D/SPRDENG (  183): fdevent_loop: ===waiting for events===
D/BTWIFIMAC(   94): recv_from_modem: Receive 1 Modem Response
D/BTWIFIMAC(   94): read_btwifimac_from_modem: WIFI timeout=60, response=
D/BTWIFIMAC(   94): +SNVM: 20,C8DDC9982DF60000000000000000000000000000
D/BTWIFIMAC(   94): 
D/BTWIFIMAC(   94): OK
D/BTWIFIMAC(   94): 
D/BTWIFIMAC(   94): get_macaddress: mac address is C8:DD:C9:98:2D:F6
D/BTWIFIMAC(   94): bt_ok:1 wifi_ok:1 
D/BTWIFIMAC(   94): write_to_randmacfile: /data/rand_mac.txt fd=-1, data=
D/BTWIFIMAC(   94): property ro.mac.wifi=C8:DD:C9:98:2D:F6, ro.mac.bluetooth=50:3C:C4:1E:CC:4C
D/BTWIFIMAC(   94): write_mac2file: mac=C8:DD:C9:98:2D:F6, fd[/data/wifimac.txt]=7
D/BTWIFIMAC(   94): write_mac2file: mac=50:3C:C4:1E:CC:4C, fd[/data/btmac.txt]=7
D/SPRDENG (  183): ===fdevent_loop: fd=0xc===
D/SPRDENG (  183): client_info_gettype:[0] fd=12;
D/SPRDENG (  183): client_info_gettype:[1] fd=12;
D/SPRDENG (  183): client_info_gettype:[2] fd=12;
D/SPRDENG (  183): client_info_gettype:[3] fd=12;
D/SPRDENG (  183): client_info_gettype: [3].name=appclient; .type=0
D/SPRDENG (  183): client_info_get_socketid: [2].name=modem; .fd=11
D/SPRDENG (  183): appclient_event_func: type=0; dest_fd=11
D/SPRDENG (  183): appclient_event_func: _fd=0xc read write to dest_id =0xb, read length = 0
D/SPRDENG (  183): eng_event_unreg: fd=12
D/SPRDENG (  183): eng_event_unreg: client_info[0].fe->fd=9
D/SPRDENG (  183): eng_event_unreg: client_info[1].fe->fd=10
D/SPRDENG (  183): eng_event_unreg: client_info[2].fe->fd=11
D/SPRDENG (  183): eng_event_unreg: client_info[3].fe->fd=12
D/SPRDENG (  183): engserver eng_event_unreg delete client appclient
D/SPRDENG (  183): fdevent_loop: ===waiting for events===
D/dalvikvm(   83): DexOpt: --- END 'ext.jar' (success) ---
D/dalvikvm(   83): DEX prep '/system/framework/ext.jar': unzip in 204ms, rewrite 1397ms
D/dalvikvm(   83): DexOpt: --- BEGIN 'framework.jar' (bootstrap=1) ---
D/dalvikvm(  255): Note: class Landroid/opengl/GLWrapperBase; has 250 unimplemented (abstract) methods
D/dalvikvm(  255): Note: class Lcom/android/internal/telephony/BaseCommands; has 172 unimplemented (abstract) methods
D/SPRDENG (  185): eng_atauto_thread: At Auto Report
D/SPRDENG (  185): eng_atauto_thread: eng_atautobuf=
D/SPRDENG (  185): +SIND: 12
D/SPRDENG (  185): 
D/SPRDENG (  185): +ECIND: 3,5
D/SPRDENG (  185): 
D/SPRDENG (  185): +ECIND: 2,1
D/SPRDENG (  185): ; usb_fd=18
D/SPRDENG (  185): eng_atcali_hdlr: 
D/SPRDENG (  185): +SIND: 12
D/SPRDENG (  185): 
D/SPRDENG (  185): +ECIND: 3,5
D/SPRDENG (  185): 
D/SPRDENG (  185): +ECIND: 2,1
D/SPRDENG (  185): eng_atauto_thread: j=-1
D/SPRDENG (  185): eng_atauto_thread: CONFIGURED
D/SPRDENG (  185): eng_atauto_thread: usb_status=1
D/SPRDENG (  185): eng_atauto_thread: write at auto report to PC
D/dalvikvm(  255): DexOpt: wanted instance, got static for method Landroid/telephony/SmsManager;.getAllMessagesFromIcc
I/dalvikvm(  255): DexOpt: access denied from Lcom/baidu/internal/telephony/BaiduSipPhoneFactory; to field Lcom/android/internal/telephony/PhoneFactory;.sContext
D/dalvikvm(  255): DexOpt: load 460ms, verify+opt 5841ms
D/dalvikvm(   83): DexOpt: --- END 'framework.jar' (success) ---
D/dalvikvm(   83): DEX prep '/system/framework/framework.jar': unzip in 680ms, rewrite 8380ms
D/dalvikvm(   83): DexOpt: --- BEGIN 'android.policy.jar' (bootstrap=1) ---
D/dalvikvm(  260): DexOpt: load 133ms, verify+opt 563ms
D/dalvikvm(   83): DexOpt: --- END 'android.policy.jar' (success) ---
D/dalvikvm(   83): DEX prep '/system/framework/android.policy.jar': unzip in 64ms, rewrite 1258ms
D/dalvikvm(   83): DexOpt: --- BEGIN 'services.jar' (bootstrap=1) ---
D/dalvikvm(  261): DexOpt: couldn't find field Lcom/android/server/am/BroadcastRecord;.queue
D/dalvikvm(  261): DexOpt: load 56ms, verify+opt 1214ms
D/dalvikvm(   83): DexOpt: --- END 'services.jar' (success) ---
D/dalvikvm(   83): DEX prep '/system/framework/services.jar': unzip in 97ms, rewrite 1948ms
D/dalvikvm(   83): DexOpt: --- BEGIN 'apache-xml.jar' (bootstrap=1) ---
D/dalvikvm(  262): DexOpt: load 53ms, verify+opt 467ms
D/dalvikvm(   83): DexOpt: --- END 'apache-xml.jar' (success) ---
D/dalvikvm(   83): DEX prep '/system/framework/apache-xml.jar': unzip in 63ms, rewrite 1040ms
D/dalvikvm(   83): DexOpt: --- BEGIN 'filterfw.jar' (bootstrap=1) ---
D/dalvikvm(  263): DexOpt: load 17ms, verify+opt 112ms
D/dalvikvm(   83): DexOpt: --- END 'filterfw.jar' (success) ---
D/dalvikvm(   83): DEX prep '/system/framework/filterfw.jar': unzip in 15ms, rewrite 417ms
D/dalvikvm(   83): Unable to stat classpath element '/system/framework/com.broadcom.bt.service.jar'
I/dalvikvm(   83): Could not find method android.content.res.AssetManager$AssetInputStream.<init>, referenced from method android.content.res.AssetManager.openNonAsset
W/dalvikvm(   83): VFY: unable to resolve direct method 9125: Landroid/content/res/AssetManager$AssetInputStream;.<init> (Landroid/content/res/AssetManager;ILandroid/content/res/AssetManager$baidu_1;)V
D/dalvikvm(   83): VFY: replacing opcode 0x70 at 0x0021
I/dalvikvm(   83): Could not find method android.content.res.AssetManager$AssetInputStream.<init>, referenced from method android.content.res.AssetManager.openNonAsset
W/dalvikvm(   83): VFY: unable to resolve direct method 9125: Landroid/content/res/AssetManager$AssetInputStream;.<init> (Landroid/content/res/AssetManager;ILandroid/content/res/AssetManager$baidu_1;)V
D/dalvikvm(   83): VFY: replacing opcode 0x70 at 0x0052
I/SamplingProfilerIntegration(   83): Profiling disabled.
I/Zygote  (   83): Preloading classes...
D/dalvikvm(   83): GC_EXPLICIT freed 37K, 84% free 412K/2560K, paused 0ms+0ms
D/TextLayoutCache(   83): Using debug level: 0 - Debug Enabled: 0
I/dalvikvm(   83): java.lang.ClassNotFoundException: android.media.AudioManager$2
I/dalvikvm(   83): 	at dalvik.system.VMRuntime.preloadClasses(Native Method)
I/dalvikvm(   83): 	at com.android.internal.os.ZygoteInit.preloadClasses(ZygoteInit.java:284)
I/dalvikvm(   83): 	at com.android.internal.os.ZygoteInit.preload(ZygoteInit.java:239)
I/dalvikvm(   83): 	at com.android.internal.os.ZygoteInit.main(ZygoteInit.java:547)
I/dalvikvm(   83): 	at dalvik.system.NativeStart.main(Native Method)
I/dalvikvm(   83): threadid=1: recursive native library load attempt (/system/lib/libmedia_jni.so)
D/MtpDeviceJNI(   83): register_android_mtp_MtpDevice
I/dalvikvm(   83): threadid=1: recursive native library load attempt (/system/lib/libmedia_jni.so)
I/dalvikvm(   83): threadid=1: recursive native library load attempt (/system/lib/libmedia_jni.so)
W/MediaProfiles(   83): could not find media config xml file
I/dalvikvm(   83): java.lang.ClassNotFoundException: android.media.IRemoteControlClientDispatcher
I/dalvikvm(   83): 	at dalvik.system.VMRuntime.preloadClasses(Native Method)
I/dalvikvm(   83): 	at com.android.internal.os.ZygoteInit.preloadClasses(ZygoteInit.java:284)
I/dalvikvm(   83): 	at com.android.internal.os.ZygoteInit.preload(ZygoteInit.java:239)
I/dalvikvm(   83): 	at com.android.internal.os.ZygoteInit.main(ZygoteInit.java:547)
I/dalvikvm(   83): 	at dalvik.system.NativeStart.main(Native Method)
I/dalvikvm(   83): java.lang.ClassNotFoundException: android.media.IRemoteControlClientDispatcher$Stub
I/dalvikvm(   83): 	at dalvik.system.VMRuntime.preloadClasses(Native Method)
I/dalvikvm(   83): 	at com.android.internal.os.ZygoteInit.preloadClasses(ZygoteInit.java:284)
I/dalvikvm(   83): 	at com.android.internal.os.ZygoteInit.preload(ZygoteInit.java:239)
I/dalvikvm(   83): 	at com.android.internal.os.ZygoteInit.main(ZygoteInit.java:547)
I/dalvikvm(   83): 	at dalvik.system.NativeStart.main(Native Method)
D/dalvikvm(   83): GC_FOR_ALLOC freed 95K, 68% free 829K/2560K, paused 5ms
D/dalvikvm(   83): GC_FOR_ALLOC freed 182K, 55% free 1156K/2560K, paused 9ms
I/dalvikvm(   83): java.lang.ClassNotFoundException: android.text.TextDirectionHeuristics$CharCount
I/dalvikvm(   83): 	at dalvik.system.VMRuntime.preloadClasses(Native Method)
I/dalvikvm(   83): 	at com.android.internal.os.ZygoteInit.preloadClasses(ZygoteInit.java:284)
I/dalvikvm(   83): 	at com.android.internal.os.ZygoteInit.preload(ZygoteInit.java:239)
I/dalvikvm(   83): 	at com.android.internal.os.ZygoteInit.main(ZygoteInit.java:547)
I/dalvikvm(   83): 	at dalvik.system.NativeStart.main(Native Method)
I/dalvikvm(   83): java.lang.ClassNotFoundException: android.text.method.WordIterator$1
I/dalvikvm(   83): 	at dalvik.system.VMRuntime.preloadClasses(Native Method)
I/dalvikvm(   83): 	at com.android.internal.os.ZygoteInit.preloadClasses(ZygoteInit.java:284)
I/dalvikvm(   83): 	at com.android.internal.os.ZygoteInit.preload(ZygoteInit.java:239)
I/dalvikvm(   83): 	at com.android.internal.os.ZygoteInit.main(ZygoteInit.java:547)
I/dalvikvm(   83): 	at dalvik.system.NativeStart.main(Native Method)
I/dalvikvm(   83): threadid=1: recursive native library load attempt (/system/lib/libwebcore.so)
D/dalvikvm(   83): No JNI_OnLoad found in /system/lib/libchromium_net.so 0x0, skipping init
I/dalvikvm(   83): java.lang.ClassNotFoundException: android.widget.EdgeGlow
I/dalvikvm(   83): 	at dalvik.system.VMRuntime.preloadClasses(Native Method)
I/dalvikvm(   83): 	at com.android.internal.os.ZygoteInit.preloadClasses(ZygoteInit.java:284)
I/dalvikvm(   83): 	at com.android.internal.os.ZygoteInit.preload(ZygoteInit.java:239)
I/dalvikvm(   83): 	at com.android.internal.os.ZygoteInit.main(ZygoteInit.java:547)
I/dalvikvm(   83): 	at dalvik.system.NativeStart.main(Native Method)
D/dalvikvm(   83): GC_FOR_ALLOC freed 57K, 38% free 1611K/2560K, paused 13ms
E/Posix   (   83): Posix_open return with -1, errno 2 No such file or directory
E/PhonePolicy(   83): Could not preload class for phone policy: com.android.internal.policy.impl.PhoneWindow$ContextMenuCallback
D/dalvikvm(   83): GC_FOR_ALLOC freed 122K, 22% free 2001K/2560K, paused 16ms
I/System  (   83): Loaded time zone names for  in 504ms (499ms in ICU)
I/System  (   83): Loaded time zone names for en_US in 354ms (349ms in ICU)
I/System  (   83): Loaded time zone names for zh_CN in 344ms (339ms in ICU)
D/dalvikvm(   83): GC_FOR_ALLOC freed 462K, 20% free 2050K/2560K, paused 20ms
I/Zygote  (   83): ...preloaded 2297 classes in 2614ms.
D/dalvikvm(   83): GC_EXPLICIT freed 47K, 14% free 2203K/2560K, paused 2ms+2ms
I/Zygote  (   83): Preloading resources...
I/Zygote  (   83): ...preloaded 0 resources in 0ms.
D/dalvikvm(   83): GC_EXPLICIT freed 53K, 14% free 2205K/2560K, paused 2ms+2ms
I/Zygote  (   83): ...preloaded 31 resources in 99ms.
I/Zygote  (   83): after load class
D/dalvikvm(   83): GC_EXPLICIT freed 26K, 14% free 2220K/2560K, paused 2ms+2ms
D/dalvikvm(   83): GC_EXPLICIT freed 8K, 14% free 2212K/2560K, paused 2ms+1ms
D/dalvikvm(   83): GC_EXPLICIT freed <1K, 14% free 2211K/2560K, paused 2ms+2ms
I/dalvikvm(   83): System server process 269 has been created
I/Zygote  (   83): Accepting command socket connections
I/sysproc (  269): Entered system_init()
I/sysproc (  269): ServiceManager: 0x586998
D/SensorService(  269): nuSensorService starting...
D/Sensors (  269): activate handle=0; drv=0
D/Sensors (  269): activate handle=4; drv=1
D/Sensors (  269): CommonPsesnor::enable en=0; newState=0; what=1; mEnabled=0
I/SensorService(  269): Memsic MXC622x 2-axis Accelerometer
I/SensorService(  269): HIR26 Proximity sensor
I/sysproc (  269): System server: starting Android runtime.
I/sysproc (  269): System server: starting Android services.
D/SensorService(  269): nuSensorService thread starting...
I/sysproc (  269): System server: entering thread pool.
I/DeviceStorageMonitorService(  269): userdata space size is 1440735 kB
I/SystemServer(  269): Entered the Android system server!
I/SystemServer(  269): Entropy Service
I/SystemServer(  269): Power Manager
I/SystemServer(  269): Activity Manager
I/ActivityManager(  269): Memory class: 64
I/ActivityManager(  269): isReadMemForRestartService: false ,restartServiceAtMem:16
I/ActivityManager(  269): engModeFlag: false ,mode:special
I/System.out(  269): iobridge available29556FileDescriptor[47]
I/System.out(  269): iobridge available0FileDescriptor[47]
I/System.out(  269): iobridge available60FileDescriptor[48]
I/System.out(  269): iobridge available0FileDescriptor[48]
I/System.out(  269): iobridge available2997FileDescriptor[48]
I/System.out(  269): iobridge available0FileDescriptor[48]
I/System.out(  269): iobridge available0FileDescriptor[48]
I/System.out(  269): iobridge available0FileDescriptor[48]
D/dalvikvm(  269): GC_CONCURRENT freed 185K, 19% free 2466K/3011K, paused 1ms+2ms
E/Posix   (  269): Posix_open return with -1, errno 2 No such file or directory
I/SystemServer(  269): Telephony Registry
I/SystemServer(  269): Package Manager
I/PackageManager(  269): engModeEnable: false ,mode:special
I/System.out(  269): iobridge available34FileDescriptor[52]
I/System.out(  269): iobridge available0FileDescriptor[52]
I/System.out(  269): iobridge available54FileDescriptor[53]
I/System.out(  269): iobridge available0FileDescriptor[53]
I/System.out(  269): iobridge available0FileDescriptor[52]
I/System.out(  269): iobridge available0FileDescriptor[52]
I/System.out(  269): iobridge available820FileDescriptor[52]
I/System.out(  269): iobridge available0FileDescriptor[52]
I/System.out(  269): iobridge available0FileDescriptor[52]
I/System.out(  269): iobridge available0FileDescriptor[52]
I/System.out(  269): iobridge available826FileDescriptor[52]
I/System.out(  269): iobridge available0FileDescriptor[52]
I/System.out(  269): iobridge available0FileDescriptor[52]
I/System.out(  269): iobridge available0FileDescriptor[52]
I/System.out(  269): iobridge available966FileDescriptor[52]
I/System.out(  269): iobridge available0FileDescriptor[52]
I/System.out(  269): iobridge available0FileDescriptor[52]
I/System.out(  269): iobridge available0FileDescriptor[52]
I/System.out(  269): iobridge available824FileDescriptor[52]
I/System.out(  269): iobridge available0FileDescriptor[52]
I/System.out(  269): iobridge available0FileDescriptor[52]
I/System.out(  269): iobridge available0FileDescriptor[52]
I/System.out(  269): iobridge available815FileDescriptor[52]
I/System.out(  269): iobridge available0FileDescriptor[52]
I/System.out(  269): iobridge available0FileDescriptor[52]
I/System.out(  269): iobridge available0FileDescriptor[52]
I/System.out(  269): iobridge available881FileDescriptor[52]
D/dalvikvm(  269): GC_CONCURRENT freed 350K, 23% free 2580K/3331K, paused 1ms+2ms
I/System.out(  269): iobridge available0FileDescriptor[52]
I/System.out(  269): iobridge available0FileDescriptor[52]
I/System.out(  269): iobridge available0FileDescriptor[52]
I/System.out(  269): iobridge available1035FileDescriptor[52]
I/System.out(  269): iobridge available0FileDescriptor[52]
I/System.out(  269): iobridge available0FileDescriptor[52]
I/System.out(  269): iobridge available0FileDescriptor[52]
I/System.out(  269): iobridge available909FileDescriptor[52]
I/System.out(  269): iobridge available0FileDescriptor[52]
I/System.out(  269): iobridge available0FileDescriptor[52]
I/System.out(  269): iobridge available0FileDescriptor[52]
I/System.out(  269): iobridge available975FileDescriptor[52]
I/System.out(  269): iobridge available0FileDescriptor[52]
I/System.out(  269): iobridge available0FileDescriptor[52]
I/System.out(  269): iobridge available0FileDescriptor[52]
I/System.out(  269): iobridge available829FileDescriptor[52]
I/System.out(  269): iobridge available0FileDescriptor[52]
I/System.out(  269): iobridge available0FileDescriptor[52]
I/System.out(  269): iobridge available0FileDescriptor[52]
I/System.out(  269): iobridge available1050FileDescriptor[52]
I/System.out(  269): iobridge available0FileDescriptor[52]
I/System.out(  269): iobridge available0FileDescriptor[52]
I/System.out(  269): iobridge available0FileDescriptor[52]
I/System.out(  269): iobridge available828FileDescriptor[52]
I/System.out(  269): iobridge available0FileDescriptor[52]
I/System.out(  269): iobridge available0FileDescriptor[52]
I/System.out(  269): iobridge available0FileDescriptor[52]
I/System.out(  269): iobridge available794FileDescriptor[52]
I/System.out(  269): iobridge available0FileDescriptor[52]
I/System.out(  269): iobridge available0FileDescriptor[52]
I/System.out(  269): iobridge available0FileDescriptor[52]
I/System.out(  269): iobridge available3158FileDescriptor[52]
I/System.out(  269): iobridge available0FileDescriptor[52]
I/System.out(  269): iobridge available0FileDescriptor[52]
I/System.out(  269): iobridge available0FileDescriptor[52]
I/System.out(  269): iobridge available9270FileDescriptor[52]
I/System.out(  269): iobridge available1078FileDescriptor[52]
I/System.out(  269): iobridge available0FileDescriptor[52]
I/System.out(  269): iobridge available0FileDescriptor[52]
I/System.out(  269): iobridge available0FileDescriptor[52]
I/System.out(  269): iobridge available59678FileDescriptor[52]
I/System.out(  269): iobridge available51486FileDescriptor[52]
I/System.out(  269): iobridge available43294FileDescriptor[52]
I/System.out(  269): iobridge available35102FileDescriptor[52]
D/dalvikvm(  269): GC_CONCURRENT freed 341K, 22% free 2665K/3395K, paused 1ms+2ms
I/System.out(  269): iobridge available26910FileDescriptor[52]
I/System.out(  269): iobridge available18718FileDescriptor[52]
I/System.out(  269): iobridge available10526FileDescriptor[52]
I/System.out(  269): iobridge available2334FileDescriptor[52]
I/System.out(  269): iobridge available0FileDescriptor[52]
I/System.out(  269): iobridge available72FileDescriptor[52]
I/System.out(  269): iobridge available0FileDescriptor[52]
W/PackageManager(  269): Boot class path not found: /system/framework/com.broadcom.bt.service.jar
W/PackageManager(  269): Library not found: /system/framework/com.broadcom.bt.service.jar
I/installd(   87): new connection
I/Installer(  269): connecting...
D/dalvikvm(  288): Unable to stat classpath element '/system/framework/com.broadcom.bt.service.jar'
D/dalvikvm(  288): DexOpt: load 18ms, verify+opt 64ms
D/dalvikvm(  291): Unable to stat classpath element '/system/framework/com.broadcom.bt.service.jar'
D/dalvikvm(  291): DexOpt: load 6ms, verify+opt 20ms
W/PackageManager(  269): Library not found: /system/framework/com.android.future.usb.accessory.jar
D/dalvikvm(  292): Unable to stat classpath element '/system/framework/com.broadcom.bt.service.jar'
D/dalvikvm(  292): DexOpt: load 7ms, verify+opt 3ms
D/dalvikvm(  293): Unable to stat classpath element '/system/framework/com.broadcom.bt.service.jar'
D/dalvikvm(  293): DexOpt: 'Landroid/net/BaiduConnectivityManager;' has an earlier definition; blocking out
D/dalvikvm(  293): DexOpt: 'Landroid/telephony/BaiduTelephonyUtils$DSDSBaseColumns;' has an earlier definition; blocking out
D/dalvikvm(  293): DexOpt: 'Landroid/telephony/BaiduTelephonyUtils$Sms;' has an earlier definition; blocking out
D/dalvikvm(  293): DexOpt: 'Landroid/telephony/BaiduTelephonyUtils$SIMInfo;' has an earlier definition; blocking out
D/dalvikvm(  293): DexOpt: 'Landroid/telephony/BaiduTelephonyUtils$CallLog;' has an earlier definition; blocking out
D/dalvikvm(  293): DexOpt: 'Landroid/telephony/BaiduIccPhonebookManager$PhoneBookFeatures;' has an earlier definition; blocking out
D/dalvikvm(  293): DexOpt: 'Landroid/telephony/BaiduTelephonyManager;' has an earlier definition; blocking out
D/dalvikvm(  293): DexOpt: 'Landroid/telephony/BaiduTelephonyUtils$Mms;' has an earlier definition; blocking out
D/dalvikvm(  293): DexOpt: 'Landroid/telephony/BaiduSmsManager;' has an earlier definition; blocking out
D/dalvikvm(  293): DexOpt: 'Landroid/telephony/BaiduTelephonyUtils$SimInfo;' has an earlier definition; blocking out
D/dalvikvm(  293): DexOpt: 'Landroid/telephony/BaiduTelephonyUtils$SIMInfo$ErrorCode;' has an earlier definition; blocking out
D/dalvikvm(  293): DexOpt: 'Landroid/telephony/BaiduSubManager;' has an earlier definition; blocking out
D/dalvikvm(  293): DexOpt: 'Landroid/telephony/BaiduTelephonyUtils$Contacts;' has an earlier definition; blocking out
D/dalvikvm(  293): DexOpt: 'Landroid/telephony/BaiduTelephonyUtils;' has an earlier definition; blocking out
D/dalvikvm(  293): DexOpt: 'Landroid/telephony/BaiduTelephonyUtils$PendingMessages;' has an earlier definition; blocking out
D/dalvikvm(  293): DexOpt: 'Landroid/telephony/BaiduTelephonyExtend;' has an earlier definition; blocking out
D/dalvikvm(  293): DexOpt: 'Landroid/telephony/BaiduIccPhonebookManager;' has an earlier definition; blocking out
D/dalvikvm(  293): DexOpt: 'Lcom/yi/internal/R$integer;' has an earlier definition; blocking out
D/dalvikvm(  293): DexOpt: 'Lcom/yi/internal/R;' has an earlier definition; blocking out
D/dalvikvm(  293): DexOpt: 'Lcom/yi/internal/media/AudioFadeController$OnFadeCompleteListener;' has an earlier definition; blocking out
D/dalvikvm(  293): DexOpt: 'Lcom/yi/internal/media/AudioFadeController$1;' has an earlier definition; blocking out
D/dalvikvm(  293): DexOpt: 'Lcom/yi/internal/media/AudioFadeController;' has an earlier definition; blocking out
D/dalvikvm(  293): DexOpt: 'Lcom/yi/internal/view/menu/ListMenuPresenter$MenuAdapter;' has an earlier definition; blocking out
D/dalvikvm(  293): DexOpt: 'Lcom/yi/internal/view/menu/ActionMenuPresenter$1;' has an earlier definition; blocking out
D/dalvikvm(  293): DexOpt: 'Lcom/yi/internal/view/menu/MenuBuilder$Callback;' has an earlier definition; blocking out
D/dalvikvm(  293): DexOpt: 'Lyi/support/v1/utils/Animatable$Current;' has an earlier definition; blocking out
D/dalvikvm(  293): DexOpt: 'Lyi/support/v1/utils/Animatable$Alpha;' has an earlier definition; blocking out
D/dalvikvm(  293): DexOpt: 'Lcom/yi/internal/view/menu/ActionMenuView$2;' has an earlier definition; blocking out
D/dalvikvm(  293): DexOpt: 'Lcom/yi/internal/view/menu/MenuPresenter;' has an earlier definition; blocking out
D/dalvikvm(  293): DexOpt: 'Lcom/yi/internal/view/menu/ActionMenuPresenter;' has an earlier definition; blocking out
D/dalvikvm(  293): DexOpt: 'Lcom/yi/internal/view/menu/MenuPresenter$Callback;' has an earlier definition; blocking out
D/dalvikvm(  293): DexOpt: 'Lcom/yi/internal/view/menu/HybridMenuInflater;' has an earlier definition; blocking out
D/dalvikvm(  293): DexOpt: 'Lcom/yi/internal/view/menu/MenuBuilder$ItemInvoker;' has an earlier definition; blocking out
D/dalvikvm(  293): DexOpt: 'Lcom/yi/internal/view/menu/MenuView;' has an earlier definition; blocking out
D/dalvikvm(  293): DexOpt: 'Lcom/yi/internal/view/menu/ExpandedMenuView;' has an earlier definition; blocking out
D/dalvikvm(  293): DexOpt: 'Lcom/yi/internal/view/menu/MenuView$ItemView;' has an earlier definition; blocking out
D/dalvikvm(  293): DexOpt: 'Lcom/yi/internal/view/menu/HybridMenuInflater$MenuState;' has an earlier definition; blocking out
D/dalvikvm(  293): DexOpt: 'Lcom/yi/internal/view/menu/ListMenuPresenter;' has an earlier definition; blocking out
D/dalvikvm(  293): DexOpt: 'Lcom/yi/internal/view/menu/ActionMenuView$Motion;' has an earlier definition; blocking out
D/dalvikvm(  293): DexOpt: 'Lcom/yi/internal/view/menu/ActionMenuView;' has an earlier definition; blocking out
D/dalvikvm(  293): DexOpt: 'Lcom/yi/internal/view/menu/HybridMenuInflater$InflatedOnMenuItemClickListener;' has an earlier definition; blocking out
D/dalvikvm(  293): DexOpt: 'Lcom/yi/internal/view/menu/MenuDialogHelper;' has an earlier definition; blocking out
D/dalvikvm(  293): DexOpt: 'Lcom/yi/internal/view/menu/ListMenuItemView;' has an earlier definition; blocking out
D/dalvikvm(  293): DexOpt: 'Lcom/yi/internal/view/menu/MenuBuilder;' has an earlier definition; blocking out
D/dalvikvm(  293): DexOpt: 'Lcom/yi/internal/view/menu/SubMenuBuilder;' has an earlier definition; blocking out
D/dalvikvm(  293): DexOpt: 'Lcom/yi/internal/view/menu/ActionMenuItemView;' has an earlier definition; blocking out
D/dalvikvm(  293): DexOpt: 'Lcom/yi/internal/view/menu/MenuItemImpl;' has an earlier definition; blocking out
D/dalvikvm(  293): DexOpt: 'Lcom/yi/internal/view/menu/ActionMenuView$1;' has an earlier definition; blocking out
D/dalvikvm(  293): DexOpt: 'Lcom/yi/internal/view/menu/ActionMenuView$3;' has an earlier definition; blocking out
D/dalvikvm(  293): DexOpt: 'Lcom/yi/internal/widget/GifFrame;' has an earlier definition; blocking out
D/dalvikvm(  293): DexOpt: 'Lcom/yi/internal/widget/VoiceprintUnlockView$VoiceHandler;' has an earlier definition; blocking out
D/dalvikvm(  293): DexOpt: 'Lcom/yi/internal/widget/VoiceprintUnlockView$4;' has an earlier definition; blocking out
D/dalvikvm(  293): DexOpt: 'Lcom/yi/internal/widget/VoiceprintUnlockView$VoiceState;' has an earlier definition; blocking out
D/dalvikvm(  293): DexOpt: 'Lcom/yi/internal/widget/VoiceprintUnlockView$Recognizing;' has an earlier definition; blocking out
D/dalvikvm(  293): DexOpt: 'Lcom/yi/internal/widget/GifImageView$2;' has an earlier definition; blocking out
D/dalvikvm(  293): DexOpt: 'Lcom/yi/internal/widget/GifImageView$GifImageType;' has an earlier definition; blocking out
D/dalvikvm(  293): DexOpt: 'Lcom/yi/internal/widget/VoiceprintUnlockView$Start;' has an earlier definition; blocking out
D/dalvikvm(  293): DexOpt: 'Lcom/yi/internal/widget/GifImageView$DrawThread;' has an earlier definition; blocking out
D/dalvikvm(  293): DexOpt: 'Lcom/yi/internal/widget/GifAction;' has an earlier definition; blocking out
D/dalvikvm(  293): DexOpt: 'Lcom/baidu/voiceprint/VoiceprintHandler$StateListener;' has an earlier definition; blocking out
D/dalvikvm(  293): DexOpt: 'Lcom/yi/internal/widget/VoiceprintUnlockView$RecorderListener;' has an earlier definition; blocking out
D/dalvikvm(  293): DexOpt: 'Lcom/yi/internal/widget/GifImageView;' has an earlier definition; blocking out
D/dalvikvm(  293): DexOpt: 'Lcom/yi/internal/widget/VoiceprintUnlockView$6;' has an earlier definition; blocking out
D/dalvikvm(  293): DexOpt: 'Lcom/yi/internal/widget/VoiceprintUnlockView$Recording;' has an earlier definition; blocking out
D/dalvikvm(  293): DexOpt: 'Lcom/yi/internal/widget/VoiceprintUnlockView$RecognizingSuccess;' has an earlier definition; blocking out
D/dalvikvm(  293): DexOpt: 'Lcom/yi/internal/widget/VoiceprintUnlockView$5;' has an earlier definition; blocking out
D/dalvikvm(  293): DexOpt: 'Lcom/yi/internal/widget/VoiceprintUnlockView$3;' has an earlier definition; blocking out
D/dalvikvm(  293): DexOpt: 'Lcom/yi/internal/widget/VoiceprintUnlockView$Exiting;' has an earlier definition; blocking out
D/dalvikvm(  293): DexOpt: 'Lcom/yi/internal/widget/GifImageView$1;' has an earlier definition; blocking out
D/dalvikvm(  293): DexOpt: 'Lcom/yi/internal/widget/VoiceprintUnlockView$2;' has an earlier definition; blocking out
D/dalvikvm(  293): DexOpt: 'Lcom/yi/internal/widget/LockScreenVoicePrintInterface;' has an earlier definition; blocking out
D/dalvikvm(  293): DexOpt: 'Lcom/yi/internal/widget/VoiceprintUnlockView;' has an earlier definition; blocking out
D/dalvikvm(  293): DexOpt: 'Lcom/yi/internal/widget/VoiceprintUnlockView$RecognizingError;' has an earlier definition; blocking out
D/dalvikvm(  293): DexOpt: 'Lcom/yi/internal/widget/VoiceprintUnlockView$Tone;' has an earlier definition; blocking out
D/dalvikvm(  293): DexOpt: 'Lcom/yi/internal/widget/LockScreenVoicePrintCallback;' has an earlier definition; blocking out
D/dalvikvm(  293): DexOpt: 'Lcom/yi/internal/widget/VoiceprintUnlockView$1;' has an earlier definition; blocking out
D/dalvikvm(  293): DexOpt: 'Lcom/yi/internal/widget/GifDecoder;' has an earlier definition; blocking out
D/dalvikvm(  293): DexOpt: 'Lcom/yi/internal/R$layout;' has an earlier definition; blocking out
D/dalvikvm(  293): DexOpt: 'Lcom/yi/internal/R$anim;' has an earlier definition; blocking out
D/dalvikvm(  293): DexOpt: 'Lcom/yi/internal/R$style;' has an earlier definition; blocking out
D/dalvikvm(  293): DexOpt: 'Lcom/yi/internal/R$id;' has an earlier definition; blocking out
D/dalvikvm(  293): DexOpt: 'Lcom/yi/internal/R$drawable;' has an earlier definition; blocking out
D/dalvikvm(  293): DexOpt: 'Lcom/yi/internal/R$string;' has an earlier definition; blocking out
D/dalvikvm(  293): DexOpt: 'Lcom/yi/internal/R$array;' has an earlier definition; blocking out
D/dalvikvm(  293): DexOpt: 'Lcom/yi/internal/R$attr;' has an earlier definition; blocking out
D/dalvikvm(  293): DexOpt: 'Lcom/yi/internal/R$styleable;' has an earlier definition; blocking out
D/dalvikvm(  293): DexOpt: 'Lcom/yi/internal/R$color;' has an earlier definition; blocking out
D/dalvikvm(  293): DexOpt: 'Lcom/yi/internal/app/RingtonePickerSystemActivity$3;' has an earlier definition; blocking out
D/dalvikvm(  293): DexOpt: 'Lcom/yi/internal/app/RingtonePickerSystemActivity$2;' has an earlier definition; blocking out
D/dalvikvm(  293): DexOpt: 'Lcom/yi/internal/app/RingtonePickerCustomActivity$1;' has an earlier definition; blocking out
D/dalvikvm(  293): DexOpt: 'Lcom/yi/internal/app/RingtonePickerCustomActivity;' has an earlier definition; blocking out
D/dalvikvm(  293): DexOpt: 'Lcom/yi/internal/app/RingtonePickerSystemActivity;' has an earlier definition; blocking out
D/dalvikvm(  293): DexOpt: 'Lcom/yi/internal/app/RingtonePickerCustomActivity$2;' has an earlier definition; blocking out
D/dalvikvm(  293): DexOpt: 'Lcom/yi/internal/app/RingtonePickerSystemActivity$1;' has an earlier definition; blocking out
D/dalvikvm(  293): DexOpt: 'Lcom/yi/internal/R$dimen;' has an earlier definition; blocking out
D/dalvikvm(  293): DexOpt: 'Lcom/baidu/voiceprint/SpeakerRec;' has an earlier definition; blocking out
D/dalvikvm(  293): DexOpt: 'Lcom/baidu/voiceprint/VoiceprintHandler$RecordingTask;' has an earlier definition; blocking out
D/dalvikvm(  293): DexOpt: 'Lcom/baidu/voiceprint/VoiceprintHandler;' has an earlier definition; blocking out
D/dalvikvm(  293): DexOpt: 'Lcom/baidu/voiceprint/VoiceprintHandler$1;' has an earlier definition; blocking out
D/dalvikvm(  293): DexOpt: 'Lcom/baidu/android/vad/JNI;' has an earlier definition; blocking out
D/dalvikvm(  293): DexOpt: 'Lcom/baidu/customization/XmlOverlay;' has an earlier definition; blocking out
D/dalvikvm(  293): DexOpt: 'Lcom/baidu/customization/Logger;' has an earlier definition; blocking out
D/dalvikvm(  293): DexOpt: 'Lcom/baidu/customization/XmlOverlay$1;' has an earlier definition; blocking out
D/dalvikvm(  293): DexOpt: 'Lcom/baidu/customization/DBOverlayHelper;' has an earlier definition; blocking out
D/dalvikvm(  293): DexOpt: 'Lcom/baidu/customization/DatabaseTable;' has an earlier definition; blocking out
D/dalvikvm(  293): DexOpt: 'Lcom/baidu/customization/ExternalOverlayHelper;' has an earlier definition; blocking out
D/dalvikvm(  293): DexOpt: 'Lcom/baidu/customization/Constants;' has an earlier definition; blocking out
D/dalvikvm(  293): DexOpt: 'Lcom/baidu/customization/PreferenceOverlayHelper;' has an earlier definition; blocking out
D/dalvikvm(  293): DexOpt: 'Lcom/baidu/featureswitch/FeatureSwitch;' has an earlier definition; blocking out
D/dalvikvm(  293): DexOpt: 'Lyi/R$integer;' has an earlier definition; blocking out
D/dalvikvm(  293): DexOpt: 'Lyi/R;' has an earlier definition; blocking out
D/dalvikvm(  293): DexOpt: 'Lyi/phone/IPhoneUtil;' has an earlier definition; blocking out
D/dalvikvm(  293): DexOpt: 'Lyi/phone/QualcommZXPhoneUtil;' has an earlier definition; blocking out
D/dalvikvm(  293): DexOpt: 'Lyi/phone/DefaultPhoneUtil;' has an earlier definition; blocking out
D/dalvikvm(  293): DexOpt: 'Lyi/phone/MTKZXPhoneUtil;' has an earlier definition; blocking out
D/dalvikvm(  293): DexOpt: 'Lyi/phone/QualcommPhoneUtil;' has an earlier definition; blocking out
D/dalvikvm(  293): DexOpt: 'Lyi/phone/IPhoneUtil$Creator;' has an earlier definition; blocking out
D/dalvikvm(  293): DexOpt: 'Lyi/phone/MTKTCLPhoneUtil;' has an earlier definition; blocking out
D/dalvikvm(  293): DexOpt: 'Lyi/phone/MTKPhoneUtil;' has an earlier definition; blocking out
D/dalvikvm(  293): DexOpt: 'Lyi/view/animation/Rotate3dAnimation;' has an earlier definition; blocking out
D/dalvikvm(  293): DexOpt: 'Lyi/util/Telephony;' has an earlier definition; blocking out
D/dalvikvm(  293): DexOpt: 'Lyi/util/MyLogger;' has an earlier definition; blocking out
D/dalvikvm(  293): DexOpt: 'Lyi/util/IDHelper;' has an earlier definition; blocking out
D/dalvikvm(  293): DexOpt: 'Lyi/util/FeatureConfig;' has an earlier definition; blocking out
D/dalvikvm(  293): DexOpt: 'Lyi/util/PackageManagerUtil;' has an earlier definition; blocking out
D/dalvikvm(  293): DexOpt: 'Lyi/util/IntentExtension;' has an earlier definition; blocking out
D/dalvikvm(  293): DexOpt: 'Lyi/util/ViewHelper;' has an earlier definition; blocking out
D/dalvikvm(  293): DexOpt: 'Lyi/util/YiSettings;' has an earlier definition; blocking out
D/dalvikvm(  293): DexOpt: 'Lyi/util/LunarCalendarTranslator$OutOfLunarRangeException;' has an earlier definition; blocking out
D/dalvikvm(  293): DexOpt: 'Lyi/util/YiSettings$System;' has an earlier definition; blocking out
D/dalvikvm(  293): DexOpt: 'Lyi/util/PushHelper;' has an earlier definition; blocking out
D/dalvikvm(  293): DexOpt: 'Lyi/util/LunarCalendarTranslator;' has an earlier definition; blocking out
D/dalvikvm(  293): DexOpt: 'Lyi/util/YiSimpleDateFormat;' has an earlier definition; blocking out
D/dalvikvm(  293): DexOpt: 'Lyi/util/DeviceManager;' has an earlier definition; blocking out
D/dalvikvm(  293): DexOpt: 'Lyi/preference/PreferenceGroupActivity;' has an earlier definition; blocking out
D/dalvikvm(  293): DexOpt: 'Lyi/preference/SwitchPreference$Listener;' has an earlier definition; blocking out
D/dalvikvm(  293): DexOpt: 'Lyi/preference/SwitcherPreference;' has an earlier definition; blocking out
D/dalvikvm(  293): DexOpt: 'Lyi/preference/SwitcherPreference$SavedState;' has an earlier definition; blocking out
D/dalvikvm(  293): DexOpt: 'Lyi/preference/SwitchPreference;' has an earlier definition; blocking out
D/dalvikvm(  293): DexOpt: 'Lyi/preference/SwitchPreference$1;' has an earlier definition; blocking out
D/dalvikvm(  293): DexOpt: 'Lyi/preference/SwitcherPreference$SavedState$1;' has an earlier definition; blocking out
D/dalvikvm(  293): DexOpt: 'Lyi/widget/BaiduEditText$1;' has an earlier definition; blocking out
D/dalvikvm(  293): DexOpt: 'Lyi/widget/BadgeView;' has an earlier definition; blocking out
D/dalvikvm(  293): DexOpt: 'Lyi/widget/SearchView$9;' has an earlier definition; blocking out
D/dalvikvm(  293): DexOpt: 'Lyi/widget/Switcher$OnSwitcherChangeListener;' has an earlier definition; blocking out
D/dalvikvm(  293): DexOpt: 'Lyi/widget/ButtonGroup$LayoutParams;' has an earlier definition; blocking out
D/dalvikvm(  293): DexOpt: 'Lyi/widget/SearchView$12;' has an earlier definition; blocking out
D/dalvikvm(  293): DexOpt: 'Lyi/widget/SearchView$13;' has an earlier definition; blocking out
D/dalvikvm(  293): DexOpt: 'Lyi/widget/SearchView$3;' has an earlier definition; blocking out
D/dalvikvm(  293): DexOpt: 'Lyi/widget/ButtonGroup;' has an earlier definition; blocking out
D/dalvikvm(  293): DexOpt: 'Lyi/widget/AnimatedImageView;' has an earlier definition; blocking out
D/dalvikvm(  293): DexOpt: 'Lyi/widget/SearchView$OnQueryTextListener;' has an earlier definition; blocking out
D/dalvikvm(  293): DexOpt: 'Lyi/widget/SearchView$1;' has an earlier definition; blocking out
D/dalvikvm(  293): DexOpt: 'Lyi/widget/SearchView$OnCloseListener;' has an earlier definition; blocking out
D/dalvikvm(  293): DexOpt: 'Lyi/widget/SearchView$4;' has an earlier definition; blocking out
D/dalvikvm(  293): DexOpt: 'Lyi/widget/SearchView$11;' has an earlier definition; blocking out
D/dalvikvm(  293): DexOpt: 'Lyi/widget/ScrollTabBar;' has an earlier definition; blocking out
D/dalvikvm(  293): DexOpt: 'Lyi/widget/SuggestionsAdapter$1;' has an earlier definition; blocking out
D/dalvikvm(  293): DexOpt: 'Lyi/widget/SearchView$8;' has an earlier definition; blocking out
D/dalvikvm(  293): DexOpt: 'Lyi/widget/ButtonGroup$OnButtonCheckedListener;' has an earlier definition; blocking out
D/dalvikvm(  293): DexOpt: 'Lyi/widget/SearchView$OnViewFadeOutListener;' has an earlier definition; blocking out
D/dalvikvm(  293): DexOpt: 'Lyi/widget/ScrollTabBar$ScrollTabBarImp$1;' has an earlier definition; blocking out
D/dalvikvm(  293): DexOpt: 'Lyi/widget/SearchView$10;' has an earlier definition; blocking out
D/dalvikvm(  293): DexOpt: 'Lyi/widget/SearchView$OnSuggestionListener;' has an earlier definition; blocking out
D/dalvikvm(  293): DexOpt: 'Lyi/widget/Switcher;' has an earlier definition; blocking out
D/dalvikvm(  293): DexOpt: 'Lyi/widget/ImageViewInListItem;' has an earlier definition; blocking out
D/dalvikvm(  293): DexOpt: 'Lyi/widget/CheckableItemLayout;' has an earlier definition; blocking out
D/dalvikvm(  293): DexOpt: 'Lyi/widget/SearchView$15;' has an earlier definition; blocking out
D/dalvikvm(  293): DexOpt: 'Lyi/widget/ButtonGroup$2;' has an earlier definition; blocking out
D/dalvikvm(  293): DexOpt: 'Lyi/widget/ScrollTabBar$Interface;' has an earlier definition; blocking out
D/dalvikvm(  293): DexOpt: 'Lyi/widget/ScrollTabBar$ScrollTabBarImp;' has an earlier definition; blocking out
D/dalvikvm(  293): DexOpt: 'Lyi/widget/SuggestionsAdapter$ChildViewCache;' has an earlier definition; blocking out
D/dalvikvm(  293): DexOpt: 'Lyi/widget/SearchView$17;' has an earlier definition; blocking out
D/dalvikvm(  293): DexOpt: 'Lyi/widget/RoundCornerListView;' has an earlier definition; blocking out
D/dalvikvm(  293): DexOpt: 'Lyi/widget/ScrollTabBar$ScrollTabBarImp$TabClickListener;' has an earlier definition; blocking out
D/dalvikvm(  293): DexOpt: 'Lyi/widget/SearchView$14;' has an earlier definition; blocking out
D/dalvikvm(  293): DexOpt: 'Lyi/widget/ScrollTabBar$1;' has an earlier definition; blocking out
D/dalvikvm(  293): DexOpt: 'Lyi/widget/SearchView$SearchAutoComplete;' has an earlier definition; blocking out
D/dalvikvm(  293): DexOpt: 'Lyi/widget/ScrollTabBar$ScrollTabBarStub;' has an earlier definition; blocking out
D/dalvikvm(  293): DexOpt: 'Lyi/widget/SearchView;' has an earlier definition; blocking out
D/dalvikvm(  293): DexOpt: 'Lyi/widget/SearchView$2;' has an earlier definition; blocking out
D/dalvikvm(  293): DexOpt: 'Lyi/widget/ButtonGroup$1;' has an earlier definition; blocking out
D/dalvikvm(  293): DexOpt: 'Lyi/widget/SuggestionsAdapter;' has an earlier definition; blocking out
D/dalvikvm(  293): DexOpt: 'Lyi/widget/SearchView$5;' has an earlier definition; blocking out
D/dalvikvm(  293): DexOpt: 'Lyi/widget/WeightedLinearLayout;' has an earlier definition; blocking out
D/dalvikvm(  293): DexOpt: 'Lyi/widget/SearchView$7;' has an earlier definition; blocking out
D/dalvikvm(  293): DexOpt: 'Lyi/widget/BaiduEditText;' has an earlier definition; blocking out
D/dalvikvm(  293): DexOpt: 'Lyi/widget/SearchEditText;' has an earlier definition; blocking out
D/dalvikvm(  293): DexOpt: 'Lyi/widget/SearchView$6;' has an earlier definition; blocking out
D/dalvikvm(  293): DexOpt: 'Lyi/widget/SearchView$16;' has an earlier definition; blocking out
D/dalvikvm(  293): DexOpt: 'Lyi/R$layout;' has an earlier definition; blocking out
D/dalvikvm(  293): DexOpt: 'Lyi/R$anim;' has an earlier definition; blocking out
D/dalvikvm(  293): DexOpt: 'Lyi/R$style;' has an earlier definition; blocking out
D/dalvikvm(  293): DexOpt: 'Lyi/R$id;' has an earlier definition; blocking out
D/dalvikvm(  293): DexOpt: 'Lyi/R$drawable;' has an earlier definition; blocking out
D/dalvikvm(  293): DexOpt: 'Lyi/R$string;' has an earlier definition; blocking out
D/dalvikvm(  293): DexOpt: 'Lyi/R$array;' has an earlier definition; blocking out
D/dalvikvm(  293): DexOpt: 'Lyi/ubc/IUBCService;' has an earlier definition; blocking out
D/dalvikvm(  293): DexOpt: 'Lyi/ubc/IUBCService$Stub$Proxy;' has an earlier definition; blocking out
D/dalvikvm(  293): DexOpt: 'Lyi/ubc/UBCConstData$ActionName;' has an earlier definition; blocking out
D/dalvikvm(  293): DexOpt: 'Lyi/ubc/UBCConfiguration$1;' has an earlier definition; blocking out
D/dalvikvm(  293): DexOpt: 'Lyi/ubc/UBCConstData$EventType;' has an earlier definition; blocking out
D/dalvikvm(  293): DexOpt: 'Lyi/ubc/UBCConstData$ExtraName;' has an earlier definition; blocking out
D/dalvikvm(  293): DexOpt: 'Lyi/ubc/UBCConstData$ConfigCommand;' has an earlier definition; blocking out
D/dalvikvm(  293): DexOpt: 'Lyi/ubc/MetricBuilder;' has an earlier definition; blocking out
D/dalvikvm(  293): DexOpt: 'Lyi/ubc/IUBCService$Stub;' has an earlier definition; blocking out
